volratio_2025_ETH_n10_r0.75_e15_x30_c500 passed 0 b3e301d36b11ebfcc43cd8284286aa8d700c4db3b14b8dc6acdd9ff06e2ce457
volratio_2025_ETH_n10_r1_e15_x30_c500 passed 0 19f5f097f6eb79477e189990c09e53653f94c23d8b9b57b5ba08267a0f7edf63
volratio_2025_ETH_n10_r1.25_e15_x30_c500 passed 0 1609350a17b8a2c362ff4774de37d909cb8a0d73868b426c0cbd41267c4260cf
volratio_2025_ETH_n20_r0.75_e15_x30_c500 passed 0 29860cfce07b93c3f4e643f6efd2aa0dc3b0b312aba4df3f58db6f7ef8e3d449
volratio_2025_ETH_n20_r1_e15_x30_c500 passed 0 40125c00779e9ef856bb869b15d5622fd2944f3291976b5585ad9c4e97ef75f4
volratio_2025_ETH_n20_r1.25_e15_x30_c500 passed 0 87eae80bfc192a37856ff711d9e14640ed18d9382d1794169c88567e9f447f86
volratio_2025_ETH_n30_r0.75_e15_x30_c500 passed 0 debfd3c16649232360f5d13c5071efca56ae81743720a241ae4342c61cd4132f
volratio_2025_ETH_n30_r1_e15_x30_c500 passed 0 b89d1130c2372f34405f9f916c0e1d6c1e6ac16f475dcc8c1e62253f2e80003e
volratio_2025_ETH_n30_r1.25_e15_x30_c500 passed 0 949418f806b08c85f28910474a9f112c501df1f9834dc2a2f04d628852470097
volratio_2026_ETH_n10_r0.75_e15_x30_c500 rejected 0 9a9ca985abb42cc022b4df2da951deb0be8ab7c618367267a328ef56ae76616f
volratio_2026_ETH_n10_r1_e15_x30_c500 rejected 0 31e39a76c9d8a518d7907b699c2c14106fc23800fe4be51b119fd87184692915
volratio_2026_ETH_n10_r1.25_e15_x30_c500 rejected 0 5d5f518ec689839e5733c5c8adc0818198631139c2a9f8bfe15dd3d6fa23ae00
volratio_2026_ETH_n20_r0.75_e15_x30_c500 rejected 0 90dd6fe9a9a06f5ee0f14ce67874052023a0a129b075d5750c0e9204269e182d
volratio_2026_ETH_n20_r1_e15_x30_c500 rejected 0 a20f2c483ad0bf081b36cc7e0b95e2760e45be7aa8b7aefcfd8e5b71f5c2aceb
volratio_2026_ETH_n20_r1.25_e15_x30_c500 rejected 0 eeb046ff053fd7f963451e92bae0e8c19b3f1ce689fc2e192d57fb4944851159
volratio_2026_ETH_n30_r0.75_e15_x30_c500 rejected 0 04257dc54236e5d24bd9257b7fe3a010409c1319a335d69c541e5a0509b9a2df
volratio_2026_ETH_n30_r1_e15_x30_c500 rejected 0 c6bef16027ff029925cf67279c48577a793182a591703c32573b92359384dae7
volratio_2026_ETH_n30_r1.25_e15_x30_c500 rejected 0 14532c9493e8676e2dd287799b99095ab84fbde5c4e246f6170d2927602e4c1d
dualvol_channel_2025_btcN30r1_ethN10_r0.75_btc0.75 passed 0 a85ec5c8ba200500831df576c8af2698facffe8a8c85e78913d3ec96b13fc588
dualvol_channel_2025_btcN30r1_ethN10_r1_btc0.75 passed 0 889d78085f703a092c82f9183a98cbaa189074e6d45e13da1e310828f6bf94bf
dualvol_channel_2025_btcN30r1_ethN10_r1.25_btc0.75 passed 0 487269cb9c2f85b261c4df73b8f9f1b605adb7ce4549257ee60c9c5bd8199d05
dualvol_channel_2025_btcN30r1_ethN20_r0.75_btc0.75 passed 0 530a0f6350bdc8d32e0b62519d79de7acf06241d2163fc68b73b622cf352c0e2
dualvol_channel_2025_btcN30r1_ethN20_r1_btc0.75 passed 0 a358e7a681be4ebd86026c7af3c103570d79c05526c36c82955e130b49fc5a0c
dualvol_channel_2025_btcN30r1_ethN20_r1.25_btc0.75 passed 0 1005d4bb78fe2697d0683f157a169f09c1a4ec242e3acdfbc2e0df5ad0e6d167
dualvol_channel_2025_btcN30r1_ethN30_r0.75_btc0.75 passed 0 7fca20cda25d3be490efc9e7564ad5c802ecd6da0cffa666b05da87a999b9158
dualvol_channel_2025_btcN30r1_ethN30_r1_btc0.75 passed 0 19c40b1e522365a76da83cecb824dc77b1897defc9a886a904def6f5fcb5b231
dualvol_channel_2025_btcN30r1_ethN30_r1.25_btc0.75 passed 0 bd20617659dcd413250960089a3d20bf528b9fc8415e8638c353f41d8cd3374e
dualvol_channel_2026_btcN30r1_ethN10_r0.75_btc0.75 passed 0 8f5805ddc61d3f16b931878663e4f7ec20cc48591ee08cddab7bf63189a26500
dualvol_channel_2026_btcN30r1_ethN10_r1_btc0.75 passed 0 95a945802de8b2ac52e5cdb559a2ec588bad815fdaedeeb07a5de12c3e1d17a1
dualvol_channel_2026_btcN30r1_ethN10_r1.25_btc0.75 passed 0 c2ae8845dc595c24b4129344aad2cb86403cb793d76792d1f002f43a39014250
dualvol_channel_2026_btcN30r1_ethN20_r0.75_btc0.75 passed 0 8f4ab3eb25c66ab7b27d7d68fd3f6fdf12097c55be78d62643559f5abfb377d1
dualvol_channel_2026_btcN30r1_ethN20_r1_btc0.75 passed 0 f5680bce45979c894105a98b42346f73a98bb6bbaa85170b59792ddbcc88a815
dualvol_channel_2026_btcN30r1_ethN20_r1.25_btc0.75 passed 0 90795462ed1dc429844177da08f0553eff68ff46be3e0f4852f5c4f9cf79ca26
dualvol_channel_2026_btcN30r1_ethN30_r0.75_btc0.75 passed 0 741ff2285edd1262e513ad839cd5aa595db81e189d4a5cc0cc8873b7fe1bbf69
dualvol_channel_2026_btcN30r1_ethN30_r1_btc0.75 passed 0 1973bcf7c63bb779d36c8e80680c789118a0c0b9abf0fc67e350275c0b5ceeb1
dualvol_channel_2026_btcN30r1_ethN30_r1.25_btc0.75 passed 0 4a1029ad430096966e0fb39954087f21ddd17deac54f9ddb64c9efb9779e6883
forward_snapshot_BTC rejected 0 83adc1bd1b10dece2776b8f7468fcd1d438ff440258cb491fc9d49de74261c2e
forward_snapshot_ETH rejected 0 a73100daedb8b8964440b731c41f1f4645912460caddec2516120eec9b8a60c6
forward_snapshot_combo rejected 0 470c35a9a030560238c0fdfc978b06d91322b6c3a0ae6fcc606432eb6375625d
