{"completed": "volratio_2025_ETH_n10_r0.75_e15_x30_c500", "return1_pct": 115.93329527760004, "return3_pct": 112.5652596038, "DD3_pct": 20.243342275934182}
{"completed": "volratio_2025_ETH_n10_r1_e15_x30_c500", "return1_pct": 115.93329527760004, "return3_pct": 112.5652596038, "DD3_pct": 20.243342275934182}
{"completed": "volratio_2025_ETH_n10_r1.25_e15_x30_c500", "return1_pct": 115.93329527760004, "return3_pct": 112.5652596038, "DD3_pct": 20.243342275934182}
{"completed": "volratio_2025_ETH_n20_r0.75_e15_x30_c500", "return1_pct": 115.93329527760004, "return3_pct": 112.5652596038, "DD3_pct": 20.243342275934182}
{"completed": "volratio_2025_ETH_n20_r1_e15_x30_c500", "return1_pct": 146.3992315584, "return3_pct": 143.8193710728, "DD3_pct": 20.245717001802845}
{"completed": "volratio_2025_ETH_n20_r1.25_e15_x30_c500", "return1_pct": 128.886861671, "return3_pct": 126.51035313839998, "DD3_pct": 17.479818061622165}
{"completed": "volratio_2025_ETH_n30_r0.75_e15_x30_c500", "return1_pct": 146.3992315584, "return3_pct": 143.8193710728, "DD3_pct": 20.245717001802845}
{"completed": "volratio_2025_ETH_n30_r1_e15_x30_c500", "return1_pct": 146.3992315584, "return3_pct": 143.8193710728, "DD3_pct": 20.245717001802845}
{"completed": "volratio_2025_ETH_n30_r1.25_e15_x30_c500", "return1_pct": 128.886861671, "return3_pct": 126.51035313839998, "DD3_pct": 17.479818061622165}
{"completed": "volratio_2026_ETH_n10_r0.75_e15_x30_c500", "return1_pct": 38.79583913839999, "return3_pct": 37.3475134018, "DD3_pct": 12.70146673936987}
{"completed": "volratio_2026_ETH_n10_r1_e15_x30_c500", "return1_pct": 36.8726549222, "return3_pct": 35.4400558204, "DD3_pct": 13.909225506595435}
{"completed": "volratio_2026_ETH_n10_r1.25_e15_x30_c500", "return1_pct": 36.8726549222, "return3_pct": 35.4400558204, "DD3_pct": 13.909225506595435}
{"completed": "volratio_2026_ETH_n20_r0.75_e15_x30_c500", "return1_pct": 38.79583913839999, "return3_pct": 37.3475134018, "DD3_pct": 12.70146673936987}
{"completed": "volratio_2026_ETH_n20_r1_e15_x30_c500", "return1_pct": 36.8726549222, "return3_pct": 35.4400558204, "DD3_pct": 13.909225506595435}
{"completed": "volratio_2026_ETH_n20_r1.25_e15_x30_c500", "return1_pct": 36.8726549222, "return3_pct": 35.4400558204, "DD3_pct": 13.909225506595435}
{"completed": "volratio_2026_ETH_n30_r0.75_e15_x30_c500", "return1_pct": 36.8726549222, "return3_pct": 35.4400558204, "DD3_pct": 13.909225506595435}
{"completed": "volratio_2026_ETH_n30_r1_e15_x30_c500", "return1_pct": 36.8726549222, "return3_pct": 35.4400558204, "DD3_pct": 13.909225506595435}
{"completed": "volratio_2026_ETH_n30_r1.25_e15_x30_c500", "return1_pct": 36.8726549222, "return3_pct": 35.4400558204, "DD3_pct": 13.909225506595435}
READ_ONLY_BTC:volratio_2025_BTC_n30_r1_e15_x30_c1500
READ_ONLY_BTC:volratio_2026_BTC_n30_r1_e15_x30_c1500
{"completed": "dualvol_channel_2025_btcN30r1_ethN10_r0.75_btc0.75", "return1_pct": 44.114010866965, "return3_pct": 41.86510515268, "DD3_pct": 13.09690003467976}
{"completed": "dualvol_channel_2025_btcN30r1_ethN10_r1_btc0.75", "return1_pct": 44.114010866965, "return3_pct": 41.86510515268, "DD3_pct": 13.09690003467976}
{"completed": "dualvol_channel_2025_btcN30r1_ethN10_r1.25_btc0.75", "return1_pct": 44.114010866965, "return3_pct": 41.86510515268, "DD3_pct": 13.09690003467976}
{"completed": "dualvol_channel_2025_btcN30r1_ethN20_r0.75_btc0.75", "return1_pct": 44.114010866965, "return3_pct": 41.86510515268, "DD3_pct": 13.09690003467976}
{"completed": "dualvol_channel_2025_btcN30r1_ethN20_r1_btc0.75", "return1_pct": 51.73049493716502, "return3_pct": 49.678633019930004, "DD3_pct": 13.34675149472183}
{"completed": "dualvol_channel_2025_btcN30r1_ethN20_r1.25_btc0.75", "return1_pct": 47.352402465315, "return3_pct": 45.35137853633, "DD3_pct": 12.444991308223386}
{"completed": "dualvol_channel_2025_btcN30r1_ethN30_r0.75_btc0.75", "return1_pct": 51.73049493716502, "return3_pct": 49.678633019930004, "DD3_pct": 13.34675149472183}
{"completed": "dualvol_channel_2025_btcN30r1_ethN30_r1_btc0.75", "return1_pct": 51.73049493716502, "return3_pct": 49.678633019930004, "DD3_pct": 13.34675149472183}
{"completed": "dualvol_channel_2025_btcN30r1_ethN30_r1.25_btc0.75", "return1_pct": 47.352402465315, "return3_pct": 45.35137853633, "DD3_pct": 12.444991308223386}
{"completed": "dualvol_channel_2026_btcN30r1_ethN10_r0.75_btc0.75", "return1_pct": 28.630679351360012, "return3_pct": 27.28307936531, "DD3_pct": 12.630031506070583}
{"completed": "dualvol_channel_2026_btcN30r1_ethN10_r1_btc0.75", "return1_pct": 28.14988329731001, "return3_pct": 26.806214969960006, "DD3_pct": 12.922470770570582}
{"completed": "dualvol_channel_2026_btcN30r1_ethN10_r1.25_btc0.75", "return1_pct": 28.14988329731001, "return3_pct": 26.806214969960006, "DD3_pct": 12.922470770570582}
{"completed": "dualvol_channel_2026_btcN30r1_ethN20_r0.75_btc0.75", "return1_pct": 28.630679351360012, "return3_pct": 27.28307936531, "DD3_pct": 12.630031506070583}
{"completed": "dualvol_channel_2026_btcN30r1_ethN20_r1_btc0.75", "return1_pct": 28.14988329731001, "return3_pct": 26.806214969960006, "DD3_pct": 12.922470770570582}
{"completed": "dualvol_channel_2026_btcN30r1_ethN20_r1.25_btc0.75", "return1_pct": 28.14988329731001, "return3_pct": 26.806214969960006, "DD3_pct": 12.922470770570582}
{"completed": "dualvol_channel_2026_btcN30r1_ethN30_r0.75_btc0.75", "return1_pct": 28.14988329731001, "return3_pct": 26.806214969960006, "DD3_pct": 12.922470770570582}
{"completed": "dualvol_channel_2026_btcN30r1_ethN30_r1_btc0.75", "return1_pct": 28.14988329731001, "return3_pct": 26.806214969960006, "DD3_pct": 12.922470770570582}
{"completed": "dualvol_channel_2026_btcN30r1_ethN30_r1.25_btc0.75", "return1_pct": 28.14988329731001, "return3_pct": 26.806214969960006, "DD3_pct": 12.922470770570582}
{"new_configs": 36, "new_component_configs": 18, "new_combination_configs": 18, "new_cost_scenes": 108, "new_minute_NAV_points": 28013256, "old_component_configs_read_only": 2, "old_component_cost_scenes_read_only": 6, "positive_1x": 36, "positive_3x": 36, "passed": ["volratio_2025_ETH_n10_r0.75_e15_x30_c500", "volratio_2025_ETH_n10_r1_e15_x30_c500", "volratio_2025_ETH_n10_r1.25_e15_x30_c500", "volratio_2025_ETH_n20_r0.75_e15_x30_c500", "volratio_2025_ETH_n20_r1_e15_x30_c500", "volratio_2025_ETH_n20_r1.25_e15_x30_c500", "volratio_2025_ETH_n30_r0.75_e15_x30_c500", "volratio_2025_ETH_n30_r1_e15_x30_c500", "volratio_2025_ETH_n30_r1.25_e15_x30_c500", "dualvol_channel_2025_btcN30r1_ethN10_r0.75_btc0.75", "dualvol_channel_2025_btcN30r1_ethN10_r1_btc0.75", "dualvol_channel_2025_btcN30r1_ethN10_r1.25_btc0.75", "dualvol_channel_2025_btcN30r1_ethN20_r0.75_btc0.75", "dualvol_channel_2025_btcN30r1_ethN20_r1_btc0.75", "dualvol_channel_2025_btcN30r1_ethN20_r1.25_btc0.75", "dualvol_channel_2025_btcN30r1_ethN30_r0.75_btc0.75", "dualvol_channel_2025_btcN30r1_ethN30_r1_btc0.75", "dualvol_channel_2025_btcN30r1_ethN30_r1.25_btc0.75", "dualvol_channel_2026_btcN30r1_ethN10_r0.75_btc0.75", "dualvol_channel_2026_btcN30r1_ethN10_r1_btc0.75", "dualvol_channel_2026_btcN30r1_ethN10_r1.25_btc0.75", "dualvol_channel_2026_btcN30r1_ethN20_r0.75_btc0.75", "dualvol_channel_2026_btcN30r1_ethN20_r1_btc0.75", "dualvol_channel_2026_btcN30r1_ethN20_r1.25_btc0.75", "dualvol_channel_2026_btcN30r1_ethN30_r0.75_btc0.75", "dualvol_channel_2026_btcN30r1_ethN30_r1_btc0.75", "dualvol_channel_2026_btcN30r1_ethN30_r1.25_btc0.75"], "rejected": ["volratio_2026_ETH_n10_r0.75_e15_x30_c500", "volratio_2026_ETH_n10_r1_e15_x30_c500", "volratio_2026_ETH_n10_r1.25_e15_x30_c500", "volratio_2026_ETH_n20_r0.75_e15_x30_c500", "volratio_2026_ETH_n20_r1_e15_x30_c500", "volratio_2026_ETH_n20_r1.25_e15_x30_c500", "volratio_2026_ETH_n30_r0.75_e15_x30_c500", "volratio_2026_ETH_n30_r1_e15_x30_c500", "volratio_2026_ETH_n30_r1.25_e15_x30_c500"], "new_both_periods_passed_combination_pairs": [["dualvol_channel_2025_btcN30r1_ethN10_r0.75_btc0.75", "dualvol_channel_2026_btcN30r1_ethN10_r0.75_btc0.75"], ["dualvol_channel_2025_btcN30r1_ethN10_r1_btc0.75", "dualvol_channel_2026_btcN30r1_ethN10_r1_btc0.75"], ["dualvol_channel_2025_btcN30r1_ethN10_r1.25_btc0.75", "dualvol_channel_2026_btcN30r1_ethN10_r1.25_btc0.75"], ["dualvol_channel_2025_btcN30r1_ethN20_r0.75_btc0.75", "dualvol_channel_2026_btcN30r1_ethN20_r0.75_btc0.75"], ["dualvol_channel_2025_btcN30r1_ethN20_r1_btc0.75", "dualvol_channel_2026_btcN30r1_ethN20_r1_btc0.75"], ["dualvol_channel_2025_btcN30r1_ethN20_r1.25_btc0.75", "dualvol_channel_2026_btcN30r1_ethN20_r1.25_btc0.75"], ["dualvol_channel_2025_btcN30r1_ethN30_r0.75_btc0.75", "dualvol_channel_2026_btcN30r1_ethN30_r0.75_btc0.75"], ["dualvol_channel_2025_btcN30r1_ethN30_r1_btc0.75", "dualvol_channel_2026_btcN30r1_ethN30_r1_btc0.75"], ["dualvol_channel_2025_btcN30r1_ethN30_r1.25_btc0.75", "dualvol_channel_2026_btcN30r1_ethN30_r1.25_btc0.75"]], "both_periods_passed_combination_pairs": [["dualvol_channel_2025_btcN30r1_ethN10_r0.75_btc0.75", "dualvol_channel_2026_btcN30r1_ethN10_r0.75_btc0.75"], ["dualvol_channel_2025_btcN30r1_ethN10_r1_btc0.75", "dualvol_channel_2026_btcN30r1_ethN10_r1_btc0.75"], ["dualvol_channel_2025_btcN30r1_ethN10_r1.25_btc0.75", "dualvol_channel_2026_btcN30r1_ethN10_r1.25_btc0.75"], ["dualvol_channel_2025_btcN30r1_ethN20_r0.75_btc0.75", "dualvol_channel_2026_btcN30r1_ethN20_r0.75_btc0.75"], ["dualvol_channel_2025_btcN30r1_ethN20_r1_btc0.75", "dualvol_channel_2026_btcN30r1_ethN20_r1_btc0.75"], ["dualvol_channel_2025_btcN30r1_ethN20_r1.25_btc0.75", "dualvol_channel_2026_btcN30r1_ethN20_r1.25_btc0.75"], ["dualvol_channel_2025_btcN30r1_ethN30_r0.75_btc0.75", "dualvol_channel_2026_btcN30r1_ethN30_r0.75_btc0.75"], ["dualvol_channel_2025_btcN30r1_ethN30_r1_btc0.75", "dualvol_channel_2026_btcN30r1_ethN30_r1_btc0.75"], ["dualvol_channel_2025_btcN30r1_ethN30_r1.25_btc0.75", "dualvol_channel_2026_btcN30r1_ethN30_r1.25_btc0.75"]], "new_component_fills": 240, "read_only_BTC_fills": 30, "new_live_orders": 0}
