volratio_2025_BTC_n10_r0.75_e15_x30_c1500 passed 0 baa664ac3344112354a6149dbeedbb8fbb645ac1c9efd44ca58de7996ab8b2d0
volratio_2025_BTC_n10_r1_e15_x30_c1500 passed 0 99b61e530894bc71879fa27aceb4d8fa244946c835f67ef248a87720981b3797
volratio_2025_BTC_n10_r1.25_e15_x30_c1500 passed 0 2649492d4567202dcebc75dd23caa69d22d2334499daa15e5bb6f8785834389d
volratio_2025_BTC_n20_r0.75_e15_x30_c1500 passed 0 67c9501a4d44a5492f1d4302b19c4a88b4768c31cb5e09e8043c6b91ca775934
volratio_2025_BTC_n20_r1_e15_x30_c1500 passed 0 6277de4a007e662f5c59d6a3fd7048a6b57aae6bf913aaf9dd2ae32213138aac
volratio_2025_BTC_n20_r1.25_e15_x30_c1500 passed 0 5c0e363f60fb1429950c57374e2dcc7d7402c8229e4b96166bc2b39e737714b5
volratio_2025_BTC_n30_r0.75_e15_x30_c1500 passed 0 c0079e0b4bceb03d4536ca2000f749ef56f8ae60451e4d8cb567c73cb5480d0d
volratio_2025_BTC_n30_r1_e15_x30_c1500 passed 0 c039fb4a00135c3de87d9df636fcdc1281d29ade07fb1352d1c975157f09743e
volratio_2025_BTC_n30_r1.25_e15_x30_c1500 passed 0 96105d7cffcebb0facd91cd01ec5418bc9cea8680e8d0f59d54ca9033358c373
volratio_2026_BTC_n10_r0.75_e15_x30_c1500 passed 0 52be0b4750b8deb9174988f5f30ef1d4d55c4a8d2c8f2cb852b417ad12958b5f
volratio_2026_BTC_n10_r1_e15_x30_c1500 passed 0 b2abf09342c565340f00420d0c6cde591c36509a82b5ec089b766772ae49990a
volratio_2026_BTC_n10_r1.25_e15_x30_c1500 passed 0 09ee1707f617ca8559fa9a9879888e6ec08b52ef4fcf7c275d93d5cfffe2f842
volratio_2026_BTC_n20_r0.75_e15_x30_c1500 passed 0 86c836992ea3cedd59d11dd77e5d7c6fb4be8799f59b9eb6716ebd7854303a81
volratio_2026_BTC_n20_r1_e15_x30_c1500 passed 0 65aba432244653c81715bfb4da9ea757dd21b046ae0b0c292819b37fbeddf3c5
volratio_2026_BTC_n20_r1.25_e15_x30_c1500 passed 0 6517ccb38150b04253f1536e24a65f0aad11651069430938b7434574809cabfc
volratio_2026_BTC_n30_r0.75_e15_x30_c1500 passed 0 d579cdabefa25f22462a8662fef20aa87c4e751971104cdac50a9cd0828115b3
volratio_2026_BTC_n30_r1_e15_x30_c1500 passed 0 5e0a9fb6a2f3b3279973b329e637bbeba19e6de0b1e4a386b81b81a7392048c1
volratio_2026_BTC_n30_r1.25_e15_x30_c1500 rejected 0 ae3edf24b40ca9f9e1aeb1348537a5586236e09b335a37081e33a6f716e87c59
volratio_channel_2025_n10_r0.75_btc0.75 passed 0 7ae078e12a8f04c91993eea3bf055bee726ecf765e1d803ecad4b9610955e33e
volratio_channel_2025_n10_r1_btc0.75 passed 0 ccc3b76010c2c26c958b4b3ded1849e4ec86b5f1d80b7db9fdde6683a1204cbe
volratio_channel_2025_n10_r1.25_btc0.75 passed 0 a21b3343b5ff0e48753823437a2aeb1c6297737d3c2951b890ab976f5ee9346a
volratio_channel_2025_n20_r0.75_btc0.75 passed 0 e6318097d280a3a2b36e2a2d02d89e9a3411cd8e2481d7f893c42ef3f2e5a2ce
volratio_channel_2025_n20_r1_btc0.75 passed 0 86dce714857121d11052a82bd8520069e3994bf1cf15e799e68d828db28dd48e
volratio_channel_2025_n20_r1.25_btc0.75 passed 0 0e8a98d6822f9ef289f1e114677f7c207b004b47645289be88ee9fcc88d59f7e
volratio_channel_2025_n30_r0.75_btc0.75 passed 0 2edca5e5ed784c3170c131f0713832d6ac32601a7dc111780c070c9b0ebaffe9
volratio_channel_2025_n30_r1_btc0.75 passed 0 9cab3516c8cfb063faf56c7fe772c3de0389b81f965cdf57bdf3077a3b9a2c36
volratio_channel_2025_n30_r1.25_btc0.75 passed 0 78e3c107b16f1680af61be6974001564fc7b9124350a12305b3b2bb9f14165dd
volratio_channel_2026_n10_r0.75_btc0.75 passed 0 1da3a576f7e2029988bc303c84345bf1c763dae960abc8403987522cbb9dfb56
volratio_channel_2026_n10_r1_btc0.75 passed 0 6901585f5c59e75f6d5703c9d6f9420d379770adb5aef596064538f2fb22c60d
volratio_channel_2026_n10_r1.25_btc0.75 passed 0 a5726cda7fbb320d4a07c3e32ee7fd8af653d148bfc54ea0efe9a9d9a0f4411e
volratio_channel_2026_n20_r0.75_btc0.75 passed 0 f564d91b10dd5b1b679bfcb59de55465a558227040f3dea39617c68f9cd22568
volratio_channel_2026_n20_r1_btc0.75 passed 0 bd57f6a851ef72945ecbcf31040a67a0e9667f2a6644f4c8eb48cb53a2960df9
volratio_channel_2026_n20_r1.25_btc0.75 passed 0 f4f859785810f7912a6bd09082711f5a2d8d0f5a2e4c3ecb8a2de15b3a6cd896
volratio_channel_2026_n30_r0.75_btc0.75 passed 0 5c1b5c47b63eda6b5268008cf941bbdd245a30868aa8bbf2ba81bb2522b96028
volratio_channel_2026_n30_r1_btc0.75 passed 0 94b40e756cbeb8fdc5ffeb4faec5422d7bab42748e706eaa5199012c5f5367da
volratio_channel_2026_n30_r1.25_btc0.75 passed 0 749a20b74ffa1dc068a79b8254c7e8980013002aac9a0d2a3a4985673b2f63c3
forward_snapshot_BTC rejected 0 860ec1e64cf7ad027a7dd095e3016145f1553eaf0c807d7b5a5c9063bd3be680
forward_snapshot_ETH rejected 0 2fcd5b2ea19bddb615de0b99bf6a0788a01e89487a5ea355a30010b659b28e55
forward_snapshot_combo rejected 0 21aefcb93e756cdb53d722992c9accd9ecaf02e03d068bd479de77eebb8021ec
