{"synthetic_fixture_checks": "PASS", "tested_close_and_volume_excluded_from_reference": true, "threshold_equality_qualifies": true, "low_volume_preserves_long_until_unfiltered_exit": true, "future_prefix_invariant": true, "zero_reference_disables_entry": true, "not_performance_evidence": true}
{"new_backtests": 0, "source_components": 2, "scenes_hash_verified": 6, "missing_cache_files_restored": [], "method": "Exact archived cash/units and same-SHA real minute-price reconstruction,no source signal/trade rerun or fund scaling."}
PASS:all9 cumulative forward scenes exactly reproduced including10628point complete time axis and nextstate;noHTTP or ledger write
{"completed": "volratio_2025_BTC_n10_r0.75_e15_x30_c1500", "return1_pct": 7.419815825906673, "return3_pct": 5.189158915533332, "DD3_pct": 12.769765457273119}
{"completed": "volratio_2025_BTC_n10_r1_e15_x30_c1500", "return1_pct": 7.419815825906673, "return3_pct": 5.189158915533332, "DD3_pct": 12.769765457273119}
{"completed": "volratio_2025_BTC_n10_r1.25_e15_x30_c1500", "return1_pct": 7.419815825906673, "return3_pct": 5.189158915533332, "DD3_pct": 12.769765457273119}
{"completed": "volratio_2025_BTC_n20_r0.75_e15_x30_c1500", "return1_pct": 7.419815825906673, "return3_pct": 5.189158915533332, "DD3_pct": 12.769765457273119}
{"completed": "volratio_2025_BTC_n20_r1_e15_x30_c1500", "return1_pct": 7.419815825906673, "return3_pct": 5.189158915533332, "DD3_pct": 12.769765457273119}
{"completed": "volratio_2025_BTC_n20_r1.25_e15_x30_c1500", "return1_pct": 10.727346522646663, "return3_pct": 9.575698131646671, "DD3_pct": 12.12973028229386}
{"completed": "volratio_2025_BTC_n30_r0.75_e15_x30_c1500", "return1_pct": 7.419815825906673, "return3_pct": 5.189158915533332, "DD3_pct": 12.769765457273119}
{"completed": "volratio_2025_BTC_n30_r1_e15_x30_c1500", "return1_pct": 20.17424939675334, "return3_pct": 18.29838700230666, "DD3_pct": 12.127073204350225}
{"completed": "volratio_2025_BTC_n30_r1.25_e15_x30_c1500", "return1_pct": 18.466732828300003, "return3_pct": 17.228907731906663, "DD3_pct": 12.127073204350225}
{"completed": "volratio_2026_BTC_n10_r0.75_e15_x30_c1500", "return1_pct": 25.242292755679998, "return3_pct": 23.928268019813338, "DD3_pct": 13.064537020323208}
{"completed": "volratio_2026_BTC_n10_r1_e15_x30_c1500", "return1_pct": 25.242292755679998, "return3_pct": 23.928268019813338, "DD3_pct": 13.064537020323208}
{"completed": "volratio_2026_BTC_n10_r1.25_e15_x30_c1500", "return1_pct": 25.242292755679998, "return3_pct": 23.928268019813338, "DD3_pct": 13.064537020323208}
{"completed": "volratio_2026_BTC_n20_r0.75_e15_x30_c1500", "return1_pct": 25.242292755679998, "return3_pct": 23.928268019813338, "DD3_pct": 13.064537020323208}
{"completed": "volratio_2026_BTC_n20_r1_e15_x30_c1500", "return1_pct": 25.242292755679998, "return3_pct": 23.928268019813338, "DD3_pct": 13.064537020323208}
{"completed": "volratio_2026_BTC_n20_r1.25_e15_x30_c1500", "return1_pct": 25.242292755679998, "return3_pct": 23.928268019813338, "DD3_pct": 13.064537020323208}
{"completed": "volratio_2026_BTC_n30_r0.75_e15_x30_c1500", "return1_pct": 25.242292755679998, "return3_pct": 23.928268019813338, "DD3_pct": 13.064537020323208}
{"completed": "volratio_2026_BTC_n30_r1_e15_x30_c1500", "return1_pct": 25.242292755679998, "return3_pct": 23.928268019813338, "DD3_pct": 13.064537020323208}
{"completed": "volratio_2026_BTC_n30_r1.25_e15_x30_c1500", "return1_pct": 18.925371120080015, "return3_pct": 17.686568964013325, "DD3_pct": 13.541244795648144}
READ_ONLY_ETH:channel_2025_ETH_e15_x30
READ_ONLY_ETH:channel_2026_ETH_e15_x30
{"completed": "volratio_channel_2025_n10_r0.75_btc0.75", "return1_pct": 34.548185688830024, "return3_pct": 32.033184087600006, "DD3_pct": 13.308984134371082}
{"completed": "volratio_channel_2025_n10_r1_btc0.75", "return1_pct": 34.548185688830024, "return3_pct": 32.033184087600006, "DD3_pct": 13.308984134371082}
{"completed": "volratio_channel_2025_n10_r1.25_btc0.75", "return1_pct": 34.548185688830024, "return3_pct": 32.033184087600006, "DD3_pct": 13.308984134371082}
{"completed": "volratio_channel_2025_n20_r0.75_btc0.75", "return1_pct": 34.548185688830024, "return3_pct": 32.033184087600006, "DD3_pct": 13.308984134371082}
{"completed": "volratio_channel_2025_n20_r1_btc0.75", "return1_pct": 34.548185688830024, "return3_pct": 32.033184087600006, "DD3_pct": 13.308984134371082}
{"completed": "volratio_channel_2025_n20_r1.25_btc0.75", "return1_pct": 37.02883371138501, "return3_pct": 35.323088499685, "DD3_pct": 13.219025351123737}
{"completed": "volratio_channel_2025_n30_r0.75_btc0.75", "return1_pct": 34.548185688830024, "return3_pct": 32.033184087600006, "DD3_pct": 13.308984134371082}
{"completed": "volratio_channel_2025_n30_r1_btc0.75", "return1_pct": 44.114010866965, "return3_pct": 41.86510515268, "DD3_pct": 13.09690003467976}
{"completed": "volratio_channel_2025_n30_r1.25_btc0.75", "return1_pct": 42.83337344062501, "return3_pct": 41.06299569988001, "DD3_pct": 13.09690003467976}
{"completed": "volratio_channel_2026_n10_r0.75_btc0.75", "return1_pct": 28.630679351360012, "return3_pct": 27.28307936531, "DD3_pct": 12.630031506070583}
{"completed": "volratio_channel_2026_n10_r1_btc0.75", "return1_pct": 28.630679351360012, "return3_pct": 27.28307936531, "DD3_pct": 12.630031506070583}
{"completed": "volratio_channel_2026_n10_r1.25_btc0.75", "return1_pct": 28.630679351360012, "return3_pct": 27.28307936531, "DD3_pct": 12.630031506070583}
{"completed": "volratio_channel_2026_n20_r0.75_btc0.75", "return1_pct": 28.630679351360012, "return3_pct": 27.28307936531, "DD3_pct": 12.630031506070583}
{"completed": "volratio_channel_2026_n20_r1_btc0.75", "return1_pct": 28.630679351360012, "return3_pct": 27.28307936531, "DD3_pct": 12.630031506070583}
{"completed": "volratio_channel_2026_n20_r1.25_btc0.75", "return1_pct": 28.630679351360012, "return3_pct": 27.28307936531, "DD3_pct": 12.630031506070583}
{"completed": "volratio_channel_2026_n30_r0.75_btc0.75", "return1_pct": 28.630679351360012, "return3_pct": 27.28307936531, "DD3_pct": 12.630031506070583}
{"completed": "volratio_channel_2026_n30_r1_btc0.75", "return1_pct": 28.630679351360012, "return3_pct": 27.28307936531, "DD3_pct": 12.630031506070583}
{"completed": "volratio_channel_2026_n30_r1.25_btc0.75", "return1_pct": 23.892988124659986, "return3_pct": 22.601805073459992, "DD3_pct": 11.543710667063412}
PASS:all108 NEW volume-confirmation scenes and full report exactly reproduced;6oldETHscenes read-only verified,noHTTP/ledger write
{"passed": true, "actual_scenes_audited": 108, "NAV_points_audited": 28013256, "Decimal_quote_volume_causal_decisions": 9720, "Decimal_fills_independently_checked": 294, "real_minute_data_hashes": 4, "report_sha256": "8f3b6b5d0e1d6cf5074b8436d0fb40d2fe3614a64cade5b24ce05c9d27b0fa21", "forward_plan_unchanged": true}
{"passed": true, "forward_scenes": 9, "new_closed_marks_per_asset": 120, "cumulative_minutes": 10619, "complete_days": 7, "NAV_points_per_scene": 10628, "original_NAV_prefix": 10508, "new_daily_decisions": 0, "new_reference_points": 0, "new_executions": 0, "original_cash_units_desired_trades_costs_unchanged": true, "next_daily_decision_utc": "2026-10-10T00:01:00Z", "report_sha256": "55c6cd1f3b4fa6d88aac09d960fc89a789e4ce945a1958c304ed8a575d4ec636"}
PASS: new parameters/weights and missing-result retries are allowed; exact/reordered completed trials stay blocked
