{"completed": "volratio_2025_BTC_n10_r0.75_e15_x30_c1500", "return1_pct": 7.419815825906673, "return3_pct": 5.189158915533332, "DD3_pct": 12.769765457273119}
{"completed": "volratio_2025_BTC_n10_r1_e15_x30_c1500", "return1_pct": 7.419815825906673, "return3_pct": 5.189158915533332, "DD3_pct": 12.769765457273119}
{"completed": "volratio_2025_BTC_n10_r1.25_e15_x30_c1500", "return1_pct": 7.419815825906673, "return3_pct": 5.189158915533332, "DD3_pct": 12.769765457273119}
{"completed": "volratio_2025_BTC_n20_r0.75_e15_x30_c1500", "return1_pct": 7.419815825906673, "return3_pct": 5.189158915533332, "DD3_pct": 12.769765457273119}
{"completed": "volratio_2025_BTC_n20_r1_e15_x30_c1500", "return1_pct": 7.419815825906673, "return3_pct": 5.189158915533332, "DD3_pct": 12.769765457273119}
{"completed": "volratio_2025_BTC_n20_r1.25_e15_x30_c1500", "return1_pct": 10.727346522646663, "return3_pct": 9.575698131646671, "DD3_pct": 12.12973028229386}
{"completed": "volratio_2025_BTC_n30_r0.75_e15_x30_c1500", "return1_pct": 7.419815825906673, "return3_pct": 5.189158915533332, "DD3_pct": 12.769765457273119}
{"completed": "volratio_2025_BTC_n30_r1_e15_x30_c1500", "return1_pct": 20.17424939675334, "return3_pct": 18.29838700230666, "DD3_pct": 12.127073204350225}
{"completed": "volratio_2025_BTC_n30_r1.25_e15_x30_c1500", "return1_pct": 18.466732828300003, "return3_pct": 17.228907731906663, "DD3_pct": 12.127073204350225}
{"completed": "volratio_2026_BTC_n10_r0.75_e15_x30_c1500", "return1_pct": 25.242292755679998, "return3_pct": 23.928268019813338, "DD3_pct": 13.064537020323208}
{"completed": "volratio_2026_BTC_n10_r1_e15_x30_c1500", "return1_pct": 25.242292755679998, "return3_pct": 23.928268019813338, "DD3_pct": 13.064537020323208}
{"completed": "volratio_2026_BTC_n10_r1.25_e15_x30_c1500", "return1_pct": 25.242292755679998, "return3_pct": 23.928268019813338, "DD3_pct": 13.064537020323208}
{"completed": "volratio_2026_BTC_n20_r0.75_e15_x30_c1500", "return1_pct": 25.242292755679998, "return3_pct": 23.928268019813338, "DD3_pct": 13.064537020323208}
{"completed": "volratio_2026_BTC_n20_r1_e15_x30_c1500", "return1_pct": 25.242292755679998, "return3_pct": 23.928268019813338, "DD3_pct": 13.064537020323208}
{"completed": "volratio_2026_BTC_n20_r1.25_e15_x30_c1500", "return1_pct": 25.242292755679998, "return3_pct": 23.928268019813338, "DD3_pct": 13.064537020323208}
{"completed": "volratio_2026_BTC_n30_r0.75_e15_x30_c1500", "return1_pct": 25.242292755679998, "return3_pct": 23.928268019813338, "DD3_pct": 13.064537020323208}
{"completed": "volratio_2026_BTC_n30_r1_e15_x30_c1500", "return1_pct": 25.242292755679998, "return3_pct": 23.928268019813338, "DD3_pct": 13.064537020323208}
{"completed": "volratio_2026_BTC_n30_r1.25_e15_x30_c1500", "return1_pct": 18.925371120080015, "return3_pct": 17.686568964013325, "DD3_pct": 13.541244795648144}
READ_ONLY_ETH:channel_2025_ETH_e15_x30
READ_ONLY_ETH:channel_2026_ETH_e15_x30
{"completed": "volratio_channel_2025_n10_r0.75_btc0.75", "return1_pct": 34.548185688830024, "return3_pct": 32.033184087600006, "DD3_pct": 13.308984134371082}
{"completed": "volratio_channel_2025_n10_r1_btc0.75", "return1_pct": 34.548185688830024, "return3_pct": 32.033184087600006, "DD3_pct": 13.308984134371082}
{"completed": "volratio_channel_2025_n10_r1.25_btc0.75", "return1_pct": 34.548185688830024, "return3_pct": 32.033184087600006, "DD3_pct": 13.308984134371082}
{"completed": "volratio_channel_2025_n20_r0.75_btc0.75", "return1_pct": 34.548185688830024, "return3_pct": 32.033184087600006, "DD3_pct": 13.308984134371082}
{"completed": "volratio_channel_2025_n20_r1_btc0.75", "return1_pct": 34.548185688830024, "return3_pct": 32.033184087600006, "DD3_pct": 13.308984134371082}
{"completed": "volratio_channel_2025_n20_r1.25_btc0.75", "return1_pct": 37.02883371138501, "return3_pct": 35.323088499685, "DD3_pct": 13.219025351123737}
{"completed": "volratio_channel_2025_n30_r0.75_btc0.75", "return1_pct": 34.548185688830024, "return3_pct": 32.033184087600006, "DD3_pct": 13.308984134371082}
{"completed": "volratio_channel_2025_n30_r1_btc0.75", "return1_pct": 44.114010866965, "return3_pct": 41.86510515268, "DD3_pct": 13.09690003467976}
{"completed": "volratio_channel_2025_n30_r1.25_btc0.75", "return1_pct": 42.83337344062501, "return3_pct": 41.06299569988001, "DD3_pct": 13.09690003467976}
{"completed": "volratio_channel_2026_n10_r0.75_btc0.75", "return1_pct": 28.630679351360012, "return3_pct": 27.28307936531, "DD3_pct": 12.630031506070583}
{"completed": "volratio_channel_2026_n10_r1_btc0.75", "return1_pct": 28.630679351360012, "return3_pct": 27.28307936531, "DD3_pct": 12.630031506070583}
{"completed": "volratio_channel_2026_n10_r1.25_btc0.75", "return1_pct": 28.630679351360012, "return3_pct": 27.28307936531, "DD3_pct": 12.630031506070583}
{"completed": "volratio_channel_2026_n20_r0.75_btc0.75", "return1_pct": 28.630679351360012, "return3_pct": 27.28307936531, "DD3_pct": 12.630031506070583}
{"completed": "volratio_channel_2026_n20_r1_btc0.75", "return1_pct": 28.630679351360012, "return3_pct": 27.28307936531, "DD3_pct": 12.630031506070583}
{"completed": "volratio_channel_2026_n20_r1.25_btc0.75", "return1_pct": 28.630679351360012, "return3_pct": 27.28307936531, "DD3_pct": 12.630031506070583}
{"completed": "volratio_channel_2026_n30_r0.75_btc0.75", "return1_pct": 28.630679351360012, "return3_pct": 27.28307936531, "DD3_pct": 12.630031506070583}
{"completed": "volratio_channel_2026_n30_r1_btc0.75", "return1_pct": 28.630679351360012, "return3_pct": 27.28307936531, "DD3_pct": 12.630031506070583}
{"completed": "volratio_channel_2026_n30_r1.25_btc0.75", "return1_pct": 23.892988124659986, "return3_pct": 22.601805073459992, "DD3_pct": 11.543710667063412}
{"new_configs": 36, "new_component_configs": 18, "new_combination_configs": 18, "new_cost_scenes": 108, "new_minute_NAV_points": 28013256, "old_component_configs_read_only": 2, "old_component_cost_scenes_read_only": 6, "positive_1x": 36, "positive_3x": 36, "passed": ["volratio_2025_BTC_n10_r0.75_e15_x30_c1500", "volratio_2025_BTC_n10_r1_e15_x30_c1500", "volratio_2025_BTC_n10_r1.25_e15_x30_c1500", "volratio_2025_BTC_n20_r0.75_e15_x30_c1500", "volratio_2025_BTC_n20_r1_e15_x30_c1500", "volratio_2025_BTC_n20_r1.25_e15_x30_c1500", "volratio_2025_BTC_n30_r0.75_e15_x30_c1500", "volratio_2025_BTC_n30_r1_e15_x30_c1500", "volratio_2025_BTC_n30_r1.25_e15_x30_c1500", "volratio_2026_BTC_n10_r0.75_e15_x30_c1500", "volratio_2026_BTC_n10_r1_e15_x30_c1500", "volratio_2026_BTC_n10_r1.25_e15_x30_c1500", "volratio_2026_BTC_n20_r0.75_e15_x30_c1500", "volratio_2026_BTC_n20_r1_e15_x30_c1500", "volratio_2026_BTC_n20_r1.25_e15_x30_c1500", "volratio_2026_BTC_n30_r0.75_e15_x30_c1500", "volratio_2026_BTC_n30_r1_e15_x30_c1500", "volratio_channel_2025_n10_r0.75_btc0.75", "volratio_channel_2025_n10_r1_btc0.75", "volratio_channel_2025_n10_r1.25_btc0.75", "volratio_channel_2025_n20_r0.75_btc0.75", "volratio_channel_2025_n20_r1_btc0.75", "volratio_channel_2025_n20_r1.25_btc0.75", "volratio_channel_2025_n30_r0.75_btc0.75", "volratio_channel_2025_n30_r1_btc0.75", "volratio_channel_2025_n30_r1.25_btc0.75", "volratio_channel_2026_n10_r0.75_btc0.75", "volratio_channel_2026_n10_r1_btc0.75", "volratio_channel_2026_n10_r1.25_btc0.75", "volratio_channel_2026_n20_r0.75_btc0.75", "volratio_channel_2026_n20_r1_btc0.75", "volratio_channel_2026_n20_r1.25_btc0.75", "volratio_channel_2026_n30_r0.75_btc0.75", "volratio_channel_2026_n30_r1_btc0.75", "volratio_channel_2026_n30_r1.25_btc0.75"], "rejected": ["volratio_2026_BTC_n30_r1.25_e15_x30_c1500"], "new_both_periods_passed_combination_pairs": [["volratio_channel_2025_n10_r0.75_btc0.75", "volratio_channel_2026_n10_r0.75_btc0.75"], ["volratio_channel_2025_n10_r1_btc0.75", "volratio_channel_2026_n10_r1_btc0.75"], ["volratio_channel_2025_n10_r1.25_btc0.75", "volratio_channel_2026_n10_r1.25_btc0.75"], ["volratio_channel_2025_n20_r0.75_btc0.75", "volratio_channel_2026_n20_r0.75_btc0.75"], ["volratio_channel_2025_n20_r1_btc0.75", "volratio_channel_2026_n20_r1_btc0.75"], ["volratio_channel_2025_n20_r1.25_btc0.75", "volratio_channel_2026_n20_r1.25_btc0.75"], ["volratio_channel_2025_n30_r0.75_btc0.75", "volratio_channel_2026_n30_r0.75_btc0.75"], ["volratio_channel_2025_n30_r1_btc0.75", "volratio_channel_2026_n30_r1_btc0.75"], ["volratio_channel_2025_n30_r1.25_btc0.75", "volratio_channel_2026_n30_r1.25_btc0.75"]], "both_periods_passed_combination_pairs": [["volratio_channel_2025_n10_r0.75_btc0.75", "volratio_channel_2026_n10_r0.75_btc0.75"], ["volratio_channel_2025_n10_r1_btc0.75", "volratio_channel_2026_n10_r1_btc0.75"], ["volratio_channel_2025_n10_r1.25_btc0.75", "volratio_channel_2026_n10_r1.25_btc0.75"], ["volratio_channel_2025_n20_r0.75_btc0.75", "volratio_channel_2026_n20_r0.75_btc0.75"], ["volratio_channel_2025_n20_r1_btc0.75", "volratio_channel_2026_n20_r1_btc0.75"], ["volratio_channel_2025_n20_r1.25_btc0.75", "volratio_channel_2026_n20_r1.25_btc0.75"], ["volratio_channel_2025_n30_r0.75_btc0.75", "volratio_channel_2026_n30_r0.75_btc0.75"], ["volratio_channel_2025_n30_r1_btc0.75", "volratio_channel_2026_n30_r1_btc0.75"], ["volratio_channel_2025_n30_r1.25_btc0.75", "volratio_channel_2026_n30_r1.25_btc0.75"]], "new_component_fills": 294, "read_only_ETH_fills": 30, "new_live_orders": 0}
