{"completed": "filtered_span_2025_BTC_e10_b0.03_x30_s20_c1350", "return1": -0.20760938931851936, "return3": -2.271171141585182, "minute_DD3": 25.178944000895452}
READ_ONLY_RESULT:filtered_band_2025_BTC_e10_b0.03_x30_s50_c1350
{"completed": "filtered_span_2025_BTC_e10_b0.03_x30_s80_c1350", "return1": 12.356722161451849, "return3": 10.604173371451854, "minute_DD3": 12.410478514961376}
{"completed": "filtered_span_2025_BTC_e15_b0.03_x30_s20_c1350", "return1": -0.20760938931851936, "return3": -2.271171141585182, "minute_DD3": 25.178944000895452}
READ_ONLY_RESULT:filtered_band_2025_BTC_e15_b0.03_x30_s50_c1350
{"completed": "filtered_span_2025_BTC_e15_b0.03_x30_s80_c1350", "return1": 11.356412752155553, "return3": 9.619685726407411, "minute_DD3": 13.189577336593661}
{"completed": "filtered_span_2025_BTC_e20_b0.03_x30_s20_c1350", "return1": 6.591243875940744, "return3": 4.927704688896295, "minute_DD3": 17.615985623232145}
READ_ONLY_RESULT:filtered_band_2025_BTC_e20_b0.03_x30_s50_c1350
{"completed": "filtered_span_2025_BTC_e20_b0.03_x30_s80_c1350", "return1": 10.351041916059266, "return3": 8.632786815340744, "minute_DD3": 12.126160323404555}
{"completed": "filtered_span_2025_ETH_e10_b0.03_x30_s20_c650", "return1": 92.25464594784616, "return3": 88.26782404723077, "minute_DD3": 26.041551674010776}
READ_ONLY_RESULT:filtered_band_2025_ETH_e10_b0.03_x30_s50_c650
{"completed": "filtered_span_2025_ETH_e10_b0.03_x30_s80_c650", "return1": 96.85534020923076, "return3": 94.78204126415386, "minute_DD3": 20.245376429741558}
{"completed": "filtered_span_2025_ETH_e15_b0.03_x30_s20_c650", "return1": 83.18788187799998, "return3": 79.40057685569232, "minute_DD3": 29.52987525507963}
READ_ONLY_RESULT:filtered_band_2025_ETH_e15_b0.03_x30_s50_c650
{"completed": "filtered_span_2025_ETH_e15_b0.03_x30_s80_c650", "return1": 96.85534020923076, "return3": 94.78204126415386, "minute_DD3": 20.245376429741558}
{"completed": "filtered_span_2025_ETH_e20_b0.03_x30_s20_c650", "return1": 75.78211869630769, "return3": 72.12137564861538, "minute_DD3": 30.04854066663295}
READ_ONLY_RESULT:filtered_band_2025_ETH_e20_b0.03_x30_s50_c650
{"completed": "filtered_span_2025_ETH_e20_b0.03_x30_s80_c650", "return1": 95.41640795076924, "return3": 93.35297299984614, "minute_DD3": 20.829950329720415}
{"completed": "filtered_span_2025_combo_e10_b0.03_x30_s20_btc0.675", "return1": 29.842623595260022, "return3": 27.15400229478, "minute_DD3": 20.301652728207}
READ_ONLY_RESULT:filtered_band_2025_combo_e10_b0.03_x30_s50_btc0.675
{"completed": "filtered_span_2025_combo_e10_b0.03_x30_s80_btc0.675", "return1": 39.81877302697998, "return3": 37.96198043658001, "minute_DD3": 12.923035488092271}
{"completed": "filtered_span_2025_combo_e15_b0.03_x30_s20_btc0.675", "return1": 26.895925272559996, "return3": 24.272146957529994, "minute_DD3": 21.590266349020805}
READ_ONLY_RESULT:filtered_band_2025_combo_e15_b0.03_x30_s50_btc0.675
{"completed": "filtered_span_2025_combo_e15_b0.03_x30_s80_btc0.675", "return1": 39.143564175704995, "return3": 37.29745127617501, "minute_DD3": 13.450209508945488}
{"completed": "filtered_span_2025_combo_e20_b0.03_x30_s20_btc0.675", "return1": 29.078278192559992, "return3": 26.76564775080501, "minute_DD3": 16.445145023341468}
READ_ONLY_RESULT:filtered_band_2025_combo_e20_b0.03_x30_s50_btc0.675
{"completed": "filtered_span_2025_combo_e20_b0.03_x30_s80_btc0.675", "return1": 37.99728587734001, "return3": 36.16684732530497, "minute_DD3": 13.965965423911175}
{"completed": "filtered_span_2026_BTC_e10_b0.03_x30_s20_c1350", "return1": 23.345241753059256, "return3": 22.069925084311116, "minute_DD3": 13.348457204869192}
READ_ONLY_RESULT:filtered_band_2026_BTC_e10_b0.03_x30_s50_c1350
{"completed": "filtered_span_2026_BTC_e10_b0.03_x30_s80_c1350", "return1": 7.879025683911123, "return3": 6.753103870325927, "minute_DD3": 10.18018269592369}
{"completed": "filtered_span_2026_BTC_e15_b0.03_x30_s20_c1350", "return1": 23.345241753059256, "return3": 22.069925084311116, "minute_DD3": 13.348457204869192}
READ_ONLY_RESULT:filtered_band_2026_BTC_e15_b0.03_x30_s50_c1350
{"completed": "filtered_span_2026_BTC_e15_b0.03_x30_s80_c1350", "return1": 7.879025683911123, "return3": 6.753103870325927, "minute_DD3": 10.18018269592369}
{"completed": "filtered_span_2026_BTC_e20_b0.03_x30_s20_c1350", "return1": 23.345241753059256, "return3": 22.069925084311116, "minute_DD3": 13.348457204869192}
READ_ONLY_RESULT:filtered_band_2026_BTC_e20_b0.03_x30_s50_c1350
{"completed": "filtered_span_2026_BTC_e20_b0.03_x30_s80_c1350", "return1": 7.879025683911123, "return3": 6.753103870325927, "minute_DD3": 10.18018269592369}
{"completed": "filtered_span_2026_ETH_e10_b0.03_x30_s20_c650", "return1": 38.786190086307684, "return3": 37.343764620615374, "minute_DD3": 12.700104238191523}
READ_ONLY_RESULT:filtered_band_2026_ETH_e10_b0.03_x30_s50_c650
{"completed": "filtered_span_2026_ETH_e10_b0.03_x30_s80_c650", "return1": 18.154370467384616, "return3": 16.923169266923075, "minute_DD3": 16.398761904639827}
{"completed": "filtered_span_2026_ETH_e15_b0.03_x30_s20_c650", "return1": 38.786190086307684, "return3": 37.343764620615374, "minute_DD3": 12.700104238191523}
READ_ONLY_RESULT:filtered_band_2026_ETH_e15_b0.03_x30_s50_c650
{"completed": "filtered_span_2026_ETH_e15_b0.03_x30_s80_c650", "return1": 18.154370467384616, "return3": 16.923169266923075, "minute_DD3": 16.398761904639827}
{"completed": "filtered_span_2026_ETH_e20_b0.03_x30_s20_c650", "return1": 35.65443142384615, "return3": 34.238054465846155, "minute_DD3": 14.672445026180835}
READ_ONLY_RESULT:filtered_band_2026_ETH_e20_b0.03_x30_s50_c650
{"completed": "filtered_span_2026_ETH_e20_b0.03_x30_s80_c650", "return1": 18.154370467384616, "return3": 16.923169266923075, "minute_DD3": 16.398761904639827}
{"completed": "filtered_span_2026_combo_e10_b0.03_x30_s20_btc0.675", "return1": 28.36354996136499, "return3": 27.03392293360998, "minute_DD3": 10.972609344292994}
READ_ONLY_RESULT:filtered_band_2026_combo_e10_b0.03_x30_s50_btc0.675
{"completed": "filtered_span_2026_combo_e10_b0.03_x30_s80_btc0.675", "return1": 11.21851273854, "return3": 10.058375124219987, "minute_DD3": 11.025389801914065}
{"completed": "filtered_span_2026_combo_e15_b0.03_x30_s20_btc0.675", "return1": 28.36354996136499, "return3": 27.03392293360998, "minute_DD3": 10.972609344292994}
READ_ONLY_RESULT:filtered_band_2026_combo_e15_b0.03_x30_s50_btc0.675
{"completed": "filtered_span_2026_combo_e15_b0.03_x30_s80_btc0.675", "return1": 11.21851273854, "return3": 10.058375124219987, "minute_DD3": 11.025389801914065}
{"completed": "filtered_span_2026_combo_e20_b0.03_x30_s20_btc0.675", "return1": 27.345728396064995, "return3": 26.024567133309983, "minute_DD3": 11.629514646619498}
READ_ONLY_RESULT:filtered_band_2026_combo_e20_b0.03_x30_s50_btc0.675
{"completed": "filtered_span_2026_combo_e20_b0.03_x30_s80_btc0.675", "return1": 11.21851273854, "return3": 10.058375124219987, "minute_DD3": 11.025389801914065}
{"new_configs": 36, "new_component_configs": 24, "new_combination_configs": 12, "new_cost_scenes": 108, "new_minute_NAV_points": 28013256, "reused_grid_configs": 18, "reused_cost_scenes": 54, "grid_configs": 54, "grid_cost_scenes": 162, "positive_1x": 34, "positive_3x": 34, "grid_positive_1x": 52, "grid_positive_3x": 52, "passed": ["filtered_span_2025_BTC_e10_b0.03_x30_s80_c1350", "filtered_span_2025_BTC_e15_b0.03_x30_s80_c1350", "filtered_span_2025_BTC_e20_b0.03_x30_s80_c1350", "filtered_span_2025_ETH_e10_b0.03_x30_s80_c650", "filtered_span_2025_ETH_e15_b0.03_x30_s80_c650", "filtered_span_2025_ETH_e20_b0.03_x30_s80_c650", "filtered_span_2025_combo_e10_b0.03_x30_s80_btc0.675", "filtered_span_2025_combo_e15_b0.03_x30_s80_btc0.675", "filtered_span_2025_combo_e20_b0.03_x30_s80_btc0.675", "filtered_span_2026_combo_e10_b0.03_x30_s20_btc0.675", "filtered_span_2026_combo_e15_b0.03_x30_s20_btc0.675", "filtered_span_2026_combo_e20_b0.03_x30_s20_btc0.675"], "rejected": ["filtered_span_2025_BTC_e10_b0.03_x30_s20_c1350", "filtered_span_2025_BTC_e15_b0.03_x30_s20_c1350", "filtered_span_2025_BTC_e20_b0.03_x30_s20_c1350", "filtered_span_2025_ETH_e10_b0.03_x30_s20_c650", "filtered_span_2025_ETH_e15_b0.03_x30_s20_c650", "filtered_span_2025_ETH_e20_b0.03_x30_s20_c650", "filtered_span_2025_combo_e10_b0.03_x30_s20_btc0.675", "filtered_span_2025_combo_e15_b0.03_x30_s20_btc0.675", "filtered_span_2025_combo_e20_b0.03_x30_s20_btc0.675", "filtered_span_2026_BTC_e10_b0.03_x30_s20_c1350", "filtered_span_2026_BTC_e10_b0.03_x30_s80_c1350", "filtered_span_2026_BTC_e15_b0.03_x30_s20_c1350", "filtered_span_2026_BTC_e15_b0.03_x30_s80_c1350", "filtered_span_2026_BTC_e20_b0.03_x30_s20_c1350", "filtered_span_2026_BTC_e20_b0.03_x30_s80_c1350", "filtered_span_2026_ETH_e10_b0.03_x30_s20_c650", "filtered_span_2026_ETH_e10_b0.03_x30_s80_c650", "filtered_span_2026_ETH_e15_b0.03_x30_s20_c650", "filtered_span_2026_ETH_e15_b0.03_x30_s80_c650", "filtered_span_2026_ETH_e20_b0.03_x30_s20_c650", "filtered_span_2026_ETH_e20_b0.03_x30_s80_c650", "filtered_span_2026_combo_e10_b0.03_x30_s80_btc0.675", "filtered_span_2026_combo_e15_b0.03_x30_s80_btc0.675", "filtered_span_2026_combo_e20_b0.03_x30_s80_btc0.675"], "grid_passed": ["filtered_band_2025_BTC_e10_b0.03_x30_s50_c1350", "filtered_span_2025_BTC_e10_b0.03_x30_s80_c1350", "filtered_band_2025_BTC_e15_b0.03_x30_s50_c1350", "filtered_span_2025_BTC_e15_b0.03_x30_s80_c1350", "filtered_band_2025_BTC_e20_b0.03_x30_s50_c1350", "filtered_span_2025_BTC_e20_b0.03_x30_s80_c1350", "filtered_band_2025_ETH_e10_b0.03_x30_s50_c650", "filtered_span_2025_ETH_e10_b0.03_x30_s80_c650", "filtered_band_2025_ETH_e15_b0.03_x30_s50_c650", "filtered_span_2025_ETH_e15_b0.03_x30_s80_c650", "filtered_band_2025_ETH_e20_b0.03_x30_s50_c650", "filtered_span_2025_ETH_e20_b0.03_x30_s80_c650", "filtered_band_2025_combo_e10_b0.03_x30_s50_btc0.675", "filtered_span_2025_combo_e10_b0.03_x30_s80_btc0.675", "filtered_band_2025_combo_e15_b0.03_x30_s50_btc0.675", "filtered_span_2025_combo_e15_b0.03_x30_s80_btc0.675", "filtered_band_2025_combo_e20_b0.03_x30_s50_btc0.675", "filtered_span_2025_combo_e20_b0.03_x30_s80_btc0.675", "filtered_span_2026_combo_e10_b0.03_x30_s20_btc0.675", "filtered_band_2026_combo_e10_b0.03_x30_s50_btc0.675", "filtered_span_2026_combo_e15_b0.03_x30_s20_btc0.675", "filtered_band_2026_combo_e15_b0.03_x30_s50_btc0.675", "filtered_span_2026_combo_e20_b0.03_x30_s20_btc0.675", "filtered_band_2026_combo_e20_b0.03_x30_s50_btc0.675"], "both_periods_passed_combination_pairs": [["filtered_band_2025_combo_e10_b0.03_x30_s50_btc0.675", "filtered_band_2026_combo_e10_b0.03_x30_s50_btc0.675"], ["filtered_band_2025_combo_e15_b0.03_x30_s50_btc0.675", "filtered_band_2026_combo_e15_b0.03_x30_s50_btc0.675"], ["filtered_band_2025_combo_e20_b0.03_x30_s50_btc0.675", "filtered_band_2026_combo_e20_b0.03_x30_s50_btc0.675"]], "new_both_periods_passed_combination_pairs": [], "actual_component_fills": 372, "audited_component_fills": 516, "reused_ledger_records_untouched": true, "new_live_orders": 0}
