filtered_span_2025_BTC_e10_b0.03_x30_s20_c1350 0 7aeb2d8d0d2dc29e17553ce17dc4fe33278c0b8fd774805ac67427a7e6f4df16
READ_ONLY_EXACT filtered_band_2025_BTC_e10_b0.03_x30_s50_c1350
filtered_span_2025_BTC_e10_b0.03_x30_s80_c1350 0 e351315a0fa2a22409d3fb2737e935c0bd4c37e91310e0d5ef321ccf766e5b47
filtered_span_2025_BTC_e15_b0.03_x30_s20_c1350 0 98e48711f31936af5af36cbbfc2054f06068390e6122bf2e0c43e5210391ad71
READ_ONLY_EXACT filtered_band_2025_BTC_e15_b0.03_x30_s50_c1350
filtered_span_2025_BTC_e15_b0.03_x30_s80_c1350 0 6172f149c5d0f78b2ed0b8c41433afa12cc4b0d4602ef9cb653d7a0270dc52e2
filtered_span_2025_BTC_e20_b0.03_x30_s20_c1350 0 45e15872967db0974c1cd70a2dea625988c08d4c3a5834095d938f61d03610d6
READ_ONLY_EXACT filtered_band_2025_BTC_e20_b0.03_x30_s50_c1350
filtered_span_2025_BTC_e20_b0.03_x30_s80_c1350 0 3d0e6412b07fcbfbe9bc12e58be5d1d74025f6209262af85c5cd583c524a9fdb
filtered_span_2025_ETH_e10_b0.03_x30_s20_c650 0 928c31889be2a136b48b502790f57a0ea41bccd6dbcbd84faefc14f326c54969
READ_ONLY_EXACT filtered_band_2025_ETH_e10_b0.03_x30_s50_c650
filtered_span_2025_ETH_e10_b0.03_x30_s80_c650 0 a6c5bf766b8496344f217e05892fae89923f5165de8ab946ea69812dcb7470ea
filtered_span_2025_ETH_e15_b0.03_x30_s20_c650 0 d1f2db635a13d8ae9118ef89017bbc8ab062a8c27bb9d10a69596c569f6275b7
READ_ONLY_EXACT filtered_band_2025_ETH_e15_b0.03_x30_s50_c650
filtered_span_2025_ETH_e15_b0.03_x30_s80_c650 0 878dbe3b96888a9158762aa9627d9abcc3be88b4499145f4985645a56c52d63c
filtered_span_2025_ETH_e20_b0.03_x30_s20_c650 0 8afe8e21a75afba612dc2502f21ea054c84c36944e49f8cb46702e9b707e4197
READ_ONLY_EXACT filtered_band_2025_ETH_e20_b0.03_x30_s50_c650
filtered_span_2025_ETH_e20_b0.03_x30_s80_c650 0 d7edec19c5c379af22efe9fb3fd83fe43f62914da1b8d3c12e2b762dac7e0711
filtered_span_2025_combo_e10_b0.03_x30_s20_btc0.675 0 8876bb294a322641ae5dca5aefcd78135798cc702fbbc74d5ecb5480d021c21a
READ_ONLY_EXACT filtered_band_2025_combo_e10_b0.03_x30_s50_btc0.675
filtered_span_2025_combo_e10_b0.03_x30_s80_btc0.675 0 bb553edc182567c13cdc023814bd4bf9adc5abebcf944000a5ae3da657d89651
filtered_span_2025_combo_e15_b0.03_x30_s20_btc0.675 0 8447ffb002e5f3b2c8eab47c689f413756d93b8ba789e24d4efc2759c9e3e37b
READ_ONLY_EXACT filtered_band_2025_combo_e15_b0.03_x30_s50_btc0.675
filtered_span_2025_combo_e15_b0.03_x30_s80_btc0.675 0 1e37a52ea40b9bb562f0c0aa1db3da3f38b655faf0e30b89d939e39a1f1922b9
filtered_span_2025_combo_e20_b0.03_x30_s20_btc0.675 0 b55446019ab87f5f2f4a14cbc5df8fbd706d2d9ee548fce8977115497af5b167
READ_ONLY_EXACT filtered_band_2025_combo_e20_b0.03_x30_s50_btc0.675
filtered_span_2025_combo_e20_b0.03_x30_s80_btc0.675 0 fb08653d9e7fea6726998198b8d0f43e92f2dcb84f56348abdbba8be47e2ef4b
filtered_span_2026_BTC_e10_b0.03_x30_s20_c1350 0 c94551ca94621d32c67a9d3da42f8d3e630bdb595b8a14a15af72a7fe356163d
READ_ONLY_EXACT filtered_band_2026_BTC_e10_b0.03_x30_s50_c1350
filtered_span_2026_BTC_e10_b0.03_x30_s80_c1350 0 61f905de3b12c79a693ecacd9b458d240a138eee7e58e799cf8508fdf72a8905
filtered_span_2026_BTC_e15_b0.03_x30_s20_c1350 0 ce118f097bab7b0f2c114663d15c469e93b3083a30eaa4fc4746b615dbed8e9c
READ_ONLY_EXACT filtered_band_2026_BTC_e15_b0.03_x30_s50_c1350
filtered_span_2026_BTC_e15_b0.03_x30_s80_c1350 0 e321693889c6316f4eedcf65ec1357ba1396cd917ae5d326cb39eb278ce58017
filtered_span_2026_BTC_e20_b0.03_x30_s20_c1350 0 fc293c298c2f5a774eca2cac505cb75d52e9534067e94976f87b887f95a68a32
READ_ONLY_EXACT filtered_band_2026_BTC_e20_b0.03_x30_s50_c1350
filtered_span_2026_BTC_e20_b0.03_x30_s80_c1350 0 46639178e36544771441f9246735f0cd71e5a70cbb5d65c95c70ae5c9128a122
filtered_span_2026_ETH_e10_b0.03_x30_s20_c650 0 2770b7e60df54ff0722ad99cbc377087bcbd10fb966da78e7c642cf377b05b70
READ_ONLY_EXACT filtered_band_2026_ETH_e10_b0.03_x30_s50_c650
filtered_span_2026_ETH_e10_b0.03_x30_s80_c650 0 ab59b6f72ade0d5596ac9bfa84577e1a66394c877e1b1ecc9f0eba075cce6695
filtered_span_2026_ETH_e15_b0.03_x30_s20_c650 0 f4b75d987bc811b49b1f59d04cf1d3b3727ddccd8946c17a2a8e2ca39355eb6d
READ_ONLY_EXACT filtered_band_2026_ETH_e15_b0.03_x30_s50_c650
filtered_span_2026_ETH_e15_b0.03_x30_s80_c650 0 01e274a261d872d7cd94ac4316f46f5019480764f8e1cc8d6c40202e16f4b961
filtered_span_2026_ETH_e20_b0.03_x30_s20_c650 0 63894ce7f5e206a06d6696b16b6a006b70611d43846cb7bdf87d21131a19f817
READ_ONLY_EXACT filtered_band_2026_ETH_e20_b0.03_x30_s50_c650
filtered_span_2026_ETH_e20_b0.03_x30_s80_c650 0 80ac5d5482bad8f89ada0df6b1b5674256c9d40c81edee2b4b203379de417d68
filtered_span_2026_combo_e10_b0.03_x30_s20_btc0.675 0 fb1eca54a085d04a42dbf766d39c6fd925fe0a70da41ec197aa310d3e038f29c
READ_ONLY_EXACT filtered_band_2026_combo_e10_b0.03_x30_s50_btc0.675
filtered_span_2026_combo_e10_b0.03_x30_s80_btc0.675 0 7e2cc0d8490c4256c479dd11f9f54a2a9f7f82dca70e8be764feb0b59ae480c8
filtered_span_2026_combo_e15_b0.03_x30_s20_btc0.675 0 989884b2289935d31ae5d8a4fcfda2e809d7804f53240639feae3d52fc415e56
READ_ONLY_EXACT filtered_band_2026_combo_e15_b0.03_x30_s50_btc0.675
filtered_span_2026_combo_e15_b0.03_x30_s80_btc0.675 0 4767ed2732c761d93d23d6ee38d5e3071e8dc2805791817b5875b11d3e3e5e20
filtered_span_2026_combo_e20_b0.03_x30_s20_btc0.675 0 43876b0c037a60219d9f612848a56a648d82304bed7893a98925d24c1c73a23a
READ_ONLY_EXACT filtered_band_2026_combo_e20_b0.03_x30_s50_btc0.675
filtered_span_2026_combo_e20_b0.03_x30_s80_btc0.675 0 06f3ba0c09070d5b16900c57503f7d0803e9e23430be4ea4f1554b74a1f51c1f
forward_snapshot_BTC 0 5a002127a59917e3a0a59c51e1d44e8d8d277a810d09c5174ee85d80ce7261e0
forward_snapshot_ETH 0 3e7ff4d6990b1182e11115dd27c90841bd465d5ef3a361d999e622679df9b8d1
forward_snapshot_combo 0 e29a6f874d105706c1f7094e356b38ca7a0ce611cfcbab3716bfecb491ea260b
PASS:36new actual-capital historical and3new cutoff configurations reserved;18existing EMAspan50/band3percent exact definitions read-only.
