filtered_asma_2025_btc_s50_eth_e0.0125_x0.005_btc0.75 passed 0 ec88952c71f1e32e3d974135a2f90e8ae5ed83f4983177bcaa4146e3dbde145b
filtered_asma_2025_btc_s50_eth_e0.015_x0.005_btc0.75 passed 0 f064c8d41c867afdae9678b13a6596dd91cacad6174e90b41fa898630c3d39bf
filtered_asma_2025_btc_s50_eth_e0.02_x0.005_btc0.75 passed 0 27c47900c998e4d727bc1839876b707d0811ebd6c7ff87093085be7784423e6d
filtered_asma_2025_btc_s65_eth_e0.0125_x0.005_btc0.75 passed 0 dfadbb60c48be676b58596b11a14767d1cce007f8021f4584e1489a0b9932c96
filtered_asma_2025_btc_s65_eth_e0.015_x0.005_btc0.75 passed 0 a433d662dc4883eb543fd3641e2b723f9480ad8c59ed865545950ab12c3acab0
filtered_asma_2025_btc_s65_eth_e0.02_x0.005_btc0.75 passed 0 d106bbf271a4a0871b7da7f01d66248b1f01e7d2c7b7a9f018d62a1cd9acec45
filtered_asma_2025_btc_s80_eth_e0.0125_x0.005_btc0.75 passed 0 0440a3d0a2b9b78368d019bfd058b4efa1824254f2f0e9d0a87e2604fc96992b
filtered_asma_2025_btc_s80_eth_e0.015_x0.005_btc0.75 passed 0 378bc061577b0534ca55091a235ddc46f944c9a8c5658a8ff436b0908b81ce87
filtered_asma_2025_btc_s80_eth_e0.02_x0.005_btc0.75 passed 0 cf6c86fb9cc8ceb636ffbd17482c9b5d1e52fc64723cfb0e83e4781ab801c25f
filtered_asma_2026_btc_s50_eth_e0.0125_x0.005_btc0.75 passed 0 ccc391abc128e188fa6d6d125ee553a18d85fefd8f91ef0dc1ecfc265446df05
filtered_asma_2026_btc_s50_eth_e0.015_x0.005_btc0.75 passed 0 d19b7b168058d398ab4693b54df9757d13aa9c46870c5d02dd7139e67b9f025a
filtered_asma_2026_btc_s50_eth_e0.02_x0.005_btc0.75 passed 0 0687ba1c80a46784f082d43b93949d5ce9aa974f279badadb34d9a3bf258243a
filtered_asma_2026_btc_s65_eth_e0.0125_x0.005_btc0.75 rejected 0 2a19d24cd53b1eac3550af450e73bf9b476972293053acb60534a1624c4972cf
filtered_asma_2026_btc_s65_eth_e0.015_x0.005_btc0.75 passed 0 117d4b7073a1b21347ffb42c7ae755c73d2cb18ad9864a7d41e19edd1fc1b808
filtered_asma_2026_btc_s65_eth_e0.02_x0.005_btc0.75 passed 0 bd2b45938bc875068aae558fd1d7b3d2e81bde397bdfae12af864de072b4075f
filtered_asma_2026_btc_s80_eth_e0.0125_x0.005_btc0.75 passed 0 7da0c6922b379f04ceb7264a3accf40dd6f573b1e6b80202f4d149688957bee0
filtered_asma_2026_btc_s80_eth_e0.015_x0.005_btc0.75 passed 0 c180240206c8ff8a2c0ae139d0c49e36586bbabd0e9b1ce0b21cfa99653a0f9f
filtered_asma_2026_btc_s80_eth_e0.02_x0.005_btc0.75 passed 0 b6e13ed4344a5ad37f815dbf84a685a7a008b54a6f368a30c5ebaa814c11d676
forward_snapshot_BTC rejected 0 beb46f6a16388e03979d1f4d43030e009a1e9e8eaaaafb8afa3d9f0334a7d1fb
forward_snapshot_ETH rejected 0 a054b5615526989acc080d139adc09060114f8d3f1c8a39bb1fe125e7d6d08d7
forward_snapshot_combo rejected 0 11022a2e5040d03e6193f654b77303b32a7e6b2b6a8b88ab562e902f1ba2b966
