{"new_backtests": 0, "readonly_scenes_verified": 36, "missing_files_restored": 0}
PASS:all9 cumulative forward scenes exactly reproduced including original daily decision,reference axis and nextstate;noHTTP or ledger write
{"completed": "filtered_asma_2025_btc_s50_eth_e0.0125_x0.005_btc0.75", "return3_pct": 36.34532949432001, "minute_DD3_pct": 14.92935284102911}
{"completed": "filtered_asma_2025_btc_s50_eth_e0.015_x0.005_btc0.75", "return3_pct": 36.34532949432001, "minute_DD3_pct": 14.92935284102911}
{"completed": "filtered_asma_2025_btc_s50_eth_e0.02_x0.005_btc0.75", "return3_pct": 36.34532949432001, "minute_DD3_pct": 14.92935284102911}
{"completed": "filtered_asma_2025_btc_s65_eth_e0.0125_x0.005_btc0.75", "return3_pct": 30.28921341027, "minute_DD3_pct": 15.08199695781025}
{"completed": "filtered_asma_2025_btc_s65_eth_e0.015_x0.005_btc0.75", "return3_pct": 30.28921341027, "minute_DD3_pct": 15.08199695781025}
{"completed": "filtered_asma_2025_btc_s65_eth_e0.02_x0.005_btc0.75", "return3_pct": 30.28921341027, "minute_DD3_pct": 15.08199695781025}
{"completed": "filtered_asma_2025_btc_s80_eth_e0.0125_x0.005_btc0.75", "return3_pct": 31.44663420718501, "minute_DD3_pct": 15.08199695781025}
{"completed": "filtered_asma_2025_btc_s80_eth_e0.015_x0.005_btc0.75", "return3_pct": 31.44663420718501, "minute_DD3_pct": 15.08199695781025}
{"completed": "filtered_asma_2025_btc_s80_eth_e0.02_x0.005_btc0.75", "return3_pct": 31.44663420718501, "minute_DD3_pct": 15.08199695781025}
{"completed": "filtered_asma_2026_btc_s50_eth_e0.0125_x0.005_btc0.75", "return3_pct": 13.280227049104987, "minute_DD3_pct": 13.713397879204624}
{"completed": "filtered_asma_2026_btc_s50_eth_e0.015_x0.005_btc0.75", "return3_pct": 14.810782121805, "minute_DD3_pct": 13.714654630155}
{"completed": "filtered_asma_2026_btc_s50_eth_e0.02_x0.005_btc0.75", "return3_pct": 14.810782121805, "minute_DD3_pct": 13.714654630155}
{"completed": "filtered_asma_2026_btc_s65_eth_e0.0125_x0.005_btc0.75", "return3_pct": 11.295846312814994, "minute_DD3_pct": 10.599052894213756}
{"completed": "filtered_asma_2026_btc_s65_eth_e0.015_x0.005_btc0.75", "return3_pct": 12.826401385515007, "minute_DD3_pct": 10.648392633441118}
{"completed": "filtered_asma_2026_btc_s65_eth_e0.02_x0.005_btc0.75", "return3_pct": 12.826401385515007, "minute_DD3_pct": 10.648392633441118}
{"completed": "filtered_asma_2026_btc_s80_eth_e0.0125_x0.005_btc0.75", "return3_pct": 14.218844308095013, "minute_DD3_pct": 10.562835892327204}
{"completed": "filtered_asma_2026_btc_s80_eth_e0.015_x0.005_btc0.75", "return3_pct": 15.749399380794982, "minute_DD3_pct": 10.611303971544439}
{"completed": "filtered_asma_2026_btc_s80_eth_e0.02_x0.005_btc0.75", "return3_pct": 15.749399380794982, "minute_DD3_pct": 10.611303971544439}
PASS:all54 NEW filtered-channel/ASMA cost scenes exactly reproduced;matched controls read-only verified;full report reproduced;ledger unchanged
{"passed": true, "source_component_scenes_rebuilt": 36, "filtered_ASMA_cost_scenes_audited": 54, "filtered_ASMA_NAV_points_audited": 14006628, "report_sha256": "470fab00a9fa1fb4518cc6993e256bba59ad33a304e254e8a5edba0448e5d852", "forward_report_sha256": "27abcc8540af6b99576e4af53c0662d73c4f452014a0253132721c57bd348d60", "frozen_forward_plan_unchanged": true}
{"passed": true, "forward_scenes": 9, "new_closed_marks_per_asset": 120, "cumulative_minutes": 10139, "complete_days": 7, "NAV_points_per_scene": 10148, "daily_reference_points_added": 1, "original_daily_decisions_independently_checked": 6, "daily_bars_per_asset": 65, "overlap_daily_bars_checked_per_asset": 64, "prior_NAV_prefix_preserved": 10027, "new_component_executions": 0, "next_daily_decision_utc": "2026-10-10T00:01:00Z", "report_sha256": "27abcc8540af6b99576e4af53c0662d73c4f452014a0253132721c57bd348d60"}
PASS: new parameters/weights and missing-result retries are allowed; exact/reordered completed trials stay blocked
