{"new_backtests": 0, "readonly_scenes_verified": 54, "missing_files_restored": 0}
PASS:all9 cumulative forward scenes exactly reproduced including11348point complete time axis and nextstate;noHTTP or ledger write
{"completed": "dualwindow_2025_btcN20r1_ethN15r0.875_btc0.75", "return3_pct": 32.033184087600006, "minute_DD3_pct": 13.308984134371082}
{"completed": "dualwindow_2025_btcN20r1_ethN20r0.875_btc0.75", "return3_pct": 39.84671195485001, "minute_DD3_pct": 13.571379934921723}
{"completed": "dualwindow_2025_btcN20r1_ethN25r0.875_btc0.75", "return3_pct": 39.84671195485001, "minute_DD3_pct": 13.571379934921723}
READ_ONLY_RESULT:dualvol_channel_2025_btcN30r1_ethN15_r0.875_btc0.75
READ_ONLY_RESULT:dualvol_channel_2025_btcN30r1_ethN20_r0.875_btc0.75
READ_ONLY_RESULT:dualvol_channel_2025_btcN30r1_ethN25_r0.875_btc0.75
{"completed": "dualwindow_2025_btcN40r1_ethN15r0.875_btc0.75", "return3_pct": 32.033184087600006, "minute_DD3_pct": 13.308984134371082}
{"completed": "dualwindow_2025_btcN40r1_ethN20r0.875_btc0.75", "return3_pct": 39.84671195485001, "minute_DD3_pct": 13.571379934921723}
{"completed": "dualwindow_2025_btcN40r1_ethN25r0.875_btc0.75", "return3_pct": 39.84671195485001, "minute_DD3_pct": 13.571379934921723}
{"completed": "dualwindow_2026_btcN20r1_ethN15r0.875_btc0.75", "return3_pct": 27.28307936531, "minute_DD3_pct": 12.630031506070583}
{"completed": "dualwindow_2026_btcN20r1_ethN20r0.875_btc0.75", "return3_pct": 27.28307936531, "minute_DD3_pct": 12.630031506070583}
{"completed": "dualwindow_2026_btcN20r1_ethN25r0.875_btc0.75", "return3_pct": 27.28307936531, "minute_DD3_pct": 12.630031506070583}
READ_ONLY_RESULT:dualvol_channel_2026_btcN30r1_ethN15_r0.875_btc0.75
READ_ONLY_RESULT:dualvol_channel_2026_btcN30r1_ethN20_r0.875_btc0.75
READ_ONLY_RESULT:dualvol_channel_2026_btcN30r1_ethN25_r0.875_btc0.75
{"completed": "dualwindow_2026_btcN40r1_ethN15r0.875_btc0.75", "return3_pct": 27.28307936531, "minute_DD3_pct": 12.630031506070583}
{"completed": "dualwindow_2026_btcN40r1_ethN20r0.875_btc0.75", "return3_pct": 27.28307936531, "minute_DD3_pct": 12.630031506070583}
{"completed": "dualwindow_2026_btcN40r1_ethN25r0.875_btc0.75", "return3_pct": 27.28307936531, "minute_DD3_pct": 12.630031506070583}
PASS:all36 NEW dual-volume-window cost scenes exactly reproduced;matched controls read-only verified;full report reproduced;ledger unchanged
{"passed": true, "source_component_scenes_rebuilt": 36, "dual_volume_cost_scenes_audited": 54, "dual_volume_NAV_points_audited": 14006628, "report_sha256": "6240d585f3445de168222337658e2689fab7479063977c9c7f191f30f5ca0a2f", "forward_report_sha256": "566791bdeb8644031eeb0c94f28b812cd6f2d86a06384fe28697e8ba97bcbbb7", "frozen_forward_plan_unchanged": true}
{"passed": true, "forward_scenes": 9, "new_closed_marks_per_asset": 120, "cumulative_minutes": 11339, "complete_days": 7, "NAV_points_per_scene": 11348, "original_NAV_prefix": 11228, "new_daily_decisions": 0, "new_reference_points": 0, "new_executions": 0, "original_cash_units_desired_trades_costs_unchanged": true, "next_daily_decision_utc": "2026-10-10T00:01:00Z", "report_sha256": "566791bdeb8644031eeb0c94f28b812cd6f2d86a06384fe28697e8ba97bcbbb7"}
PASS: new parameters/weights and missing-result retries are allowed; exact/reordered completed trials stay blocked
