{"completed": "channel_asma_fast20_2025_BTC_CHANNEL_ETH_ASMA_e0.0125_x10", "return3_pct": 36.90758775109, "minute_DD3_pct": 10.81693610760065}
{"completed": "channel_asma_fast20_2025_BTC_CHANNEL_ETH_ASMA_e0.0125_x20", "return3_pct": 31.953192951074993, "minute_DD3_pct": 12.544994141137067}
READ_ONLY_RESULT:channel_asma_2025_BTC_CHANNEL_ETH_ASMA_e0.0125_d20
{"completed": "channel_asma_fast20_2025_BTC_CHANNEL_ETH_ASMA_e0.015_x10", "return3_pct": 36.90758775109, "minute_DD3_pct": 10.81693610760065}
{"completed": "channel_asma_fast20_2025_BTC_CHANNEL_ETH_ASMA_e0.015_x20", "return3_pct": 31.953192951074993, "minute_DD3_pct": 12.544994141137067}
READ_ONLY_RESULT:channel_asma_2025_BTC_CHANNEL_ETH_ASMA_e0.015_d20
{"completed": "channel_asma_fast20_2025_BTC_CHANNEL_ETH_ASMA_e0.02_x10", "return3_pct": 36.90758775109, "minute_DD3_pct": 10.81693610760065}
{"completed": "channel_asma_fast20_2025_BTC_CHANNEL_ETH_ASMA_e0.02_x20", "return3_pct": 31.953192951074993, "minute_DD3_pct": 12.544994141137067}
READ_ONLY_RESULT:channel_asma_2025_BTC_CHANNEL_ETH_ASMA_e0.02_d20
{"completed": "channel_asma_fast20_2025_BTC_ASMA_ETH_CHANNEL_e0.0125_x10", "return3_pct": 22.164352152620005, "minute_DD3_pct": 16.815831645933887}
{"completed": "channel_asma_fast20_2025_BTC_ASMA_ETH_CHANNEL_e0.0125_x20", "return3_pct": 37.67249100332002, "minute_DD3_pct": 15.62751811232912}
READ_ONLY_RESULT:channel_asma_2025_BTC_ASMA_ETH_CHANNEL_e0.0125_d20
{"completed": "channel_asma_fast20_2025_BTC_ASMA_ETH_CHANNEL_e0.015_x10", "return3_pct": 22.164352152620005, "minute_DD3_pct": 16.815831645933887}
{"completed": "channel_asma_fast20_2025_BTC_ASMA_ETH_CHANNEL_e0.015_x20", "return3_pct": 37.67249100332002, "minute_DD3_pct": 15.62751811232912}
READ_ONLY_RESULT:channel_asma_2025_BTC_ASMA_ETH_CHANNEL_e0.015_d20
{"completed": "channel_asma_fast20_2025_BTC_ASMA_ETH_CHANNEL_e0.02_x10", "return3_pct": 16.433751128764996, "minute_DD3_pct": 16.99934725727531}
{"completed": "channel_asma_fast20_2025_BTC_ASMA_ETH_CHANNEL_e0.02_x20", "return3_pct": 31.94188997946499, "minute_DD3_pct": 15.814502601703161}
READ_ONLY_RESULT:channel_asma_2025_BTC_ASMA_ETH_CHANNEL_e0.02_d20
{"completed": "channel_asma_fast20_2026_BTC_CHANNEL_ETH_ASMA_e0.0125_x10", "return3_pct": 14.084360032099985, "minute_DD3_pct": 10.247291708404461}
{"completed": "channel_asma_fast20_2026_BTC_CHANNEL_ETH_ASMA_e0.0125_x20", "return3_pct": 23.02340769678002, "minute_DD3_pct": 13.406455403090956}
READ_ONLY_RESULT:channel_asma_2026_BTC_CHANNEL_ETH_ASMA_e0.0125_d20
{"completed": "channel_asma_fast20_2026_BTC_CHANNEL_ETH_ASMA_e0.015_x10", "return3_pct": 15.614915104799998, "minute_DD3_pct": 10.29798498338208}
{"completed": "channel_asma_fast20_2026_BTC_CHANNEL_ETH_ASMA_e0.015_x20", "return3_pct": 24.553962769479988, "minute_DD3_pct": 13.411231845553463}
READ_ONLY_RESULT:channel_asma_2026_BTC_CHANNEL_ETH_ASMA_e0.015_d20
{"completed": "channel_asma_fast20_2026_BTC_CHANNEL_ETH_ASMA_e0.02_x10", "return3_pct": 15.614915104799998, "minute_DD3_pct": 10.29798498338208}
{"completed": "channel_asma_fast20_2026_BTC_CHANNEL_ETH_ASMA_e0.02_x20", "return3_pct": 24.553962769479988, "minute_DD3_pct": 13.411231845553463}
READ_ONLY_RESULT:channel_asma_2026_BTC_CHANNEL_ETH_ASMA_e0.02_d20
{"completed": "channel_asma_fast20_2026_BTC_ASMA_ETH_CHANNEL_e0.0125_x10", "return3_pct": 14.126060168359999, "minute_DD3_pct": 10.724952179470847}
{"completed": "channel_asma_fast20_2026_BTC_ASMA_ETH_CHANNEL_e0.0125_x20", "return3_pct": 21.59676395876, "minute_DD3_pct": 11.990936505208772}
READ_ONLY_RESULT:channel_asma_2026_BTC_ASMA_ETH_CHANNEL_e0.0125_d20
{"completed": "channel_asma_fast20_2026_BTC_ASMA_ETH_CHANNEL_e0.015_x10", "return3_pct": 14.126060168359999, "minute_DD3_pct": 10.724952179470847}
{"completed": "channel_asma_fast20_2026_BTC_ASMA_ETH_CHANNEL_e0.015_x20", "return3_pct": 21.59676395876, "minute_DD3_pct": 11.990936505208772}
READ_ONLY_RESULT:channel_asma_2026_BTC_ASMA_ETH_CHANNEL_e0.015_d20
{"completed": "channel_asma_fast20_2026_BTC_ASMA_ETH_CHANNEL_e0.02_x10", "return3_pct": 7.990486700160004, "minute_DD3_pct": 11.060554316678106}
{"completed": "channel_asma_fast20_2026_BTC_ASMA_ETH_CHANNEL_e0.02_x20", "return3_pct": 15.461190490560007, "minute_DD3_pct": 11.711692786197403}
READ_ONLY_RESULT:channel_asma_2026_BTC_ASMA_ETH_CHANNEL_e0.02_d20
{"new_configs": 24, "new_cost_scenes": 72, "new_minute_NAV_points": 18675504, "reused_grid_configs": 12, "reused_cost_scenes": 36, "grid_configs": 36, "grid_cost_scenes": 108, "reused_component_configs": 24, "positive_1x": 24, "positive_3x": 24, "passed": ["channel_asma_fast20_2025_BTC_CHANNEL_ETH_ASMA_e0.0125_x10", "channel_asma_fast20_2025_BTC_CHANNEL_ETH_ASMA_e0.015_x10", "channel_asma_fast20_2025_BTC_CHANNEL_ETH_ASMA_e0.02_x10", "channel_asma_fast20_2026_BTC_ASMA_ETH_CHANNEL_e0.0125_x10", "channel_asma_fast20_2026_BTC_ASMA_ETH_CHANNEL_e0.0125_x20", "channel_asma_fast20_2026_BTC_ASMA_ETH_CHANNEL_e0.015_x10", "channel_asma_fast20_2026_BTC_ASMA_ETH_CHANNEL_e0.015_x20", "channel_asma_fast20_2026_BTC_ASMA_ETH_CHANNEL_e0.02_x10", "channel_asma_fast20_2026_BTC_ASMA_ETH_CHANNEL_e0.02_x20"], "rejected": ["channel_asma_fast20_2025_BTC_CHANNEL_ETH_ASMA_e0.0125_x20", "channel_asma_fast20_2025_BTC_CHANNEL_ETH_ASMA_e0.015_x20", "channel_asma_fast20_2025_BTC_CHANNEL_ETH_ASMA_e0.02_x20", "channel_asma_fast20_2025_BTC_ASMA_ETH_CHANNEL_e0.0125_x10", "channel_asma_fast20_2025_BTC_ASMA_ETH_CHANNEL_e0.0125_x20", "channel_asma_fast20_2025_BTC_ASMA_ETH_CHANNEL_e0.015_x10", "channel_asma_fast20_2025_BTC_ASMA_ETH_CHANNEL_e0.015_x20", "channel_asma_fast20_2025_BTC_ASMA_ETH_CHANNEL_e0.02_x10", "channel_asma_fast20_2025_BTC_ASMA_ETH_CHANNEL_e0.02_x20", "channel_asma_fast20_2026_BTC_CHANNEL_ETH_ASMA_e0.0125_x10", "channel_asma_fast20_2026_BTC_CHANNEL_ETH_ASMA_e0.0125_x20", "channel_asma_fast20_2026_BTC_CHANNEL_ETH_ASMA_e0.015_x10", "channel_asma_fast20_2026_BTC_CHANNEL_ETH_ASMA_e0.015_x20", "channel_asma_fast20_2026_BTC_CHANNEL_ETH_ASMA_e0.02_x10", "channel_asma_fast20_2026_BTC_CHANNEL_ETH_ASMA_e0.02_x20"], "both_periods_passed_combination_pairs": [["channel_asma_2025_BTC_ASMA_ETH_CHANNEL_e0.0125_d20", "channel_asma_2026_BTC_ASMA_ETH_CHANNEL_e0.0125_d20"], ["channel_asma_2025_BTC_ASMA_ETH_CHANNEL_e0.015_d20", "channel_asma_2026_BTC_ASMA_ETH_CHANNEL_e0.015_d20"], ["channel_asma_2025_BTC_ASMA_ETH_CHANNEL_e0.02_d20", "channel_asma_2026_BTC_ASMA_ETH_CHANNEL_e0.02_d20"]], "new_both_periods_passed_combination_pairs": [], "new_component_backtests": 0, "new_live_orders": 0, "source_component_fills_read_only": 408}
