channel_asma_fast20_2025_BTC_CHANNEL_ETH_ASMA_e0.0125_x10 passed 0 8c9b848368a1695d04c0cd8b1bb528eee50f988d9f43f02d005783271e6a00d3
channel_asma_fast20_2025_BTC_CHANNEL_ETH_ASMA_e0.0125_x20 rejected 0 853e797af767902cb5d0b1b45390b02e6b0819e10f648f3f828980b2b6fea34a
channel_asma_fast20_2025_BTC_CHANNEL_ETH_ASMA_e0.015_x10 passed 0 893e6e5187c941db1c81c5109e9da92c185f22d3c88ad343c2ae39601c2bfab5
channel_asma_fast20_2025_BTC_CHANNEL_ETH_ASMA_e0.015_x20 rejected 0 c33807a6d7ab082c5b427e2f211f3511ac10243043ccc333fd5a9d23b015cfc0
channel_asma_fast20_2025_BTC_CHANNEL_ETH_ASMA_e0.02_x10 passed 0 08fb91f33681007db90b5d7224b53b70bcc089169df0f218378c48473ae0dae9
channel_asma_fast20_2025_BTC_CHANNEL_ETH_ASMA_e0.02_x20 rejected 0 56ca315d0036ebdc008e58f73c358047ba9f784b8ca1a66e377b74eb73176815
channel_asma_fast20_2025_BTC_ASMA_ETH_CHANNEL_e0.0125_x10 rejected 0 0db90d43ea4c66a40ff50fe04f3e6fa25aaa88d3e32ee9c62ca9284d5547c383
channel_asma_fast20_2025_BTC_ASMA_ETH_CHANNEL_e0.0125_x20 rejected 0 c87fa8de191565d0025fca54789529d87e8536cb85f47e99f3b6dedd9f201b92
channel_asma_fast20_2025_BTC_ASMA_ETH_CHANNEL_e0.015_x10 rejected 0 4307e77e47d2e9b8b59d37cbdf35aee162dfdf4d83c991a1c726b772c9560da5
channel_asma_fast20_2025_BTC_ASMA_ETH_CHANNEL_e0.015_x20 rejected 0 ad1aa77a36bdf1d78e931e527e9c08ddbd6617657760aee4f4e77464117c0e73
channel_asma_fast20_2025_BTC_ASMA_ETH_CHANNEL_e0.02_x10 rejected 0 8bf2a9f7379ac5d1040e59cf5141c5b386bfdbd327361ea7b65ec1845a40b282
channel_asma_fast20_2025_BTC_ASMA_ETH_CHANNEL_e0.02_x20 rejected 0 dd2015536c7d46604f3da2da1963f43032d84d53cd7b78b6d694ea95a7b7a288
channel_asma_fast20_2026_BTC_CHANNEL_ETH_ASMA_e0.0125_x10 rejected 0 d037fe2dd6c2173dca9d27c67f7695e490eebc16943d927a77149ced20848afc
channel_asma_fast20_2026_BTC_CHANNEL_ETH_ASMA_e0.0125_x20 rejected 0 17d742bea1811ae357e59ff94d695b0200d855bc982b1551e3e433e54cd28253
channel_asma_fast20_2026_BTC_CHANNEL_ETH_ASMA_e0.015_x10 rejected 0 f5673a74671fecf1de4eb43786b18d8137421b6667984a8a80b27b2737d74a92
channel_asma_fast20_2026_BTC_CHANNEL_ETH_ASMA_e0.015_x20 rejected 0 671df1b0067fd66087278dc34af7812505ac33985e26b519e2efd45e58877819
channel_asma_fast20_2026_BTC_CHANNEL_ETH_ASMA_e0.02_x10 rejected 0 4b2999a7c60c5cd607cd834f510a0a670bad87a7a5fa55167de55ed4e47c12cb
channel_asma_fast20_2026_BTC_CHANNEL_ETH_ASMA_e0.02_x20 rejected 0 5f7d88baa25a3ae60315c1c712926016c7ac4cb62e4062b66ad838e0aae88262
channel_asma_fast20_2026_BTC_ASMA_ETH_CHANNEL_e0.0125_x10 passed 0 bc3d6656bdbc0ec2a2b79daa292c2eab0e669d71218ce05675aaec67db06cec1
channel_asma_fast20_2026_BTC_ASMA_ETH_CHANNEL_e0.0125_x20 passed 0 3bbed70b2a54a3f409a44bdab02ee24ee28717970d11b5674b2881bda26ff7d4
channel_asma_fast20_2026_BTC_ASMA_ETH_CHANNEL_e0.015_x10 passed 0 f731e07a1997ad0df8e1b4d649e22f4a56ede7a1187042703e0aa2240a44ba09
channel_asma_fast20_2026_BTC_ASMA_ETH_CHANNEL_e0.015_x20 passed 0 0ffe8236da93b30826e169fc94dc9042a09233f6bd4c6f8927634abca04a74b8
channel_asma_fast20_2026_BTC_ASMA_ETH_CHANNEL_e0.02_x10 passed 0 f094ad4903b93c1bfc677b9935fc2131078177c19cf3c50fe9dc2d8e6cec6c11
channel_asma_fast20_2026_BTC_ASMA_ETH_CHANNEL_e0.02_x20 passed 0 aa5c8f65a395434fd2b7a9837435047077c6970932213e06a2d640c2447e0b96
forward_snapshot_BTC rejected 0 072c66bbf7e70c1564bcb38231e325aa4d1e86799f836651142707fb8ff0e4cc
forward_snapshot_ETH rejected 0 b8228a43afa963d41fb866e91174fb6d39b710cec824e42660efa3bd59f7afd0
forward_snapshot_combo rejected 0 4a50729e79af210253802873bdd238364fd89bc7b13859b15c8a3bf495db289d
