{"synthetic_fixture_checks": "PASS", "predeclared_parameter_cells": 9, "strict_prior_close_channel": true, "entry_and_either_exit": true, "current_future_close_unused": true, "not_performance_evidence": true}
{"new_backtests": 0, "source_components": 6, "read_only_portfolios": 4, "scenes_hash_verified": 30, "missing_cache_files_restored": [], "method": "Reconstruct exact old cash/coin minute NAV or sum1500/500same-funded sources,using same-SHA real prices;no old signals/trades,normalization or gate/status overwrite."}
PASS:all9 cumulative forward scenes exactly reproduced including11709point complete time axis and nextstate;noHTTP or ledger write
{"completed": "confirm_refine_2025_ETH_s35_b0.0125_e15_x30_c500", "return1_pct": 141.6568929462, "return3_pct": 139.14944114360003, "DD3_pct": 20.247963325835915}
{"completed": "confirm_refine_2025_ETH_s35_b0.015_e15_x30_c500", "return1_pct": 141.6568929462, "return3_pct": 139.14944114360003, "DD3_pct": 20.247963325835915}
{"completed": "confirm_refine_2025_ETH_s35_b0.0175_e15_x30_c500", "return1_pct": 138.18848001780003, "return3_pct": 135.70467266659998, "DD3_pct": 20.24813928642043}
{"completed": "confirm_refine_2025_ETH_s50_b0.0125_e15_x30_c500", "return1_pct": 96.8322353068, "return3_pct": 94.7997076382, "DD3_pct": 20.24396898259697}
READ_ONLY_RESULT:filtered_2025_ETH_e15_s50
{"completed": "confirm_refine_2025_ETH_s50_b0.0175_e15_x30_c500", "return1_pct": 96.8322353068, "return3_pct": 94.7997076382, "DD3_pct": 20.24396898259697}
{"completed": "confirm_refine_2025_ETH_s65_b0.0125_e15_x30_c500", "return1_pct": 96.8322353068, "return3_pct": 94.7997076382, "DD3_pct": 20.24396898259697}
READ_ONLY_RESULT:filtered_2025_ETH_e15_s65
{"completed": "confirm_refine_2025_ETH_s65_b0.0175_e15_x30_c500", "return1_pct": 96.8322353068, "return3_pct": 94.7997076382, "DD3_pct": 20.24396898259697}
{"completed": "confirm_refine_2026_ETH_s35_b0.0125_e15_x30_c500", "return1_pct": 39.54550642199999, "return3_pct": 38.09092794119999, "DD3_pct": 12.22800293281776}
{"completed": "confirm_refine_2026_ETH_s35_b0.015_e15_x30_c500", "return1_pct": 37.2093638248, "return3_pct": 35.77376938899999, "DD3_pct": 13.700359392168448}
{"completed": "confirm_refine_2026_ETH_s35_b0.0175_e15_x30_c500", "return1_pct": 37.2093638248, "return3_pct": 35.77376938899999, "DD3_pct": 13.700359392168448}
{"completed": "confirm_refine_2026_ETH_s50_b0.0125_e15_x30_c500", "return1_pct": 29.080714201199996, "return3_pct": 27.739823824, "DD3_pct": 14.503524211185647}
READ_ONLY_RESULT:filtered_2026_ETH_e15_s50
{"completed": "confirm_refine_2026_ETH_s50_b0.0175_e15_x30_c500", "return1_pct": 29.080714201199996, "return3_pct": 27.739823824, "DD3_pct": 14.503524211185647}
{"completed": "confirm_refine_2026_ETH_s65_b0.0125_e15_x30_c500", "return1_pct": 29.080714201199996, "return3_pct": 27.739823824, "DD3_pct": 14.503524211185647}
READ_ONLY_RESULT:filtered_2026_ETH_e15_s65
{"completed": "confirm_refine_2026_ETH_s65_b0.0175_e15_x30_c500", "return1_pct": 26.8371452452, "return3_pct": 25.516638717599992, "DD3_pct": 14.502211421018519}
READ_ONLY_RESULT:volratio_2025_BTC_n30_r1_e15_x30_c1500
READ_ONLY_RESULT:volratio_2026_BTC_n30_r1_e15_x30_c1500
{"completed": "vol_filter_refine_2025_btcN30r1_ethS35_b0.0125_btc0.75", "return1_pct": 50.544910284115005, "return3_pct": 48.51115053763002, "DD3_pct": 13.311264642386956}
{"completed": "vol_filter_refine_2025_btcN30r1_ethS35_b0.015_btc0.75", "return1_pct": 50.544910284115005, "return3_pct": 48.51115053763002, "DD3_pct": 13.311264642386956}
{"completed": "vol_filter_refine_2025_btcN30r1_ethS35_b0.0175_btc0.75", "return1_pct": 49.67780705201501, "return3_pct": 47.64995841838, "DD3_pct": 13.284417633874334}
{"completed": "vol_filter_refine_2025_btcN30r1_ethS50_b0.0125_btc0.75", "return1_pct": 39.338745874265, "return3_pct": 37.42371716127999, "DD3_pct": 12.946888141881196}
READ_ONLY_RESULT:vol_filter_2025_btcN30r1_ethEma50_btc0.75
{"completed": "vol_filter_refine_2025_btcN30r1_ethS50_b0.0175_btc0.75", "return1_pct": 39.338745874265, "return3_pct": 37.42371716127999, "DD3_pct": 12.946888141881196}
{"completed": "vol_filter_refine_2025_btcN30r1_ethS65_b0.0125_btc0.75", "return1_pct": 39.338745874265, "return3_pct": 37.42371716127999, "DD3_pct": 12.946888141881196}
READ_ONLY_RESULT:vol_filter_2025_btcN30r1_ethEma65_btc0.75
{"completed": "vol_filter_refine_2025_btcN30r1_ethS65_b0.0175_btc0.75", "return1_pct": 39.338745874265, "return3_pct": 37.42371716127999, "DD3_pct": 12.946888141881196}
{"completed": "vol_filter_refine_2026_btcN30r1_ethS35_b0.0125_btc0.75", "return1_pct": 28.818096172259988, "return3_pct": 27.46893300016, "DD3_pct": 12.515389897901152}
{"completed": "vol_filter_refine_2026_btcN30r1_ethS35_b0.015_btc0.75", "return1_pct": 28.234060522960004, "return3_pct": 26.889643362109993, "DD3_pct": 12.871897216861406}
{"completed": "vol_filter_refine_2026_btcN30r1_ethS35_b0.0175_btc0.75", "return1_pct": 28.234060522960004, "return3_pct": 26.889643362109993, "DD3_pct": 12.871897216861406}
{"completed": "vol_filter_refine_2026_btcN30r1_ethS50_b0.0125_btc0.75", "return1_pct": 26.201898117059997, "return3_pct": 24.881156970859998, "DD3_pct": 12.004697857464208}
READ_ONLY_RESULT:vol_filter_2026_btcN30r1_ethEma50_btc0.75
{"completed": "vol_filter_refine_2026_btcN30r1_ethS50_b0.0175_btc0.75", "return1_pct": 26.201898117059997, "return3_pct": 24.881156970859998, "DD3_pct": 12.004697857464208}
{"completed": "vol_filter_refine_2026_btcN30r1_ethS65_b0.0125_btc0.75", "return1_pct": 26.201898117059997, "return3_pct": 24.881156970859998, "DD3_pct": 12.004697857464208}
READ_ONLY_RESULT:vol_filter_2026_btcN30r1_ethEma65_btc0.75
{"completed": "vol_filter_refine_2026_btcN30r1_ethS65_b0.0175_btc0.75", "return1_pct": 25.64100587806002, "return3_pct": 24.325360694260013, "DD3_pct": 12.014820622684075}
PASS:all84 NEW ETHEMA-boundary scenes and full report exactly reproduced;30oldsource/portfolio scenes read-only verified,noHTTP/ledger write
{"passed": true, "actual_scenes_audited": 84, "NAV_points_audited": 21788088, "joint_channel_pandasEMA_causal_decisions": 7560, "Decimal_fills_independently_checked": 168, "real_minute_data_hashes": 4, "read_only_component_scenes": 18, "read_only_portfolio_scenes": 12, "report_sha256": "6522864ef5c10471458af37bfc30d24ed02e26e7703141acb233f40d79bc8517", "forward_plan_unchanged": true}
{"passed": true, "forward_scenes": 9, "new_closed_marks_per_asset": 120, "cumulative_minutes": 11699, "complete_days": 8, "NAV_points_per_scene": 11709, "original_NAV_prefix": 11589, "new_daily_decisions": 0, "new_reference_points": 0, "new_executions": 0, "original_cash_units_desired_trades_costs_unchanged": true, "next_daily_decision_utc": "2026-10-11T00:01:00Z", "report_sha256": "9ddc7f00739b81613d8625953d6434dc27a45ff7be84c2f5b00e8004c7cd6139"}
PASS: new parameters/weights and missing-result retries are allowed; exact/reordered completed trials stay blocked
