confirm_refine_2025_ETH_s35_b0.0125_e15_x30_c500 0 5bbd1cab05ce5a6f0a50384a66e05aadbf711433363c4f71228225317bf8979f
confirm_refine_2025_ETH_s35_b0.015_e15_x30_c500 0 23e91b6991261744fcadf6a2b7067b4ef0bff602b742533fcf01d3cac4e59e81
confirm_refine_2025_ETH_s35_b0.0175_e15_x30_c500 0 b810d554dba9468230894842e25cfb8f973b9865f7efce9e82a6b3b76c2d1a95
confirm_refine_2025_ETH_s50_b0.0125_e15_x30_c500 0 03f90ef2aa4d664fe4f8b180677938ac5a2dda0d5af0090ef43c1855301e6ab3
confirm_refine_2025_ETH_s50_b0.0175_e15_x30_c500 0 a8bf0d2b96e7a8ef9ed683fedfeef9b3c306c9658450a311f2532d0e15c51ed8
confirm_refine_2025_ETH_s65_b0.0125_e15_x30_c500 0 35e193250bdf5202c9b8a282f43e843f57961cd6da00014ae933a2d9c5891983
confirm_refine_2025_ETH_s65_b0.0175_e15_x30_c500 0 b11ceaf9cd97f820870ccf216eaa777a7686b2e462b142d841c3fc59da636b5f
confirm_refine_2026_ETH_s35_b0.0125_e15_x30_c500 0 9dafbeb62732b11df0a46ece9533b2432133eaaa6c6a4a749ab14269bfea1798
confirm_refine_2026_ETH_s35_b0.015_e15_x30_c500 0 f8b11aea186348bc6e9318799c7bb81f81661c5b6c99d80e8e3a505284348da4
confirm_refine_2026_ETH_s35_b0.0175_e15_x30_c500 0 a10c30c30ab38a04690d82b44de3d09de09147558a2e3f244155631f66e72bf6
confirm_refine_2026_ETH_s50_b0.0125_e15_x30_c500 0 7472f71537df0dd093a941c821e794bb665c6655ac36a66b2451b00b34c3779c
confirm_refine_2026_ETH_s50_b0.0175_e15_x30_c500 0 05d613a02e9403d3de0844563f7f3864f6122aee6d1820380c032db1568625b5
confirm_refine_2026_ETH_s65_b0.0125_e15_x30_c500 0 a59b10dc18130a71d9876fa9c43eb6e4bac9f56de4290c3083c6dd7369e10f1d
confirm_refine_2026_ETH_s65_b0.0175_e15_x30_c500 0 81d50f741c4997b2356ae2cccf2db122f641b90f46aeaf650e9871bb12a2b57c
vol_filter_refine_2025_btcN30r1_ethS35_b0.0125_btc0.75 0 91d27bd55369bfbe7c8da3e95892473cb00fd5bd4a01682fb501ef05827c2c8a
vol_filter_refine_2025_btcN30r1_ethS35_b0.015_btc0.75 0 846c7be54f85fb481f87ae6cce9b078822441ea411a5f3b66b370741f5d7f338
vol_filter_refine_2025_btcN30r1_ethS35_b0.0175_btc0.75 0 937d157d47e973b78b206d7782d634e5a4726b7626ca762bed8351e146882473
vol_filter_refine_2025_btcN30r1_ethS50_b0.0125_btc0.75 0 ee14e2d72ae0bdae0562163cfc9fc37ccc8303307e5ba78f3a1e387c19ef86fc
vol_filter_refine_2025_btcN30r1_ethS50_b0.0175_btc0.75 0 f2c4ee7abdd10d0c8ef588573c23accdec7e121274350aec2a42a5c1849e9a54
vol_filter_refine_2025_btcN30r1_ethS65_b0.0125_btc0.75 0 5d4db804b259362091632357d19da4eac77a9ee45d2e07a7241ff096406a6fa8
vol_filter_refine_2025_btcN30r1_ethS65_b0.0175_btc0.75 0 d966a621d248ba839718487e2226c585e2d992d2352d390eacf02aedad2ec6fb
vol_filter_refine_2026_btcN30r1_ethS35_b0.0125_btc0.75 0 464fcfa375598a0ae6b7a5f40e4a4de33f4e697e2a565b3e5afe9e068c299d2f
vol_filter_refine_2026_btcN30r1_ethS35_b0.015_btc0.75 0 83b35818ed01cafef20bbd9b80a0acfca9addccd42a61ea71a1f15770aed80f8
vol_filter_refine_2026_btcN30r1_ethS35_b0.0175_btc0.75 0 8892c7ddca9b18a683ebb08bad87fce721c7bfc1546a5e817f1c64931a943a50
vol_filter_refine_2026_btcN30r1_ethS50_b0.0125_btc0.75 0 b4441e29892c4568239290d9bf90dc8962d4f5b9cc61fad0295071ac09a49461
vol_filter_refine_2026_btcN30r1_ethS50_b0.0175_btc0.75 0 64149f19d9f44cda7c6cf48e46ab2d8fa03aad52aed311a55a709da95cc189a6
vol_filter_refine_2026_btcN30r1_ethS65_b0.0125_btc0.75 0 916f56b0cdf7cd2d6110a4321b6e160b72e6b901160ab0e85934acdc694fc535
vol_filter_refine_2026_btcN30r1_ethS65_b0.0175_btc0.75 0 afecdd30fb4e309f655045a4fef7aa4ab9833fdc21f20f5de9cf75e78e78caab
forward_snapshot_BTC 0 d134f7551c1bd9ead85e5db8f43a1689809f3a06d7e0e60ca595776690b3c5ed
forward_snapshot_ETH 0 0ac70baafe6c0faa1a0a5562cbf8aac347b323291b78ba3ffd722e9960e9e702
forward_snapshot_combo 0 76cc358b0d5dc0f11b387d2ae59e1ad1a4bf9f62faa3ad4ffe14ab2761b30bdc
PASS:28new histories+3legacy cutoffs reserved;8exact oldEMA grid cells and2BTC sources read-only.
