{"completed": "confirm_refine_2025_ETH_s35_b0.0125_e15_x30_c500", "return1_pct": 141.6568929462, "return3_pct": 139.14944114360003, "DD3_pct": 20.247963325835915}
{"completed": "confirm_refine_2025_ETH_s35_b0.015_e15_x30_c500", "return1_pct": 141.6568929462, "return3_pct": 139.14944114360003, "DD3_pct": 20.247963325835915}
{"completed": "confirm_refine_2025_ETH_s35_b0.0175_e15_x30_c500", "return1_pct": 138.18848001780003, "return3_pct": 135.70467266659998, "DD3_pct": 20.24813928642043}
{"completed": "confirm_refine_2025_ETH_s50_b0.0125_e15_x30_c500", "return1_pct": 96.8322353068, "return3_pct": 94.7997076382, "DD3_pct": 20.24396898259697}
READ_ONLY_RESULT:filtered_2025_ETH_e15_s50
{"completed": "confirm_refine_2025_ETH_s50_b0.0175_e15_x30_c500", "return1_pct": 96.8322353068, "return3_pct": 94.7997076382, "DD3_pct": 20.24396898259697}
{"completed": "confirm_refine_2025_ETH_s65_b0.0125_e15_x30_c500", "return1_pct": 96.8322353068, "return3_pct": 94.7997076382, "DD3_pct": 20.24396898259697}
READ_ONLY_RESULT:filtered_2025_ETH_e15_s65
{"completed": "confirm_refine_2025_ETH_s65_b0.0175_e15_x30_c500", "return1_pct": 96.8322353068, "return3_pct": 94.7997076382, "DD3_pct": 20.24396898259697}
{"completed": "confirm_refine_2026_ETH_s35_b0.0125_e15_x30_c500", "return1_pct": 39.54550642199999, "return3_pct": 38.09092794119999, "DD3_pct": 12.22800293281776}
{"completed": "confirm_refine_2026_ETH_s35_b0.015_e15_x30_c500", "return1_pct": 37.2093638248, "return3_pct": 35.77376938899999, "DD3_pct": 13.700359392168448}
{"completed": "confirm_refine_2026_ETH_s35_b0.0175_e15_x30_c500", "return1_pct": 37.2093638248, "return3_pct": 35.77376938899999, "DD3_pct": 13.700359392168448}
{"completed": "confirm_refine_2026_ETH_s50_b0.0125_e15_x30_c500", "return1_pct": 29.080714201199996, "return3_pct": 27.739823824, "DD3_pct": 14.503524211185647}
READ_ONLY_RESULT:filtered_2026_ETH_e15_s50
{"completed": "confirm_refine_2026_ETH_s50_b0.0175_e15_x30_c500", "return1_pct": 29.080714201199996, "return3_pct": 27.739823824, "DD3_pct": 14.503524211185647}
{"completed": "confirm_refine_2026_ETH_s65_b0.0125_e15_x30_c500", "return1_pct": 29.080714201199996, "return3_pct": 27.739823824, "DD3_pct": 14.503524211185647}
READ_ONLY_RESULT:filtered_2026_ETH_e15_s65
{"completed": "confirm_refine_2026_ETH_s65_b0.0175_e15_x30_c500", "return1_pct": 26.8371452452, "return3_pct": 25.516638717599992, "DD3_pct": 14.502211421018519}
READ_ONLY_RESULT:volratio_2025_BTC_n30_r1_e15_x30_c1500
READ_ONLY_RESULT:volratio_2026_BTC_n30_r1_e15_x30_c1500
{"completed": "vol_filter_refine_2025_btcN30r1_ethS35_b0.0125_btc0.75", "return1_pct": 50.544910284115005, "return3_pct": 48.51115053763002, "DD3_pct": 13.311264642386956}
{"completed": "vol_filter_refine_2025_btcN30r1_ethS35_b0.015_btc0.75", "return1_pct": 50.544910284115005, "return3_pct": 48.51115053763002, "DD3_pct": 13.311264642386956}
{"completed": "vol_filter_refine_2025_btcN30r1_ethS35_b0.0175_btc0.75", "return1_pct": 49.67780705201501, "return3_pct": 47.64995841838, "DD3_pct": 13.284417633874334}
{"completed": "vol_filter_refine_2025_btcN30r1_ethS50_b0.0125_btc0.75", "return1_pct": 39.338745874265, "return3_pct": 37.42371716127999, "DD3_pct": 12.946888141881196}
READ_ONLY_RESULT:vol_filter_2025_btcN30r1_ethEma50_btc0.75
{"completed": "vol_filter_refine_2025_btcN30r1_ethS50_b0.0175_btc0.75", "return1_pct": 39.338745874265, "return3_pct": 37.42371716127999, "DD3_pct": 12.946888141881196}
{"completed": "vol_filter_refine_2025_btcN30r1_ethS65_b0.0125_btc0.75", "return1_pct": 39.338745874265, "return3_pct": 37.42371716127999, "DD3_pct": 12.946888141881196}
READ_ONLY_RESULT:vol_filter_2025_btcN30r1_ethEma65_btc0.75
{"completed": "vol_filter_refine_2025_btcN30r1_ethS65_b0.0175_btc0.75", "return1_pct": 39.338745874265, "return3_pct": 37.42371716127999, "DD3_pct": 12.946888141881196}
{"completed": "vol_filter_refine_2026_btcN30r1_ethS35_b0.0125_btc0.75", "return1_pct": 28.818096172259988, "return3_pct": 27.46893300016, "DD3_pct": 12.515389897901152}
{"completed": "vol_filter_refine_2026_btcN30r1_ethS35_b0.015_btc0.75", "return1_pct": 28.234060522960004, "return3_pct": 26.889643362109993, "DD3_pct": 12.871897216861406}
{"completed": "vol_filter_refine_2026_btcN30r1_ethS35_b0.0175_btc0.75", "return1_pct": 28.234060522960004, "return3_pct": 26.889643362109993, "DD3_pct": 12.871897216861406}
{"completed": "vol_filter_refine_2026_btcN30r1_ethS50_b0.0125_btc0.75", "return1_pct": 26.201898117059997, "return3_pct": 24.881156970859998, "DD3_pct": 12.004697857464208}
READ_ONLY_RESULT:vol_filter_2026_btcN30r1_ethEma50_btc0.75
{"completed": "vol_filter_refine_2026_btcN30r1_ethS50_b0.0175_btc0.75", "return1_pct": 26.201898117059997, "return3_pct": 24.881156970859998, "DD3_pct": 12.004697857464208}
{"completed": "vol_filter_refine_2026_btcN30r1_ethS65_b0.0125_btc0.75", "return1_pct": 26.201898117059997, "return3_pct": 24.881156970859998, "DD3_pct": 12.004697857464208}
READ_ONLY_RESULT:vol_filter_2026_btcN30r1_ethEma65_btc0.75
{"completed": "vol_filter_refine_2026_btcN30r1_ethS65_b0.0175_btc0.75", "return1_pct": 25.64100587806002, "return3_pct": 24.325360694260013, "DD3_pct": 12.014820622684075}
{"new_configs": 28, "new_component_configs": 14, "new_combination_configs": 14, "new_cost_scenes": 84, "new_minute_NAV_points": 21788088, "old_component_configs_read_only": 6, "old_component_cost_scenes_read_only": 18, "old_combination_configs_read_only": 4, "old_combination_cost_scenes_read_only": 12, "positive_1x": 28, "positive_3x": 28, "passed": ["confirm_refine_2025_ETH_s35_b0.0125_e15_x30_c500", "confirm_refine_2025_ETH_s35_b0.015_e15_x30_c500", "confirm_refine_2025_ETH_s35_b0.0175_e15_x30_c500", "confirm_refine_2025_ETH_s50_b0.0125_e15_x30_c500", "confirm_refine_2025_ETH_s50_b0.0175_e15_x30_c500", "confirm_refine_2025_ETH_s65_b0.0125_e15_x30_c500", "confirm_refine_2025_ETH_s65_b0.0175_e15_x30_c500", "vol_filter_refine_2025_btcN30r1_ethS35_b0.0125_btc0.75", "vol_filter_refine_2025_btcN30r1_ethS35_b0.015_btc0.75", "vol_filter_refine_2025_btcN30r1_ethS35_b0.0175_btc0.75", "vol_filter_refine_2025_btcN30r1_ethS50_b0.0125_btc0.75", "vol_filter_refine_2025_btcN30r1_ethS50_b0.0175_btc0.75", "vol_filter_refine_2025_btcN30r1_ethS65_b0.0125_btc0.75", "vol_filter_refine_2025_btcN30r1_ethS65_b0.0175_btc0.75", "vol_filter_refine_2026_btcN30r1_ethS35_b0.0125_btc0.75", "vol_filter_refine_2026_btcN30r1_ethS35_b0.015_btc0.75", "vol_filter_refine_2026_btcN30r1_ethS35_b0.0175_btc0.75", "vol_filter_refine_2026_btcN30r1_ethS50_b0.0125_btc0.75", "vol_filter_refine_2026_btcN30r1_ethS50_b0.0175_btc0.75", "vol_filter_refine_2026_btcN30r1_ethS65_b0.0125_btc0.75", "vol_filter_refine_2026_btcN30r1_ethS65_b0.0175_btc0.75"], "rejected": ["confirm_refine_2026_ETH_s35_b0.0125_e15_x30_c500", "confirm_refine_2026_ETH_s35_b0.015_e15_x30_c500", "confirm_refine_2026_ETH_s35_b0.0175_e15_x30_c500", "confirm_refine_2026_ETH_s50_b0.0125_e15_x30_c500", "confirm_refine_2026_ETH_s50_b0.0175_e15_x30_c500", "confirm_refine_2026_ETH_s65_b0.0125_e15_x30_c500", "confirm_refine_2026_ETH_s65_b0.0175_e15_x30_c500"], "new_both_periods_passed_combination_pairs": [["vol_filter_refine_2025_btcN30r1_ethS35_b0.0125_btc0.75", "vol_filter_refine_2026_btcN30r1_ethS35_b0.0125_btc0.75"], ["vol_filter_refine_2025_btcN30r1_ethS35_b0.015_btc0.75", "vol_filter_refine_2026_btcN30r1_ethS35_b0.015_btc0.75"], ["vol_filter_refine_2025_btcN30r1_ethS35_b0.0175_btc0.75", "vol_filter_refine_2026_btcN30r1_ethS35_b0.0175_btc0.75"], ["vol_filter_refine_2025_btcN30r1_ethS50_b0.0125_btc0.75", "vol_filter_refine_2026_btcN30r1_ethS50_b0.0125_btc0.75"], ["vol_filter_refine_2025_btcN30r1_ethS50_b0.0175_btc0.75", "vol_filter_refine_2026_btcN30r1_ethS50_b0.0175_btc0.75"], ["vol_filter_refine_2025_btcN30r1_ethS65_b0.0125_btc0.75", "vol_filter_refine_2026_btcN30r1_ethS65_b0.0125_btc0.75"], ["vol_filter_refine_2025_btcN30r1_ethS65_b0.0175_btc0.75", "vol_filter_refine_2026_btcN30r1_ethS65_b0.0175_btc0.75"]], "both_periods_passed_combination_pairs": [["vol_filter_refine_2025_btcN30r1_ethS35_b0.0125_btc0.75", "vol_filter_refine_2026_btcN30r1_ethS35_b0.0125_btc0.75"], ["vol_filter_refine_2025_btcN30r1_ethS35_b0.015_btc0.75", "vol_filter_refine_2026_btcN30r1_ethS35_b0.015_btc0.75"], ["vol_filter_refine_2025_btcN30r1_ethS35_b0.0175_btc0.75", "vol_filter_refine_2026_btcN30r1_ethS35_b0.0175_btc0.75"], ["vol_filter_refine_2025_btcN30r1_ethS50_b0.0125_btc0.75", "vol_filter_refine_2026_btcN30r1_ethS50_b0.0125_btc0.75"], ["vol_filter_2025_btcN30r1_ethEma50_btc0.75", "vol_filter_2026_btcN30r1_ethEma50_btc0.75"], ["vol_filter_refine_2025_btcN30r1_ethS50_b0.0175_btc0.75", "vol_filter_refine_2026_btcN30r1_ethS50_b0.0175_btc0.75"], ["vol_filter_refine_2025_btcN30r1_ethS65_b0.0125_btc0.75", "vol_filter_refine_2026_btcN30r1_ethS65_b0.0125_btc0.75"], ["vol_filter_2025_btcN30r1_ethEma65_btc0.75", "vol_filter_2026_btcN30r1_ethEma65_btc0.75"], ["vol_filter_refine_2025_btcN30r1_ethS65_b0.0175_btc0.75", "vol_filter_refine_2026_btcN30r1_ethS65_b0.0175_btc0.75"]], "new_component_fills": 168, "read_only_component_fills": 78, "new_live_orders": 0}
