{"new_backtests": 0, "readonly_scenes_verified": 36, "missing_files_restored": 0}
PASS:all9 cumulative forward scenes exactly reproduced including10988point complete time axis and nextstate;noHTTP or ledger write
{"completed": "volratio_ema_2025_btc_n20_r1_eth_s50_b0.015_btc0.75", "return3_pct": 26.914146752300017, "minute_DD3_pct": 13.462744390375537}
{"completed": "volratio_ema_2025_btc_n20_r1_eth_s65_b0.015_btc0.75", "return3_pct": 27.991641076599993, "minute_DD3_pct": 13.28458440782222}
{"completed": "volratio_ema_2025_btc_n20_r1_eth_s80_b0.015_btc0.75", "return3_pct": 28.734104524600014, "minute_DD3_pct": 13.28458440782222}
{"completed": "volratio_ema_2025_btc_n30_r1_eth_s50_b0.015_btc0.75", "return3_pct": 36.74606781738001, "minute_DD3_pct": 13.233647447644492}
{"completed": "volratio_ema_2025_btc_n30_r1_eth_s65_b0.015_btc0.75", "return3_pct": 37.823562141679986, "minute_DD3_pct": 13.086433894288053}
{"completed": "volratio_ema_2025_btc_n30_r1_eth_s80_b0.015_btc0.75", "return3_pct": 38.56602558968001, "minute_DD3_pct": 13.086433894288053}
{"completed": "volratio_ema_2025_btc_n40_r1_eth_s50_b0.015_btc0.75", "return3_pct": 26.914146752300017, "minute_DD3_pct": 13.462744390375537}
{"completed": "volratio_ema_2025_btc_n40_r1_eth_s65_b0.015_btc0.75", "return3_pct": 27.991641076599993, "minute_DD3_pct": 13.28458440782222}
{"completed": "volratio_ema_2025_btc_n40_r1_eth_s80_b0.015_btc0.75", "return3_pct": 28.734104524600014, "minute_DD3_pct": 13.28458440782222}
{"completed": "volratio_ema_2026_btc_n20_r1_eth_s50_b0.015_btc0.75", "return3_pct": 22.180951316410003, "minute_DD3_pct": 12.070530591721962}
{"completed": "volratio_ema_2026_btc_n20_r1_eth_s65_b0.015_btc0.75", "return3_pct": 24.877453802210002, "minute_DD3_pct": 12.004279394080585}
{"completed": "volratio_ema_2026_btc_n20_r1_eth_s80_b0.015_btc0.75", "return3_pct": 15.153852457860006, "minute_DD3_pct": 12.979310730092141}
{"completed": "volratio_ema_2026_btc_n30_r1_eth_s50_b0.015_btc0.75", "return3_pct": 22.180951316410003, "minute_DD3_pct": 12.070530591721962}
{"completed": "volratio_ema_2026_btc_n30_r1_eth_s65_b0.015_btc0.75", "return3_pct": 24.877453802210002, "minute_DD3_pct": 12.004279394080585}
{"completed": "volratio_ema_2026_btc_n30_r1_eth_s80_b0.015_btc0.75", "return3_pct": 15.153852457860006, "minute_DD3_pct": 12.979310730092141}
{"completed": "volratio_ema_2026_btc_n40_r1_eth_s50_b0.015_btc0.75", "return3_pct": 22.180951316410003, "minute_DD3_pct": 12.070530591721962}
{"completed": "volratio_ema_2026_btc_n40_r1_eth_s65_b0.015_btc0.75", "return3_pct": 24.877453802210002, "minute_DD3_pct": 12.004279394080585}
{"completed": "volratio_ema_2026_btc_n40_r1_eth_s80_b0.015_btc0.75", "return3_pct": 15.153852457860006, "minute_DD3_pct": 12.979310730092141}
PASS:all54 NEW volume-channel/EMA cost scenes exactly reproduced;matched controls read-only verified;full report reproduced;ledger unchanged
{"passed": true, "source_component_scenes_rebuilt": 36, "volume_EMA_cost_scenes_audited": 54, "volume_EMA_NAV_points_audited": 14006628, "report_sha256": "32a1806a3594ae2a4852f6cc58aa8d0bdaaa85363e83a9ed4a140d93a9187a4e", "forward_report_sha256": "9a44d0ea6ff70401af84661f734b32e6ff8f79140e4cec6fc25d20182de1056b", "frozen_forward_plan_unchanged": true}
{"passed": true, "forward_scenes": 9, "new_closed_marks_per_asset": 120, "cumulative_minutes": 10979, "complete_days": 7, "NAV_points_per_scene": 10988, "original_NAV_prefix": 10868, "new_daily_decisions": 0, "new_reference_points": 0, "new_executions": 0, "original_cash_units_desired_trades_costs_unchanged": true, "next_daily_decision_utc": "2026-10-10T00:01:00Z", "report_sha256": "9a44d0ea6ff70401af84661f734b32e6ff8f79140e4cec6fc25d20182de1056b"}
PASS: new parameters/weights and missing-result retries are allowed; exact/reordered completed trials stay blocked
