volratio_ema_2025_btc_n20_r1_eth_s50_b0.015_btc0.75 0 d391a6f618b63d27a5d35a560529e2c4023d3aa557abb39e62eec5d088ad6a3f
volratio_ema_2025_btc_n20_r1_eth_s65_b0.015_btc0.75 0 f1e52a377e953c3316a516b1272113553ade189b678615616722eec780ec429b
volratio_ema_2025_btc_n20_r1_eth_s80_b0.015_btc0.75 0 d5871c29cc665c39e73fac313378dd67be97be4098e4d546f2ade60c12420f64
volratio_ema_2025_btc_n30_r1_eth_s50_b0.015_btc0.75 0 c21eb51a818f1f49401231121b37ca5f2479775ab6aadd2bf2922beb3a5f69df
volratio_ema_2025_btc_n30_r1_eth_s65_b0.015_btc0.75 0 e60686e8d95924dcd614ca91fa881f7227bd4e5fa6bc5634a8a4bbac2a34d5a7
volratio_ema_2025_btc_n30_r1_eth_s80_b0.015_btc0.75 0 44fda14e90f5d4d5c9d915e7ce225b2fe6916043a5e9029a04d8713f0d022bd2
volratio_ema_2025_btc_n40_r1_eth_s50_b0.015_btc0.75 0 9851b1cd599f2181bcb07db229c1665cc729413c8d2cd187426dccafe93604a5
volratio_ema_2025_btc_n40_r1_eth_s65_b0.015_btc0.75 0 3159e608cb2620e804659b4cc3503ebc30b9c575c09549161d95be34cb7da76a
volratio_ema_2025_btc_n40_r1_eth_s80_b0.015_btc0.75 0 656b6acc2c02b698c41f2090a8eca74d9782944a666b4d4c83c879a4b14cc87c
volratio_ema_2026_btc_n20_r1_eth_s50_b0.015_btc0.75 0 c657891ea4dbd146589a040dc49d216229d3aa29273447f248893e08cf86a7d5
volratio_ema_2026_btc_n20_r1_eth_s65_b0.015_btc0.75 0 94d93f7256f1e01012059dce139df55a257bcda38ab137cba924acdc9c68e887
volratio_ema_2026_btc_n20_r1_eth_s80_b0.015_btc0.75 0 47e4c14c843fa03c129b37eac1b79eafbf528115b9935e7e7d03e4b5e4865607
volratio_ema_2026_btc_n30_r1_eth_s50_b0.015_btc0.75 0 52cf0a169cef263d4152ee5a0586458286f4baea7c9debf6e1c64164551f1175
volratio_ema_2026_btc_n30_r1_eth_s65_b0.015_btc0.75 0 bdbfecf731e5e4b5ca64cb681bd2f1f3501526f753f598a6c2bec22fd7d17eaa
volratio_ema_2026_btc_n30_r1_eth_s80_b0.015_btc0.75 0 063d5668bdb8737ea43de2d5cbc41bc00e21041a27d37ecb882c1a1decc643ef
volratio_ema_2026_btc_n40_r1_eth_s50_b0.015_btc0.75 0 3f945a3a7db461050c5d106efadd00d6f585469d135a7a297a6fdd80ef49bc36
volratio_ema_2026_btc_n40_r1_eth_s65_b0.015_btc0.75 0 f7d9f0d98937fe688a518576fff2340aea8583c7da9feb93cba13015db931d77
volratio_ema_2026_btc_n40_r1_eth_s80_b0.015_btc0.75 0 a683f072e9bffef3c3f3dc522a75c105fea3f99d9c07034ef41c851dc6e99486
forward_snapshot_BTC 0 c06d745699495b3ce5c9319b4a292abf6fc10baa1dc66ffcca2d4e41576014aa
forward_snapshot_ETH 0 41242cbab6c1ee753ba123b6cc9cd8b3918cb6bfd8c64463322089400462e082
forward_snapshot_combo 0 f40519dfaf4659d6dde747e6da645b57eb9a36a288fb2f9430f88b6878a43ed0
PASS:18new portfolios+3legacy cutoffs reserved;12exact-funded components and12matched controls read-only.
