{"completed": "filtered_span_2025_BTC_e10_b0.03_x30_s40_c1350", "return1": 19.101260874666657, "return3": 17.861584612933346, "minute_DD3": 13.194058949215126}
READ_ONLY_RESULT:filtered_band_2025_BTC_e10_b0.03_x30_s50_c1350
{"completed": "filtered_span_2025_BTC_e10_b0.03_x30_s60_c1350", "return1": 12.319715098118511, "return3": 11.147022388340734, "minute_DD3": 12.410478514961376}
{"completed": "filtered_span_2025_BTC_e15_b0.03_x30_s40_c1350", "return1": 19.101260874666657, "return3": 17.861584612933346, "minute_DD3": 13.194058949215126}
READ_ONLY_RESULT:filtered_band_2025_BTC_e15_b0.03_x30_s50_c1350
{"completed": "filtered_span_2025_BTC_e15_b0.03_x30_s60_c1350", "return1": 11.319735060392588, "return3": 10.157884468607392, "minute_DD3": 13.189577336593661}
{"completed": "filtered_span_2025_BTC_e20_b0.03_x30_s40_c1350", "return1": 18.467933153851845, "return3": 17.234739008725917, "minute_DD3": 12.130775550801431}
READ_ONLY_RESULT:filtered_band_2025_BTC_e20_b0.03_x30_s50_c1350
{"completed": "filtered_span_2025_BTC_e20_b0.03_x30_s60_c1350", "return1": 10.726301107511116, "return3": 9.573119669340734, "minute_DD3": 12.126160323404555}
{"completed": "filtered_span_2025_ETH_e10_b0.03_x30_s40_c650", "return1": 96.85534020923076, "return3": 94.78204126415386, "minute_DD3": 20.245376429741558}
READ_ONLY_RESULT:filtered_band_2025_ETH_e10_b0.03_x30_s50_c650
{"completed": "filtered_span_2025_ETH_e10_b0.03_x30_s60_c650", "return1": 96.85534020923076, "return3": 94.78204126415386, "minute_DD3": 20.245376429741558}
{"completed": "filtered_span_2025_ETH_e15_b0.03_x30_s40_c650", "return1": 96.85534020923076, "return3": 94.78204126415386, "minute_DD3": 20.245376429741558}
READ_ONLY_RESULT:filtered_band_2025_ETH_e15_b0.03_x30_s50_c650
{"completed": "filtered_span_2025_ETH_e15_b0.03_x30_s60_c650", "return1": 96.85534020923076, "return3": 94.78204126415386, "minute_DD3": 20.245376429741558}
{"completed": "filtered_span_2025_ETH_e20_b0.03_x30_s40_c650", "return1": 95.41640795076924, "return3": 93.35297299984614, "minute_DD3": 20.829950329720415}
READ_ONLY_RESULT:filtered_band_2025_ETH_e20_b0.03_x30_s50_c650
{"completed": "filtered_span_2025_ETH_e20_b0.03_x30_s60_c650", "return1": 95.41640795076924, "return3": 93.35297299984614, "minute_DD3": 20.829950329720415}
{"completed": "filtered_span_2025_combo_e10_b0.03_x30_s40_btc0.675", "return1": 44.37133665839998, "return3": 42.86073302458, "minute_DD3": 13.329094771121873}
READ_ONLY_RESULT:filtered_band_2025_combo_e10_b0.03_x30_s50_btc0.675
{"completed": "filtered_span_2025_combo_e10_b0.03_x30_s60_btc0.675", "return1": 39.79379325923, "return3": 38.32840352297999, "minute_DD3": 12.923035488092271}
{"completed": "filtered_span_2025_combo_e15_b0.03_x30_s40_btc0.675", "return1": 44.37133665839998, "return3": 42.86073302458, "minute_DD3": 13.329094771121873}
READ_ONLY_RESULT:filtered_band_2025_combo_e15_b0.03_x30_s50_btc0.675
{"completed": "filtered_span_2025_combo_e15_b0.03_x30_s60_btc0.675", "return1": 39.118806733765, "return3": 37.66073542716, "minute_DD3": 13.450209508945488}
{"completed": "filtered_span_2025_combo_e20_b0.03_x30_s40_btc0.675", "return1": 43.47618746285, "return3": 41.97316505583999, "minute_DD3": 13.818288767941356}
READ_ONLY_RESULT:filtered_band_2025_combo_e20_b0.03_x30_s50_btc0.675
{"completed": "filtered_span_2025_combo_e20_b0.03_x30_s60_btc0.675", "return1": 38.250585831570014, "return3": 36.801572001755, "minute_DD3": 13.965965423911175}
{"completed": "filtered_span_2026_BTC_e10_b0.03_x30_s40_c1350", "return1": 20.55285734837038, "return3": 19.30300531167408, "minute_DD3": 15.310774781791359}
READ_ONLY_RESULT:filtered_band_2026_BTC_e10_b0.03_x30_s50_c1350
{"completed": "filtered_span_2026_BTC_e10_b0.03_x30_s60_c1350", "return1": 11.7201092077037, "return3": 10.55233595076297, "minute_DD3": 10.179970429260997}
{"completed": "filtered_span_2026_BTC_e15_b0.03_x30_s40_c1350", "return1": 20.55285734837038, "return3": 19.30300531167408, "minute_DD3": 15.310774781791359}
READ_ONLY_RESULT:filtered_band_2026_BTC_e15_b0.03_x30_s50_c1350
{"completed": "filtered_span_2026_BTC_e15_b0.03_x30_s60_c1350", "return1": 11.7201092077037, "return3": 10.55233595076297, "minute_DD3": 10.179970429260997}
{"completed": "filtered_span_2026_BTC_e20_b0.03_x30_s40_c1350", "return1": 20.55285734837038, "return3": 19.30300531167408, "minute_DD3": 15.310774781791359}
READ_ONLY_RESULT:filtered_band_2026_BTC_e20_b0.03_x30_s50_c1350
{"completed": "filtered_span_2026_BTC_e20_b0.03_x30_s60_c1350", "return1": 11.7201092077037, "return3": 10.55233595076297, "minute_DD3": 10.179970429260997}
{"completed": "filtered_span_2026_ETH_e10_b0.03_x30_s40_c650", "return1": 29.08306621969232, "return3": 27.74093280215384, "minute_DD3": 14.502708338498493}
READ_ONLY_RESULT:filtered_band_2026_ETH_e10_b0.03_x30_s50_c650
{"completed": "filtered_span_2026_ETH_e10_b0.03_x30_s60_c650", "return1": 26.83617545953847, "return3": 25.51256328692306, "minute_DD3": 14.502942140281029}
{"completed": "filtered_span_2026_ETH_e15_b0.03_x30_s40_c650", "return1": 29.08306621969232, "return3": 27.74093280215384, "minute_DD3": 14.502708338498493}
READ_ONLY_RESULT:filtered_band_2026_ETH_e15_b0.03_x30_s50_c650
{"completed": "filtered_span_2026_ETH_e15_b0.03_x30_s60_c650", "return1": 26.83617545953847, "return3": 25.51256328692306, "minute_DD3": 14.502942140281029}
{"completed": "filtered_span_2026_ETH_e20_b0.03_x30_s40_c650", "return1": 29.08306621969232, "return3": 27.74093280215384, "minute_DD3": 14.502708338498493}
READ_ONLY_RESULT:filtered_band_2026_ETH_e20_b0.03_x30_s50_c650
{"completed": "filtered_span_2026_ETH_e20_b0.03_x30_s60_c650", "return1": 26.83617545953847, "return3": 25.51256328692306, "minute_DD3": 14.502942140281029}
{"completed": "filtered_span_2026_combo_e10_b0.03_x30_s40_btc0.675", "return1": 23.32517523155, "return3": 22.04533174608001, "minute_DD3": 14.294589533728264}
READ_ONLY_RESULT:filtered_band_2026_combo_e10_b0.03_x30_s50_btc0.675
{"completed": "filtered_span_2026_combo_e10_b0.03_x30_s60_btc0.675", "return1": 16.63283073955, "return3": 15.414409835015007, "minute_DD3": 10.423377282371815}
{"completed": "filtered_span_2026_combo_e15_b0.03_x30_s40_btc0.675", "return1": 23.32517523155, "return3": 22.04533174608001, "minute_DD3": 14.294589533728264}
READ_ONLY_RESULT:filtered_band_2026_combo_e15_b0.03_x30_s50_btc0.675
{"completed": "filtered_span_2026_combo_e15_b0.03_x30_s60_btc0.675", "return1": 16.63283073955, "return3": 15.414409835015007, "minute_DD3": 10.423377282371815}
{"completed": "filtered_span_2026_combo_e20_b0.03_x30_s40_btc0.675", "return1": 23.32517523155, "return3": 22.04533174608001, "minute_DD3": 14.294589533728264}
READ_ONLY_RESULT:filtered_band_2026_combo_e20_b0.03_x30_s50_btc0.675
{"completed": "filtered_span_2026_combo_e20_b0.03_x30_s60_btc0.675", "return1": 16.63283073955, "return3": 15.414409835015007, "minute_DD3": 10.423377282371815}
{"new_configs": 36, "new_component_configs": 24, "new_combination_configs": 12, "new_cost_scenes": 108, "new_minute_NAV_points": 28013256, "reused_grid_configs": 18, "reused_cost_scenes": 54, "grid_configs": 54, "grid_cost_scenes": 162, "positive_1x": 36, "positive_3x": 36, "grid_positive_1x": 54, "grid_positive_3x": 54, "passed": ["filtered_span_2025_BTC_e10_b0.03_x30_s40_c1350", "filtered_span_2025_BTC_e10_b0.03_x30_s60_c1350", "filtered_span_2025_BTC_e15_b0.03_x30_s40_c1350", "filtered_span_2025_BTC_e15_b0.03_x30_s60_c1350", "filtered_span_2025_BTC_e20_b0.03_x30_s40_c1350", "filtered_span_2025_BTC_e20_b0.03_x30_s60_c1350", "filtered_span_2025_ETH_e10_b0.03_x30_s40_c650", "filtered_span_2025_ETH_e10_b0.03_x30_s60_c650", "filtered_span_2025_ETH_e15_b0.03_x30_s40_c650", "filtered_span_2025_ETH_e15_b0.03_x30_s60_c650", "filtered_span_2025_ETH_e20_b0.03_x30_s40_c650", "filtered_span_2025_ETH_e20_b0.03_x30_s60_c650", "filtered_span_2025_combo_e10_b0.03_x30_s40_btc0.675", "filtered_span_2025_combo_e10_b0.03_x30_s60_btc0.675", "filtered_span_2025_combo_e15_b0.03_x30_s40_btc0.675", "filtered_span_2025_combo_e15_b0.03_x30_s60_btc0.675", "filtered_span_2025_combo_e20_b0.03_x30_s40_btc0.675", "filtered_span_2025_combo_e20_b0.03_x30_s60_btc0.675", "filtered_span_2026_combo_e10_b0.03_x30_s40_btc0.675", "filtered_span_2026_combo_e10_b0.03_x30_s60_btc0.675", "filtered_span_2026_combo_e15_b0.03_x30_s40_btc0.675", "filtered_span_2026_combo_e15_b0.03_x30_s60_btc0.675", "filtered_span_2026_combo_e20_b0.03_x30_s40_btc0.675", "filtered_span_2026_combo_e20_b0.03_x30_s60_btc0.675"], "rejected": ["filtered_span_2026_BTC_e10_b0.03_x30_s40_c1350", "filtered_span_2026_BTC_e10_b0.03_x30_s60_c1350", "filtered_span_2026_BTC_e15_b0.03_x30_s40_c1350", "filtered_span_2026_BTC_e15_b0.03_x30_s60_c1350", "filtered_span_2026_BTC_e20_b0.03_x30_s40_c1350", "filtered_span_2026_BTC_e20_b0.03_x30_s60_c1350", "filtered_span_2026_ETH_e10_b0.03_x30_s40_c650", "filtered_span_2026_ETH_e10_b0.03_x30_s60_c650", "filtered_span_2026_ETH_e15_b0.03_x30_s40_c650", "filtered_span_2026_ETH_e15_b0.03_x30_s60_c650", "filtered_span_2026_ETH_e20_b0.03_x30_s40_c650", "filtered_span_2026_ETH_e20_b0.03_x30_s60_c650"], "grid_passed": ["filtered_span_2025_BTC_e10_b0.03_x30_s40_c1350", "filtered_band_2025_BTC_e10_b0.03_x30_s50_c1350", "filtered_span_2025_BTC_e10_b0.03_x30_s60_c1350", "filtered_span_2025_BTC_e15_b0.03_x30_s40_c1350", "filtered_band_2025_BTC_e15_b0.03_x30_s50_c1350", "filtered_span_2025_BTC_e15_b0.03_x30_s60_c1350", "filtered_span_2025_BTC_e20_b0.03_x30_s40_c1350", "filtered_band_2025_BTC_e20_b0.03_x30_s50_c1350", "filtered_span_2025_BTC_e20_b0.03_x30_s60_c1350", "filtered_span_2025_ETH_e10_b0.03_x30_s40_c650", "filtered_band_2025_ETH_e10_b0.03_x30_s50_c650", "filtered_span_2025_ETH_e10_b0.03_x30_s60_c650", "filtered_span_2025_ETH_e15_b0.03_x30_s40_c650", "filtered_band_2025_ETH_e15_b0.03_x30_s50_c650", "filtered_span_2025_ETH_e15_b0.03_x30_s60_c650", "filtered_span_2025_ETH_e20_b0.03_x30_s40_c650", "filtered_band_2025_ETH_e20_b0.03_x30_s50_c650", "filtered_span_2025_ETH_e20_b0.03_x30_s60_c650", "filtered_span_2025_combo_e10_b0.03_x30_s40_btc0.675", "filtered_band_2025_combo_e10_b0.03_x30_s50_btc0.675", "filtered_span_2025_combo_e10_b0.03_x30_s60_btc0.675", "filtered_span_2025_combo_e15_b0.03_x30_s40_btc0.675", "filtered_band_2025_combo_e15_b0.03_x30_s50_btc0.675", "filtered_span_2025_combo_e15_b0.03_x30_s60_btc0.675", "filtered_span_2025_combo_e20_b0.03_x30_s40_btc0.675", "filtered_band_2025_combo_e20_b0.03_x30_s50_btc0.675", "filtered_span_2025_combo_e20_b0.03_x30_s60_btc0.675", "filtered_span_2026_combo_e10_b0.03_x30_s40_btc0.675", "filtered_band_2026_combo_e10_b0.03_x30_s50_btc0.675", "filtered_span_2026_combo_e10_b0.03_x30_s60_btc0.675", "filtered_span_2026_combo_e15_b0.03_x30_s40_btc0.675", "filtered_band_2026_combo_e15_b0.03_x30_s50_btc0.675", "filtered_span_2026_combo_e15_b0.03_x30_s60_btc0.675", "filtered_span_2026_combo_e20_b0.03_x30_s40_btc0.675", "filtered_band_2026_combo_e20_b0.03_x30_s50_btc0.675", "filtered_span_2026_combo_e20_b0.03_x30_s60_btc0.675"], "both_periods_passed_combination_pairs": [["filtered_span_2025_combo_e10_b0.03_x30_s40_btc0.675", "filtered_span_2026_combo_e10_b0.03_x30_s40_btc0.675"], ["filtered_band_2025_combo_e10_b0.03_x30_s50_btc0.675", "filtered_band_2026_combo_e10_b0.03_x30_s50_btc0.675"], ["filtered_span_2025_combo_e10_b0.03_x30_s60_btc0.675", "filtered_span_2026_combo_e10_b0.03_x30_s60_btc0.675"], ["filtered_span_2025_combo_e15_b0.03_x30_s40_btc0.675", "filtered_span_2026_combo_e15_b0.03_x30_s40_btc0.675"], ["filtered_band_2025_combo_e15_b0.03_x30_s50_btc0.675", "filtered_band_2026_combo_e15_b0.03_x30_s50_btc0.675"], ["filtered_span_2025_combo_e15_b0.03_x30_s60_btc0.675", "filtered_span_2026_combo_e15_b0.03_x30_s60_btc0.675"], ["filtered_span_2025_combo_e20_b0.03_x30_s40_btc0.675", "filtered_span_2026_combo_e20_b0.03_x30_s40_btc0.675"], ["filtered_band_2025_combo_e20_b0.03_x30_s50_btc0.675", "filtered_band_2026_combo_e20_b0.03_x30_s50_btc0.675"], ["filtered_span_2025_combo_e20_b0.03_x30_s60_btc0.675", "filtered_span_2026_combo_e20_b0.03_x30_s60_btc0.675"]], "new_both_periods_passed_combination_pairs": [["filtered_span_2025_combo_e10_b0.03_x30_s40_btc0.675", "filtered_span_2026_combo_e10_b0.03_x30_s40_btc0.675"], ["filtered_span_2025_combo_e10_b0.03_x30_s60_btc0.675", "filtered_span_2026_combo_e10_b0.03_x30_s60_btc0.675"], ["filtered_span_2025_combo_e15_b0.03_x30_s40_btc0.675", "filtered_span_2026_combo_e15_b0.03_x30_s40_btc0.675"], ["filtered_span_2025_combo_e15_b0.03_x30_s60_btc0.675", "filtered_span_2026_combo_e15_b0.03_x30_s60_btc0.675"], ["filtered_span_2025_combo_e20_b0.03_x30_s40_btc0.675", "filtered_span_2026_combo_e20_b0.03_x30_s40_btc0.675"], ["filtered_span_2025_combo_e20_b0.03_x30_s60_btc0.675", "filtered_span_2026_combo_e20_b0.03_x30_s60_btc0.675"]], "actual_component_fills": 288, "audited_component_fills": 432, "reused_ledger_records_untouched": true, "new_live_orders": 0}
