{"new_backtests": 0, "readonly_scenes_verified": 36, "missing_files_restored": 0}
PASS:all9 cumulative forward scenes exactly reproduced including10268point complete time axis and nextstate;noHTTP or ledger write
{"completed": "asma_filtered_2025_btc_e0.0125_eth_s50_x0.005_btc0.75", "return3_pct": 36.53535570212001, "minute_DD3_pct": 12.33125773158461}
{"completed": "asma_filtered_2025_btc_e0.015_eth_s50_x0.005_btc0.75", "return3_pct": 36.53535570212001, "minute_DD3_pct": 12.33125773158461}
{"completed": "asma_filtered_2025_btc_e0.02_eth_s50_x0.005_btc0.75", "return3_pct": 30.804754678265, "minute_DD3_pct": 12.30438068105012}
{"completed": "asma_filtered_2025_btc_e0.0125_eth_s65_x0.005_btc0.75", "return3_pct": 36.53535570212001, "minute_DD3_pct": 12.33125773158461}
{"completed": "asma_filtered_2025_btc_e0.015_eth_s65_x0.005_btc0.75", "return3_pct": 36.53535570212001, "minute_DD3_pct": 12.33125773158461}
{"completed": "asma_filtered_2025_btc_e0.02_eth_s65_x0.005_btc0.75", "return3_pct": 30.804754678265, "minute_DD3_pct": 12.30438068105012}
{"completed": "asma_filtered_2025_btc_e0.0125_eth_s80_x0.005_btc0.75", "return3_pct": 36.53535570212001, "minute_DD3_pct": 12.33125773158461}
{"completed": "asma_filtered_2025_btc_e0.015_eth_s80_x0.005_btc0.75", "return3_pct": 36.53535570212001, "minute_DD3_pct": 12.33125773158461}
{"completed": "asma_filtered_2025_btc_e0.02_eth_s80_x0.005_btc0.75", "return3_pct": 30.804754678265, "minute_DD3_pct": 12.30438068105012}
{"completed": "asma_filtered_2026_btc_e0.0125_eth_s50_x0.005_btc0.75", "return3_pct": 19.971052883509998, "minute_DD3_pct": 13.092314467939026}
{"completed": "asma_filtered_2026_btc_e0.015_eth_s50_x0.005_btc0.75", "return3_pct": 19.971052883509998, "minute_DD3_pct": 13.092314467939026}
{"completed": "asma_filtered_2026_btc_e0.02_eth_s50_x0.005_btc0.75", "return3_pct": 13.835479415310004, "minute_DD3_pct": 12.799993529432252}
{"completed": "asma_filtered_2026_btc_e0.0125_eth_s65_x0.005_btc0.75", "return3_pct": 19.967349714860006, "minute_DD3_pct": 13.091941719522993}
{"completed": "asma_filtered_2026_btc_e0.015_eth_s65_x0.005_btc0.75", "return3_pct": 19.967349714860006, "minute_DD3_pct": 13.091941719522993}
{"completed": "asma_filtered_2026_btc_e0.02_eth_s65_x0.005_btc0.75", "return3_pct": 13.83177624666001, "minute_DD3_pct": 12.79960849411097}
{"completed": "asma_filtered_2026_btc_e0.0125_eth_s80_x0.005_btc0.75", "return3_pct": 9.999318223910002, "minute_DD3_pct": 14.382819669432967}
{"completed": "asma_filtered_2026_btc_e0.015_eth_s80_x0.005_btc0.75", "return3_pct": 9.999318223910002, "minute_DD3_pct": 14.382819669432967}
{"completed": "asma_filtered_2026_btc_e0.02_eth_s80_x0.005_btc0.75", "return3_pct": 3.8637447557099858, "minute_DD3_pct": 14.640137671523679}
PASS:all54 NEW ASMA/filtered-channel cost scenes exactly reproduced;matched controls read-only verified;full report reproduced;ledger unchanged
{"passed": true, "source_component_scenes_rebuilt": 36, "filtered_ASMA_cost_scenes_audited": 54, "filtered_ASMA_NAV_points_audited": 14006628, "report_sha256": "b7117176e43df70c901cd9911c8cdfb2f59ef3033e6a00ab7f64d8762dfdc17b", "forward_report_sha256": "c3920b7c08bdd78b14054d8912dfa11d3de4abf2cd9c9eef37ea7244015e2ea1", "frozen_forward_plan_unchanged": true}
{"passed": true, "forward_scenes": 9, "new_closed_marks_per_asset": 120, "cumulative_minutes": 10259, "complete_days": 7, "NAV_points_per_scene": 10268, "original_NAV_prefix": 10148, "new_daily_decisions": 0, "new_reference_points": 0, "new_executions": 0, "original_cash_units_desired_trades_costs_unchanged": true, "next_daily_decision_utc": "2026-10-10T00:01:00Z", "report_sha256": "c3920b7c08bdd78b14054d8912dfa11d3de4abf2cd9c9eef37ea7244015e2ea1"}
PASS: new parameters/weights and missing-result retries are allowed; exact/reordered completed trials stay blocked
