asma_filtered_2025_btc_e0.0125_eth_s50_x0.005_btc0.75 0 8c52109dd020bf6e77a8edf71b451e1c4d5c878809d8a0e392c805a6647b7b79
asma_filtered_2025_btc_e0.015_eth_s50_x0.005_btc0.75 0 260bf10bd52449fc6ddb76439c90b822682e36f88417aa71b1075a326900bfd5
asma_filtered_2025_btc_e0.02_eth_s50_x0.005_btc0.75 0 41120d5b7a22030652ca9ea09155b403ac1c5866c795654c18f22c52cfbd380d
asma_filtered_2025_btc_e0.0125_eth_s65_x0.005_btc0.75 0 200114c77e38d3cd2386ff9aa834341da5fb502a5b14268112f5294e4d41dccb
asma_filtered_2025_btc_e0.015_eth_s65_x0.005_btc0.75 0 bda22d9cc6db4fdbbb8d4268f3a48d9189e48d0ac6d01afb51b0452338947ee8
asma_filtered_2025_btc_e0.02_eth_s65_x0.005_btc0.75 0 55f648cc84c5b97c5b75fb157dfc3428a321e5baeac1b2dad896fdef58fa493a
asma_filtered_2025_btc_e0.0125_eth_s80_x0.005_btc0.75 0 15d39bfd7a7bc0523ce7d59167e500b37244f17ed2cb1146c37dab7c8e660f82
asma_filtered_2025_btc_e0.015_eth_s80_x0.005_btc0.75 0 26003392e241ba48b81ecad93086e92afc242ebe482a1255269ce0ce1799f62b
asma_filtered_2025_btc_e0.02_eth_s80_x0.005_btc0.75 0 de0cee804ccc1e99b4f68ad76d28d9008530deb34b8267c63bc15f5d058df956
asma_filtered_2026_btc_e0.0125_eth_s50_x0.005_btc0.75 0 f802b546c29d3251c0b751693c25d1e37ec844db20cab9bac2477e6de8ea0dd8
asma_filtered_2026_btc_e0.015_eth_s50_x0.005_btc0.75 0 0992959f5f1739b15751a5e32515663cd2af5d6e97f7597a3fd96409122c2ae7
asma_filtered_2026_btc_e0.02_eth_s50_x0.005_btc0.75 0 fb219205c40e1da4f23b3aa2cbc2c061f81399f72052074ded93905a9154402b
asma_filtered_2026_btc_e0.0125_eth_s65_x0.005_btc0.75 0 ab4fd5fb653c1e3597fad4383064db9c25a116edcbe01dbf03e28aa1e11029d6
asma_filtered_2026_btc_e0.015_eth_s65_x0.005_btc0.75 0 2dfceef79497a0ff6a4faee2dcb5cefab276c9b30b81df5a3e21cf915eabff46
asma_filtered_2026_btc_e0.02_eth_s65_x0.005_btc0.75 0 cf41278fb71d73625fd944bbf04bef3fdebe38aacc50bdaa12de33469b6dbc51
asma_filtered_2026_btc_e0.0125_eth_s80_x0.005_btc0.75 0 63894f31a392722c68649d1ad79d1911c020b405f6f2c430ffe1ffdc4ae81393
asma_filtered_2026_btc_e0.015_eth_s80_x0.005_btc0.75 0 da9f14f9a06f243a83e2a3a508005eb8fa6ac8db8bcdf3424ec24de94a9bf7a1
asma_filtered_2026_btc_e0.02_eth_s80_x0.005_btc0.75 0 25d1b912895e7e2478394c07a3b8170e2c202579b845863dc252030104c1bfcb
forward_snapshot_BTC 0 dc76fa067de771ce44fee10676d3010d2af6fb3a06e9bbc8f94b729ff77ef767
forward_snapshot_ETH 0 815666d3a0af82afbdf5c258eabf28aeb474a70f5cd44b23714e2b506dc7b746
forward_snapshot_combo 0 065b0bd4409b8e8a9ee35b339ec76fd2a410bf01bd95bd693079b44611591a18
PASS:18new portfolios+3legacy cutoffs reserved;12exact-funded components and matched old controls read-only.
