{"completed": "filtered_exit_2025_BTC_e10_x5_s50_c1350", "return1": 14.276533986770378, "return3": 10.169454463259253, "minute_DD3": 14.48981652347724}
{"completed": "filtered_exit_2025_BTC_e10_x10_s50_c1350", "return1": 17.34395586449631, "return3": 14.3212612915111, "minute_DD3": 14.91227716824486}
READ_ONLY_RESULT:filtered_alloc_2025_BTC_e10_s50_c1350
{"completed": "filtered_exit_2025_BTC_e15_x5_s50_c1350", "return1": 12.46491168695556, "return3": 8.430389133740746, "minute_DD3": 15.38072319919066}
{"completed": "filtered_exit_2025_BTC_e15_x10_s50_c1350", "return1": 15.488035952770375, "return3": 12.51107046181481, "minute_DD3": 15.668171147508103}
READ_ONLY_RESULT:filtered_alloc_2025_BTC_e15_s50_c1350
{"completed": "filtered_exit_2025_BTC_e20_x5_s50_c1350", "return1": 20.660237907896306, "return3": 17.55068382318519, "minute_DD3": 13.060286048889191}
{"completed": "filtered_exit_2025_BTC_e20_x10_s50_c1350", "return1": 20.959280448600005, "return3": 18.457597176311126, "minute_DD3": 11.114599099724664}
READ_ONLY_RESULT:filtered_alloc_2025_BTC_e20_s50_c1350
{"completed": "filtered_exit_2025_ETH_e10_x5_s50_c650", "return1": 47.2934094466154, "return3": 41.99017534953846, "minute_DD3": 24.161299339101728}
{"completed": "filtered_exit_2025_ETH_e10_x10_s50_c650", "return1": 28.48306251799999, "return3": 24.509615508769222, "minute_DD3": 26.039827149725802}
READ_ONLY_RESULT:filtered_alloc_2025_ETH_e10_s50_c650
{"completed": "filtered_exit_2025_ETH_e15_x5_s50_c650", "return1": 32.92351663830768, "return3": 28.140461910461532, "minute_DD3": 27.737117356602802}
{"completed": "filtered_exit_2025_ETH_e15_x10_s50_c650", "return1": 15.954104590000018, "return3": 12.354718976615398, "minute_DD3": 29.525948616353404}
READ_ONLY_RESULT:filtered_alloc_2025_ETH_e15_s50_c650
{"completed": "filtered_exit_2025_ETH_e20_x5_s50_c650", "return1": 33.55494100123077, "return3": 29.403578204923075, "minute_DD3": 28.265718534313265}
{"completed": "filtered_exit_2025_ETH_e20_x10_s50_c650", "return1": 16.50152770661537, "return3": 13.47764043030768, "minute_DD3": 30.042559560020432}
READ_ONLY_RESULT:filtered_alloc_2025_ETH_e20_s50_c650
{"completed": "filtered_exit_2025_combo_e10_x5_s50_btc0.675", "return1": 25.007018511220004, "return3": 20.511188751300004, "minute_DD3": 14.884049479973083}
{"completed": "filtered_exit_2025_combo_e10_x10_s50_btc0.675", "return1": 20.964165526885004, "return3": 17.632476412119978, "minute_DD3": 16.848027577031953}
READ_ONLY_RESULT:filtered_alloc_2025_combo_e10_s50_btc0.675
{"completed": "filtered_exit_2025_combo_e15_x5_s50_btc0.675", "return1": 19.113958296144993, "return3": 14.836162786175011, "minute_DD3": 16.59463613135711}
{"completed": "filtered_exit_2025_combo_e15_x10_s50_btc0.675", "return1": 15.639508259869995, "return3": 12.460256229125012, "minute_DD3": 18.543241258656007}
READ_ONLY_RESULT:filtered_alloc_2025_combo_e15_s50_btc0.675
{"completed": "filtered_exit_2025_combo_e20_x5_s50_btc0.675", "return1": 24.85101641323, "return3": 21.402874497250025, "minute_DD3": 11.758559659215583}
{"completed": "filtered_exit_2025_combo_e20_x10_s50_btc0.675", "return1": 19.510510807454985, "return3": 16.839111233860017, "minute_DD3": 15.21116912303182}
READ_ONLY_RESULT:filtered_alloc_2025_combo_e20_s50_btc0.675
{"completed": "filtered_exit_2026_BTC_e10_x5_s50_c1350", "return1": -0.7915024886740674, "return3": -4.367319783925927, "minute_DD3": 12.91692773106191}
{"completed": "filtered_exit_2026_BTC_e10_x10_s50_c1350", "return1": 9.640075475244437, "return3": 7.364320187607398, "minute_DD3": 11.221956810349464}
READ_ONLY_RESULT:filtered_alloc_2026_BTC_e10_s50_c1350
{"completed": "filtered_exit_2026_BTC_e15_x5_s50_c1350", "return1": -0.7915024886740674, "return3": -4.367319783925927, "minute_DD3": 12.91692773106191}
{"completed": "filtered_exit_2026_BTC_e15_x10_s50_c1350", "return1": 9.640075475244437, "return3": 7.364320187607398, "minute_DD3": 11.221956810349464}
READ_ONLY_RESULT:filtered_alloc_2026_BTC_e15_s50_c1350
{"completed": "filtered_exit_2026_BTC_e20_x5_s50_c1350", "return1": -0.7915024886740674, "return3": -4.367319783925927, "minute_DD3": 12.91692773106191}
{"completed": "filtered_exit_2026_BTC_e20_x10_s50_c1350", "return1": 9.640075475244437, "return3": 7.364320187607398, "minute_DD3": 11.221956810349464}
READ_ONLY_RESULT:filtered_alloc_2026_BTC_e20_s50_c1350
{"completed": "filtered_exit_2026_ETH_e10_x5_s50_c650", "return1": 7.494275579999998, "return3": 3.6142985083076784, "minute_DD3": 20.24976141297006}
{"completed": "filtered_exit_2026_ETH_e10_x10_s50_c650", "return1": 14.143563982000007, "return3": 11.187805143692309, "minute_DD3": 17.504991623046006}
READ_ONLY_RESULT:filtered_alloc_2026_ETH_e10_s50_c650
{"completed": "filtered_exit_2026_ETH_e15_x5_s50_c650", "return1": 7.494275579999998, "return3": 3.6142985083076784, "minute_DD3": 20.24976141297006}
{"completed": "filtered_exit_2026_ETH_e15_x10_s50_c650", "return1": 14.143563982000007, "return3": 11.187805143692309, "minute_DD3": 17.504991623046006}
READ_ONLY_RESULT:filtered_alloc_2026_ETH_e15_s50_c650
{"completed": "filtered_exit_2026_ETH_e20_x5_s50_c650", "return1": -1.3128080753846194, "return3": -3.87437229061538, "minute_DD3": 16.79086132737595}
{"completed": "filtered_exit_2026_ETH_e20_x10_s50_c650", "return1": 1.4161989678461495, "return3": -0.6953817479999902, "minute_DD3": 13.289682290570305}
READ_ONLY_RESULT:filtered_alloc_2026_ETH_e20_s50_c650
{"completed": "filtered_exit_2026_combo_e10_x5_s50_btc0.675", "return1": 1.9013753836450098, "return3": -1.7732938389500075, "minute_DD3": 14.714993417682876}
{"completed": "filtered_exit_2026_combo_e10_x10_s50_btc0.675", "return1": 11.103709239940018, "return3": 8.606952798334987, "minute_DD3": 10.496187884138896}
READ_ONLY_RESULT:filtered_alloc_2026_combo_e10_s50_btc0.675
{"completed": "filtered_exit_2026_combo_e15_x5_s50_btc0.675", "return1": 1.9013753836450098, "return3": -1.7732938389500075, "minute_DD3": 14.714993417682876}
{"completed": "filtered_exit_2026_combo_e15_x10_s50_btc0.675", "return1": 11.103709239940018, "return3": 8.606952798334987, "minute_DD3": 10.496187884138896}
READ_ONLY_RESULT:filtered_alloc_2026_combo_e15_s50_btc0.675
{"completed": "filtered_exit_2026_combo_e20_x5_s50_btc0.675", "return1": -0.9609268043550001, "return3": -4.2071118485999985, "minute_DD3": 14.164152124732487}
{"completed": "filtered_exit_2026_combo_e20_x10_s50_btc0.675", "return1": 6.967315610340008, "return3": 4.744917058534992, "minute_DD3": 10.289237327438816}
READ_ONLY_RESULT:filtered_alloc_2026_combo_e20_s50_btc0.675
{"new_configs": 36, "new_component_configs": 24, "new_combination_configs": 12, "new_cost_scenes": 108, "new_minute_NAV_points": 28013256, "reused_grid_configs": 18, "reused_cost_scenes": 54, "grid_configs": 54, "grid_cost_scenes": 162, "positive_1x": 31, "positive_3x": 28, "grid_positive_1x": 49, "grid_positive_3x": 46, "passed": ["filtered_exit_2026_combo_e10_x10_s50_btc0.675", "filtered_exit_2026_combo_e15_x10_s50_btc0.675", "filtered_exit_2026_combo_e20_x10_s50_btc0.675"], "rejected": ["filtered_exit_2025_BTC_e10_x5_s50_c1350", "filtered_exit_2025_BTC_e10_x10_s50_c1350", "filtered_exit_2025_BTC_e15_x5_s50_c1350", "filtered_exit_2025_BTC_e15_x10_s50_c1350", "filtered_exit_2025_BTC_e20_x5_s50_c1350", "filtered_exit_2025_BTC_e20_x10_s50_c1350", "filtered_exit_2025_ETH_e10_x5_s50_c650", "filtered_exit_2025_ETH_e10_x10_s50_c650", "filtered_exit_2025_ETH_e15_x5_s50_c650", "filtered_exit_2025_ETH_e15_x10_s50_c650", "filtered_exit_2025_ETH_e20_x5_s50_c650", "filtered_exit_2025_ETH_e20_x10_s50_c650", "filtered_exit_2025_combo_e10_x5_s50_btc0.675", "filtered_exit_2025_combo_e10_x10_s50_btc0.675", "filtered_exit_2025_combo_e15_x5_s50_btc0.675", "filtered_exit_2025_combo_e15_x10_s50_btc0.675", "filtered_exit_2025_combo_e20_x5_s50_btc0.675", "filtered_exit_2025_combo_e20_x10_s50_btc0.675", "filtered_exit_2026_BTC_e10_x5_s50_c1350", "filtered_exit_2026_BTC_e10_x10_s50_c1350", "filtered_exit_2026_BTC_e15_x5_s50_c1350", "filtered_exit_2026_BTC_e15_x10_s50_c1350", "filtered_exit_2026_BTC_e20_x5_s50_c1350", "filtered_exit_2026_BTC_e20_x10_s50_c1350", "filtered_exit_2026_ETH_e10_x5_s50_c650", "filtered_exit_2026_ETH_e10_x10_s50_c650", "filtered_exit_2026_ETH_e15_x5_s50_c650", "filtered_exit_2026_ETH_e15_x10_s50_c650", "filtered_exit_2026_ETH_e20_x5_s50_c650", "filtered_exit_2026_ETH_e20_x10_s50_c650", "filtered_exit_2026_combo_e10_x5_s50_btc0.675", "filtered_exit_2026_combo_e15_x5_s50_btc0.675", "filtered_exit_2026_combo_e20_x5_s50_btc0.675"], "grid_passed": ["filtered_alloc_2025_BTC_e10_s50_c1350", "filtered_alloc_2025_BTC_e15_s50_c1350", "filtered_alloc_2025_BTC_e20_s50_c1350", "filtered_alloc_2025_ETH_e10_s50_c650", "filtered_alloc_2025_ETH_e15_s50_c650", "filtered_alloc_2025_ETH_e20_s50_c650", "filtered_alloc_2025_combo_e10_s50_btc0.675", "filtered_alloc_2025_combo_e15_s50_btc0.675", "filtered_alloc_2025_combo_e20_s50_btc0.675", "filtered_exit_2026_combo_e10_x10_s50_btc0.675", "filtered_alloc_2026_combo_e10_s50_btc0.675", "filtered_exit_2026_combo_e15_x10_s50_btc0.675", "filtered_alloc_2026_combo_e15_s50_btc0.675", "filtered_exit_2026_combo_e20_x10_s50_btc0.675", "filtered_alloc_2026_combo_e20_s50_btc0.675"], "both_periods_passed_combination_pairs": [["filtered_alloc_2025_combo_e10_s50_btc0.675", "filtered_alloc_2026_combo_e10_s50_btc0.675"], ["filtered_alloc_2025_combo_e15_s50_btc0.675", "filtered_alloc_2026_combo_e15_s50_btc0.675"], ["filtered_alloc_2025_combo_e20_s50_btc0.675", "filtered_alloc_2026_combo_e20_s50_btc0.675"]], "new_both_periods_passed_combination_pairs": [], "actual_component_fills": 816, "audited_component_fills": 996, "reused_ledger_records_untouched": true, "new_live_orders": 0}
