PASS:all9 cumulative forward scenes exactly reproduced including3913point prefix/time axis and nextstate;noHTTP or ledger write
{"completed": "filtered_alloc_2025_BTC_e10_s50_c1290", "return1": 20.63430638585273, "return3": 18.76287491246511, "minute_DD3": 12.415790549848793}
READ_ONLY_RESULT:filtered_alloc_2025_BTC_e10_s50_c1350
{"completed": "filtered_alloc_2025_BTC_e10_s50_c1410", "return1": 20.63450703758867, "return3": 18.75637463141844, "minute_DD3": 12.413016009989608}
{"completed": "filtered_alloc_2025_BTC_e15_s50_c1290", "return1": 19.557934745193805, "return3": 17.70681355237209, "minute_DD3": 13.195445618834068}
READ_ONLY_RESULT:filtered_alloc_2025_BTC_e15_s50_c1350
{"completed": "filtered_alloc_2025_BTC_e15_s50_c1410", "return1": 19.56203544106383, "return3": 17.70037521586525, "minute_DD3": 13.19279894832045}
{"completed": "filtered_alloc_2025_BTC_e20_s50_c1290", "return1": 18.481814939248054, "return3": 16.646474215480623, "minute_DD3": 12.13249833800929}
READ_ONLY_RESULT:filtered_alloc_2025_BTC_e20_s50_c1350
{"completed": "filtered_alloc_2025_BTC_e20_s50_c1410", "return1": 18.4848501532624, "return3": 16.63976752787233, "minute_DD3": 12.129199909008248}
{"completed": "filtered_alloc_2025_ETH_e10_s50_c710", "return1": 96.8444651584507, "return3": 94.799731223662, "minute_DD3": 20.246049166349277}
READ_ONLY_RESULT:filtered_alloc_2025_ETH_e10_s50_c650
{"completed": "filtered_alloc_2025_ETH_e10_s50_c590", "return1": 96.86842713474577, "return3": 94.79563627932204, "minute_DD3": 20.246292193403338}
{"completed": "filtered_alloc_2025_ETH_e15_s50_c710", "return1": 96.8444651584507, "return3": 94.799731223662, "minute_DD3": 20.246049166349277}
READ_ONLY_RESULT:filtered_alloc_2025_ETH_e15_s50_c650
{"completed": "filtered_alloc_2025_ETH_e15_s50_c590", "return1": 96.86842713474577, "return3": 94.79563627932204, "minute_DD3": 20.246292193403338}
{"completed": "filtered_alloc_2025_ETH_e20_s50_c710", "return1": 95.40073927478872, "return3": 93.3660597225352, "minute_DD3": 20.83054707005042}
READ_ONLY_RESULT:filtered_alloc_2025_ETH_e20_s50_c650
{"completed": "filtered_alloc_2025_ETH_e20_s50_c590", "return1": 95.39973869898304, "return3": 93.37178857932204, "minute_DD3": 20.8312012997936}
{"completed": "filtered_alloc_2025_combo_e10_s50_btc0.645", "return1": 47.68891275012501, "return3": 45.755958902939994, "minute_DD3": 13.095829246374358}
READ_ONLY_RESULT:filtered_alloc_2025_combo_e10_s50_btc0.675
{"completed": "filtered_alloc_2025_combo_e10_s50_btc0.705", "return1": 43.12351346625001, "return3": 41.18795681755001, "minute_DD3": 12.65081474095745}
{"completed": "filtered_alloc_2025_combo_e15_s50_btc0.645", "return1": 46.9946530419, "return3": 45.07479932567999, "minute_DD3": 13.61087915270458}
READ_ONLY_RESULT:filtered_alloc_2025_combo_e15_s50_btc0.675
{"completed": "filtered_alloc_2025_combo_e15_s50_btc0.705", "return1": 42.36742099069999, "return3": 40.443477229585014, "minute_DD3": 13.203933856000827}
{"completed": "filtered_alloc_2025_combo_e20_s50_btc0.645", "return1": 45.78803307836499, "return3": 43.88192707048499, "minute_DD3": 14.128393290151509}
READ_ONLY_RESULT:filtered_alloc_2025_combo_e20_s50_btc0.675
{"completed": "filtered_alloc_2025_combo_e20_s50_btc0.705", "return1": 41.17474227425, "return3": 39.27571373804999, "minute_DD3": 13.530483633823698}
{"completed": "filtered_alloc_2026_BTC_e10_s50_c1290", "return1": 10.502431131922485, "return3": 8.780130323093015, "minute_DD3": 14.594592820664243}
READ_ONLY_RESULT:filtered_alloc_2026_BTC_e10_s50_c1350
{"completed": "filtered_alloc_2026_BTC_e10_s50_c1410", "return1": 10.503551889205687, "return3": 8.77877200344681, "minute_DD3": 14.598467547435378}
{"completed": "filtered_alloc_2026_BTC_e15_s50_c1290", "return1": 10.502431131922485, "return3": 8.780130323093015, "minute_DD3": 14.594592820664243}
READ_ONLY_RESULT:filtered_alloc_2026_BTC_e15_s50_c1350
{"completed": "filtered_alloc_2026_BTC_e15_s50_c1410", "return1": 10.503551889205687, "return3": 8.77877200344681, "minute_DD3": 14.598467547435378}
{"completed": "filtered_alloc_2026_BTC_e20_s50_c1290", "return1": 10.502431131922485, "return3": 8.780130323093015, "minute_DD3": 14.594592820664243}
READ_ONLY_RESULT:filtered_alloc_2026_BTC_e20_s50_c1350
{"completed": "filtered_alloc_2026_BTC_e20_s50_c1410", "return1": 10.503551889205687, "return3": 8.77877200344681, "minute_DD3": 14.598467547435378}
{"completed": "filtered_alloc_2026_ETH_e10_s50_c710", "return1": 29.089813592253535, "return3": 27.733367843943668, "minute_DD3": 14.504596823319494}
READ_ONLY_RESULT:filtered_alloc_2026_ETH_e10_s50_c650
{"completed": "filtered_alloc_2026_ETH_e10_s50_c590", "return1": 29.08414497474576, "return3": 27.73797860661016, "minute_DD3": 14.503014174757345}
{"completed": "filtered_alloc_2026_ETH_e15_s50_c710", "return1": 29.089813592253535, "return3": 27.733367843943668, "minute_DD3": 14.504596823319494}
READ_ONLY_RESULT:filtered_alloc_2026_ETH_e15_s50_c650
{"completed": "filtered_alloc_2026_ETH_e15_s50_c590", "return1": 29.08414497474576, "return3": 27.73797860661016, "minute_DD3": 14.503014174757345}
{"completed": "filtered_alloc_2026_ETH_e20_s50_c710", "return1": 29.089813592253535, "return3": 27.733367843943668, "minute_DD3": 14.504596823319494}
READ_ONLY_RESULT:filtered_alloc_2026_ETH_e20_s50_c650
{"completed": "filtered_alloc_2026_ETH_e20_s50_c590", "return1": 29.08414497474576, "return3": 27.73797860661016, "minute_DD3": 14.503014174757345}
{"completed": "filtered_alloc_2026_combo_e10_s50_btc0.645", "return1": 17.10095190534, "return3": 15.508529642995006, "minute_DD3": 13.17382070436307}
READ_ONLY_RESULT:filtered_alloc_2026_combo_e10_s50_btc0.675
{"completed": "filtered_alloc_2026_combo_e10_s50_btc0.705", "return1": 15.984826849440005, "return3": 14.371737951380004, "minute_DD3": 13.26069068144765}
{"completed": "filtered_alloc_2026_combo_e15_s50_btc0.645", "return1": 17.10095190534, "return3": 15.508529642995006, "minute_DD3": 13.17382070436307}
READ_ONLY_RESULT:filtered_alloc_2026_combo_e15_s50_btc0.675
{"completed": "filtered_alloc_2026_combo_e15_s50_btc0.705", "return1": 15.984826849440005, "return3": 14.371737951380004, "minute_DD3": 13.26069068144765}
{"completed": "filtered_alloc_2026_combo_e20_s50_btc0.645", "return1": 17.10095190534, "return3": 15.508529642995006, "minute_DD3": 13.17382070436307}
READ_ONLY_RESULT:filtered_alloc_2026_combo_e20_s50_btc0.675
{"completed": "filtered_alloc_2026_combo_e20_s50_btc0.705", "return1": 15.984826849440005, "return3": 14.371737951380004, "minute_DD3": 13.26069068144765}
PASS:all108 NEW scenes exactly reproduced and54 EXISTING scenes read-only verified;full54-cell report reproduced;ledger unchanged
{"passed": true, "all_scenes_audited": 162, "new_scenes": 108, "existing_scenes_read_only_audited": 54, "current_or_future_close_perturbations": 72, "NAV_points_audited": 42019884, "joint_channel_pandasEMA_causal_decisions": 19440, "Decimal_fills_independently_checked": 540, "new_actual_fills": 360, "real_minute_data_hashes": 4, "report_sha256": "2b5e17b2b1800e018f2f754ca69e4ecdd7f7c7780e1501200745c2939c1e875a", "forward_plan_unchanged": true, "pandas_version": "2.2.3"}
{"passed": true, "forward_scenes": 9, "new_closed_marks_per_asset": 840, "cumulative_minutes": 3909, "complete_days": 2, "NAV_points_per_scene": 3913, "original_NAV_prefix": 3073, "new_daily_decisions": 0, "new_reference_points": 0, "new_executions": 0, "original_cash_units_desired_trades_costs_unchanged": true, "next_daily_decision_utc": "2026-10-05T00:01:00Z", "report_sha256": "ffed106b41cf2b85ea42bf6aba112bc578aef00128bcbd01b8646082203af084"}
PASS: new parameters/weights and missing-result retries are allowed; exact/reordered completed trials stay blocked
