filtered_alloc_2025_BTC_e10_s50_c1290 0 7d2eb8da9c0d1b2913d32841eef5a6f3a49951dffcaf0e6cc28d1096adb6952a
READ_ONLY_EXACT filtered_alloc_2025_BTC_e10_s50_c1350
filtered_alloc_2025_BTC_e10_s50_c1410 0 56b600ae54672b9a50a1b37667b22b88eab1953c791ed8cfa2f64b6ba89394b2
filtered_alloc_2025_BTC_e15_s50_c1290 0 ee840c952ccffa9488cb73d1cde62fb071f697bdfd00c9ece372c5d28189a3ed
READ_ONLY_EXACT filtered_alloc_2025_BTC_e15_s50_c1350
filtered_alloc_2025_BTC_e15_s50_c1410 0 f407c4ccbfb2e04685705f9864ec0be9b327321266ef806a47f3f42ad09712c0
filtered_alloc_2025_BTC_e20_s50_c1290 0 ded5ab36fbc51263bd49e52cca5aa95f2f7e0f7002f50971ca0223030f89c22c
READ_ONLY_EXACT filtered_alloc_2025_BTC_e20_s50_c1350
filtered_alloc_2025_BTC_e20_s50_c1410 0 b9c0e4e45b3f8bdea4f4a58e5c534edb103807be8d4817cdb5428b7e7b3f9055
filtered_alloc_2025_ETH_e10_s50_c710 0 f0701a96842ce7354644dc9f9240f2c0dbff1f4d849e925198c92750d1c0a0b7
READ_ONLY_EXACT filtered_alloc_2025_ETH_e10_s50_c650
filtered_alloc_2025_ETH_e10_s50_c590 0 697b108666ebd468f6f6dcad2d7a463d40a77a34245dd6c87d9a949ce70314f7
filtered_alloc_2025_ETH_e15_s50_c710 0 e3dc17f35d387c8855e2a57b24a0203321770de770fdc75ae79a96179e11158e
READ_ONLY_EXACT filtered_alloc_2025_ETH_e15_s50_c650
filtered_alloc_2025_ETH_e15_s50_c590 0 62a690b4cb9f546aca080a56f4d5543957c6b8a4ca6f57d80210d0ab4dd50bd0
filtered_alloc_2025_ETH_e20_s50_c710 0 b3c1724b630c0e990a9e5f7d40f5396b0f58fc83e1e63e0f097e46d5a0e36e03
READ_ONLY_EXACT filtered_alloc_2025_ETH_e20_s50_c650
filtered_alloc_2025_ETH_e20_s50_c590 0 7c75c9efe6de2e8e90abc4b8e54683385e7f8bac86b892594245abb4f10408fc
filtered_alloc_2025_combo_e10_s50_btc0.645 0 44fb0e0df957589b189820d62f8d6f6066d86adb029227a3a3fc452725f76364
READ_ONLY_EXACT filtered_alloc_2025_combo_e10_s50_btc0.675
filtered_alloc_2025_combo_e10_s50_btc0.705 0 082220d612bcb701ead28acc6c681d0506af3d0bb8e768073228f161360f9dd8
filtered_alloc_2025_combo_e15_s50_btc0.645 0 1c01bcb59c0ab3d4de875d7c58486696c9a146e4b5c0088c72e2461e2b7a9ce1
READ_ONLY_EXACT filtered_alloc_2025_combo_e15_s50_btc0.675
filtered_alloc_2025_combo_e15_s50_btc0.705 0 c843d9a3b240e906e508530345611e426f5f0db39b2733c8a20a96e00d381e10
filtered_alloc_2025_combo_e20_s50_btc0.645 0 54489d4883ee51f03f8897a50ee0c43dbee891eca4efb0aaeb379b12905bf861
READ_ONLY_EXACT filtered_alloc_2025_combo_e20_s50_btc0.675
filtered_alloc_2025_combo_e20_s50_btc0.705 0 37cce2a91d0248315af825db9530e42f6da76721bccbe293555ffb9219b3d40d
filtered_alloc_2026_BTC_e10_s50_c1290 0 098f0608e7c0e0e996f43a656121f5628dcb89075ff6628a94052e11525a6ebc
READ_ONLY_EXACT filtered_alloc_2026_BTC_e10_s50_c1350
filtered_alloc_2026_BTC_e10_s50_c1410 0 d2ca9e6677366e0b53cc11b4d76dfc956758ff5226c2b161c3c9a221b1edaf41
filtered_alloc_2026_BTC_e15_s50_c1290 0 2cbc9cfef2f25c02216afb52f1265e0a07b6d85d7fda538a6fed83cce18fe0a1
READ_ONLY_EXACT filtered_alloc_2026_BTC_e15_s50_c1350
filtered_alloc_2026_BTC_e15_s50_c1410 0 7b07db6690061ae68cfb26e2ea4f613c9a43502245d9b8f8287246e76557d58f
filtered_alloc_2026_BTC_e20_s50_c1290 0 8128c21101a6ac8fb5c1a6a9571bc37d4b222e460e9b08888fea581396b04240
READ_ONLY_EXACT filtered_alloc_2026_BTC_e20_s50_c1350
filtered_alloc_2026_BTC_e20_s50_c1410 0 994bb0457fff589a605345487258b3f028e7250c8b21446b323647def0d43d4c
filtered_alloc_2026_ETH_e10_s50_c710 0 aa93d38fa6c07783becf17b4e271e7865224474298e512300e9418a23a2b860b
READ_ONLY_EXACT filtered_alloc_2026_ETH_e10_s50_c650
filtered_alloc_2026_ETH_e10_s50_c590 0 5e72d7364cd15bbdaea434c14d1770e4b65d2181fdcdcd6720f7c6cde817e084
filtered_alloc_2026_ETH_e15_s50_c710 0 5559badc0774d60254523ff549da14ab6687877ace2f25fcca5f15944d9b4cbf
READ_ONLY_EXACT filtered_alloc_2026_ETH_e15_s50_c650
filtered_alloc_2026_ETH_e15_s50_c590 0 c305e8d0e5fe7562b4c339bb5ae3aeba486b64b94bbd07216eaf1853092f76b7
filtered_alloc_2026_ETH_e20_s50_c710 0 adbd039750953f760daccb2f0e9a5ffe82dccca3a65641bac71cb233975c0d39
READ_ONLY_EXACT filtered_alloc_2026_ETH_e20_s50_c650
filtered_alloc_2026_ETH_e20_s50_c590 0 a151e7d7164ffc518d70be0caf22b691aabad4828d4866f00187c3ae1fcacafd
filtered_alloc_2026_combo_e10_s50_btc0.645 0 46cecc938f395937d37b8635caf111b358cbbe201b12c8da89b7bd5683cda294
READ_ONLY_EXACT filtered_alloc_2026_combo_e10_s50_btc0.675
filtered_alloc_2026_combo_e10_s50_btc0.705 0 4404ca4b06fc91708a28a6537d1a81f93495738c2223eeaeabfdc6b668db328f
filtered_alloc_2026_combo_e15_s50_btc0.645 0 aa106d4037c453948c77d02c49ac4915bd020360bf82d76cae655f8ae7e1015c
READ_ONLY_EXACT filtered_alloc_2026_combo_e15_s50_btc0.675
filtered_alloc_2026_combo_e15_s50_btc0.705 0 708112780b083e73dab22dd2b735c4182e0c064509b0c9517d8f3737a807c720
filtered_alloc_2026_combo_e20_s50_btc0.645 0 b3bb568ce3c56ea5f8481536066ff4aab9f12274692eadb1c5ff269a5fe05358
READ_ONLY_EXACT filtered_alloc_2026_combo_e20_s50_btc0.675
filtered_alloc_2026_combo_e20_s50_btc0.705 0 7e65fb2b48713facf87159e6f4d31c09a12eeee2d193446661b7d506419fd2da
forward_snapshot_BTC 0 36047a50046a1ee33517b780cf74222411f7bd220e0dbd1844d0f78b49503e6f
forward_snapshot_ETH 0 dec20fd2f2c98aa16536ccb73d4472f26775fd9fcbbac5fa7659f3d842c8ba59
forward_snapshot_combo 0 aa421fad3aedba3970ef489b22c356566bb48baa43fcab306145f11ccdf898c8
PASS:36new actual-capital historical and3new cutoff configurations reserved;18existing60/40 exact definitions read-only.
