{"completed": "fundalloc_2025_BTC_vol30_r1_c900", "return1_pct": 20.167689476888874, "return3_pct": 18.309262139466664, "DD3_pct": 12.130713596371878}
{"completed": "fundalloc_2025_ETH_s30_b0.0125_c1100", "return1_pct": 146.41460006372728, "return3_pct": 143.8220648691818, "DD3_pct": 20.249686426093326}
{"completed": "fundalloc_2025_ETH_s33_b0.0125_c1100", "return1_pct": 141.66394680745458, "return3_pct": 139.12697206090908, "DD3_pct": 20.24954219211963}
{"completed": "fundalloc_2025_ETH_s35_b0.0125_c1100", "return1_pct": 141.66394680745458, "return3_pct": 139.12697206090908, "DD3_pct": 20.24954219211963}
{"completed": "fundalloc_2025_BTC_vol30_r1_c1050", "return1_pct": 20.1787103149619, "return3_pct": 18.29723838977142, "DD3_pct": 12.12542081772211}
{"completed": "fundalloc_2025_ETH_s30_b0.0125_c950", "return1_pct": 146.41317077305263, "return3_pct": 143.84207367652633, "DD3_pct": 20.250180298043386}
{"completed": "fundalloc_2025_ETH_s33_b0.0125_c950", "return1_pct": 141.65925080442102, "return3_pct": 139.14153989505263, "DD3_pct": 20.249349086376668}
{"completed": "fundalloc_2025_ETH_s35_b0.0125_c950", "return1_pct": 141.65925080442102, "return3_pct": 139.14153989505263, "DD3_pct": 20.249349086376668}
READ_ONLY_RESULT:fundalloc_2025_BTC_vol30_r1_c1200
READ_ONLY_RESULT:fundalloc_2025_ETH_s30_b0.0125_c800
READ_ONLY_RESULT:fundalloc_2025_ETH_s33_b0.0125_c800
READ_ONLY_RESULT:fundalloc_2025_ETH_s35_b0.0125_c800
{"completed": "fundalloc_2026_BTC_vol30_r1_c900", "return1_pct": 25.23136962522221, "return3_pct": 23.935361965322222, "DD3_pct": 13.066248685739035}
{"completed": "fundalloc_2026_ETH_s30_b0.0125_c1100", "return1_pct": 41.158298253636374, "return3_pct": 39.682355889, "DD3_pct": 11.21370346493874}
{"completed": "fundalloc_2026_ETH_s33_b0.0125_c1100", "return1_pct": 41.158298253636374, "return3_pct": 39.682355889, "DD3_pct": 11.21370346493874}
{"completed": "fundalloc_2026_ETH_s35_b0.0125_c1100", "return1_pct": 39.54235707181819, "return3_pct": 38.086142899636364, "DD3_pct": 12.229440013627013}
{"completed": "fundalloc_2026_BTC_vol30_r1_c1050", "return1_pct": 25.234563221933335, "return3_pct": 23.934565219009517, "DD3_pct": 13.063516787149776}
{"completed": "fundalloc_2026_ETH_s30_b0.0125_c950", "return1_pct": 41.159468555157886, "return3_pct": 39.68682838989472, "DD3_pct": 11.214000855147665}
{"completed": "fundalloc_2026_ETH_s33_b0.0125_c950", "return1_pct": 41.159468555157886, "return3_pct": 39.68682838989472, "DD3_pct": 11.214000855147665}
{"completed": "fundalloc_2026_ETH_s35_b0.0125_c950", "return1_pct": 39.54483178421053, "return3_pct": 38.085633286526324, "DD3_pct": 12.229850140796506}
READ_ONLY_RESULT:fundalloc_2026_BTC_vol30_r1_c1200
READ_ONLY_RESULT:fundalloc_2026_ETH_s30_b0.0125_c800
READ_ONLY_RESULT:fundalloc_2026_ETH_s33_b0.0125_c800
READ_ONLY_RESULT:fundalloc_2026_ETH_s35_b0.0125_c800
{"completed": "fundalloc_2025_btc0.45_ethS30_b0.0125", "return1_pct": 89.60349029965, "return3_pct": 87.34130364080997, "DD3_pct": 16.39841937035058}
{"completed": "fundalloc_2025_btc0.45_ethS33_b0.0125", "return1_pct": 86.99063100870002, "return3_pct": 84.75900259626002, "DD3_pct": 16.352225634732022}
{"completed": "fundalloc_2025_btc0.45_ethS35_b0.0125", "return1_pct": 86.99063100870002, "return3_pct": 84.75900259626002, "DD3_pct": 16.352225634732022}
{"completed": "fundalloc_2025_btc0.525_ethS30_b0.0125", "return1_pct": 80.14007903255502, "return3_pct": 77.93103515098001, "DD3_pct": 15.6663548768888}
{"completed": "fundalloc_2025_btc0.525_ethS33_b0.0125", "return1_pct": 77.881967047455, "return3_pct": 75.69828160478001, "DD3_pct": 15.61757649977994}
{"completed": "fundalloc_2025_btc0.525_ethS35_b0.0125", "return1_pct": 77.881967047455, "return3_pct": 75.69828160478001, "DD3_pct": 15.61757649977994}
READ_ONLY_RESULT:fundalloc_2025_btc0.6_ethS30_b0.0125
READ_ONLY_RESULT:fundalloc_2025_btc0.6_ethS33_b0.0125
READ_ONLY_RESULT:fundalloc_2025_btc0.6_ethS35_b0.0125
{"completed": "fundalloc_2026_btc0.45_ethS30_b0.0125", "return1_pct": 33.99118037085, "return3_pct": 32.596208623345, "DD3_pct": 11.28836953328346}
{"completed": "fundalloc_2026_btc0.45_ethS33_b0.0125", "return1_pct": 33.99118037085, "return3_pct": 32.596208623345, "DD3_pct": 11.28836953328346}
{"completed": "fundalloc_2026_btc0.45_ethS35_b0.0125", "return1_pct": 33.10241272085, "return3_pct": 31.718291479195003, "DD3_pct": 11.839853958308}
{"completed": "fundalloc_2026_btc0.525_ethS30_b0.0125", "return1_pct": 32.79889325521499, "return3_pct": 31.416890225179994, "DD3_pct": 11.536127390470806}
{"completed": "fundalloc_2026_btc0.525_ethS33_b0.0125", "return1_pct": 32.79889325521499, "return3_pct": 31.416890225179994, "DD3_pct": 11.536127390470806}
{"completed": "fundalloc_2026_btc0.525_ethS35_b0.0125", "return1_pct": 32.03194078901501, "return3_pct": 30.656322551080017, "DD3_pct": 12.010195596161143}
READ_ONLY_RESULT:fundalloc_2026_btc0.6_ethS30_b0.0125
READ_ONLY_RESULT:fundalloc_2026_btc0.6_ethS33_b0.0125
READ_ONLY_RESULT:fundalloc_2026_btc0.6_ethS35_b0.0125
{"new_configs": 28, "new_component_configs": 16, "new_combination_configs": 12, "new_cost_scenes": 84, "new_minute_NAV_points": 21788088, "old_component_configs_read_only": 8, "old_component_cost_scenes_read_only": 24, "old_combination_configs_read_only": 6, "old_combination_cost_scenes_read_only": 18, "positive_1x": 28, "positive_3x": 28, "passed": ["fundalloc_2025_BTC_vol30_r1_c900", "fundalloc_2025_ETH_s30_b0.0125_c1100", "fundalloc_2025_ETH_s33_b0.0125_c1100", "fundalloc_2025_ETH_s35_b0.0125_c1100", "fundalloc_2025_BTC_vol30_r1_c1050", "fundalloc_2025_ETH_s30_b0.0125_c950", "fundalloc_2025_ETH_s33_b0.0125_c950", "fundalloc_2025_ETH_s35_b0.0125_c950", "fundalloc_2026_BTC_vol30_r1_c900", "fundalloc_2026_BTC_vol30_r1_c1050", "fundalloc_2025_btc0.45_ethS30_b0.0125", "fundalloc_2025_btc0.45_ethS33_b0.0125", "fundalloc_2025_btc0.45_ethS35_b0.0125", "fundalloc_2025_btc0.525_ethS30_b0.0125", "fundalloc_2025_btc0.525_ethS33_b0.0125", "fundalloc_2025_btc0.525_ethS35_b0.0125", "fundalloc_2026_btc0.525_ethS30_b0.0125", "fundalloc_2026_btc0.525_ethS33_b0.0125", "fundalloc_2026_btc0.525_ethS35_b0.0125"], "rejected": ["fundalloc_2026_ETH_s30_b0.0125_c1100", "fundalloc_2026_ETH_s33_b0.0125_c1100", "fundalloc_2026_ETH_s35_b0.0125_c1100", "fundalloc_2026_ETH_s30_b0.0125_c950", "fundalloc_2026_ETH_s33_b0.0125_c950", "fundalloc_2026_ETH_s35_b0.0125_c950", "fundalloc_2026_btc0.45_ethS30_b0.0125", "fundalloc_2026_btc0.45_ethS33_b0.0125", "fundalloc_2026_btc0.45_ethS35_b0.0125"], "new_both_periods_passed_combination_pairs": [["fundalloc_2025_btc0.525_ethS30_b0.0125", "fundalloc_2026_btc0.525_ethS30_b0.0125"], ["fundalloc_2025_btc0.525_ethS33_b0.0125", "fundalloc_2026_btc0.525_ethS33_b0.0125"], ["fundalloc_2025_btc0.525_ethS35_b0.0125", "fundalloc_2026_btc0.525_ethS35_b0.0125"]], "both_periods_passed_combination_pairs": [["fundalloc_2025_btc0.525_ethS30_b0.0125", "fundalloc_2026_btc0.525_ethS30_b0.0125"], ["fundalloc_2025_btc0.525_ethS33_b0.0125", "fundalloc_2026_btc0.525_ethS33_b0.0125"], ["fundalloc_2025_btc0.525_ethS35_b0.0125", "fundalloc_2026_btc0.525_ethS35_b0.0125"], ["fundalloc_2025_btc0.6_ethS30_b0.0125", "fundalloc_2026_btc0.6_ethS30_b0.0125"], ["fundalloc_2025_btc0.6_ethS33_b0.0125", "fundalloc_2026_btc0.6_ethS33_b0.0125"], ["fundalloc_2025_btc0.6_ethS35_b0.0125", "fundalloc_2026_btc0.6_ethS35_b0.0125"]], "new_component_fills": 204, "read_only_component_fills": 102, "new_live_orders": 0}
