fundalloc_2025_BTC_vol30_r1_c900 passed 0 bf3f888bc33ba2afeacbafb835d0f0a848964193e19f6751e83c2815d2ffeb3d
fundalloc_2025_ETH_s30_b0.0125_c1100 passed 0 c393be19d3d19ab9eb307629c845478dc345ca6e564e6e715bd6080cf73dbde9
fundalloc_2025_ETH_s33_b0.0125_c1100 passed 0 d9d6c26c0f724ec3d6569b29c653a1026cfc6c63a2ea3a26600d03e2a7ba47d7
fundalloc_2025_ETH_s35_b0.0125_c1100 passed 0 6a5d4f874dd0991dce72971da4755430916b7be103d587a680b384df037a8211
fundalloc_2025_BTC_vol30_r1_c1050 passed 0 e08585004f40287b99be8e9d59f183258835542b2ee680fdd222254486368136
fundalloc_2025_ETH_s30_b0.0125_c950 passed 0 8fa606905797458a3c4867e8e0894fac94d57f87d6feb89d3d787d7a8df8168a
fundalloc_2025_ETH_s33_b0.0125_c950 passed 0 7fa48bb4924e075034b2f57d7b764b86ac3ebe24bf89b6ed9cb4c30c12fa81cf
fundalloc_2025_ETH_s35_b0.0125_c950 passed 0 b909e4944089ac8744d79675df82c7952bec1cb5112ff13ca5b5d264c6771bc1
fundalloc_2026_BTC_vol30_r1_c900 passed 0 224905baf2748125c5c97ea258fb7c9b71f204892097f0fdbd39d5b23a0d8236
fundalloc_2026_ETH_s30_b0.0125_c1100 rejected 0 38717eb5cfb15903edbac917715f6a78c91d2da8ad5503e94b2365c12307ad4d
fundalloc_2026_ETH_s33_b0.0125_c1100 rejected 0 5826259b7e36ceea09fd216ddd9267c0123636d0f165b1a44618e59125159a33
fundalloc_2026_ETH_s35_b0.0125_c1100 rejected 0 0eb9c33ed30062917f78f5d7e445d95c0e3e25238c0ed2c2560a4861209d757a
fundalloc_2026_BTC_vol30_r1_c1050 passed 0 4d61d7b2b0812f5bb98f4a0543c95d0e6db6fdd84f99fab0a2b64cf5d8eccea0
fundalloc_2026_ETH_s30_b0.0125_c950 rejected 0 c51b0dce34edf0df176621e977b38e280b95a82f5788eaa433ca124450935125
fundalloc_2026_ETH_s33_b0.0125_c950 rejected 0 07ac522e8cedb1ff7e50e7229340195a2f9ef8da79108cfa4f4f3a485fef0c79
fundalloc_2026_ETH_s35_b0.0125_c950 rejected 0 0709b103963bde0be18d81487ad4195443d9bddee3e177dd9e25754ff9b8152e
fundalloc_2025_btc0.45_ethS30_b0.0125 passed 0 5543b3d6efeecc7c15afb33c0e9a597dc6ca87aecc4affcfd4950da1945b74fa
fundalloc_2025_btc0.45_ethS33_b0.0125 passed 0 728e46eb2b1b4376d8cb0cc4cc5c4f71c8fb4b72a096742e1ca4d80a56aad8ec
fundalloc_2025_btc0.45_ethS35_b0.0125 passed 0 9bba7d32926f96dd6ab3bbaa4733776e51e4419b7c1b88f384a23a9b3026a553
fundalloc_2025_btc0.525_ethS30_b0.0125 passed 0 b8c5028bb3f0a22c52eb583cc6619dccc0be5ffa6579c10b1b6f9229c4c929ca
fundalloc_2025_btc0.525_ethS33_b0.0125 passed 0 1a76ceded2e794284048439f016bc433246f16b896b170c9782a1560f9d08374
fundalloc_2025_btc0.525_ethS35_b0.0125 passed 0 e7f450a5eb8ccdaccbed58d6b6fbc66df83a300b92aae641fbcac829fb71eb97
fundalloc_2026_btc0.45_ethS30_b0.0125 rejected 0 07e01be63b2496d76d5b3c465329eff8b05323b1e8b64ca11c00138157add7b3
fundalloc_2026_btc0.45_ethS33_b0.0125 rejected 0 56e95100769b244bf42574ca835614c199463616c7f2f661a6871d25ef4548df
fundalloc_2026_btc0.45_ethS35_b0.0125 rejected 0 519ede34e0d750ce869265e928be3e03936b1247fac281c20ff260b7abc86aa7
fundalloc_2026_btc0.525_ethS30_b0.0125 passed 0 26ee8abf5d895c14a48015b8a8460cee2b37840998a37be9f5d4dc3aa83deeaf
fundalloc_2026_btc0.525_ethS33_b0.0125 passed 0 9f4e81d70c2c28656996fc7909723768c244d2953ac770714a7bd2b54cf647e3
fundalloc_2026_btc0.525_ethS35_b0.0125 passed 0 b670af181f2d17176d400f1946904f95cf71479b3719e2c7585d7622656a1336
forward_snapshot_BTC rejected 0 b3f700d648fbcfc03e12327fd90e7532d1aaf9549a9c02d471e1bcda63cba810
forward_snapshot_ETH rejected 0 af685c02f1fd40026eb7746f50da6bc57e269e9ebce6aa3a42ccac39bb6d709d
forward_snapshot_combo rejected 0 2972e23f649c062747326b6573889e81cea593bf65873e7cbc1180ddfe7675d3
