volratio_2025_BTC_n30_r0.9_e15_x30_c1500 0 2426bc10094435ae8aaccf148f1fd7f97a024cff33f51c438230fbd035f1b5f6
volratio_2025_BTC_n30_r1.1_e15_x30_c1500 0 0e30c5c924ecc56248d6a3362e99a168bea28a4c8da325e855af8c33bb94b560
volratio_2025_BTC_n40_r0.9_e15_x30_c1500 0 b8bf21fd391e02ccd3f3e6eed7f7a956894011903dd5a7d0d5877041116f258b
volratio_2025_BTC_n40_r1_e15_x30_c1500 0 54e1302b0ffcceb5b4550f121fa1d5fd385ec7f3d91c47dd117221c2a4136b6f
volratio_2025_BTC_n40_r1.1_e15_x30_c1500 0 2c350cdbb3cd4882613fd8a0e427b17d124aadfc98b4b662f28a80013e9b124e
volratio_2025_BTC_n50_r0.9_e15_x30_c1500 0 c35460c48f67a7397016be93e3cbfe11a814a890c80763e419762ba3dc464df7
volratio_2025_BTC_n50_r1_e15_x30_c1500 0 fb8f3ba7540fe1ab35b89adf7b78dec6d058bda130527b5717cee683b9afe2e7
volratio_2025_BTC_n50_r1.1_e15_x30_c1500 0 ed3e8b3278663700e4e9f3a2b738adb676e74953b81a5ad1f61a1d3ca482a7df
volratio_2026_BTC_n30_r0.9_e15_x30_c1500 0 6882d7a9ee95e349b5139a67817633336c3b01d90522a709f12fd01a646ca610
volratio_2026_BTC_n30_r1.1_e15_x30_c1500 0 fb7d928879eb293af8c4e83b951c17f36c93644d42a4312c16f33d1ac0b7a06e
volratio_2026_BTC_n40_r0.9_e15_x30_c1500 0 eac7c0e0b85131b979b3e4e4db62a9ffa745c54becd84f17c528c0385b87ea45
volratio_2026_BTC_n40_r1_e15_x30_c1500 0 042fd412ffa52811ccf1ca5b781ad2094d38f82e7ee20b6aa013d3e9085d2983
volratio_2026_BTC_n40_r1.1_e15_x30_c1500 0 3c0359627a8d527439109a65d98f7e669102b633b7ab4e7cf8dbb9abd111e7d9
volratio_2026_BTC_n50_r0.9_e15_x30_c1500 0 fa427ccc0e50952ce992044a54a61f6092ac1901927e14920dc9d93f1bb85a8f
volratio_2026_BTC_n50_r1_e15_x30_c1500 0 516a00aa42ad855b06ac4a4895499704bcceb282a7c942d23a61ad1f9132169e
volratio_2026_BTC_n50_r1.1_e15_x30_c1500 0 3f3c22ec96308c14102905ef2aa81a20825d4aa39a16ab9effb96bfaa903c173
volratio_channel_2025_n30_r0.9_btc0.75 0 6bf27efd7d3760a85dc73e92e27de4949a06bfa3b8bbf7d0f870a4872c4a37ac
volratio_channel_2025_n30_r1.1_btc0.75 0 7ca109be0ff3c6cb2490f1037c7466382d066035a66cc6297cd73d6770f49181
volratio_channel_2025_n40_r0.9_btc0.75 0 cd25f5b59b0c8aff0f5b7ff69a4491ff6aae33fd9f460bd3e2918592d481185b
volratio_channel_2025_n40_r1_btc0.75 0 2194ac3941db1c1fff6652e8d1a92e287751100a014f5d212c9c70ddaa94da75
volratio_channel_2025_n40_r1.1_btc0.75 0 a96618c9e20eb696fc2538103823f926731cf343c24d4f29d7d1b403a2f1db55
volratio_channel_2025_n50_r0.9_btc0.75 0 b2db2e1280b97717e858291e5244ae5a301842f58d523d2932f7ba68516d8884
volratio_channel_2025_n50_r1_btc0.75 0 ebf7a48100d95c9440f307d82731ce839a3eddfb42b9da0813d8086d760042b3
volratio_channel_2025_n50_r1.1_btc0.75 0 ae87311971be02ee5831e008a680dc9d6ac3efde5a73bb62ab40997909f45b1b
volratio_channel_2026_n30_r0.9_btc0.75 0 8f19289c3603a9e8f46c521a5930b5a85995baae45f9f586dd99f78ddb9e3519
volratio_channel_2026_n30_r1.1_btc0.75 0 41e73de9ddff403192bac7ef4657cf85696d537141234d53002d6f3dae783cc8
volratio_channel_2026_n40_r0.9_btc0.75 0 0f35101700859a4030a5a66879a6f32bab56d42eda502abd50c56201b23e395d
volratio_channel_2026_n40_r1_btc0.75 0 ae822cbd682c923ed859951c402706104be004601bac0ceefaeaaeb2abd2dc87
volratio_channel_2026_n40_r1.1_btc0.75 0 b207922238e43ea2b3d4a0f5cb8373cf74769af20e7afe403b1bd1fafb6ce6b2
volratio_channel_2026_n50_r0.9_btc0.75 0 d0976c7c4325b9f2e47150e342b8dab7b5d3ec4243d366f448b1f78b0ded8cad
volratio_channel_2026_n50_r1_btc0.75 0 49211c7a9e8c84114266ee0a04efa6f4ac564324854317c19ed3ef1931eab573
volratio_channel_2026_n50_r1.1_btc0.75 0 099140643f79a650c965dca2ded44e1322bc68f2df5c166ae9a306f3468e8894
forward_snapshot_BTC 0 aa03c0acc1c6a1ed114a1d10f39a06373405d08c42fe94d6c80bca2a48b34d88
forward_snapshot_ETH 0 127b6675deaba05962bde9e18623cb446849e3694a118fa9b32558d3e52bc8d3
forward_snapshot_combo 0 60f20b65e68192480902e06033b6e4d8075ba181ff0c12275aeec3de449ca39f
PASS:32new historical configs+3legacy cutoffs reserved before any calculation;4oldcomponents+2oldportfolios read-only.
