{"completed": "volratio_2025_BTC_n30_r0.9_e15_x30_c1500", "return1_pct": 7.419815825906673, "return3_pct": 5.189158915533332, "DD3_pct": 12.769765457273119}
READ_ONLY_RESULT:volratio_2025_BTC_n30_r1_e15_x30_c1500
{"completed": "volratio_2025_BTC_n30_r1.1_e15_x30_c1500", "return1_pct": 20.17424939675334, "return3_pct": 18.29838700230666, "DD3_pct": 12.127073204350225}
{"completed": "volratio_2025_BTC_n40_r0.9_e15_x30_c1500", "return1_pct": 7.419815825906673, "return3_pct": 5.189158915533332, "DD3_pct": 12.769765457273119}
{"completed": "volratio_2025_BTC_n40_r1_e15_x30_c1500", "return1_pct": 7.419815825906673, "return3_pct": 5.189158915533332, "DD3_pct": 12.769765457273119}
{"completed": "volratio_2025_BTC_n40_r1.1_e15_x30_c1500", "return1_pct": 20.17424939675334, "return3_pct": 18.29838700230666, "DD3_pct": 12.127073204350225}
{"completed": "volratio_2025_BTC_n50_r0.9_e15_x30_c1500", "return1_pct": 7.419815825906673, "return3_pct": 5.189158915533332, "DD3_pct": 12.769765457273119}
{"completed": "volratio_2025_BTC_n50_r1_e15_x30_c1500", "return1_pct": 20.17424939675334, "return3_pct": 18.29838700230666, "DD3_pct": 12.127073204350225}
{"completed": "volratio_2025_BTC_n50_r1.1_e15_x30_c1500", "return1_pct": 17.60364599294666, "return3_pct": 15.766177973919993, "DD3_pct": 12.127073204350225}
{"completed": "volratio_2026_BTC_n30_r0.9_e15_x30_c1500", "return1_pct": 25.242292755679998, "return3_pct": 23.928268019813338, "DD3_pct": 13.064537020323208}
READ_ONLY_RESULT:volratio_2026_BTC_n30_r1_e15_x30_c1500
{"completed": "volratio_2026_BTC_n30_r1.1_e15_x30_c1500", "return1_pct": 25.242292755679998, "return3_pct": 23.928268019813338, "DD3_pct": 13.064537020323208}
{"completed": "volratio_2026_BTC_n40_r0.9_e15_x30_c1500", "return1_pct": 25.242292755679998, "return3_pct": 23.928268019813338, "DD3_pct": 13.064537020323208}
{"completed": "volratio_2026_BTC_n40_r1_e15_x30_c1500", "return1_pct": 25.242292755679998, "return3_pct": 23.928268019813338, "DD3_pct": 13.064537020323208}
{"completed": "volratio_2026_BTC_n40_r1.1_e15_x30_c1500", "return1_pct": 23.354745896553332, "return3_pct": 22.066261151626666, "DD3_pct": 13.345935369194894}
{"completed": "volratio_2026_BTC_n50_r0.9_e15_x30_c1500", "return1_pct": 25.242292755679998, "return3_pct": 23.928268019813338, "DD3_pct": 13.064537020323208}
{"completed": "volratio_2026_BTC_n50_r1_e15_x30_c1500", "return1_pct": 25.242292755679998, "return3_pct": 23.928268019813338, "DD3_pct": 13.064537020323208}
{"completed": "volratio_2026_BTC_n50_r1.1_e15_x30_c1500", "return1_pct": 25.242292755679998, "return3_pct": 23.928268019813338, "DD3_pct": 13.064537020323208}
READ_ONLY_RESULT:channel_2025_ETH_e15_x30
READ_ONLY_RESULT:channel_2026_ETH_e15_x30
{"completed": "volratio_channel_2025_n30_r0.9_btc0.75", "return1_pct": 34.548185688830024, "return3_pct": 32.033184087600006, "DD3_pct": 13.308984134371082}
READ_ONLY_RESULT:volratio_channel_2025_n30_r1_btc0.75
{"completed": "volratio_channel_2025_n30_r1.1_btc0.75", "return1_pct": 44.114010866965, "return3_pct": 41.86510515268, "DD3_pct": 13.09690003467976}
{"completed": "volratio_channel_2025_n40_r0.9_btc0.75", "return1_pct": 34.548185688830024, "return3_pct": 32.033184087600006, "DD3_pct": 13.308984134371082}
{"completed": "volratio_channel_2025_n40_r1_btc0.75", "return1_pct": 34.548185688830024, "return3_pct": 32.033184087600006, "DD3_pct": 13.308984134371082}
{"completed": "volratio_channel_2025_n40_r1.1_btc0.75", "return1_pct": 44.114010866965, "return3_pct": 41.86510515268, "DD3_pct": 13.09690003467976}
{"completed": "volratio_channel_2025_n50_r0.9_btc0.75", "return1_pct": 34.548185688830024, "return3_pct": 32.033184087600006, "DD3_pct": 13.308984134371082}
{"completed": "volratio_channel_2025_n50_r1_btc0.75", "return1_pct": 44.114010866965, "return3_pct": 41.86510515268, "DD3_pct": 13.09690003467976}
{"completed": "volratio_channel_2025_n50_r1.1_btc0.75", "return1_pct": 42.18605831411, "return3_pct": 39.96594838138998, "DD3_pct": 12.298905826973217}
{"completed": "volratio_channel_2026_n30_r0.9_btc0.75", "return1_pct": 28.630679351360012, "return3_pct": 27.28307936531, "DD3_pct": 12.630031506070583}
READ_ONLY_RESULT:volratio_channel_2026_n30_r1_btc0.75
{"completed": "volratio_channel_2026_n30_r1.1_btc0.75", "return1_pct": 28.630679351360012, "return3_pct": 27.28307936531, "DD3_pct": 12.630031506070583}
{"completed": "volratio_channel_2026_n40_r0.9_btc0.75", "return1_pct": 28.630679351360012, "return3_pct": 27.28307936531, "DD3_pct": 12.630031506070583}
{"completed": "volratio_channel_2026_n40_r1_btc0.75", "return1_pct": 28.630679351360012, "return3_pct": 27.28307936531, "DD3_pct": 12.630031506070583}
{"completed": "volratio_channel_2026_n40_r1.1_btc0.75", "return1_pct": 27.21501920701501, "return3_pct": 25.88657421417002, "DD3_pct": 11.443922522645467}
{"completed": "volratio_channel_2026_n50_r0.9_btc0.75", "return1_pct": 28.630679351360012, "return3_pct": 27.28307936531, "DD3_pct": 12.630031506070583}
{"completed": "volratio_channel_2026_n50_r1_btc0.75", "return1_pct": 28.630679351360012, "return3_pct": 27.28307936531, "DD3_pct": 12.630031506070583}
{"completed": "volratio_channel_2026_n50_r1.1_btc0.75", "return1_pct": 28.630679351360012, "return3_pct": 27.28307936531, "DD3_pct": 12.630031506070583}
{"new_configs": 32, "new_component_configs": 16, "new_combination_configs": 16, "new_cost_scenes": 96, "new_minute_NAV_points": 24900672, "old_component_configs_read_only": 4, "old_component_cost_scenes_read_only": 12, "old_combination_configs_read_only": 2, "old_combination_cost_scenes_read_only": 6, "positive_1x": 32, "positive_3x": 32, "passed": ["volratio_2025_BTC_n30_r0.9_e15_x30_c1500", "volratio_2025_BTC_n30_r1.1_e15_x30_c1500", "volratio_2025_BTC_n40_r0.9_e15_x30_c1500", "volratio_2025_BTC_n40_r1_e15_x30_c1500", "volratio_2025_BTC_n40_r1.1_e15_x30_c1500", "volratio_2025_BTC_n50_r0.9_e15_x30_c1500", "volratio_2025_BTC_n50_r1_e15_x30_c1500", "volratio_2025_BTC_n50_r1.1_e15_x30_c1500", "volratio_2026_BTC_n30_r0.9_e15_x30_c1500", "volratio_2026_BTC_n30_r1.1_e15_x30_c1500", "volratio_2026_BTC_n40_r0.9_e15_x30_c1500", "volratio_2026_BTC_n40_r1_e15_x30_c1500", "volratio_2026_BTC_n50_r0.9_e15_x30_c1500", "volratio_2026_BTC_n50_r1_e15_x30_c1500", "volratio_2026_BTC_n50_r1.1_e15_x30_c1500", "volratio_channel_2025_n30_r0.9_btc0.75", "volratio_channel_2025_n30_r1.1_btc0.75", "volratio_channel_2025_n40_r0.9_btc0.75", "volratio_channel_2025_n40_r1_btc0.75", "volratio_channel_2025_n40_r1.1_btc0.75", "volratio_channel_2025_n50_r0.9_btc0.75", "volratio_channel_2025_n50_r1_btc0.75", "volratio_channel_2025_n50_r1.1_btc0.75", "volratio_channel_2026_n30_r0.9_btc0.75", "volratio_channel_2026_n30_r1.1_btc0.75", "volratio_channel_2026_n40_r0.9_btc0.75", "volratio_channel_2026_n40_r1_btc0.75", "volratio_channel_2026_n40_r1.1_btc0.75", "volratio_channel_2026_n50_r0.9_btc0.75", "volratio_channel_2026_n50_r1_btc0.75", "volratio_channel_2026_n50_r1.1_btc0.75"], "rejected": ["volratio_2026_BTC_n40_r1.1_e15_x30_c1500"], "new_both_periods_passed_combination_pairs": [["volratio_channel_2025_n30_r0.9_btc0.75", "volratio_channel_2026_n30_r0.9_btc0.75"], ["volratio_channel_2025_n30_r1.1_btc0.75", "volratio_channel_2026_n30_r1.1_btc0.75"], ["volratio_channel_2025_n40_r0.9_btc0.75", "volratio_channel_2026_n40_r0.9_btc0.75"], ["volratio_channel_2025_n40_r1_btc0.75", "volratio_channel_2026_n40_r1_btc0.75"], ["volratio_channel_2025_n40_r1.1_btc0.75", "volratio_channel_2026_n40_r1.1_btc0.75"], ["volratio_channel_2025_n50_r0.9_btc0.75", "volratio_channel_2026_n50_r0.9_btc0.75"], ["volratio_channel_2025_n50_r1_btc0.75", "volratio_channel_2026_n50_r1_btc0.75"], ["volratio_channel_2025_n50_r1.1_btc0.75", "volratio_channel_2026_n50_r1.1_btc0.75"]], "both_periods_passed_combination_pairs": [["volratio_channel_2025_n30_r0.9_btc0.75", "volratio_channel_2026_n30_r0.9_btc0.75"], ["volratio_channel_2025_n30_r1_btc0.75", "volratio_channel_2026_n30_r1_btc0.75"], ["volratio_channel_2025_n30_r1.1_btc0.75", "volratio_channel_2026_n30_r1.1_btc0.75"], ["volratio_channel_2025_n40_r0.9_btc0.75", "volratio_channel_2026_n40_r0.9_btc0.75"], ["volratio_channel_2025_n40_r1_btc0.75", "volratio_channel_2026_n40_r1_btc0.75"], ["volratio_channel_2025_n40_r1.1_btc0.75", "volratio_channel_2026_n40_r1.1_btc0.75"], ["volratio_channel_2025_n50_r0.9_btc0.75", "volratio_channel_2026_n50_r0.9_btc0.75"], ["volratio_channel_2025_n50_r1_btc0.75", "volratio_channel_2026_n50_r1_btc0.75"], ["volratio_channel_2025_n50_r1.1_btc0.75", "volratio_channel_2026_n50_r1.1_btc0.75"]], "new_component_fills": 264, "read_only_component_fills": 60, "new_live_orders": 0}
