PASS:all9 cumulative forward scenes exactly reproduced including2472point prefix/time axis and nextstate;noHTTP or ledger write
{"completed": "filtered_alloc_2025_BTC_e10_s50_c1120", "return1": 20.631693048892853, "return3": 18.7592639589375, "minute_DD3": 12.41274861378211}
READ_ONLY_RESULT:filtered_alloc_2025_BTC_e10_s50_c1150
{"completed": "filtered_alloc_2025_BTC_e10_s50_c1180", "return1": 20.637522351881366, "return3": 18.75344806518644, "minute_DD3": 12.410330469930974}
{"completed": "filtered_alloc_2025_BTC_e15_s50_c1120", "return1": 19.556656923812497, "return3": 17.700759395580356, "minute_DD3": 13.191227225182056}
READ_ONLY_RESULT:filtered_alloc_2025_BTC_e15_s50_c1150
{"completed": "filtered_alloc_2025_BTC_e15_s50_c1180", "return1": 19.564751511423715, "return3": 17.697584103864394, "minute_DD3": 13.189824482084555}
{"completed": "filtered_alloc_2025_BTC_e20_s50_c1120", "return1": 18.480799293776794, "return3": 16.64113082788392, "minute_DD3": 12.128420780282145}
READ_ONLY_RESULT:filtered_alloc_2025_BTC_e20_s50_c1150
{"completed": "filtered_alloc_2025_BTC_e20_s50_c1180", "return1": 18.486644027457633, "return3": 16.636594859974572, "minute_DD3": 12.126654591405728}
{"completed": "filtered_alloc_2025_ETH_e10_s50_c880", "return1": 96.84655164011362, "return3": 94.78927969420454, "minute_DD3": 20.24621165235112}
READ_ONLY_RESULT:filtered_alloc_2025_ETH_e10_s50_c850
{"completed": "filtered_alloc_2025_ETH_e10_s50_c820", "return1": 96.85542194085363, "return3": 94.8005078942683, "minute_DD3": 20.246505770738032}
{"completed": "filtered_alloc_2025_ETH_e15_s50_c880", "return1": 96.84655164011362, "return3": 94.78927969420454, "minute_DD3": 20.24621165235112}
READ_ONLY_RESULT:filtered_alloc_2025_ETH_e15_s50_c850
{"completed": "filtered_alloc_2025_ETH_e15_s50_c820", "return1": 96.85542194085363, "return3": 94.8005078942683, "minute_DD3": 20.246505770738032}
{"completed": "filtered_alloc_2025_ETH_e20_s50_c880", "return1": 95.4090754175, "return3": 93.36191282136362, "minute_DD3": 20.830958154141232}
READ_ONLY_RESULT:filtered_alloc_2025_ETH_e20_s50_c850
{"completed": "filtered_alloc_2025_ETH_e20_s50_c820", "return1": 95.42186994231704, "return3": 93.37701664536586, "minute_DD3": 20.83150795001024}
{"completed": "filtered_alloc_2025_combo_e10_s50_btc0.56", "return1": 54.166230829030006, "return3": 52.212470882454994, "minute_DD3": 14.05265465335691}
READ_ONLY_RESULT:filtered_alloc_2025_combo_e10_s50_btc0.575
{"completed": "filtered_alloc_2025_combo_e10_s50_btc0.59", "return1": 51.88686118335999, "return3": 49.93274259511, "minute_DD3": 13.714507578811375}
{"completed": "filtered_alloc_2025_combo_e15_s50_btc0.56", "return1": 53.56421059898497, "return3": 51.619708326975, "minute_DD3": 14.49817665077231}
READ_ONLY_RESULT:filtered_alloc_2025_combo_e15_s50_btc0.575
{"completed": "filtered_alloc_2025_combo_e15_s50_btc0.59", "return1": 51.25392638749, "return3": 49.309782857929996, "minute_DD3": 14.184539624093674}
{"completed": "filtered_alloc_2025_combo_e20_s50_btc0.56", "return1": 52.32924078821502, "return3": 50.398274905014986, "minute_DD3": 15.024864388832349}
READ_ONLY_RESULT:filtered_alloc_2025_combo_e20_s50_btc0.575
{"completed": "filtered_alloc_2025_combo_e20_s50_btc0.59", "return1": 50.03008665255, "return3": 48.100167791985, "minute_DD3": 14.707596879789786}
{"completed": "filtered_alloc_2026_BTC_e10_s50_c1120", "return1": 10.500740228821437, "return3": 8.77960832586606, "minute_DD3": 14.59441428578877}
READ_ONLY_RESULT:filtered_alloc_2026_BTC_e10_s50_c1150
{"completed": "filtered_alloc_2026_BTC_e10_s50_c1180", "return1": 10.504401445703394, "return3": 8.782101813084742, "minute_DD3": 14.596206125159894}
{"completed": "filtered_alloc_2026_BTC_e15_s50_c1120", "return1": 10.500740228821437, "return3": 8.77960832586606, "minute_DD3": 14.59441428578877}
READ_ONLY_RESULT:filtered_alloc_2026_BTC_e15_s50_c1150
{"completed": "filtered_alloc_2026_BTC_e15_s50_c1180", "return1": 10.504401445703394, "return3": 8.782101813084742, "minute_DD3": 14.596206125159894}
{"completed": "filtered_alloc_2026_BTC_e20_s50_c1120", "return1": 10.500740228821437, "return3": 8.77960832586606, "minute_DD3": 14.59441428578877}
READ_ONLY_RESULT:filtered_alloc_2026_BTC_e20_s50_c1150
{"completed": "filtered_alloc_2026_BTC_e20_s50_c1180", "return1": 10.504401445703394, "return3": 8.782101813084742, "minute_DD3": 14.596206125159894}
{"completed": "filtered_alloc_2026_ETH_e10_s50_c880", "return1": 29.08663981840911, "return3": 27.737011495340912, "minute_DD3": 14.50528699004664}
READ_ONLY_RESULT:filtered_alloc_2026_ETH_e10_s50_c850
{"completed": "filtered_alloc_2026_ETH_e10_s50_c820", "return1": 29.088754209756097, "return3": 27.73632883402439, "minute_DD3": 14.505053908714016}
{"completed": "filtered_alloc_2026_ETH_e15_s50_c880", "return1": 29.08663981840911, "return3": 27.737011495340912, "minute_DD3": 14.50528699004664}
READ_ONLY_RESULT:filtered_alloc_2026_ETH_e15_s50_c850
{"completed": "filtered_alloc_2026_ETH_e15_s50_c820", "return1": 29.088754209756097, "return3": 27.73632883402439, "minute_DD3": 14.505053908714016}
{"completed": "filtered_alloc_2026_ETH_e20_s50_c880", "return1": 29.08663981840911, "return3": 27.737011495340912, "minute_DD3": 14.50528699004664}
READ_ONLY_RESULT:filtered_alloc_2026_ETH_e20_s50_c850
{"completed": "filtered_alloc_2026_ETH_e20_s50_c820", "return1": 29.088754209756097, "return3": 27.73632883402439, "minute_DD3": 14.505053908714016}
{"completed": "filtered_alloc_2026_combo_e10_s50_btc0.56", "return1": 18.67853604823999, "return3": 17.120865720434985, "minute_DD3": 13.053681064132372}
READ_ONLY_RESULT:filtered_alloc_2026_combo_e10_s50_btc0.575
{"completed": "filtered_alloc_2026_combo_e10_s50_btc0.59", "return1": 18.123986078964993, "return3": 16.553334891670012, "minute_DD3": 13.09706136837291}
{"completed": "filtered_alloc_2026_combo_e15_s50_btc0.56", "return1": 18.67853604823999, "return3": 17.120865720434985, "minute_DD3": 13.053681064132372}
READ_ONLY_RESULT:filtered_alloc_2026_combo_e15_s50_btc0.575
{"completed": "filtered_alloc_2026_combo_e15_s50_btc0.59", "return1": 18.123986078964993, "return3": 16.553334891670012, "minute_DD3": 13.09706136837291}
{"completed": "filtered_alloc_2026_combo_e20_s50_btc0.56", "return1": 18.67853604823999, "return3": 17.120865720434985, "minute_DD3": 13.053681064132372}
READ_ONLY_RESULT:filtered_alloc_2026_combo_e20_s50_btc0.575
{"completed": "filtered_alloc_2026_combo_e20_s50_btc0.59", "return1": 18.123986078964993, "return3": 16.553334891670012, "minute_DD3": 13.09706136837291}
PASS:all108 NEW scenes exactly reproduced and54 EXISTING scenes read-only verified;full54-cell report reproduced;ledger unchanged
{"passed": true, "all_scenes_audited": 162, "new_scenes": 108, "existing_scenes_read_only_audited": 54, "current_or_future_close_perturbations": 72, "NAV_points_audited": 42019884, "joint_channel_pandasEMA_causal_decisions": 19440, "Decimal_fills_independently_checked": 540, "new_actual_fills": 360, "real_minute_data_hashes": 4, "report_sha256": "c0361b714d1b88ce92d0d35e2ad45ed7be4cdbd18a4a5b00df9be44c1c18ef19", "forward_plan_unchanged": true, "pandas_version": "2.2.3"}
{"passed": true, "forward_scenes": 9, "new_closed_marks_per_asset": 120, "cumulative_minutes": 2469, "complete_days": 1, "NAV_points_per_scene": 2472, "original_NAV_prefix": 2352, "new_daily_decisions": 0, "new_reference_points": 0, "new_executions": 0, "original_cash_units_desired_trades_costs_unchanged": true, "next_daily_decision_utc": "2026-10-04T00:01:00Z", "report_sha256": "fe7b3b916725f3aae79f86222159fe2929113c7d44a32bc80aa3aef888ac47fd"}
PASS: new parameters/weights and missing-result retries are allowed; exact/reordered completed trials stay blocked
