filtered_alloc_2025_BTC_e10_s50_c1120 0 88efe2af5863d707b7f56ea33d524828b072e44f73a321bbe7e08efe0c012808
READ_ONLY_EXACT filtered_alloc_2025_BTC_e10_s50_c1150
filtered_alloc_2025_BTC_e10_s50_c1180 0 743027867ad9f91dcbbba328817647f3bbe9fe5c4c9d18474effa045d62d1191
filtered_alloc_2025_BTC_e15_s50_c1120 0 6d7b5e332567ea2e936584b7cfb7dd89614d0d0d34bb2f813b45ed201ff53785
READ_ONLY_EXACT filtered_alloc_2025_BTC_e15_s50_c1150
filtered_alloc_2025_BTC_e15_s50_c1180 0 8059fe74cc9b9799a1f570796685e1febb04d87cd8462ac754321e7a7546fb6d
filtered_alloc_2025_BTC_e20_s50_c1120 0 23fd0c442d2ebcf0164cf7c4112607ad869564fc47d202e4545a3f2a5df6f728
READ_ONLY_EXACT filtered_alloc_2025_BTC_e20_s50_c1150
filtered_alloc_2025_BTC_e20_s50_c1180 0 aafc0cff4efb7e3aa0f48553e078b8fa02bec6d92db4b3799f356ffc841d1ff4
filtered_alloc_2025_ETH_e10_s50_c880 0 5c5b058453668355b82965d53ded77be1d35d8c5fbe6a752eb3359a76ba2086d
READ_ONLY_EXACT filtered_alloc_2025_ETH_e10_s50_c850
filtered_alloc_2025_ETH_e10_s50_c820 0 a5951743a5d837a4a52a30782e6252a9be0134757c39c9c67d6eb6408f1e768d
filtered_alloc_2025_ETH_e15_s50_c880 0 6e1d2fba6634819fa6b34d2e08fa0d3bef1de96589071a07fea4b4ba30d534f3
READ_ONLY_EXACT filtered_alloc_2025_ETH_e15_s50_c850
filtered_alloc_2025_ETH_e15_s50_c820 0 8842b9fd432ee0df6eba6579d5e5e33cd58ba573cb3267be9c3dab44e4883695
filtered_alloc_2025_ETH_e20_s50_c880 0 eff5fac4c1aa9779a20d5318817b0276bf77ebbbb2a5ad6e0fa7550c14c41c79
READ_ONLY_EXACT filtered_alloc_2025_ETH_e20_s50_c850
filtered_alloc_2025_ETH_e20_s50_c820 0 3dd21619482114e7c7fafeef623ac8af3080bac3918e1801117b57fefb489391
filtered_alloc_2025_combo_e10_s50_btc0.56 0 10cf112f3f22f5d20a3e1725b3982acb907632420df07d4c5b4c962cec47845e
READ_ONLY_EXACT filtered_alloc_2025_combo_e10_s50_btc0.575
filtered_alloc_2025_combo_e10_s50_btc0.59 0 c9c9bc47c714613ff14bc74a5e53651eb4d8ebf2fbdc3f26d0816c5c094c9314
filtered_alloc_2025_combo_e15_s50_btc0.56 0 505a0e384e2184d65e02499315a87ae6acf44b20546b68ca80d49f1c04bbf854
READ_ONLY_EXACT filtered_alloc_2025_combo_e15_s50_btc0.575
filtered_alloc_2025_combo_e15_s50_btc0.59 0 4572581e1c6b544fc5704b045962d2638ee5dd65dcac10c1dc0c99118ce85e9f
filtered_alloc_2025_combo_e20_s50_btc0.56 0 6d0c40c6b84ed1af10c8500795e922e5642860c3539ff355406d4e64fa42d59e
READ_ONLY_EXACT filtered_alloc_2025_combo_e20_s50_btc0.575
filtered_alloc_2025_combo_e20_s50_btc0.59 0 4f21577907a000265ba9a628bd1182913e14d7595caf6dd57526f4f1ad4e4fa8
filtered_alloc_2026_BTC_e10_s50_c1120 0 8ca54dc4226bc9689cd00408e6503468ace8044167121d1b8d946e0666ca4a56
READ_ONLY_EXACT filtered_alloc_2026_BTC_e10_s50_c1150
filtered_alloc_2026_BTC_e10_s50_c1180 0 3ce59d97b9a6727a7e571cc4e9cd175a8546b64b9f379452f79dfec8b557b629
filtered_alloc_2026_BTC_e15_s50_c1120 0 c98fdd8f28f0ebda0721f93e21d4f21f0c55c37b07799826c45793fee22d74eb
READ_ONLY_EXACT filtered_alloc_2026_BTC_e15_s50_c1150
filtered_alloc_2026_BTC_e15_s50_c1180 0 511e0d544921736d19d2211d9618bd45e46426591c9cc94ed247096d6065cf8c
filtered_alloc_2026_BTC_e20_s50_c1120 0 8f4f80c551bfa31f74e3f1a60391ed70b889f5e2dccbb680606dd23b31cca57f
READ_ONLY_EXACT filtered_alloc_2026_BTC_e20_s50_c1150
filtered_alloc_2026_BTC_e20_s50_c1180 0 759433fcb1714d587d97a9b153e37ea673dd7b5f5b29124cf460a1b82d30e2b5
filtered_alloc_2026_ETH_e10_s50_c880 0 df24af8efe5e0efbf11cef5a5c984fcba00ff108d2093ae63ecf44d18ab34ef5
READ_ONLY_EXACT filtered_alloc_2026_ETH_e10_s50_c850
filtered_alloc_2026_ETH_e10_s50_c820 0 52ab38cd56b4dd7dd6b931427c90f60c60440145c3f24dad539db1fb8ed4a3a2
filtered_alloc_2026_ETH_e15_s50_c880 0 3afc24eb0d32cb55068361409bd1d3be402588ce63d169402deee0c7289f8111
READ_ONLY_EXACT filtered_alloc_2026_ETH_e15_s50_c850
filtered_alloc_2026_ETH_e15_s50_c820 0 90629eb0b3e94f1663e8373e55377c8a672458a9b41ec50824c0d5239762501d
filtered_alloc_2026_ETH_e20_s50_c880 0 79a1a0c3e5db5f483ec9e87737a8593bb93dc23a38f91933341961c2b10e2bc5
READ_ONLY_EXACT filtered_alloc_2026_ETH_e20_s50_c850
filtered_alloc_2026_ETH_e20_s50_c820 0 762b297c4b4d7e369ff269e6598d829c1a643dca2857fa5412e24719543e47b1
filtered_alloc_2026_combo_e10_s50_btc0.56 0 2250351e59fbdd17d23880cfb5f5c084782aa0cdbf0b2280a5c30ec75ba5996b
READ_ONLY_EXACT filtered_alloc_2026_combo_e10_s50_btc0.575
filtered_alloc_2026_combo_e10_s50_btc0.59 0 d216f5ca310e15f76df699669f420bf6b14c7f869815cf9d7b9cb3ffbf1ba26c
filtered_alloc_2026_combo_e15_s50_btc0.56 0 0a549b849a07a9095bbbf6830ff627b34b95ebfbbc7a839857323af8c6decc88
READ_ONLY_EXACT filtered_alloc_2026_combo_e15_s50_btc0.575
filtered_alloc_2026_combo_e15_s50_btc0.59 0 a1562612a164797e38a85ad1d938b3552d4e221b6cd14a537416ab957e258798
filtered_alloc_2026_combo_e20_s50_btc0.56 0 22735493f808085eee45494543cfab2d49e600c740aafbe5fcd19d1a6a13f172
READ_ONLY_EXACT filtered_alloc_2026_combo_e20_s50_btc0.575
filtered_alloc_2026_combo_e20_s50_btc0.59 0 66c75273f04f3cd27c3044c2f6497988bffd6c8123498ce4793043ae770f0b68
forward_snapshot_BTC 0 265d61167020404d023634c03a237dd5c84015eed4050e6a4c8ff6004e0e8533
forward_snapshot_ETH 0 1f9bc2276bbec4846e9f0395f9515d0852a39fab15b601fafbd46d75600ecf69
forward_snapshot_combo 0 327c228c47d302e107be4146922828e1c2ee568bb56bfdee2796bffb46a89195
PASS:36new actual-capital historical and3new cutoff configurations reserved;18existing60/40 exact definitions read-only.
