{"new_backtests": 0, "readonly_scenes_verified": 42, "missing_files_restored": 0}
PASS:all9 cumulative forward scenes exactly reproduced including8937point complete time axis and nextstate;noHTTP or ledger write
{"completed": "mixed_channel_reverse_2025_btc10_x30_eth20_x10", "return3_pct": 18.294602641899992, "minute_DD3_pct": 16.06574392728437}
{"completed": "mixed_channel_reverse_2025_btc15_x30_eth20_x10", "return3_pct": 15.672526643369999, "minute_DD3_pct": 16.62942500521489}
{"completed": "mixed_channel_reverse_2025_btc20_x30_eth20_x10", "return3_pct": 21.49548992053001, "minute_DD3_pct": 16.503447472509613}
{"completed": "mixed_channel_reverse_2025_btc10_x30_eth20_x20", "return3_pct": 33.802741492599985, "minute_DD3_pct": 16.06574392728437}
{"completed": "mixed_channel_reverse_2025_btc15_x30_eth20_x20", "return3_pct": 31.18066549406999, "minute_DD3_pct": 16.62942500521489}
{"completed": "mixed_channel_reverse_2025_btc20_x30_eth20_x20", "return3_pct": 37.00362877123, "minute_DD3_pct": 16.503447472509613}
{"completed": "mixed_channel_reverse_2025_btc10_x30_eth20_x30", "return3_pct": 42.45556740255001, "minute_DD3_pct": 12.746316449302963}
{"completed": "mixed_channel_reverse_2025_btc15_x30_eth20_x30", "return3_pct": 39.833491404020016, "minute_DD3_pct": 13.314743816223428}
READ_ONLY_RESULT:channel_2025_combo_e20_x30_btc0.75
{"completed": "mixed_channel_reverse_2026_btc10_x30_eth20_x10", "return3_pct": 16.538291276559992, "minute_DD3_pct": 15.74340319391766}
{"completed": "mixed_channel_reverse_2026_btc15_x30_eth20_x10", "return3_pct": 19.03616425571, "minute_DD3_pct": 11.271011586257984}
{"completed": "mixed_channel_reverse_2026_btc20_x30_eth20_x10", "return3_pct": 17.639659104569994, "minute_DD3_pct": 10.076161957324237}
{"completed": "mixed_channel_reverse_2026_btc10_x30_eth20_x20", "return3_pct": 24.008995066960015, "minute_DD3_pct": 17.449357846236367}
{"completed": "mixed_channel_reverse_2026_btc15_x30_eth20_x20", "return3_pct": 26.50686804611, "minute_DD3_pct": 13.1076520872334}
{"completed": "mixed_channel_reverse_2026_btc20_x30_eth20_x20", "return3_pct": 25.110362894970017, "minute_DD3_pct": 11.95188239121281}
{"completed": "mixed_channel_reverse_2026_btc10_x30_eth20_x30", "return3_pct": 24.008995066960015, "minute_DD3_pct": 17.449357846236367}
{"completed": "mixed_channel_reverse_2026_btc15_x30_eth20_x30", "return3_pct": 26.50686804611, "minute_DD3_pct": 13.1076520872334}
READ_ONLY_RESULT:channel_2026_combo_e20_x30_btc0.75
PASS:all48 NEW mixed-channel cost scenes exactly reproduced;6 EXISTING scenes read-only verified;full report reproduced;ledger unchanged
{"passed": true, "source_component_scenes_rebuilt": 36, "mixed_channel_cost_scenes_audited": 54, "mixed_channel_NAV_points_audited": 14006628, "report_sha256": "1910c53788f70e61499ee003d2911a0bce87a0ddc7ad9db58b3c7ca0a4d1b86f", "forward_report_sha256": "18b001909ccd592eb0afe992630f1e6f41cdcdca11fb40c3db92f9856fe73a3c", "frozen_forward_plan_unchanged": true}
{"passed": true, "forward_scenes": 9, "new_closed_marks_per_asset": 120, "cumulative_minutes": 8929, "complete_days": 6, "NAV_points_per_scene": 8937, "original_NAV_prefix": 8817, "new_daily_decisions": 0, "new_reference_points": 0, "new_executions": 0, "original_cash_units_desired_trades_costs_unchanged": true, "next_daily_decision_utc": "2026-10-09T00:01:00Z", "report_sha256": "18b001909ccd592eb0afe992630f1e6f41cdcdca11fb40c3db92f9856fe73a3c"}
PASS: new parameters/weights and missing-result retries are allowed; exact/reordered completed trials stay blocked
{"new_backtests": 0, "readonly_scenes_verified": 42, "missing_files_restored": 0}
PASS:all9 cumulative forward scenes exactly reproduced including8937point complete time axis and nextstate;noHTTP or ledger write
{"completed": "mixed_channel_reverse_2025_btc10_x30_eth20_x10", "return3_pct": 18.294602641899992, "minute_DD3_pct": 16.06574392728437}
{"completed": "mixed_channel_reverse_2025_btc15_x30_eth20_x10", "return3_pct": 15.672526643369999, "minute_DD3_pct": 16.62942500521489}
{"completed": "mixed_channel_reverse_2025_btc20_x30_eth20_x10", "return3_pct": 21.49548992053001, "minute_DD3_pct": 16.503447472509613}
{"completed": "mixed_channel_reverse_2025_btc10_x30_eth20_x20", "return3_pct": 33.802741492599985, "minute_DD3_pct": 16.06574392728437}
{"completed": "mixed_channel_reverse_2025_btc15_x30_eth20_x20", "return3_pct": 31.18066549406999, "minute_DD3_pct": 16.62942500521489}
{"completed": "mixed_channel_reverse_2025_btc20_x30_eth20_x20", "return3_pct": 37.00362877123, "minute_DD3_pct": 16.503447472509613}
{"completed": "mixed_channel_reverse_2025_btc10_x30_eth20_x30", "return3_pct": 42.45556740255001, "minute_DD3_pct": 12.746316449302963}
{"completed": "mixed_channel_reverse_2025_btc15_x30_eth20_x30", "return3_pct": 39.833491404020016, "minute_DD3_pct": 13.314743816223428}
READ_ONLY_RESULT:channel_2025_combo_e20_x30_btc0.75
{"completed": "mixed_channel_reverse_2026_btc10_x30_eth20_x10", "return3_pct": 16.538291276559992, "minute_DD3_pct": 15.74340319391766}
{"completed": "mixed_channel_reverse_2026_btc15_x30_eth20_x10", "return3_pct": 19.03616425571, "minute_DD3_pct": 11.271011586257984}
{"completed": "mixed_channel_reverse_2026_btc20_x30_eth20_x10", "return3_pct": 17.639659104569994, "minute_DD3_pct": 10.076161957324237}
{"completed": "mixed_channel_reverse_2026_btc10_x30_eth20_x20", "return3_pct": 24.008995066960015, "minute_DD3_pct": 17.449357846236367}
{"completed": "mixed_channel_reverse_2026_btc15_x30_eth20_x20", "return3_pct": 26.50686804611, "minute_DD3_pct": 13.1076520872334}
{"completed": "mixed_channel_reverse_2026_btc20_x30_eth20_x20", "return3_pct": 25.110362894970017, "minute_DD3_pct": 11.95188239121281}
{"completed": "mixed_channel_reverse_2026_btc10_x30_eth20_x30", "return3_pct": 24.008995066960015, "minute_DD3_pct": 17.449357846236367}
{"completed": "mixed_channel_reverse_2026_btc15_x30_eth20_x30", "return3_pct": 26.50686804611, "minute_DD3_pct": 13.1076520872334}
READ_ONLY_RESULT:channel_2026_combo_e20_x30_btc0.75
PASS:all48 NEW mixed-channel cost scenes exactly reproduced;6 EXISTING scenes read-only verified;full report reproduced;ledger unchanged
{"passed": true, "source_component_scenes_rebuilt": 36, "mixed_channel_cost_scenes_audited": 54, "mixed_channel_NAV_points_audited": 14006628, "report_sha256": "1910c53788f70e61499ee003d2911a0bce87a0ddc7ad9db58b3c7ca0a4d1b86f", "forward_report_sha256": "18b001909ccd592eb0afe992630f1e6f41cdcdca11fb40c3db92f9856fe73a3c", "frozen_forward_plan_unchanged": true}
{"passed": true, "forward_scenes": 9, "new_closed_marks_per_asset": 120, "cumulative_minutes": 8929, "complete_days": 6, "NAV_points_per_scene": 8937, "original_NAV_prefix": 8817, "new_daily_decisions": 0, "new_reference_points": 0, "new_executions": 0, "original_cash_units_desired_trades_costs_unchanged": true, "next_daily_decision_utc": "2026-10-09T00:01:00Z", "report_sha256": "18b001909ccd592eb0afe992630f1e6f41cdcdca11fb40c3db92f9856fe73a3c"}
PASS: new parameters/weights and missing-result retries are allowed; exact/reordered completed trials stay blocked
{"read_only_pair_comparisons": 2, "new_fast_ETH_cross_pairs": 0}
