mixed_channel_reverse_2025_btc10_x30_eth20_x10 0 ca52d1e17e93a898e0088f24d647706f187e5e51ab24f444ec08aa9a6134bdd4
mixed_channel_reverse_2025_btc15_x30_eth20_x10 0 b8b6bb62712141056deca0c5fcda487e418ed8da98dc15e9c9aeceb4609f9df1
mixed_channel_reverse_2025_btc20_x30_eth20_x10 0 012989df352b87f56a719befccba1dadc1c6dba7b36c393f05d2caec1550d938
mixed_channel_reverse_2025_btc10_x30_eth20_x20 0 b55b18a817307bf4cfed59ed65c27f2d0579b7bde533a9f195b71d0c447973e1
mixed_channel_reverse_2025_btc15_x30_eth20_x20 0 2f82699ddd19f2f8e39fb0f4e8f552f7ecdf0ae896c7dd857ae179167e2c701f
mixed_channel_reverse_2025_btc20_x30_eth20_x20 0 8dabb7ca7fc2e15f8c599408dc449ea7acf38711e18ce495b2a4d7c477d2f2c1
mixed_channel_reverse_2025_btc10_x30_eth20_x30 0 a07c0873d92927d96137b08f4c31b3b39109a4b3cb3a9c37b3ef5becbb21f635
mixed_channel_reverse_2025_btc15_x30_eth20_x30 0 c93961a7ec2cc63999f0c7233c8632e1952679878553132ce1ce91812d563106
READ_ONLY_EXACT channel_2025_combo_e20_x30_btc0.75
mixed_channel_reverse_2026_btc10_x30_eth20_x10 0 7426caee51b357d0da4d01e0c81d3b9c621b8a7451a3edfaeb5af2688f6446a7
mixed_channel_reverse_2026_btc15_x30_eth20_x10 0 8754e1deacd4b98bc93d3a07bd15bbc9a7b8cdc964aac7006477635d1c312ed6
mixed_channel_reverse_2026_btc20_x30_eth20_x10 0 ed0df5233195f008b5a47b471899c17786120f627b6c6e2e3072c8022d377067
mixed_channel_reverse_2026_btc10_x30_eth20_x20 0 581545ccc0d1c9a30cba5be4c8e8a536332900b3efa9e38536c4d56806d4ce33
mixed_channel_reverse_2026_btc15_x30_eth20_x20 0 c3f5c5a8807123cc8da15d9f740dd8fa381d9e6b9e69578376277925ca8bc8a6
mixed_channel_reverse_2026_btc20_x30_eth20_x20 0 6a93e37c01904dc9380d83bfbf99c23de2040487ae099ce642dc5463459392e5
mixed_channel_reverse_2026_btc10_x30_eth20_x30 0 0b7a228bc7ed512ab1d47e60fbc0230471bb862cc9f9972269d005711fe330da
mixed_channel_reverse_2026_btc15_x30_eth20_x30 0 73685220fc67a46dac31e318721dca01559129a472a464ac1ff6d3cad14f3750
READ_ONLY_EXACT channel_2026_combo_e20_x30_btc0.75
forward_snapshot_BTC 0 d0510b28f5c8d5201d8d83a2c452b6a5849582cfd0acd8de85aa78ba1852185a
forward_snapshot_ETH 0 5abba9419707018b581184fdc4dbcd088401aa8b6a881744d0350bb0d61ea137
forward_snapshot_combo 0 1daeb9109c6bbab740c58e9317671946168d4fb997905bef2f64f4cc7ed3ec14
PASS:16new mixed-channel portfolios+3legacy cutoffs reserved;2exact anchors and12size-matched sleeves read-only.
