{"new_backtests": 0, "readonly_scenes_verified": 42, "missing_files_restored": 0}
PASS:all9 cumulative forward scenes exactly reproduced including8817point prefix/time axis and nextstate;noHTTP or ledger write
{"completed": "mixed_channel_2025_btc20_x10_eth10_x30", "return3_pct": 42.582500037089986, "minute_DD3_pct": 10.68524006993724}
{"completed": "mixed_channel_2025_btc20_x10_eth15_x30", "return3_pct": 41.97511855129002, "minute_DD3_pct": 10.668963885668049}
{"completed": "mixed_channel_2025_btc20_x10_eth20_x30", "return3_pct": 47.32369177104001, "minute_DD3_pct": 10.987512892725416}
{"completed": "mixed_channel_2025_btc20_x20_eth10_x30", "return3_pct": 37.62810523707498, "minute_DD3_pct": 12.370523052493764}
{"completed": "mixed_channel_2025_btc20_x20_eth15_x30", "return3_pct": 37.02072375127501, "minute_DD3_pct": 12.359310571404302}
{"completed": "mixed_channel_2025_btc20_x20_eth20_x30", "return3_pct": 42.36929697102501, "minute_DD3_pct": 12.631369638615354}
{"completed": "mixed_channel_2025_btc20_x30_eth10_x30", "return3_pct": 40.91526294722998, "minute_DD3_pct": 13.117985599531778}
{"completed": "mixed_channel_2025_btc20_x30_eth15_x30", "return3_pct": 40.30788146143001, "minute_DD3_pct": 13.09690003467976}
READ_ONLY_RESULT:channel_2025_combo_e20_x30_btc0.75
{"completed": "mixed_channel_2026_btc20_x10_eth10_x30", "return3_pct": 12.15118324354998, "minute_DD3_pct": 11.25588991549462}
{"completed": "mixed_channel_2026_btc20_x10_eth15_x30", "return3_pct": 16.72303114225, "minute_DD3_pct": 9.115550584984945}
{"completed": "mixed_channel_2026_btc20_x10_eth20_x30", "return3_pct": 15.946819823050017, "minute_DD3_pct": 9.150288080304115}
{"completed": "mixed_channel_2026_btc20_x20_eth10_x30", "return3_pct": 21.09023090822999, "minute_DD3_pct": 14.43607963390895}
{"completed": "mixed_channel_2026_btc20_x20_eth15_x30", "return3_pct": 25.662078806930012, "minute_DD3_pct": 11.443922522645467}
{"completed": "mixed_channel_2026_btc20_x20_eth20_x30", "return3_pct": 24.885867487730007, "minute_DD3_pct": 11.95188239121281}
{"completed": "mixed_channel_2026_btc20_x30_eth10_x30", "return3_pct": 21.31472631546998, "minute_DD3_pct": 14.43607963390895}
{"completed": "mixed_channel_2026_btc20_x30_eth15_x30", "return3_pct": 25.88657421417002, "minute_DD3_pct": 11.443922522645467}
READ_ONLY_RESULT:channel_2026_combo_e20_x30_btc0.75
PASS:all48 NEW mixed-channel cost scenes exactly reproduced;6 EXISTING scenes read-only verified;full report reproduced;ledger unchanged
{"passed": true, "source_component_scenes_rebuilt": 36, "mixed_channel_cost_scenes_audited": 54, "mixed_channel_NAV_points_audited": 14006628, "report_sha256": "aa6c5c61185a7b3912525cab4d6acbb7073112a30aee621db4fd2487b276495d", "forward_report_sha256": "dcb03497cffdfc0ae30a5b812fe5b23d207893e750ce6063d54b680818fba7ad", "frozen_forward_plan_unchanged": true}
{"passed": true, "forward_scenes": 9, "new_closed_marks_per_asset": 120, "cumulative_minutes": 8809, "complete_days": 6, "NAV_points_per_scene": 8817, "original_NAV_prefix": 8697, "new_daily_decisions": 0, "new_reference_points": 0, "new_executions": 0, "original_cash_units_desired_trades_costs_unchanged": true, "next_daily_decision_utc": "2026-10-09T00:01:00Z", "report_sha256": "dcb03497cffdfc0ae30a5b812fe5b23d207893e750ce6063d54b680818fba7ad"}
PASS: new parameters/weights and missing-result retries are allowed; exact/reordered completed trials stay blocked
