mixed_channel_2025_btc20_x10_eth10_x30 0 49aab21e8fcfc6469ed9a3ff0f50a9695eea9002c47be62bf8b6d7b464e78e2b
mixed_channel_2025_btc20_x10_eth15_x30 0 84db443b635b5a2ae6fe0971cb87eb31d310905173611020117e68aa1ac25040
mixed_channel_2025_btc20_x10_eth20_x30 0 c95ebc2d3e8679c0a8696b7b17a96bdc00ee953739adbd940eff0ac89cbae249
mixed_channel_2025_btc20_x20_eth10_x30 0 1d094cfd8f699bf5be0c49d7820fe25f63ce593ef1cf4eb27c0d5c0aacdef655
mixed_channel_2025_btc20_x20_eth15_x30 0 fbce21f0af8a22f64edd3ffb53dd4dc868974092caa2a6b3988a2e0950217262
mixed_channel_2025_btc20_x20_eth20_x30 0 ae6bcc6561a79a61567aa144148b266168ef597dd836a6fc604d54b2c8032dd2
mixed_channel_2025_btc20_x30_eth10_x30 0 d2320ad3a170ce16419e300cc46e1d21d4bd9bd30d429e475de06e6a6683782e
mixed_channel_2025_btc20_x30_eth15_x30 0 a6ce970b55be200fc458271f3cde8224ad51f057ea4d19a2a8ed4d60a253389a
READ_ONLY_EXACT channel_2025_combo_e20_x30_btc0.75
mixed_channel_2026_btc20_x10_eth10_x30 0 b9491495863c422dd5b2f0a2f15093f463a1074a0dd5eeb8d08cceb60b6497c0
mixed_channel_2026_btc20_x10_eth15_x30 0 3cd93345d70b0cb69501c40ac8597177273527a35d5378a554c383637fac57f3
mixed_channel_2026_btc20_x10_eth20_x30 0 44c373b3fc108186d455493e07f0a216c74f7c8522c25d0729134a78b0ba6e68
mixed_channel_2026_btc20_x20_eth10_x30 0 5acfc311035c084397aec983be21fba1696935cf32e57a5e0dee95b4c80c6937
mixed_channel_2026_btc20_x20_eth15_x30 0 84324920ddbc7ed4c8355e7d011bed4f1df1e10af8285f6207c1e461c17d86b8
mixed_channel_2026_btc20_x20_eth20_x30 0 8a0433e85c1c0d135538d50a4c7379b3979f6a512b4cdebdc9b59c67aa4e65e4
mixed_channel_2026_btc20_x30_eth10_x30 0 0c981878a474a3e5c437f9e2beac9cb93870a734fa7f4f29299e25f5b92c342a
mixed_channel_2026_btc20_x30_eth15_x30 0 7f3b5d1d8cad20dcc2d7474c8d040565adb74f04fa3fcf8044dfe7ed1023084d
READ_ONLY_EXACT channel_2026_combo_e20_x30_btc0.75
forward_snapshot_BTC 0 9042e9af03b152c1e92b188ce4253ca5e89744400a238784490683510b831cfd
forward_snapshot_ETH 0 5dd7a3e62efff6713fb7c64aac13e8cf8b9fbac087921113334f499b583ac95e
forward_snapshot_combo 0 9b320b083fe2a120fd808346cf30a403b11ac5972420e24ebdd9072dbcf8cbbf
PASS:16new mixed-channel portfolios+3legacy cutoffs reserved;2exact anchors and12size-matched sleeves read-only.
