filtered_band_2025_BTC_e10_b0.0275_x30_s50_c1350 0 4f02c80b3d01e0d32b054d04f08b047d303876ce25700f9eede856d9474e0a86
READ_ONLY_EXACT filtered_band_2025_BTC_e10_b0.03_x30_s50_c1350
filtered_band_2025_BTC_e10_b0.035_x30_s50_c1350 0 4dfd4be0384dea7affb30b028be871774edd6fd232536baf7e0b5fdeb1f6d729
filtered_band_2025_BTC_e15_b0.0275_x30_s50_c1350 0 78c747bb6e441fc9062e60321a165ca45da2a9b25eaa9975bdfc599e6bb65bdf
READ_ONLY_EXACT filtered_band_2025_BTC_e15_b0.03_x30_s50_c1350
filtered_band_2025_BTC_e15_b0.035_x30_s50_c1350 0 ff462b367577f6c2976c7392a555784e2e20127b2bdd0ce38f41e867b627cb89
filtered_band_2025_BTC_e20_b0.0275_x30_s50_c1350 0 3eb8ff21280268832a00e0aaa46d1826d2a7538441b8ce5c370c0384f09e7a66
READ_ONLY_EXACT filtered_band_2025_BTC_e20_b0.03_x30_s50_c1350
filtered_band_2025_BTC_e20_b0.035_x30_s50_c1350 0 a101c78bafecd0635ce5093f4af505ea70774928729a06b372bf780d3a06cc12
filtered_band_2025_ETH_e10_b0.0275_x30_s50_c650 0 db48beb119157e90480eb345436fb74df0f87a28304ebcedc42bf12ce6d54fd2
READ_ONLY_EXACT filtered_band_2025_ETH_e10_b0.03_x30_s50_c650
filtered_band_2025_ETH_e10_b0.035_x30_s50_c650 0 96dca1f468a9fca9c3c2a4a16d1178aead8acedbcbb252f12cb4b6c95314c7be
filtered_band_2025_ETH_e15_b0.0275_x30_s50_c650 0 db58e8e85cbc6b349df092700a9e3782e46855921c0df52c870b2f8f538d3b45
READ_ONLY_EXACT filtered_band_2025_ETH_e15_b0.03_x30_s50_c650
filtered_band_2025_ETH_e15_b0.035_x30_s50_c650 0 c87b4a97f765d9b2ed97d3268f3f71d1f113bd07e40c8495d096e5f485543b79
filtered_band_2025_ETH_e20_b0.0275_x30_s50_c650 0 12abb595bf616d4ebb11bffaaef5da45f2b6355134e6d122cca34ae58ffeb2fd
READ_ONLY_EXACT filtered_band_2025_ETH_e20_b0.03_x30_s50_c650
filtered_band_2025_ETH_e20_b0.035_x30_s50_c650 0 e9f697cedb0325ae5ebc4913eb5445040cd7b5b75d75830be654ab2cf0ac6d33
filtered_band_2025_combo_e10_b0.0275_x30_s50_btc0.675 0 b05515f1abc7ec66a9bab4064bb3a331a5867e18802165bb21af030116a63729
READ_ONLY_EXACT filtered_band_2025_combo_e10_b0.03_x30_s50_btc0.675
filtered_band_2025_combo_e10_b0.035_x30_s50_btc0.675 0 c64d23867de0ce39aa8eb9d53d9100142af65191d93d91f0600975dd6ce85ffb
filtered_band_2025_combo_e15_b0.0275_x30_s50_btc0.675 0 a4b002089b70de40599bd73fc3a962fd8c4b4543bcaa733ff538f956d6f33404
READ_ONLY_EXACT filtered_band_2025_combo_e15_b0.03_x30_s50_btc0.675
filtered_band_2025_combo_e15_b0.035_x30_s50_btc0.675 0 012ec00fc199ba6aa719a8604f0f92d54807e7367dcf81d6e96bcdfb3c2b25ed
filtered_band_2025_combo_e20_b0.0275_x30_s50_btc0.675 0 ba22dd42d10942474a3b392f3ba06b33ad8374a029e7c691aae8a2afa09e828f
READ_ONLY_EXACT filtered_band_2025_combo_e20_b0.03_x30_s50_btc0.675
filtered_band_2025_combo_e20_b0.035_x30_s50_btc0.675 0 26f5535dba7c5871f276242fcb73d092d72f51c55afef3dcb6dad21d17b61cb2
filtered_band_2026_BTC_e10_b0.0275_x30_s50_c1350 0 ace24e571e94e3eb05770b93e3df34d1ab305be9aceb90389973d313ceaa2730
READ_ONLY_EXACT filtered_band_2026_BTC_e10_b0.03_x30_s50_c1350
filtered_band_2026_BTC_e10_b0.035_x30_s50_c1350 0 e0d8b314d294bbaa62edf1b53a3fd52a8c1e1b2bcfd2840722ba98e04508470b
filtered_band_2026_BTC_e15_b0.0275_x30_s50_c1350 0 2f0dc5fce7967684b10ca38bcc0d27ec30a07fea34a1de4e29d92ffb672aff66
READ_ONLY_EXACT filtered_band_2026_BTC_e15_b0.03_x30_s50_c1350
filtered_band_2026_BTC_e15_b0.035_x30_s50_c1350 0 be17d22d49ec8f7f2c4161ccd9ed8c9d1a5adf210d86fd9a07d5468e31b257d5
filtered_band_2026_BTC_e20_b0.0275_x30_s50_c1350 0 ea75fa8f1adf9cbe198fae78ecd4d969193eacd5843ded70214526e2716ffcd2
READ_ONLY_EXACT filtered_band_2026_BTC_e20_b0.03_x30_s50_c1350
filtered_band_2026_BTC_e20_b0.035_x30_s50_c1350 0 87c05957cab523a85be1fe8288a35030e1da7dce3747ebd761ff8699ec58712b
filtered_band_2026_ETH_e10_b0.0275_x30_s50_c650 0 0941e477d9d945b1d3ec3366f6e82dca843895819ad4c152d555c7d6cbf0275f
READ_ONLY_EXACT filtered_band_2026_ETH_e10_b0.03_x30_s50_c650
filtered_band_2026_ETH_e10_b0.035_x30_s50_c650 0 54db02c12c1c95fe904cc64b9cf9f7e87d6f0faf44d963d71e2c389ce123f3e0
filtered_band_2026_ETH_e15_b0.0275_x30_s50_c650 0 06007f36f979b3b49081caf24c77fdee355e762c914601be13c6a48a4b98b552
READ_ONLY_EXACT filtered_band_2026_ETH_e15_b0.03_x30_s50_c650
filtered_band_2026_ETH_e15_b0.035_x30_s50_c650 0 03260bdc22c2bfbf46b607a1767084714994bffb1516bc603114ec87c144146f
filtered_band_2026_ETH_e20_b0.0275_x30_s50_c650 0 efb270bf75acf0d3bb6355f2beeb5979ba58afdddf0e211c0736db1b0dcf4d7e
READ_ONLY_EXACT filtered_band_2026_ETH_e20_b0.03_x30_s50_c650
filtered_band_2026_ETH_e20_b0.035_x30_s50_c650 0 9cbc71f3386c7a07ac70280ada5d7c20e97ebc19e11fb8be6e309610bb425b95
filtered_band_2026_combo_e10_b0.0275_x30_s50_btc0.675 0 705fcaecd73adc56a875ea7e2bbdf63d97bd72826df9207a2b86ce37dc1c0113
READ_ONLY_EXACT filtered_band_2026_combo_e10_b0.03_x30_s50_btc0.675
filtered_band_2026_combo_e10_b0.035_x30_s50_btc0.675 0 0c3701032d657b4dea9503dfe70d95327a4c096ec4006e77808e4f6b7ad76cff
filtered_band_2026_combo_e15_b0.0275_x30_s50_btc0.675 0 3bf97458bb96433f012bb35292cf286969fdff67e1787404affec57ecbeb1e40
READ_ONLY_EXACT filtered_band_2026_combo_e15_b0.03_x30_s50_btc0.675
filtered_band_2026_combo_e15_b0.035_x30_s50_btc0.675 0 d018507cdefcfa967d8c3516f4891147999ec624db15efdf7d34bfc141033282
filtered_band_2026_combo_e20_b0.0275_x30_s50_btc0.675 0 0897a6c55fab3eae9e3491284774170f9b2cfed28705f73408cdbf742eae49f4
READ_ONLY_EXACT filtered_band_2026_combo_e20_b0.03_x30_s50_btc0.675
filtered_band_2026_combo_e20_b0.035_x30_s50_btc0.675 0 721601a6c636638094d9f23f092cdf31671f661931d245b3fd4ed30cf4b4d5e6
forward_snapshot_BTC 0 cabc0282540d7d885288f15fbb9eb9091651e6b2e8c3c8bf12aa9a0e9ae5e7ca
forward_snapshot_ETH 0 ca4ac663a9a48db49314790d40b76a621c5abd07652464566c194c61b2753c4a
forward_snapshot_combo 0 3450fbd02ddd42e77488965521043e2dd8876379c63805f2cc95783dce322eb0
PASS:36new actual-capital historical and3new cutoff configurations reserved;18existing band3percent exact definitions read-only.
