READ_ONLY_RESULT:filtered_band_2025_BTC_e10_b0.025_x30_s50_c1350
{"completed": "filtered_band_2025_BTC_e10_b0.03_x30_s50_c1350", "return1": 12.319715098118511, "return3": 11.147022388340734, "minute_DD3": 12.410478514961376}
{"completed": "filtered_band_2025_BTC_e10_b0.04_x30_s50_c1350", "return1": 11.319735060392588, "return3": 10.157884468607392, "minute_DD3": 13.189577336593661}
READ_ONLY_RESULT:filtered_band_2025_BTC_e15_b0.025_x30_s50_c1350
{"completed": "filtered_band_2025_BTC_e15_b0.03_x30_s50_c1350", "return1": 11.319735060392588, "return3": 10.157884468607392, "minute_DD3": 13.189577336593661}
{"completed": "filtered_band_2025_BTC_e15_b0.04_x30_s50_c1350", "return1": 11.319735060392588, "return3": 10.157884468607392, "minute_DD3": 13.189577336593661}
READ_ONLY_RESULT:filtered_band_2025_BTC_e20_b0.025_x30_s50_c1350
{"completed": "filtered_band_2025_BTC_e20_b0.03_x30_s50_c1350", "return1": 10.726301107511116, "return3": 9.573119669340734, "minute_DD3": 12.126160323404555}
{"completed": "filtered_band_2025_BTC_e20_b0.04_x30_s50_c1350", "return1": 10.726301107511116, "return3": 9.573119669340734, "minute_DD3": 12.126160323404555}
READ_ONLY_RESULT:filtered_band_2025_ETH_e10_b0.025_x30_s50_c650
{"completed": "filtered_band_2025_ETH_e10_b0.03_x30_s50_c650", "return1": 96.85534020923076, "return3": 94.78204126415386, "minute_DD3": 20.245376429741558}
{"completed": "filtered_band_2025_ETH_e10_b0.04_x30_s50_c650", "return1": 96.85534020923076, "return3": 94.78204126415386, "minute_DD3": 20.245376429741558}
READ_ONLY_RESULT:filtered_band_2025_ETH_e15_b0.025_x30_s50_c650
{"completed": "filtered_band_2025_ETH_e15_b0.03_x30_s50_c650", "return1": 96.85534020923076, "return3": 94.78204126415386, "minute_DD3": 20.245376429741558}
{"completed": "filtered_band_2025_ETH_e15_b0.04_x30_s50_c650", "return1": 96.85534020923076, "return3": 94.78204126415386, "minute_DD3": 20.245376429741558}
READ_ONLY_RESULT:filtered_band_2025_ETH_e20_b0.025_x30_s50_c650
{"completed": "filtered_band_2025_ETH_e20_b0.03_x30_s50_c650", "return1": 95.41640795076924, "return3": 93.35297299984614, "minute_DD3": 20.829950329720415}
{"completed": "filtered_band_2025_ETH_e20_b0.04_x30_s50_c650", "return1": 95.41640795076924, "return3": 93.35297299984614, "minute_DD3": 20.829950329720415}
READ_ONLY_RESULT:filtered_band_2025_combo_e10_b0.025_x30_s50_btc0.675
{"completed": "filtered_band_2025_combo_e10_b0.03_x30_s50_btc0.675", "return1": 39.79379325923, "return3": 38.32840352297999, "minute_DD3": 12.923035488092271}
{"completed": "filtered_band_2025_combo_e10_b0.04_x30_s50_btc0.675", "return1": 39.118806733765, "return3": 37.66073542716, "minute_DD3": 13.450209508945488}
READ_ONLY_RESULT:filtered_band_2025_combo_e15_b0.025_x30_s50_btc0.675
{"completed": "filtered_band_2025_combo_e15_b0.03_x30_s50_btc0.675", "return1": 39.118806733765, "return3": 37.66073542716, "minute_DD3": 13.450209508945488}
{"completed": "filtered_band_2025_combo_e15_b0.04_x30_s50_btc0.675", "return1": 39.118806733765, "return3": 37.66073542716, "minute_DD3": 13.450209508945488}
READ_ONLY_RESULT:filtered_band_2025_combo_e20_b0.025_x30_s50_btc0.675
{"completed": "filtered_band_2025_combo_e20_b0.03_x30_s50_btc0.675", "return1": 38.250585831570014, "return3": 36.801572001755, "minute_DD3": 13.965965423911175}
{"completed": "filtered_band_2025_combo_e20_b0.04_x30_s50_btc0.675", "return1": 38.250585831570014, "return3": 36.801572001755, "minute_DD3": 13.965965423911175}
READ_ONLY_RESULT:filtered_band_2026_BTC_e10_b0.025_x30_s50_c1350
{"completed": "filtered_band_2026_BTC_e10_b0.03_x30_s50_c1350", "return1": 14.021423905777763, "return3": 12.835971978414818, "minute_DD3": 10.17934618591413}
{"completed": "filtered_band_2026_BTC_e10_b0.04_x30_s50_c1350", "return1": 11.7201092077037, "return3": 10.55233595076297, "minute_DD3": 10.179970429260997}
READ_ONLY_RESULT:filtered_band_2026_BTC_e15_b0.025_x30_s50_c1350
{"completed": "filtered_band_2026_BTC_e15_b0.03_x30_s50_c1350", "return1": 14.021423905777763, "return3": 12.835971978414818, "minute_DD3": 10.17934618591413}
{"completed": "filtered_band_2026_BTC_e15_b0.04_x30_s50_c1350", "return1": 11.7201092077037, "return3": 10.55233595076297, "minute_DD3": 10.179970429260997}
READ_ONLY_RESULT:filtered_band_2026_BTC_e20_b0.025_x30_s50_c1350
{"completed": "filtered_band_2026_BTC_e20_b0.03_x30_s50_c1350", "return1": 14.021423905777763, "return3": 12.835971978414818, "minute_DD3": 10.17934618591413}
{"completed": "filtered_band_2026_BTC_e20_b0.04_x30_s50_c1350", "return1": 11.7201092077037, "return3": 10.55233595076297, "minute_DD3": 10.179970429260997}
READ_ONLY_RESULT:filtered_band_2026_ETH_e10_b0.025_x30_s50_c650
{"completed": "filtered_band_2026_ETH_e10_b0.03_x30_s50_c650", "return1": 29.08306621969232, "return3": 27.74093280215384, "minute_DD3": 14.502708338498493}
{"completed": "filtered_band_2026_ETH_e10_b0.04_x30_s50_c650", "return1": 29.08306621969232, "return3": 27.74093280215384, "minute_DD3": 14.502708338498493}
READ_ONLY_RESULT:filtered_band_2026_ETH_e15_b0.025_x30_s50_c650
{"completed": "filtered_band_2026_ETH_e15_b0.03_x30_s50_c650", "return1": 29.08306621969232, "return3": 27.74093280215384, "minute_DD3": 14.502708338498493}
{"completed": "filtered_band_2026_ETH_e15_b0.04_x30_s50_c650", "return1": 29.08306621969232, "return3": 27.74093280215384, "minute_DD3": 14.502708338498493}
READ_ONLY_RESULT:filtered_band_2026_ETH_e20_b0.025_x30_s50_c650
{"completed": "filtered_band_2026_ETH_e20_b0.03_x30_s50_c650", "return1": 29.08306621969232, "return3": 27.74093280215384, "minute_DD3": 14.502708338498493}
{"completed": "filtered_band_2026_ETH_e20_b0.04_x30_s50_c650", "return1": 29.08306621969232, "return3": 27.74093280215384, "minute_DD3": 14.502708338498493}
READ_ONLY_RESULT:filtered_band_2026_combo_e10_b0.025_x30_s50_btc0.675
{"completed": "filtered_band_2026_combo_e10_b0.03_x30_s50_btc0.675", "return1": 18.916457657799988, "return3": 17.68008424612999, "minute_DD3": 10.420228673909747}
{"completed": "filtered_band_2026_combo_e10_b0.04_x30_s50_btc0.675", "return1": 17.3630702366, "return3": 16.138629927464997, "minute_DD3": 10.438094841280666}
READ_ONLY_RESULT:filtered_band_2026_combo_e15_b0.025_x30_s50_btc0.675
{"completed": "filtered_band_2026_combo_e15_b0.03_x30_s50_btc0.675", "return1": 18.916457657799988, "return3": 17.68008424612999, "minute_DD3": 10.420228673909747}
{"completed": "filtered_band_2026_combo_e15_b0.04_x30_s50_btc0.675", "return1": 17.3630702366, "return3": 16.138629927464997, "minute_DD3": 10.438094841280666}
READ_ONLY_RESULT:filtered_band_2026_combo_e20_b0.025_x30_s50_btc0.675
{"completed": "filtered_band_2026_combo_e20_b0.03_x30_s50_btc0.675", "return1": 18.916457657799988, "return3": 17.68008424612999, "minute_DD3": 10.420228673909747}
{"completed": "filtered_band_2026_combo_e20_b0.04_x30_s50_btc0.675", "return1": 17.3630702366, "return3": 16.138629927464997, "minute_DD3": 10.438094841280666}
{"new_configs": 36, "new_component_configs": 24, "new_combination_configs": 12, "new_cost_scenes": 108, "new_minute_NAV_points": 28013256, "reused_grid_configs": 18, "reused_cost_scenes": 54, "grid_configs": 54, "grid_cost_scenes": 162, "positive_1x": 36, "positive_3x": 36, "grid_positive_1x": 54, "grid_positive_3x": 54, "passed": ["filtered_band_2025_BTC_e10_b0.03_x30_s50_c1350", "filtered_band_2025_BTC_e10_b0.04_x30_s50_c1350", "filtered_band_2025_BTC_e15_b0.03_x30_s50_c1350", "filtered_band_2025_BTC_e15_b0.04_x30_s50_c1350", "filtered_band_2025_BTC_e20_b0.03_x30_s50_c1350", "filtered_band_2025_BTC_e20_b0.04_x30_s50_c1350", "filtered_band_2025_ETH_e10_b0.03_x30_s50_c650", "filtered_band_2025_ETH_e10_b0.04_x30_s50_c650", "filtered_band_2025_ETH_e15_b0.03_x30_s50_c650", "filtered_band_2025_ETH_e15_b0.04_x30_s50_c650", "filtered_band_2025_ETH_e20_b0.03_x30_s50_c650", "filtered_band_2025_ETH_e20_b0.04_x30_s50_c650", "filtered_band_2025_combo_e10_b0.03_x30_s50_btc0.675", "filtered_band_2025_combo_e10_b0.04_x30_s50_btc0.675", "filtered_band_2025_combo_e15_b0.03_x30_s50_btc0.675", "filtered_band_2025_combo_e15_b0.04_x30_s50_btc0.675", "filtered_band_2025_combo_e20_b0.03_x30_s50_btc0.675", "filtered_band_2025_combo_e20_b0.04_x30_s50_btc0.675", "filtered_band_2026_combo_e10_b0.03_x30_s50_btc0.675", "filtered_band_2026_combo_e10_b0.04_x30_s50_btc0.675", "filtered_band_2026_combo_e15_b0.03_x30_s50_btc0.675", "filtered_band_2026_combo_e15_b0.04_x30_s50_btc0.675", "filtered_band_2026_combo_e20_b0.03_x30_s50_btc0.675", "filtered_band_2026_combo_e20_b0.04_x30_s50_btc0.675"], "rejected": ["filtered_band_2026_BTC_e10_b0.03_x30_s50_c1350", "filtered_band_2026_BTC_e10_b0.04_x30_s50_c1350", "filtered_band_2026_BTC_e15_b0.03_x30_s50_c1350", "filtered_band_2026_BTC_e15_b0.04_x30_s50_c1350", "filtered_band_2026_BTC_e20_b0.03_x30_s50_c1350", "filtered_band_2026_BTC_e20_b0.04_x30_s50_c1350", "filtered_band_2026_ETH_e10_b0.03_x30_s50_c650", "filtered_band_2026_ETH_e10_b0.04_x30_s50_c650", "filtered_band_2026_ETH_e15_b0.03_x30_s50_c650", "filtered_band_2026_ETH_e15_b0.04_x30_s50_c650", "filtered_band_2026_ETH_e20_b0.03_x30_s50_c650", "filtered_band_2026_ETH_e20_b0.04_x30_s50_c650"], "grid_passed": ["filtered_band_2025_BTC_e10_b0.025_x30_s50_c1350", "filtered_band_2025_BTC_e10_b0.03_x30_s50_c1350", "filtered_band_2025_BTC_e10_b0.04_x30_s50_c1350", "filtered_band_2025_BTC_e15_b0.025_x30_s50_c1350", "filtered_band_2025_BTC_e15_b0.03_x30_s50_c1350", "filtered_band_2025_BTC_e15_b0.04_x30_s50_c1350", "filtered_band_2025_BTC_e20_b0.025_x30_s50_c1350", "filtered_band_2025_BTC_e20_b0.03_x30_s50_c1350", "filtered_band_2025_BTC_e20_b0.04_x30_s50_c1350", "filtered_band_2025_ETH_e10_b0.025_x30_s50_c650", "filtered_band_2025_ETH_e10_b0.03_x30_s50_c650", "filtered_band_2025_ETH_e10_b0.04_x30_s50_c650", "filtered_band_2025_ETH_e15_b0.025_x30_s50_c650", "filtered_band_2025_ETH_e15_b0.03_x30_s50_c650", "filtered_band_2025_ETH_e15_b0.04_x30_s50_c650", "filtered_band_2025_ETH_e20_b0.025_x30_s50_c650", "filtered_band_2025_ETH_e20_b0.03_x30_s50_c650", "filtered_band_2025_ETH_e20_b0.04_x30_s50_c650", "filtered_band_2025_combo_e10_b0.025_x30_s50_btc0.675", "filtered_band_2025_combo_e10_b0.03_x30_s50_btc0.675", "filtered_band_2025_combo_e10_b0.04_x30_s50_btc0.675", "filtered_band_2025_combo_e15_b0.025_x30_s50_btc0.675", "filtered_band_2025_combo_e15_b0.03_x30_s50_btc0.675", "filtered_band_2025_combo_e15_b0.04_x30_s50_btc0.675", "filtered_band_2025_combo_e20_b0.025_x30_s50_btc0.675", "filtered_band_2025_combo_e20_b0.03_x30_s50_btc0.675", "filtered_band_2025_combo_e20_b0.04_x30_s50_btc0.675", "filtered_band_2026_combo_e10_b0.025_x30_s50_btc0.675", "filtered_band_2026_combo_e10_b0.03_x30_s50_btc0.675", "filtered_band_2026_combo_e10_b0.04_x30_s50_btc0.675", "filtered_band_2026_combo_e15_b0.025_x30_s50_btc0.675", "filtered_band_2026_combo_e15_b0.03_x30_s50_btc0.675", "filtered_band_2026_combo_e15_b0.04_x30_s50_btc0.675", "filtered_band_2026_combo_e20_b0.025_x30_s50_btc0.675", "filtered_band_2026_combo_e20_b0.03_x30_s50_btc0.675", "filtered_band_2026_combo_e20_b0.04_x30_s50_btc0.675"], "both_periods_passed_combination_pairs": [["filtered_band_2025_combo_e10_b0.025_x30_s50_btc0.675", "filtered_band_2026_combo_e10_b0.025_x30_s50_btc0.675"], ["filtered_band_2025_combo_e10_b0.03_x30_s50_btc0.675", "filtered_band_2026_combo_e10_b0.03_x30_s50_btc0.675"], ["filtered_band_2025_combo_e10_b0.04_x30_s50_btc0.675", "filtered_band_2026_combo_e10_b0.04_x30_s50_btc0.675"], ["filtered_band_2025_combo_e15_b0.025_x30_s50_btc0.675", "filtered_band_2026_combo_e15_b0.025_x30_s50_btc0.675"], ["filtered_band_2025_combo_e15_b0.03_x30_s50_btc0.675", "filtered_band_2026_combo_e15_b0.03_x30_s50_btc0.675"], ["filtered_band_2025_combo_e15_b0.04_x30_s50_btc0.675", "filtered_band_2026_combo_e15_b0.04_x30_s50_btc0.675"], ["filtered_band_2025_combo_e20_b0.025_x30_s50_btc0.675", "filtered_band_2026_combo_e20_b0.025_x30_s50_btc0.675"], ["filtered_band_2025_combo_e20_b0.03_x30_s50_btc0.675", "filtered_band_2026_combo_e20_b0.03_x30_s50_btc0.675"], ["filtered_band_2025_combo_e20_b0.04_x30_s50_btc0.675", "filtered_band_2026_combo_e20_b0.04_x30_s50_btc0.675"]], "new_both_periods_passed_combination_pairs": [["filtered_band_2025_combo_e10_b0.03_x30_s50_btc0.675", "filtered_band_2026_combo_e10_b0.03_x30_s50_btc0.675"], ["filtered_band_2025_combo_e10_b0.04_x30_s50_btc0.675", "filtered_band_2026_combo_e10_b0.04_x30_s50_btc0.675"], ["filtered_band_2025_combo_e15_b0.03_x30_s50_btc0.675", "filtered_band_2026_combo_e15_b0.03_x30_s50_btc0.675"], ["filtered_band_2025_combo_e15_b0.04_x30_s50_btc0.675", "filtered_band_2026_combo_e15_b0.04_x30_s50_btc0.675"], ["filtered_band_2025_combo_e20_b0.03_x30_s50_btc0.675", "filtered_band_2026_combo_e20_b0.03_x30_s50_btc0.675"], ["filtered_band_2025_combo_e20_b0.04_x30_s50_btc0.675", "filtered_band_2026_combo_e20_b0.04_x30_s50_btc0.675"]], "actual_component_fills": 288, "audited_component_fills": 450, "reused_ledger_records_untouched": true, "new_live_orders": 0}
