{"new_backtests": 0, "readonly_scenes_verified": 54, "missing_files_restored": 0}
PASS:all9 cumulative forward scenes exactly reproduced including10027point complete time axis and nextstate;noHTTP or ledger write
READ_ONLY_RESULT:filtered_alloc_2025_combo_e15_s50_btc0.675
{"completed": "mixed_ema_bands_2025_btc0.015_eth0.035_e15_x30_s50_btc0.675", "return3_pct": 42.75413950320499, "minute_DD3_pct": 13.329094771121873}
{"completed": "mixed_ema_bands_2025_btc0.015_eth0.07_e15_x30_s50_btc0.675", "return3_pct": 38.26173768220502, "minute_DD3_pct": 13.329094771121873}
{"completed": "mixed_ema_bands_2025_btc0.035_eth0.015_e15_x30_s50_btc0.675", "return3_pct": 37.66073542716, "minute_DD3_pct": 13.450209508945488}
READ_ONLY_RESULT:filtered_band_2025_combo_e15_b0.035_x30_s50_btc0.675
{"completed": "mixed_ema_bands_2025_btc0.035_eth0.07_e15_x30_s50_btc0.675", "return3_pct": 33.168333606160004, "minute_DD3_pct": 13.394717353413743}
{"completed": "mixed_ema_bands_2025_btc0.07_eth0.015_e15_x30_s50_btc0.675", "return3_pct": 32.71374703306, "minute_DD3_pct": 12.689452573242288}
{"completed": "mixed_ema_bands_2025_btc0.07_eth0.035_e15_x30_s50_btc0.675", "return3_pct": 32.71374703306, "minute_DD3_pct": 12.689452573242288}
READ_ONLY_RESULT:filtered_band_2025_combo_e15_b0.07_x30_s50_btc0.675
READ_ONLY_RESULT:filtered_alloc_2026_combo_e15_s50_btc0.675
{"completed": "mixed_ema_bands_2026_btc0.015_eth0.035_e15_x30_s50_btc0.675", "return3_pct": 14.94184374648999, "minute_DD3_pct": 13.219116978395373}
{"completed": "mixed_ema_bands_2026_btc0.015_eth0.07_e15_x30_s50_btc0.675", "return3_pct": 6.361966899240001, "minute_DD3_pct": 13.276453672012467}
{"completed": "mixed_ema_bands_2026_btc0.035_eth0.015_e15_x30_s50_btc0.675", "return3_pct": 16.138629927464997, "minute_DD3_pct": 10.438094841280666}
READ_ONLY_RESULT:filtered_band_2026_combo_e15_b0.035_x30_s50_btc0.675
{"completed": "mixed_ema_bands_2026_btc0.035_eth0.07_e15_x30_s50_btc0.675", "return3_pct": 7.558753080215008, "minute_DD3_pct": 10.179037834726346}
{"completed": "mixed_ema_bands_2026_btc0.07_eth0.015_e15_x30_s50_btc0.675", "return3_pct": 13.574148273170007, "minute_DD3_pct": 10.467940570379398}
{"completed": "mixed_ema_bands_2026_btc0.07_eth0.035_e15_x30_s50_btc0.675", "return3_pct": 13.574148273170007, "minute_DD3_pct": 10.467940570379398}
READ_ONLY_RESULT:filtered_band_2026_combo_e15_b0.07_x30_s50_btc0.675
PASS:all36 NEW mixed-EMA-bands cost scenes exactly reproduced;18 EXISTING scenes read-only verified;full report reproduced;ledger unchanged
{"passed": true, "source_component_scenes_rebuilt": 36, "mixed_channel_cost_scenes_audited": 54, "mixed_channel_NAV_points_audited": 14006628, "report_sha256": "00934f3580aeef5961ab2993125c541b64bf11c8315efea819ac17de9ab41adb", "forward_report_sha256": "9c1ffefcc8875ec8e7894f6cd8d4723a9cc712f9f9cab04d9728a32e90c2825c", "frozen_forward_plan_unchanged": true}
{"passed": true, "forward_scenes": 9, "new_closed_marks_per_asset": 120, "cumulative_minutes": 10019, "complete_days": 6, "NAV_points_per_scene": 10027, "original_NAV_prefix": 9907, "new_daily_decisions": 0, "new_reference_points": 0, "new_executions": 0, "original_cash_units_desired_trades_costs_unchanged": true, "next_daily_decision_utc": "2026-10-09T00:01:00Z", "report_sha256": "9c1ffefcc8875ec8e7894f6cd8d4723a9cc712f9f9cab04d9728a32e90c2825c"}
PASS: new parameters/weights and missing-result retries are allowed; exact/reordered completed trials stay blocked
