{"completed": "ema_2025_BTC_s50_b0.005", "return1": 22.381582762746667, "return3": 19.8399470404, "minute_DD3": 14.391227398469763}
{"completed": "ema_2025_BTC_s50_b0.01", "return1": 19.0144608812, "return3": 16.541357180366667, "minute_DD3": 14.389317996951668}
{"completed": "ema_2025_BTC_s50_b0.015", "return1": 15.36038738636667, "return3": 12.961785453719997, "minute_DD3": 16.552853134643797}
{"completed": "ema_2025_BTC_s65_b0.005", "return1": 14.981718908946661, "return3": 12.004942171066668, "minute_DD3": 18.201562264164515}
{"completed": "ema_2025_BTC_s65_b0.01", "return1": 27.112981056380004, "return3": 25.78063250688667, "minute_DD3": 12.712221664798307}
{"completed": "ema_2025_BTC_s65_b0.015", "return1": 17.157057298559984, "return3": 15.938459879266675, "minute_DD3": 12.934784192945903}
{"completed": "ema_2025_BTC_s80_b0.005", "return1": 27.112981056380004, "return3": 25.78063250688667, "minute_DD3": 12.712221664798307}
{"completed": "ema_2025_BTC_s80_b0.01", "return1": 18.80748082018, "return3": 17.57119348766667, "minute_DD3": 12.714682719589254}
{"completed": "ema_2025_BTC_s80_b0.015", "return1": 18.80748082018, "return3": 17.57119348766667, "minute_DD3": 12.714682719589254}
{"completed": "ema_2025_ETH_s50_b0.005", "return1": 92.9116593832, "return3": 89.89821547599999, "minute_DD3": 22.241194094931448}
{"completed": "ema_2025_ETH_s50_b0.01", "return1": 102.3886631382, "return3": 100.27634125559999, "minute_DD3": 21.074765967337527}
{"completed": "ema_2025_ETH_s50_b0.015", "return1": 94.1018870664, "return3": 92.0891102626, "minute_DD3": 24.303114741793465}
{"completed": "ema_2025_ETH_s65_b0.005", "return1": 101.47532812139998, "return3": 99.3689413518, "minute_DD3": 22.599652501338387}
{"completed": "ema_2025_ETH_s65_b0.01", "return1": 98.4851340188, "return3": 96.3990875598, "minute_DD3": 22.599652501338387}
{"completed": "ema_2025_ETH_s65_b0.015", "return1": 98.4851340188, "return3": 96.3990875598, "minute_DD3": 22.599652501338387}
{"completed": "ema_2025_ETH_s80_b0.005", "return1": 101.47532812139998, "return3": 99.3689413518, "minute_DD3": 22.599652501338387}
{"completed": "ema_2025_ETH_s80_b0.01", "return1": 101.47532812139998, "return3": 99.3689413518, "minute_DD3": 22.599652501338387}
{"completed": "ema_2025_ETH_s80_b0.015", "return1": 101.47532812139998, "return3": 99.3689413518, "minute_DD3": 22.599652501338387}
{"completed": "ema_2025_combo_s50_b0.005_btc0.75", "return1": 40.01410191785999, "return3": 37.35451414929998, "minute_DD3": 12.348431439893215}
{"completed": "ema_2025_combo_s50_b0.01_btc0.75", "return1": 39.85801144544998, "return3": 37.47510319917502, "minute_DD3": 12.319720996108929}
{"completed": "ema_2025_combo_s50_b0.015_btc0.75", "return1": 35.045762306374996, "return3": 32.74361665593999, "minute_DD3": 14.134897379921018}
{"completed": "ema_2025_combo_s65_b0.005_btc0.75", "return1": 36.605121212059984, "return3": 33.845941966249995, "minute_DD3": 15.342727990763116}
{"completed": "ema_2025_combo_s65_b0.01_btc0.75", "return1": 44.956019296985005, "return3": 43.43524627011499, "minute_DD3": 13.086433894288053}
{"completed": "ema_2025_combo_s65_b0.015_btc0.75", "return1": 37.489076478619985, "return3": 36.053616799400025, "minute_DD3": 13.200602555172114}
{"completed": "ema_2025_combo_s80_b0.005_btc0.75", "return1": 45.70356782263501, "return3": 44.17770971811501, "minute_DD3": 13.086433894288053}
{"completed": "ema_2025_combo_s80_b0.01_btc0.75", "return1": 39.474442645485006, "return3": 38.02063045370001, "minute_DD3": 13.200602555172114}
{"completed": "ema_2025_combo_s80_b0.015_btc0.75", "return1": 39.474442645485006, "return3": 38.02063045370001, "minute_DD3": 13.200602555172114}
{"completed": "ema_2026_BTC_s50_b0.005", "return1": 12.080269492946671, "return3": 9.18608442329334, "minute_DD3": 16.47227092551058}
{"completed": "ema_2026_BTC_s50_b0.01", "return1": 6.774471525926673, "return3": 4.558587681126669, "minute_DD3": 14.102575419292872}
{"completed": "ema_2026_BTC_s50_b0.015", "return1": 10.501495879440004, "return3": 8.776026411740002, "minute_DD3": 14.598216043157631}
{"completed": "ema_2026_BTC_s65_b0.005", "return1": 3.4171111923266606, "return3": 0.7430169838866796, "minute_DD3": 14.818971401032444}
{"completed": "ema_2026_BTC_s65_b0.01", "return1": 3.718167474739986, "return3": 1.5640850730933353, "minute_DD3": 14.124301065034272}
{"completed": "ema_2026_BTC_s65_b0.015", "return1": 6.3996663823333355, "return3": 4.738841600160004, "minute_DD3": 11.357257559138878}
{"completed": "ema_2026_BTC_s80_b0.005", "return1": 9.731792965233343, "return3": 8.024981029466671, "minute_DD3": 12.234617991428587}
{"completed": "ema_2026_BTC_s80_b0.01", "return1": 7.373206790886666, "return3": 5.699085008960014, "minute_DD3": 14.122406024359368}
{"completed": "ema_2026_BTC_s80_b0.015", "return1": 9.725771119813341, "return3": 8.580262931293326, "minute_DD3": 11.358778107120882}
{"completed": "ema_2026_ETH_s50_b0.005", "return1": 24.43188833879999, "return3": 22.49956982179999, "minute_DD3": 13.044516911877736}
{"completed": "ema_2026_ETH_s50_b0.01", "return1": 18.788146016200002, "return3": 16.9390012062, "minute_DD3": 15.168314850060904}
{"completed": "ema_2026_ETH_s50_b0.015", "return1": 18.788146016200002, "return3": 16.9390012062, "minute_DD3": 15.168314850060904}
{"completed": "ema_2026_ETH_s65_b0.005", "return1": 14.659216301199995, "return3": 11.692092894000016, "minute_DD3": 17.659309360094746}
{"completed": "ema_2026_ETH_s65_b0.01", "return1": 26.10145546760001, "return3": 24.1353253904, "minute_DD3": 15.769911453435814}
{"completed": "ema_2026_ETH_s65_b0.015", "return1": 29.06513063320002, "return3": 27.725011149400004, "minute_DD3": 14.501600674283132}
{"completed": "ema_2026_ETH_s80_b0.005", "return1": 4.042368793199991, "return3": -0.22717650539999523, "minute_DD3": 26.1451310859936}
{"completed": "ema_2026_ETH_s80_b0.01", "return1": 4.105523562000002, "return3": 0.36142769739999636, "minute_DD3": 26.91132089063516}
{"completed": "ema_2026_ETH_s80_b0.015", "return1": -8.810798446199996, "return3": -11.169394227999996, "minute_DD3": 22.54939785337887}
{"completed": "ema_2026_combo_s50_b0.005_btc0.75", "return1": 15.168174204410011, "return3": 12.514455772919986, "minute_DD3": 14.297683913260395}
{"completed": "ema_2026_combo_s50_b0.01_btc0.75", "return1": 9.777890148494993, "return3": 7.653691062394996, "minute_DD3": 12.948495016100537}
{"completed": "ema_2026_combo_s50_b0.015_btc0.75", "return1": 12.573158413630004, "return3": 10.816770110355002, "minute_DD3": 13.345746577515138}
{"completed": "ema_2026_combo_s65_b0.005_btc0.75", "return1": 6.227637469545, "return3": 3.4802859614150083, "minute_DD3": 13.665019322093919}
{"completed": "ema_2026_combo_s65_b0.01_btc0.75", "return1": 9.313989472954987, "return3": 7.20689515241999, "minute_DD3": 13.486620256584459}
{"completed": "ema_2026_combo_s65_b0.015_btc0.75", "return1": 12.066032445050002, "return3": 10.485383987470009, "minute_DD3": 11.069759500776167}
{"completed": "ema_2026_combo_s80_b0.005_btc0.75", "return1": 8.30943692222499, "return3": 5.961941645749991, "minute_DD3": 13.211856330271154}
{"completed": "ema_2026_combo_s80_b0.01_btc0.75", "return1": 6.556285983665, "return3": 4.364670681069982, "minute_DD3": 14.880113811014128}
{"completed": "ema_2026_combo_s80_b0.015_btc0.75", "return1": 5.091628728309994, "return3": 3.642848641469998, "minute_DD3": 12.73578953281077}
PASS:all162 scene archives,full minute NAV and frozen report exactly reproduced;ledger unchanged
{"passed": true, "actual_scenes_audited": 162, "NAV_points_audited": 42019884, "pandas_EMA_causal_decisions": 19440, "Decimal_fills_independently_checked": 702, "real_minute_data_hashes": 4, "report_sha256": "6b96d206e6074b54fc8012bf9b5258c2c7e3e68eccc1c7efc3023603df295b66", "forward_plan_unchanged": true, "pandas_version": "2.2.3"}
PASS:lot flooring, adverse tick rounding, exact cash conservation, failed-order state, capacity and VWAP proxy bounds
PASS: new parameters/weights and missing-result retries are allowed; exact/reordered completed trials stay blocked
