{"completed": "filtered_exit_2025_BTC_e10_x15_s50_c1350", "return1": 8.78668547734074, "return3": 5.978595447274082, "minute_DD3": 18.842550209995423}
{"completed": "filtered_exit_2025_BTC_e10_x25_s50_c1350", "return1": 10.81487087313333, "return3": 8.520864836296305, "minute_DD3": 19.965239801707657}
READ_ONLY_RESULT:filtered_alloc_2025_BTC_e10_s50_c1350
{"completed": "filtered_exit_2025_BTC_e15_x15_s50_c1350", "return1": 7.069268623688907, "return3": 4.306974352525916, "minute_DD3": 19.56602751499179}
{"completed": "filtered_exit_2025_BTC_e15_x25_s50_c1350", "return1": 9.831391269140743, "return3": 7.554323005274077, "minute_DD3": 20.676498608193462}
READ_ONLY_RESULT:filtered_alloc_2025_BTC_e15_s50_c1350
{"completed": "filtered_exit_2025_BTC_e20_x15_s50_c1350", "return1": 14.614405650851857, "return3": 12.243976607540752, "minute_DD3": 13.6064506025396}
{"completed": "filtered_exit_2025_BTC_e20_x25_s50_c1350", "return1": 19.222236258022217, "return3": 17.366149559229637, "minute_DD3": 11.38439727643794}
READ_ONLY_RESULT:filtered_alloc_2025_BTC_e20_s50_c1350
{"completed": "filtered_exit_2025_ETH_e10_x15_s50_c650", "return1": 46.80351443230768, "return3": 43.00913041676924, "minute_DD3": 26.039827149725802}
{"completed": "filtered_exit_2025_ETH_e10_x25_s50_c650", "return1": 76.93241030769231, "return3": 74.17284929184615, "minute_DD3": 26.039827149725802}
READ_ONLY_RESULT:filtered_alloc_2025_ETH_e10_s50_c650
{"completed": "filtered_exit_2025_ETH_e15_x15_s50_c650", "return1": 32.48782187692307, "return3": 29.04977087676923, "minute_DD3": 29.525948616353404}
{"completed": "filtered_exit_2025_ETH_e15_x25_s50_c650", "return1": 68.60052080046152, "return3": 65.95563255230769, "minute_DD3": 29.525948616353404}
READ_ONLY_RESULT:filtered_alloc_2025_ETH_e15_s50_c650
{"completed": "filtered_exit_2025_ETH_e20_x15_s50_c650", "return1": 33.113404163384615, "return3": 30.34115041738461, "minute_DD3": 30.042559560020432}
{"completed": "filtered_exit_2025_ETH_e20_x25_s50_c650", "return1": 67.37223473076924, "return3": 64.73931975876923, "minute_DD3": 30.042559560020432}
READ_ONLY_RESULT:filtered_alloc_2025_ETH_e20_s50_c650
{"completed": "filtered_exit_2025_combo_e10_x15_s50_btc0.675", "return1": 21.14215488770501, "return3": 18.013519312359993, "minute_DD3": 19.534065684716907}
{"completed": "filtered_exit_2025_combo_e10_x25_s50_btc0.675", "return1": 32.30307118936497, "return3": 29.85775978434999, "minute_DD3": 20.3013373206583}
READ_ONLY_RESULT:filtered_alloc_2025_combo_e10_s50_btc0.675
{"completed": "filtered_exit_2025_combo_e15_x15_s50_btc0.675", "return1": 15.330298430990009, "return3": 12.34838322290499, "minute_DD3": 21.207125072865608}
{"completed": "filtered_exit_2025_combo_e15_x25_s50_btc0.675", "return1": 28.931358366819993, "return3": 26.53474860806, "minute_DD3": 21.966046308651734}
READ_ONLY_RESULT:filtered_alloc_2025_combo_e15_s50_btc0.675
{"completed": "filtered_exit_2025_combo_e20_x15_s50_btc0.675", "return1": 20.626580167425, "return3": 18.12555809574001, "minute_DD3": 16.769724776900986}
{"completed": "filtered_exit_2025_combo_e20_x25_s50_btc0.675", "return1": 34.87098576166501, "return3": 32.76242987408, "minute_DD3": 16.769724776900986}
READ_ONLY_RESULT:filtered_alloc_2025_combo_e20_s50_btc0.675
{"completed": "filtered_exit_2026_BTC_e10_x15_s50_c1350", "return1": 14.126087326874082, "return3": 12.35058911722222, "minute_DD3": 11.579862528066286}
{"completed": "filtered_exit_2026_BTC_e10_x25_s50_c1350", "return1": 10.500154155244434, "return3": 8.779319386355544, "minute_DD3": 14.599630388337037}
READ_ONLY_RESULT:filtered_alloc_2026_BTC_e10_s50_c1350
{"completed": "filtered_exit_2026_BTC_e15_x15_s50_c1350", "return1": 14.126087326874082, "return3": 12.35058911722222, "minute_DD3": 11.579862528066286}
{"completed": "filtered_exit_2026_BTC_e15_x25_s50_c1350", "return1": 10.500154155244434, "return3": 8.779319386355544, "minute_DD3": 14.599630388337037}
READ_ONLY_RESULT:filtered_alloc_2026_BTC_e15_s50_c1350
{"completed": "filtered_exit_2026_BTC_e20_x15_s50_c1350", "return1": 14.126087326874082, "return3": 12.35058911722222, "minute_DD3": 11.579862528066286}
{"completed": "filtered_exit_2026_BTC_e20_x25_s50_c1350", "return1": 10.500154155244434, "return3": 8.779319386355544, "minute_DD3": 14.599630388337037}
READ_ONLY_RESULT:filtered_alloc_2026_BTC_e20_s50_c1350
{"completed": "filtered_exit_2026_ETH_e10_x15_s50_c650", "return1": 22.379793365538458, "return3": 20.469210071076915, "minute_DD3": 19.366071998877565}
{"completed": "filtered_exit_2026_ETH_e10_x25_s50_c650", "return1": 29.08306621969232, "return3": 27.74093280215384, "minute_DD3": 14.502708338498493}
READ_ONLY_RESULT:filtered_alloc_2026_ETH_e10_s50_c650
{"completed": "filtered_exit_2026_ETH_e15_x15_s50_c650", "return1": 22.379793365538458, "return3": 20.469210071076915, "minute_DD3": 19.366071998877565}
{"completed": "filtered_exit_2026_ETH_e15_x25_s50_c650", "return1": 29.08306621969232, "return3": 27.74093280215384, "minute_DD3": 14.502708338498493}
READ_ONLY_RESULT:filtered_alloc_2026_ETH_e15_s50_c650
{"completed": "filtered_exit_2026_ETH_e20_x15_s50_c650", "return1": 30.924202154769233, "return3": 29.555785566461545, "minute_DD3": 13.289682290570305}
{"completed": "filtered_exit_2026_ETH_e20_x25_s50_c650", "return1": 29.08306621969232, "return3": 27.74093280215384, "minute_DD3": 14.502708338498493}
READ_ONLY_RESULT:filtered_alloc_2026_ETH_e20_s50_c650
{"completed": "filtered_exit_2026_combo_e10_x15_s50_btc0.675", "return1": 16.80854178944, "return3": 14.989140927225009, "minute_DD3": 10.639865362501332}
{"completed": "filtered_exit_2026_combo_e10_x25_s50_btc0.675", "return1": 16.539600576189994, "return3": 14.94184374648999, "minute_DD3": 13.219116978395373}
READ_ONLY_RESULT:filtered_alloc_2026_combo_e10_s50_btc0.675
{"completed": "filtered_exit_2026_combo_e15_x15_s50_btc0.675", "return1": 16.80854178944, "return3": 14.989140927225009, "minute_DD3": 10.639865362501332}
{"completed": "filtered_exit_2026_combo_e15_x25_s50_btc0.675", "return1": 16.539600576189994, "return3": 14.94184374648999, "minute_DD3": 13.219116978395373}
READ_ONLY_RESULT:filtered_alloc_2026_combo_e15_s50_btc0.675
{"completed": "filtered_exit_2026_combo_e20_x15_s50_btc0.675", "return1": 19.585474645940003, "return3": 17.942277963225006, "minute_DD3": 8.653964936798397}
{"completed": "filtered_exit_2026_combo_e20_x25_s50_btc0.675", "return1": 16.539600576189994, "return3": 14.94184374648999, "minute_DD3": 13.219116978395373}
READ_ONLY_RESULT:filtered_alloc_2026_combo_e20_s50_btc0.675
{"new_configs": 36, "new_component_configs": 24, "new_combination_configs": 12, "new_cost_scenes": 108, "new_minute_NAV_points": 28013256, "reused_grid_configs": 18, "reused_cost_scenes": 54, "grid_configs": 54, "grid_cost_scenes": 162, "positive_1x": 36, "positive_3x": 36, "grid_positive_1x": 54, "grid_positive_3x": 54, "passed": ["filtered_exit_2026_combo_e10_x25_s50_btc0.675", "filtered_exit_2026_combo_e15_x25_s50_btc0.675", "filtered_exit_2026_combo_e20_x15_s50_btc0.675", "filtered_exit_2026_combo_e20_x25_s50_btc0.675"], "rejected": ["filtered_exit_2025_BTC_e10_x15_s50_c1350", "filtered_exit_2025_BTC_e10_x25_s50_c1350", "filtered_exit_2025_BTC_e15_x15_s50_c1350", "filtered_exit_2025_BTC_e15_x25_s50_c1350", "filtered_exit_2025_BTC_e20_x15_s50_c1350", "filtered_exit_2025_BTC_e20_x25_s50_c1350", "filtered_exit_2025_ETH_e10_x15_s50_c650", "filtered_exit_2025_ETH_e10_x25_s50_c650", "filtered_exit_2025_ETH_e15_x15_s50_c650", "filtered_exit_2025_ETH_e15_x25_s50_c650", "filtered_exit_2025_ETH_e20_x15_s50_c650", "filtered_exit_2025_ETH_e20_x25_s50_c650", "filtered_exit_2025_combo_e10_x15_s50_btc0.675", "filtered_exit_2025_combo_e10_x25_s50_btc0.675", "filtered_exit_2025_combo_e15_x15_s50_btc0.675", "filtered_exit_2025_combo_e15_x25_s50_btc0.675", "filtered_exit_2025_combo_e20_x15_s50_btc0.675", "filtered_exit_2025_combo_e20_x25_s50_btc0.675", "filtered_exit_2026_BTC_e10_x15_s50_c1350", "filtered_exit_2026_BTC_e10_x25_s50_c1350", "filtered_exit_2026_BTC_e15_x15_s50_c1350", "filtered_exit_2026_BTC_e15_x25_s50_c1350", "filtered_exit_2026_BTC_e20_x15_s50_c1350", "filtered_exit_2026_BTC_e20_x25_s50_c1350", "filtered_exit_2026_ETH_e10_x15_s50_c650", "filtered_exit_2026_ETH_e10_x25_s50_c650", "filtered_exit_2026_ETH_e15_x15_s50_c650", "filtered_exit_2026_ETH_e15_x25_s50_c650", "filtered_exit_2026_ETH_e20_x15_s50_c650", "filtered_exit_2026_ETH_e20_x25_s50_c650", "filtered_exit_2026_combo_e10_x15_s50_btc0.675", "filtered_exit_2026_combo_e15_x15_s50_btc0.675"], "grid_passed": ["filtered_alloc_2025_BTC_e10_s50_c1350", "filtered_alloc_2025_BTC_e15_s50_c1350", "filtered_alloc_2025_BTC_e20_s50_c1350", "filtered_alloc_2025_ETH_e10_s50_c650", "filtered_alloc_2025_ETH_e15_s50_c650", "filtered_alloc_2025_ETH_e20_s50_c650", "filtered_alloc_2025_combo_e10_s50_btc0.675", "filtered_alloc_2025_combo_e15_s50_btc0.675", "filtered_alloc_2025_combo_e20_s50_btc0.675", "filtered_exit_2026_combo_e10_x25_s50_btc0.675", "filtered_alloc_2026_combo_e10_s50_btc0.675", "filtered_exit_2026_combo_e15_x25_s50_btc0.675", "filtered_alloc_2026_combo_e15_s50_btc0.675", "filtered_exit_2026_combo_e20_x15_s50_btc0.675", "filtered_exit_2026_combo_e20_x25_s50_btc0.675", "filtered_alloc_2026_combo_e20_s50_btc0.675"], "both_periods_passed_combination_pairs": [["filtered_alloc_2025_combo_e10_s50_btc0.675", "filtered_alloc_2026_combo_e10_s50_btc0.675"], ["filtered_alloc_2025_combo_e15_s50_btc0.675", "filtered_alloc_2026_combo_e15_s50_btc0.675"], ["filtered_alloc_2025_combo_e20_s50_btc0.675", "filtered_alloc_2026_combo_e20_s50_btc0.675"]], "new_both_periods_passed_combination_pairs": [], "actual_component_fills": 480, "audited_component_fills": 660, "reused_ledger_records_untouched": true, "new_live_orders": 0}
