PASS:all9 cumulative forward scenes exactly reproduced including4634point prefix/time axis and nextstate;noHTTP or ledger write
{"completed": "filtered_exit_2025_BTC_e10_x15_s50_c1350", "return1": 8.78668547734074, "return3": 5.978595447274082, "minute_DD3": 18.842550209995423}
{"completed": "filtered_exit_2025_BTC_e10_x25_s50_c1350", "return1": 10.81487087313333, "return3": 8.520864836296305, "minute_DD3": 19.965239801707657}
READ_ONLY_RESULT:filtered_alloc_2025_BTC_e10_s50_c1350
{"completed": "filtered_exit_2025_BTC_e15_x15_s50_c1350", "return1": 7.069268623688907, "return3": 4.306974352525916, "minute_DD3": 19.56602751499179}
{"completed": "filtered_exit_2025_BTC_e15_x25_s50_c1350", "return1": 9.831391269140743, "return3": 7.554323005274077, "minute_DD3": 20.676498608193462}
READ_ONLY_RESULT:filtered_alloc_2025_BTC_e15_s50_c1350
{"completed": "filtered_exit_2025_BTC_e20_x15_s50_c1350", "return1": 14.614405650851857, "return3": 12.243976607540752, "minute_DD3": 13.6064506025396}
{"completed": "filtered_exit_2025_BTC_e20_x25_s50_c1350", "return1": 19.222236258022217, "return3": 17.366149559229637, "minute_DD3": 11.38439727643794}
READ_ONLY_RESULT:filtered_alloc_2025_BTC_e20_s50_c1350
{"completed": "filtered_exit_2025_ETH_e10_x15_s50_c650", "return1": 46.80351443230768, "return3": 43.00913041676924, "minute_DD3": 26.039827149725802}
{"completed": "filtered_exit_2025_ETH_e10_x25_s50_c650", "return1": 76.93241030769231, "return3": 74.17284929184615, "minute_DD3": 26.039827149725802}
READ_ONLY_RESULT:filtered_alloc_2025_ETH_e10_s50_c650
{"completed": "filtered_exit_2025_ETH_e15_x15_s50_c650", "return1": 32.48782187692307, "return3": 29.04977087676923, "minute_DD3": 29.525948616353404}
{"completed": "filtered_exit_2025_ETH_e15_x25_s50_c650", "return1": 68.60052080046152, "return3": 65.95563255230769, "minute_DD3": 29.525948616353404}
READ_ONLY_RESULT:filtered_alloc_2025_ETH_e15_s50_c650
{"completed": "filtered_exit_2025_ETH_e20_x15_s50_c650", "return1": 33.113404163384615, "return3": 30.34115041738461, "minute_DD3": 30.042559560020432}
{"completed": "filtered_exit_2025_ETH_e20_x25_s50_c650", "return1": 67.37223473076924, "return3": 64.73931975876923, "minute_DD3": 30.042559560020432}
READ_ONLY_RESULT:filtered_alloc_2025_ETH_e20_s50_c650
{"completed": "filtered_exit_2025_combo_e10_x15_s50_btc0.675", "return1": 21.14215488770501, "return3": 18.013519312359993, "minute_DD3": 19.534065684716907}
{"completed": "filtered_exit_2025_combo_e10_x25_s50_btc0.675", "return1": 32.30307118936497, "return3": 29.85775978434999, "minute_DD3": 20.3013373206583}
READ_ONLY_RESULT:filtered_alloc_2025_combo_e10_s50_btc0.675
{"completed": "filtered_exit_2025_combo_e15_x15_s50_btc0.675", "return1": 15.330298430990009, "return3": 12.34838322290499, "minute_DD3": 21.207125072865608}
{"completed": "filtered_exit_2025_combo_e15_x25_s50_btc0.675", "return1": 28.931358366819993, "return3": 26.53474860806, "minute_DD3": 21.966046308651734}
READ_ONLY_RESULT:filtered_alloc_2025_combo_e15_s50_btc0.675
{"completed": "filtered_exit_2025_combo_e20_x15_s50_btc0.675", "return1": 20.626580167425, "return3": 18.12555809574001, "minute_DD3": 16.769724776900986}
{"completed": "filtered_exit_2025_combo_e20_x25_s50_btc0.675", "return1": 34.87098576166501, "return3": 32.76242987408, "minute_DD3": 16.769724776900986}
READ_ONLY_RESULT:filtered_alloc_2025_combo_e20_s50_btc0.675
{"completed": "filtered_exit_2026_BTC_e10_x15_s50_c1350", "return1": 14.126087326874082, "return3": 12.35058911722222, "minute_DD3": 11.579862528066286}
{"completed": "filtered_exit_2026_BTC_e10_x25_s50_c1350", "return1": 10.500154155244434, "return3": 8.779319386355544, "minute_DD3": 14.599630388337037}
READ_ONLY_RESULT:filtered_alloc_2026_BTC_e10_s50_c1350
{"completed": "filtered_exit_2026_BTC_e15_x15_s50_c1350", "return1": 14.126087326874082, "return3": 12.35058911722222, "minute_DD3": 11.579862528066286}
{"completed": "filtered_exit_2026_BTC_e15_x25_s50_c1350", "return1": 10.500154155244434, "return3": 8.779319386355544, "minute_DD3": 14.599630388337037}
READ_ONLY_RESULT:filtered_alloc_2026_BTC_e15_s50_c1350
{"completed": "filtered_exit_2026_BTC_e20_x15_s50_c1350", "return1": 14.126087326874082, "return3": 12.35058911722222, "minute_DD3": 11.579862528066286}
{"completed": "filtered_exit_2026_BTC_e20_x25_s50_c1350", "return1": 10.500154155244434, "return3": 8.779319386355544, "minute_DD3": 14.599630388337037}
READ_ONLY_RESULT:filtered_alloc_2026_BTC_e20_s50_c1350
{"completed": "filtered_exit_2026_ETH_e10_x15_s50_c650", "return1": 22.379793365538458, "return3": 20.469210071076915, "minute_DD3": 19.366071998877565}
{"completed": "filtered_exit_2026_ETH_e10_x25_s50_c650", "return1": 29.08306621969232, "return3": 27.74093280215384, "minute_DD3": 14.502708338498493}
READ_ONLY_RESULT:filtered_alloc_2026_ETH_e10_s50_c650
{"completed": "filtered_exit_2026_ETH_e15_x15_s50_c650", "return1": 22.379793365538458, "return3": 20.469210071076915, "minute_DD3": 19.366071998877565}
{"completed": "filtered_exit_2026_ETH_e15_x25_s50_c650", "return1": 29.08306621969232, "return3": 27.74093280215384, "minute_DD3": 14.502708338498493}
READ_ONLY_RESULT:filtered_alloc_2026_ETH_e15_s50_c650
{"completed": "filtered_exit_2026_ETH_e20_x15_s50_c650", "return1": 30.924202154769233, "return3": 29.555785566461545, "minute_DD3": 13.289682290570305}
{"completed": "filtered_exit_2026_ETH_e20_x25_s50_c650", "return1": 29.08306621969232, "return3": 27.74093280215384, "minute_DD3": 14.502708338498493}
READ_ONLY_RESULT:filtered_alloc_2026_ETH_e20_s50_c650
{"completed": "filtered_exit_2026_combo_e10_x15_s50_btc0.675", "return1": 16.80854178944, "return3": 14.989140927225009, "minute_DD3": 10.639865362501332}
{"completed": "filtered_exit_2026_combo_e10_x25_s50_btc0.675", "return1": 16.539600576189994, "return3": 14.94184374648999, "minute_DD3": 13.219116978395373}
READ_ONLY_RESULT:filtered_alloc_2026_combo_e10_s50_btc0.675
{"completed": "filtered_exit_2026_combo_e15_x15_s50_btc0.675", "return1": 16.80854178944, "return3": 14.989140927225009, "minute_DD3": 10.639865362501332}
{"completed": "filtered_exit_2026_combo_e15_x25_s50_btc0.675", "return1": 16.539600576189994, "return3": 14.94184374648999, "minute_DD3": 13.219116978395373}
READ_ONLY_RESULT:filtered_alloc_2026_combo_e15_s50_btc0.675
{"completed": "filtered_exit_2026_combo_e20_x15_s50_btc0.675", "return1": 19.585474645940003, "return3": 17.942277963225006, "minute_DD3": 8.653964936798397}
{"completed": "filtered_exit_2026_combo_e20_x25_s50_btc0.675", "return1": 16.539600576189994, "return3": 14.94184374648999, "minute_DD3": 13.219116978395373}
READ_ONLY_RESULT:filtered_alloc_2026_combo_e20_s50_btc0.675
PASS:all108 NEW scenes exactly reproduced and54 EXISTING scenes read-only verified;full54-cell report reproduced;ledger unchanged
{"passed": true, "all_scenes_audited": 162, "new_scenes": 108, "existing_scenes_read_only_audited": 54, "current_or_future_close_perturbations": 72, "NAV_points_audited": 42019884, "joint_channel_pandasEMA_causal_decisions": 19440, "Decimal_fills_independently_checked": 660, "new_actual_fills": 480, "real_minute_data_hashes": 4, "report_sha256": "8a22b98d952917865ee47785c2df67ae59fb5fbde21b988d598b6910f6238eb5", "forward_plan_unchanged": true, "pandas_version": "2.2.3"}
{"passed": true, "forward_scenes": 9, "new_closed_marks_per_asset": 120, "cumulative_minutes": 4629, "complete_days": 3, "NAV_points_per_scene": 4634, "original_NAV_prefix": 4514, "new_daily_decisions": 0, "new_reference_points": 0, "new_executions": 0, "original_cash_units_desired_trades_costs_unchanged": true, "next_daily_decision_utc": "2026-10-06T00:01:00Z", "report_sha256": "25ce3241ca59826f2c10f96d87ac63f5e6fd174aa3eab97bec68e314ddd2a642"}
PASS: new parameters/weights and missing-result retries are allowed; exact/reordered completed trials stay blocked
