filtered_exit_2025_BTC_e10_x15_s50_c1350 0 2db2226045362f2cc2b60ed5aea9fe3692a674eb5aa059def973cdff35bdaef9
filtered_exit_2025_BTC_e10_x25_s50_c1350 0 b9fb3d1380637aa97d520177a061a106993dec28ebb30d550f1dcf95c94ffde8
READ_ONLY_EXACT filtered_alloc_2025_BTC_e10_s50_c1350
filtered_exit_2025_BTC_e15_x15_s50_c1350 0 3f4a65dac00027c71cb4482679e2131ef8412fbf3055577eba96f53a61d52f3b
filtered_exit_2025_BTC_e15_x25_s50_c1350 0 56b48a95f13cf48ba0663e8f9094a61657ed04361a536a5880de4ed9329f2618
READ_ONLY_EXACT filtered_alloc_2025_BTC_e15_s50_c1350
filtered_exit_2025_BTC_e20_x15_s50_c1350 0 3f563b7478ad23cf7e83e2d5c838d7ee58b8d8355e3653b221d549c377009a96
filtered_exit_2025_BTC_e20_x25_s50_c1350 0 55e5b4af27ca0283c3587dd3911d5bd70df8a0e04e35595f98373d0aabf4ac57
READ_ONLY_EXACT filtered_alloc_2025_BTC_e20_s50_c1350
filtered_exit_2025_ETH_e10_x15_s50_c650 0 25d9b53757ba89aa8842bddf3a3d3bc070761180e5ada5e451d7fc546774fd57
filtered_exit_2025_ETH_e10_x25_s50_c650 0 b1f233365fca89c31c8aeeb8f491fa6c981545ea1014e6c8a357802609d37fe9
READ_ONLY_EXACT filtered_alloc_2025_ETH_e10_s50_c650
filtered_exit_2025_ETH_e15_x15_s50_c650 0 6aacba5f7b23cd05fa673f9f4c95a749c99ec9892a5ae7d41ffd46b91d83b69e
filtered_exit_2025_ETH_e15_x25_s50_c650 0 0fc9e8da313e9176e2fd758d02ef316ba78864f5aca3fd4bd2d6febf054220a6
READ_ONLY_EXACT filtered_alloc_2025_ETH_e15_s50_c650
filtered_exit_2025_ETH_e20_x15_s50_c650 0 f71f2260ba44c8cb254f36887c22a642b80f0ead021b8ba437e71475ebab9d60
filtered_exit_2025_ETH_e20_x25_s50_c650 0 63c3fb5a76290d28a45871bfa17e67383aaa900359101357509b473d39f5aecd
READ_ONLY_EXACT filtered_alloc_2025_ETH_e20_s50_c650
filtered_exit_2025_combo_e10_x15_s50_btc0.675 0 7f30f97ed2f923b2f25999245b301f351ccac25bf8b86b12f5de0cff3ccfa6be
filtered_exit_2025_combo_e10_x25_s50_btc0.675 0 c906a2bf8a1237adc94bff696f7a76fe0bef44b9e000d8d55ddbca479786f6ac
READ_ONLY_EXACT filtered_alloc_2025_combo_e10_s50_btc0.675
filtered_exit_2025_combo_e15_x15_s50_btc0.675 0 ac1b20129d6020a2f2ee337d2b1e046fbeef45151dd8868d01e69b3b005babe2
filtered_exit_2025_combo_e15_x25_s50_btc0.675 0 603642d9026dbaeef3576ac8d0ed7332437ee7061a564d08fe521058075e4d6f
READ_ONLY_EXACT filtered_alloc_2025_combo_e15_s50_btc0.675
filtered_exit_2025_combo_e20_x15_s50_btc0.675 0 caf916bb8ec0b29c7e1608408ea64a9dd9eb7232f27abf90f68d8ece2e779545
filtered_exit_2025_combo_e20_x25_s50_btc0.675 0 2760cd4f65d452c5b5c892fcca16166411f7bebadbb5e7f2fb2235ab91f01c64
READ_ONLY_EXACT filtered_alloc_2025_combo_e20_s50_btc0.675
filtered_exit_2026_BTC_e10_x15_s50_c1350 0 1c0296eb9966835d9eeda1c97aac7d7e92c101a7417693dfaf5318048861090f
filtered_exit_2026_BTC_e10_x25_s50_c1350 0 03fbf8d5af6475bde1e8f15eda2672631ad105305512869ab6519ec5d7d0d22b
READ_ONLY_EXACT filtered_alloc_2026_BTC_e10_s50_c1350
filtered_exit_2026_BTC_e15_x15_s50_c1350 0 b88349eb17af1cad7f081896c5c42a46072d1620e6ee66036acaf9d57fc071e0
filtered_exit_2026_BTC_e15_x25_s50_c1350 0 3b2ec0587d80b146010274df2d6b8f40f9ca5b0fa4a2989ead48b8e75d04bf02
READ_ONLY_EXACT filtered_alloc_2026_BTC_e15_s50_c1350
filtered_exit_2026_BTC_e20_x15_s50_c1350 0 d1c6105db886c5a63f493e2c57c8c81b74071ce40de9080a876ac8ce58029317
filtered_exit_2026_BTC_e20_x25_s50_c1350 0 55e46d23573c3665173fbf6615b01c648ef381a9752a1d2ffb79208bd1fced6b
READ_ONLY_EXACT filtered_alloc_2026_BTC_e20_s50_c1350
filtered_exit_2026_ETH_e10_x15_s50_c650 0 81a5217de9627fd63eacef2decae782299c70430e9c79a0292e8f303bb5f5699
filtered_exit_2026_ETH_e10_x25_s50_c650 0 5f74e512c5157d0c62ff6d1ca8e773246eea8e8fc5c73214309a3cbb2a8a3a50
READ_ONLY_EXACT filtered_alloc_2026_ETH_e10_s50_c650
filtered_exit_2026_ETH_e15_x15_s50_c650 0 ce619efac0725ae4780b4a96e7741e136b0e2a3f7cc3277af005897cd74b1a4b
filtered_exit_2026_ETH_e15_x25_s50_c650 0 7e72c2f0d8618f811be310c753cf4c4fd811f8a0b69b8a52771229f228c9af77
READ_ONLY_EXACT filtered_alloc_2026_ETH_e15_s50_c650
filtered_exit_2026_ETH_e20_x15_s50_c650 0 c3b0d0ea812106b4f168baa96611175aab3b3ee8307ae464bac097549815f22f
filtered_exit_2026_ETH_e20_x25_s50_c650 0 b7c11db1e54f9927a2e082d5b7335d049264c19e1a498f41a5d2f54b37244cee
READ_ONLY_EXACT filtered_alloc_2026_ETH_e20_s50_c650
filtered_exit_2026_combo_e10_x15_s50_btc0.675 0 2d0926257afb4cda63248366c53e7f37b1746867ddc3e14345dd8692229e4b0c
filtered_exit_2026_combo_e10_x25_s50_btc0.675 0 2d84462f7f38765c3304c41a6c15a24622621d07fbfc9512aaec04fba63d1a18
READ_ONLY_EXACT filtered_alloc_2026_combo_e10_s50_btc0.675
filtered_exit_2026_combo_e15_x15_s50_btc0.675 0 44dadd168c0f876f15780c6308d0152ccc82a88a8fca542ced06c984dff69fc0
filtered_exit_2026_combo_e15_x25_s50_btc0.675 0 1182e4822957765e8ec0794fb5a7ef574a7ec7462c6505bfd0ac30a45c0f825f
READ_ONLY_EXACT filtered_alloc_2026_combo_e15_s50_btc0.675
filtered_exit_2026_combo_e20_x15_s50_btc0.675 0 a17869cb53598ad3a8e5d7466a0a393d869169325557dd95c5929351e95db55d
filtered_exit_2026_combo_e20_x25_s50_btc0.675 0 f98ec66bc565948ca83750f09985b04fe2fd4c127f2621d516641c7c46370ad8
READ_ONLY_EXACT filtered_alloc_2026_combo_e20_s50_btc0.675
forward_snapshot_BTC 0 e3471ae1bf7d0608f3dbd36f49d8a9ae07a4f8c1d3c5f6a645f428a3f0f41e3a
forward_snapshot_ETH 0 425bb1eed79c9b1c4b70247ae2d0fda08da589541c0ecfdd1564ccf055e1e09f
forward_snapshot_combo 0 b64681a91fccebce54eedbab92545f76749a115731be623a8ba7027266a84527
PASS:36new actual-capital historical and3new cutoff configurations reserved;18existingexit30 exact definitions read-only.
