{"new_backtests": 0, "readonly_scenes_verified": 36, "missing_files_restored": 0}
PASS:all9 cumulative forward scenes exactly reproduced including10868point complete time axis and nextstate;noHTTP or ledger write
{"completed": "volratio_asma_2025_btc_n20_r1_eth_e0.0125_x0.005_btc0.75", "return3_pct": 26.965653287400016, "minute_DD3_pct": 14.892487103348529}
{"completed": "volratio_asma_2025_btc_n20_r1_eth_e0.015_x0.005_btc0.75", "return3_pct": 26.965653287400016, "minute_DD3_pct": 14.892487103348529}
{"completed": "volratio_asma_2025_btc_n20_r1_eth_e0.02_x0.005_btc0.75", "return3_pct": 26.965653287400016, "minute_DD3_pct": 14.892487103348529}
{"completed": "volratio_asma_2025_btc_n30_r1_eth_e0.0125_x0.005_btc0.75", "return3_pct": 36.79757435248001, "minute_DD3_pct": 14.556625343449658}
{"completed": "volratio_asma_2025_btc_n30_r1_eth_e0.015_x0.005_btc0.75", "return3_pct": 36.79757435248001, "minute_DD3_pct": 14.556625343449658}
{"completed": "volratio_asma_2025_btc_n30_r1_eth_e0.02_x0.005_btc0.75", "return3_pct": 36.79757435248001, "minute_DD3_pct": 14.556625343449658}
{"completed": "volratio_asma_2025_btc_n40_r1_eth_e0.0125_x0.005_btc0.75", "return3_pct": 26.965653287400016, "minute_DD3_pct": 14.892487103348529}
{"completed": "volratio_asma_2025_btc_n40_r1_eth_e0.015_x0.005_btc0.75", "return3_pct": 26.965653287400016, "minute_DD3_pct": 14.892487103348529}
{"completed": "volratio_asma_2025_btc_n40_r1_eth_e0.02_x0.005_btc0.75", "return3_pct": 26.965653287400016, "minute_DD3_pct": 14.892487103348529}
{"completed": "volratio_asma_2026_btc_n20_r1_eth_e0.0125_x0.005_btc0.75", "return3_pct": 24.64440825516001, "minute_DD3_pct": 12.400744699935784}
{"completed": "volratio_asma_2026_btc_n20_r1_eth_e0.015_x0.005_btc0.75", "return3_pct": 26.174963327860002, "minute_DD3_pct": 12.414500357035896}
{"completed": "volratio_asma_2026_btc_n20_r1_eth_e0.02_x0.005_btc0.75", "return3_pct": 26.174963327860002, "minute_DD3_pct": 12.414500357035896}
{"completed": "volratio_asma_2026_btc_n30_r1_eth_e0.0125_x0.005_btc0.75", "return3_pct": 24.64440825516001, "minute_DD3_pct": 12.400744699935784}
{"completed": "volratio_asma_2026_btc_n30_r1_eth_e0.015_x0.005_btc0.75", "return3_pct": 26.174963327860002, "minute_DD3_pct": 12.414500357035896}
{"completed": "volratio_asma_2026_btc_n30_r1_eth_e0.02_x0.005_btc0.75", "return3_pct": 26.174963327860002, "minute_DD3_pct": 12.414500357035896}
{"completed": "volratio_asma_2026_btc_n40_r1_eth_e0.0125_x0.005_btc0.75", "return3_pct": 24.64440825516001, "minute_DD3_pct": 12.400744699935784}
{"completed": "volratio_asma_2026_btc_n40_r1_eth_e0.015_x0.005_btc0.75", "return3_pct": 26.174963327860002, "minute_DD3_pct": 12.414500357035896}
{"completed": "volratio_asma_2026_btc_n40_r1_eth_e0.02_x0.005_btc0.75", "return3_pct": 26.174963327860002, "minute_DD3_pct": 12.414500357035896}
PASS:all54 NEW volume-channel/ASMA cost scenes exactly reproduced;matched controls read-only verified;full report reproduced;ledger unchanged
{"passed": true, "source_component_scenes_rebuilt": 36, "volume_ASMA_cost_scenes_audited": 54, "volume_ASMA_NAV_points_audited": 14006628, "report_sha256": "dd7c76df6c6f4a5c76bf8e88b7314af627530dc719d0c5bbd14b194f0d93930e", "forward_report_sha256": "50ccc3b3887df81eb0bfef971dc16ff6699249bdbed3cfa72713d589b333fc59", "frozen_forward_plan_unchanged": true}
{"passed": true, "forward_scenes": 9, "new_closed_marks_per_asset": 120, "cumulative_minutes": 10859, "complete_days": 7, "NAV_points_per_scene": 10868, "original_NAV_prefix": 10748, "new_daily_decisions": 0, "new_reference_points": 0, "new_executions": 0, "original_cash_units_desired_trades_costs_unchanged": true, "next_daily_decision_utc": "2026-10-10T00:01:00Z", "report_sha256": "50ccc3b3887df81eb0bfef971dc16ff6699249bdbed3cfa72713d589b333fc59"}
PASS: new parameters/weights and missing-result retries are allowed; exact/reordered completed trials stay blocked
