volratio_asma_2025_btc_n20_r1_eth_e0.0125_x0.005_btc0.75 0 772b97e73cf54243b640ba7da6c28bc2ee25d5d505a4b257457aa6f923294ae5
volratio_asma_2025_btc_n20_r1_eth_e0.015_x0.005_btc0.75 0 a061f40fac81f34b2f5391606bb3c902141655b886df6663c447328c909dd8dc
volratio_asma_2025_btc_n20_r1_eth_e0.02_x0.005_btc0.75 0 760aa6954364eb44a5002945fc4a4583885eaabeb96712e8fef8000b9c602ee8
volratio_asma_2025_btc_n30_r1_eth_e0.0125_x0.005_btc0.75 0 154d0248ca17c49aed62f7c4bdbd78f195033367d07d47a511f6b38473596497
volratio_asma_2025_btc_n30_r1_eth_e0.015_x0.005_btc0.75 0 9d6e29abd087e49e58dc6f700c9283fd5f079e2b18e75d1d63df1b7f3e067fda
volratio_asma_2025_btc_n30_r1_eth_e0.02_x0.005_btc0.75 0 55caf8d3d86f45fd8782fb0c5a65cfa3d2155544149efe890f7ef46a8dc885b4
volratio_asma_2025_btc_n40_r1_eth_e0.0125_x0.005_btc0.75 0 eb231b7764adfa25970605b3364f2e0548f6bf7a8f2d86838d0f594d1c8ccd57
volratio_asma_2025_btc_n40_r1_eth_e0.015_x0.005_btc0.75 0 319ee2a316cfbf2123baee8a7db2e847eaa8bdf594abca99010cd38849993465
volratio_asma_2025_btc_n40_r1_eth_e0.02_x0.005_btc0.75 0 103f919b671aa6ae16769ffcdda27ad0761be4a1e1f02b51f59bd064a69b6a9c
volratio_asma_2026_btc_n20_r1_eth_e0.0125_x0.005_btc0.75 0 49752ee05e1ca965fb84bba771ac7131eb9a59ef70bdb68f1f4dee56c7354153
volratio_asma_2026_btc_n20_r1_eth_e0.015_x0.005_btc0.75 0 906643b76b9dfffbe6d25beb7b00c89b08af9c0a023e334a64c004dec86344cc
volratio_asma_2026_btc_n20_r1_eth_e0.02_x0.005_btc0.75 0 94cf68fefdc78cece0cc0beeca812e4f3e94e8b207ceef832a21a0f77320402f
volratio_asma_2026_btc_n30_r1_eth_e0.0125_x0.005_btc0.75 0 122a11ec3e3c21868f557553ff0f6e6b5ffa457ff09fe5ce728d4adc7404d947
volratio_asma_2026_btc_n30_r1_eth_e0.015_x0.005_btc0.75 0 ca0f5cf70ca222df48a2e0d106cfb9f41d1dbe22bc5449b88a78c0fced5e22f5
volratio_asma_2026_btc_n30_r1_eth_e0.02_x0.005_btc0.75 0 66a0b7b18c140d25031f61fcdc507877a137e4f732cfd9efba6c929c4df81009
volratio_asma_2026_btc_n40_r1_eth_e0.0125_x0.005_btc0.75 0 10fba7d7b963b9ed7723cd2249c7e7e49428db2d0f474cc03c654b13d370955a
volratio_asma_2026_btc_n40_r1_eth_e0.015_x0.005_btc0.75 0 9a4022e3303c67f91ab96935f0b743aebe4629d8433e724817edfe1a4460334d
volratio_asma_2026_btc_n40_r1_eth_e0.02_x0.005_btc0.75 0 dd2f4c9c7170ab6802854ffb3168cba79354eab80ead0d265514d260c1b9ff78
forward_snapshot_BTC 0 5e47c8bceadadc3e7ee1d338221a86ab39eaa52fa312a3ae2990cd1689675796
forward_snapshot_ETH 0 c0e3ecc982eb28342b2cc49b929d6df3b3db8fef6918a204c147be2adf5751a0
forward_snapshot_combo 0 f2b51729017ea45ed675db98baa1bb504e9baba3ddcaca8ba6a6e7dfffbe3227
PASS:18new portfolios+3legacy cutoffs reserved;12exact-funded components and12matched controls read-only.
