{"new_backtests": 0, "readonly_scenes_verified": 78, "missing_files_restored": 0}
PASS:all9 cumulative forward scenes exactly reproduced including8937point complete time axis and nextstate;noHTTP or ledger write
READ_ONLY_RESULT:channel_2025_combo_e20_x10_btc0.75
{"completed": "dual_fast_channel_2025_btc20_x10_eth20_x20", "return3_pct": 38.670865861089986, "minute_DD3_pct": 14.466267741745842}
READ_ONLY_RESULT:mixed_channel_2025_btc20_x10_eth20_x30
{"completed": "dual_fast_channel_2025_btc20_x20_eth20_x10", "return3_pct": 18.208332210375012, "minute_DD3_pct": 16.1099086960117}
READ_ONLY_RESULT:channel_2025_combo_e20_x20_btc0.75
READ_ONLY_RESULT:mixed_channel_2025_btc20_x20_eth20_x30
READ_ONLY_RESULT:mixed_channel_reverse_2025_btc20_x30_eth20_x10
READ_ONLY_RESULT:mixed_channel_reverse_2025_btc20_x30_eth20_x20
READ_ONLY_RESULT:channel_2025_combo_e20_x30_btc0.75
READ_ONLY_RESULT:channel_2026_combo_e20_x10_btc0.75
{"completed": "dual_fast_channel_2026_btc20_x10_eth20_x20", "return3_pct": 15.946819823050017, "minute_DD3_pct": 9.150288080304115}
READ_ONLY_RESULT:mixed_channel_2026_btc20_x10_eth20_x30
{"completed": "dual_fast_channel_2026_btc20_x20_eth20_x10", "return3_pct": 17.415163697329984, "minute_DD3_pct": 10.076161957324237}
READ_ONLY_RESULT:channel_2026_combo_e20_x20_btc0.75
READ_ONLY_RESULT:mixed_channel_2026_btc20_x20_eth20_x30
READ_ONLY_RESULT:mixed_channel_reverse_2026_btc20_x30_eth20_x10
READ_ONLY_RESULT:mixed_channel_reverse_2026_btc20_x30_eth20_x20
READ_ONLY_RESULT:channel_2026_combo_e20_x30_btc0.75
PASS:all12 NEW dual-fast-exit cost scenes exactly reproduced;42 EXISTING scenes read-only verified;full report reproduced;ledger unchanged
{"passed": true, "source_component_scenes_rebuilt": 36, "mixed_channel_cost_scenes_audited": 54, "mixed_channel_NAV_points_audited": 14006628, "report_sha256": "72acdd1575833673448acfab61fad5cca4a1a2fd7aa3028c9e7c59af5a6d4a42", "forward_report_sha256": "192bcee43eb7029f36e683de2b0f5489944735eee8cdb925ce6748fd4d9eafea", "frozen_forward_plan_unchanged": true}
{"passed": true, "forward_scenes": 9, "new_closed_marks_per_asset": 130, "cumulative_minutes": 9059, "complete_days": 6, "NAV_points_per_scene": 9067, "original_NAV_prefix": 8937, "new_daily_decisions": 0, "new_reference_points": 0, "new_executions": 0, "original_cash_units_desired_trades_costs_unchanged": true, "next_daily_decision_utc": "2026-10-09T00:01:00Z", "report_sha256": "192bcee43eb7029f36e683de2b0f5489944735eee8cdb925ce6748fd4d9eafea"}
PASS: new parameters/weights and missing-result retries are allowed; exact/reordered completed trials stay blocked
