READ_ONLY_EXACT channel_2025_combo_e20_x10_btc0.75
dual_fast_channel_2025_btc20_x10_eth20_x20 0 04704704aeb0c8344a7dcb9120160db3227fb5a53239f95009fc66294511c26f
READ_ONLY_EXACT mixed_channel_2025_btc20_x10_eth20_x30
dual_fast_channel_2025_btc20_x20_eth20_x10 0 fa759d4f766250d36a3dab856b6cd584e151995a47459b2a938c3ebd464ada5b
READ_ONLY_EXACT channel_2025_combo_e20_x20_btc0.75
READ_ONLY_EXACT mixed_channel_2025_btc20_x20_eth20_x30
READ_ONLY_EXACT mixed_channel_reverse_2025_btc20_x30_eth20_x10
READ_ONLY_EXACT mixed_channel_reverse_2025_btc20_x30_eth20_x20
READ_ONLY_EXACT channel_2025_combo_e20_x30_btc0.75
READ_ONLY_EXACT channel_2026_combo_e20_x10_btc0.75
dual_fast_channel_2026_btc20_x10_eth20_x20 0 bda416fa5e7cf89592df8e657fbf49e2d5262937b4e6f5afd0fade6e1c08b5c4
READ_ONLY_EXACT mixed_channel_2026_btc20_x10_eth20_x30
dual_fast_channel_2026_btc20_x20_eth20_x10 0 c173550f8cedd6c696887df4bcb0306f69e8e7233642ed0e59429a09899ae3ae
READ_ONLY_EXACT channel_2026_combo_e20_x20_btc0.75
READ_ONLY_EXACT mixed_channel_2026_btc20_x20_eth20_x30
READ_ONLY_EXACT mixed_channel_reverse_2026_btc20_x30_eth20_x10
READ_ONLY_EXACT mixed_channel_reverse_2026_btc20_x30_eth20_x20
READ_ONLY_EXACT channel_2026_combo_e20_x30_btc0.75
forward_snapshot_BTC 0 01f766ce266737ac47ff1bf17cf0debc970822f18014e6726dba9864f528c4bc
forward_snapshot_ETH 0 597b3b87dfaa1ba02d43648c213abd2b61c90f9450ee307267463236dab81c8b
forward_snapshot_combo 0 ac6cad6357fb6a16e16d8b1060d241fe87f7e409005c1dd018cadc74f55d5dba
PASS:4new portfolios+3legacy cutoffs reserved;14exact grid cells and12funded components read-only.
