{"completed": "channel_2025_BTC_e10_x30", "return1": 14.333925722280005, "return3": 11.954239042466664, "minute_DD3": 14.744137706826145}
{"completed": "channel_2025_BTC_e10_x40", "return1": 14.333925722280005, "return3": 11.954239042466664, "minute_DD3": 14.744137706826145}
{"completed": "channel_2025_BTC_e10_x50", "return1": 17.42231877025999, "return3": 15.57738233343333, "minute_DD3": 14.744137706826145}
{"completed": "channel_2025_BTC_e15_x30", "return1": 10.764294549273345, "return3": 8.45813771109334, "minute_DD3": 14.530644998679998}
{"completed": "channel_2025_BTC_e15_x40", "return1": 10.764294549273345, "return3": 8.45813771109334, "minute_DD3": 14.530644998679998}
{"completed": "channel_2025_BTC_e15_x50", "return1": 14.77665925767333, "return3": 12.973224740226662, "minute_DD3": 14.530644998679998}
READ_ONLY_RESULT:channel_2025_BTC_e20_x30
{"completed": "channel_2025_BTC_e20_x40", "return1": 18.065019055839993, "return3": 16.222088747306664, "minute_DD3": 12.127073204350225}
{"completed": "channel_2025_BTC_e20_x50", "return1": 22.994816567906675, "return3": 21.70654880523999, "minute_DD3": 14.248486054212051}
{"completed": "channel_2025_ETH_e10_x30", "return1": 118.37235268919999, "return3": 114.99478554699998, "minute_DD3": 20.246834511094125}
{"completed": "channel_2025_ETH_e10_x40", "return1": 118.37235268919999, "return3": 114.99478554699998, "minute_DD3": 20.246834511094125}
{"completed": "channel_2025_ETH_e10_x50", "return1": 134.28597376419998, "return3": 131.88184309980002, "minute_DD3": 26.068425240481965}
{"completed": "channel_2025_ETH_e15_x30", "return1": 115.93329527760004, "return3": 112.5652596038, "minute_DD3": 20.243342275934182}
{"completed": "channel_2025_ETH_e15_x40", "return1": 115.93329527760004, "return3": 112.5652596038, "minute_DD3": 20.243342275934182}
{"completed": "channel_2025_ETH_e15_x50", "return1": 131.6651924826, "return3": 129.21943665779997, "minute_DD3": 26.062197927356713}
READ_ONLY_RESULT:channel_2025_ETH_e20_x30
{"completed": "channel_2025_ETH_e20_x40", "return1": 136.43146372360002, "return3": 133.95955248280004, "minute_DD3": 20.832217957779097}
{"completed": "channel_2025_ETH_e20_x50", "return1": 155.524457863, "return3": 154.19605419640004, "minute_DD3": 26.068334903977142}
{"completed": "channel_2025_combo_e10_x30_btc0.75", "return1": 40.34353246401001, "return3": 37.714375668599985, "minute_DD3": 14.363839616061036}
{"completed": "channel_2025_combo_e10_x40_btc0.75", "return1": 40.34353246401001, "return3": 37.714375668599985, "minute_DD3": 14.363839616061036}
{"completed": "channel_2025_combo_e10_x50_btc0.75", "return1": 46.63823251874501, "return3": 44.65349752502501, "minute_DD3": 15.095927138344688}
{"completed": "channel_2025_combo_e15_x30_btc0.75", "return1": 37.056544731355004, "return3": 34.48491818427002, "minute_DD3": 14.0355479336018}
{"completed": "channel_2025_combo_e15_x40_btc0.75", "return1": 37.056544731355004, "return3": 34.48491818427002, "minute_DD3": 14.0355479336018}
{"completed": "channel_2025_combo_e15_x50_btc0.75", "return1": 43.998792563905, "return3": 42.03477771962001, "minute_DD3": 15.077566040575952}
READ_ONLY_RESULT:channel_2025_combo_e20_x30_btc0.75
{"completed": "channel_2025_combo_e20_x40_btc0.75", "return1": 47.656630222779995, "return3": 45.65645468118, "minute_DD3": 13.456898898495117}
{"completed": "channel_2025_combo_e20_x50_btc0.75", "return1": 56.127226891679996, "return3": 54.82892515303001, "minute_DD3": 15.112030421802181}
{"completed": "channel_2026_BTC_e10_x30", "return1": 22.504805769759994, "return3": 20.597770714280017, "minute_DD3": 18.936608549510893}
{"completed": "channel_2026_BTC_e10_x40", "return1": 19.578682770840004, "return3": 17.70833266203333, "minute_DD3": 20.875620076830693}
{"completed": "channel_2026_BTC_e10_x50", "return1": 8.450233422620013, "return3": 6.763550338860003, "minute_DD3": 28.23643556984291}
{"completed": "channel_2026_BTC_e15_x30", "return1": 25.242292755679998, "return3": 23.928268019813338, "minute_DD3": 13.064537020323208}
{"completed": "channel_2026_BTC_e15_x40", "return1": 22.242489851913327, "return3": 20.964884633680004, "minute_DD3": 15.143895970888344}
{"completed": "channel_2026_BTC_e15_x50", "return1": 10.870615635413339, "return3": 9.715971093466669, "minute_DD3": 23.038515555865914}
READ_ONLY_RESULT:channel_2026_BTC_e20_x30
{"completed": "channel_2026_BTC_e20_x40", "return1": 20.401273429699994, "return3": 19.14840621488001, "minute_DD3": 15.418815459632029}
{"completed": "channel_2026_BTC_e20_x50", "return1": 9.197833505053321, "return3": 8.058740763933336, "minute_DD3": 23.285751797589803}
{"completed": "channel_2026_ETH_e10_x30", "return1": 20.948247232399986, "return3": 19.060121806999987, "minute_DD3": 24.321042315523066}
{"completed": "channel_2026_ETH_e10_x40", "return1": 15.721599545799991, "return3": 13.916789600199998, "minute_DD3": 27.593638232142847}
{"completed": "channel_2026_ETH_e10_x50", "return1": 10.183699309200001, "return3": 8.457135934799997, "minute_DD3": 31.059193671089357}
{"completed": "channel_2026_ETH_e15_x30", "return1": 38.79583913839999, "return3": 37.3475134018, "minute_DD3": 12.70146673936987}
{"completed": "channel_2026_ETH_e15_x40", "return1": 32.790617460799986, "return3": 31.404190287400002, "minute_DD3": 16.471765445621156}
{"completed": "channel_2026_ETH_e15_x50", "return1": 26.441767985599984, "return3": 25.120174157200005, "minute_DD3": 20.471535424079523}
READ_ONLY_RESULT:channel_2026_ETH_e20_x30
{"completed": "channel_2026_ETH_e20_x40", "return1": 29.799021910400004, "return3": 28.43826642359999, "minute_DD3": 18.35902222473974}
{"completed": "channel_2026_ETH_e20_x50", "return1": 23.5812743576, "return3": 22.297020916200005, "minute_DD3": 22.26902124362543}
{"completed": "channel_2026_combo_e10_x30_btc0.75", "return1": 22.11566613542, "return3": 20.21335848746, "minute_DD3": 19.71496873717882}
{"completed": "channel_2026_combo_e10_x40_btc0.75", "return1": 18.61441196458, "return3": 16.76044689657501, "minute_DD3": 21.97883814936875}
{"completed": "channel_2026_combo_e10_x50_btc0.75", "return1": 8.883599894265014, "return3": 7.18694673784499, "minute_DD3": 28.46895353149853}
{"completed": "channel_2026_combo_e15_x30_btc0.75", "return1": 28.630679351360012, "return3": 27.28307936531, "minute_DD3": 12.630031506070583}
{"completed": "channel_2026_combo_e15_x40_btc0.75", "return1": 24.87952175413499, "return3": 23.57471104711002, "minute_DD3": 15.12711407348053}
{"completed": "channel_2026_combo_e15_x50_btc0.75", "return1": 14.763403722959989, "return3": 13.567021859399997, "minute_DD3": 22.11013239795392}
READ_ONLY_RESULT:channel_2026_combo_e20_x30_btc0.75
{"completed": "channel_2026_combo_e20_x40_btc0.75", "return1": 22.75071054987501, "return3": 21.47087126706002, "minute_DD3": 14.481627600182001}
{"completed": "channel_2026_combo_e20_x50_btc0.75", "return1": 12.793693718189992, "return3": 11.618310801999998, "minute_DD3": 21.486984572281543}
{"new_configs": 48, "new_component_configs": 32, "new_combination_configs": 16, "new_cost_scenes": 144, "new_minute_NAV_points": 37351008, "reused_grid_configs": 6, "reused_cost_scenes": 18, "grid_configs": 54, "grid_cost_scenes": 162, "positive_1x": 48, "positive_3x": 48, "grid_positive_1x": 54, "grid_positive_3x": 54, "passed": ["channel_2025_BTC_e10_x30", "channel_2025_BTC_e10_x40", "channel_2025_BTC_e10_x50", "channel_2025_BTC_e15_x30", "channel_2025_BTC_e15_x40", "channel_2025_BTC_e15_x50", "channel_2025_BTC_e20_x40", "channel_2025_BTC_e20_x50", "channel_2025_ETH_e10_x30", "channel_2025_ETH_e10_x40", "channel_2025_ETH_e15_x30", "channel_2025_ETH_e15_x40", "channel_2025_ETH_e20_x40", "channel_2025_combo_e10_x30_btc0.75", "channel_2025_combo_e10_x40_btc0.75", "channel_2025_combo_e10_x50_btc0.75", "channel_2025_combo_e15_x30_btc0.75", "channel_2025_combo_e15_x40_btc0.75", "channel_2025_combo_e15_x50_btc0.75", "channel_2025_combo_e20_x40_btc0.75", "channel_2025_combo_e20_x50_btc0.75", "channel_2026_BTC_e15_x30", "channel_2026_BTC_e15_x40", "channel_2026_BTC_e15_x50", "channel_2026_combo_e15_x30_btc0.75", "channel_2026_combo_e15_x40_btc0.75", "channel_2026_combo_e15_x50_btc0.75", "channel_2026_combo_e20_x40_btc0.75", "channel_2026_combo_e20_x50_btc0.75"], "rejected": ["channel_2025_ETH_e10_x50", "channel_2025_ETH_e15_x50", "channel_2025_ETH_e20_x50", "channel_2026_BTC_e10_x30", "channel_2026_BTC_e10_x40", "channel_2026_BTC_e10_x50", "channel_2026_BTC_e20_x40", "channel_2026_BTC_e20_x50", "channel_2026_ETH_e10_x30", "channel_2026_ETH_e10_x40", "channel_2026_ETH_e10_x50", "channel_2026_ETH_e15_x30", "channel_2026_ETH_e15_x40", "channel_2026_ETH_e15_x50", "channel_2026_ETH_e20_x40", "channel_2026_ETH_e20_x50", "channel_2026_combo_e10_x30_btc0.75", "channel_2026_combo_e10_x40_btc0.75", "channel_2026_combo_e10_x50_btc0.75"], "grid_passed": ["channel_2025_BTC_e10_x30", "channel_2025_BTC_e10_x40", "channel_2025_BTC_e10_x50", "channel_2025_BTC_e15_x30", "channel_2025_BTC_e15_x40", "channel_2025_BTC_e15_x50", "channel_2025_BTC_e20_x30", "channel_2025_BTC_e20_x40", "channel_2025_BTC_e20_x50", "channel_2025_ETH_e10_x30", "channel_2025_ETH_e10_x40", "channel_2025_ETH_e15_x30", "channel_2025_ETH_e15_x40", "channel_2025_ETH_e20_x30", "channel_2025_ETH_e20_x40", "channel_2025_combo_e10_x30_btc0.75", "channel_2025_combo_e10_x40_btc0.75", "channel_2025_combo_e10_x50_btc0.75", "channel_2025_combo_e15_x30_btc0.75", "channel_2025_combo_e15_x40_btc0.75", "channel_2025_combo_e15_x50_btc0.75", "channel_2025_combo_e20_x30_btc0.75", "channel_2025_combo_e20_x40_btc0.75", "channel_2025_combo_e20_x50_btc0.75", "channel_2026_BTC_e15_x30", "channel_2026_BTC_e15_x40", "channel_2026_BTC_e15_x50", "channel_2026_combo_e15_x30_btc0.75", "channel_2026_combo_e15_x40_btc0.75", "channel_2026_combo_e15_x50_btc0.75", "channel_2026_combo_e20_x30_btc0.75", "channel_2026_combo_e20_x40_btc0.75", "channel_2026_combo_e20_x50_btc0.75"], "both_periods_passed_combination_pairs": [["channel_2025_combo_e15_x30_btc0.75", "channel_2026_combo_e15_x30_btc0.75"], ["channel_2025_combo_e15_x40_btc0.75", "channel_2026_combo_e15_x40_btc0.75"], ["channel_2025_combo_e15_x50_btc0.75", "channel_2026_combo_e15_x50_btc0.75"], ["channel_2025_combo_e20_x30_btc0.75", "channel_2026_combo_e20_x30_btc0.75"], ["channel_2025_combo_e20_x40_btc0.75", "channel_2026_combo_e20_x40_btc0.75"], ["channel_2025_combo_e20_x50_btc0.75", "channel_2026_combo_e20_x50_btc0.75"]], "new_both_periods_passed_combination_pairs": [["channel_2025_combo_e15_x30_btc0.75", "channel_2026_combo_e15_x30_btc0.75"], ["channel_2025_combo_e15_x40_btc0.75", "channel_2026_combo_e15_x40_btc0.75"], ["channel_2025_combo_e15_x50_btc0.75", "channel_2026_combo_e15_x50_btc0.75"], ["channel_2025_combo_e20_x40_btc0.75", "channel_2026_combo_e20_x40_btc0.75"], ["channel_2025_combo_e20_x50_btc0.75", "channel_2026_combo_e20_x50_btc0.75"]], "actual_component_fills": 504, "audited_component_fills": 558, "reused_ledger_records_untouched": true, "new_live_orders": 0}
