channel_2025_BTC_e10_x30 0 ec1fdbe1304e0bb45b9f37e3c99da86456381fe6dc3c1206fee4e226651566a7
channel_2025_BTC_e10_x40 0 acf47e81c885d2b53c5e53fbee36c4f9306c9ca9ebf039733994a8ebf49e261f
channel_2025_BTC_e10_x50 0 cbe95e9034fa73f33ba6a1766348f747111f6c0f2c2b99ef35ba771d7ab09232
channel_2025_BTC_e15_x30 0 43f34a7772904a3c6c41805422e814ba8f14db00d2c6bc819138d0c6efb9fe4d
channel_2025_BTC_e15_x40 0 46b9de6ad581416e2e2761630f3a0e3dd5482feac8d606a687ad6ac5b12dc30a
channel_2025_BTC_e15_x50 0 0f5336832f096402dd5f99c9ef86d5d649efa37584b76f1832ed0c41d2749157
READ_ONLY_EXACT channel_2025_BTC_e20_x30 d40837698953907f5f7f8c806210804997322135cd41445e61398478f9245f3a
channel_2025_BTC_e20_x40 0 30d3a0b851f0340d4e3296161e727cac1cb4e9597b0adfc3940d113d66a55976
channel_2025_BTC_e20_x50 0 f48535f44c62e95df47d5918ddb6f3bd6f635f3500ee821b5f17dcab56c4db5c
channel_2025_ETH_e10_x30 0 d1366d135d8b27669ae6a21e5a66be334090c658cfb4a9f5d96d0b40ef8af682
channel_2025_ETH_e10_x40 0 fa419d3a16646d01100f4e401c9a63e528715dc5d59908843574e44ccd88e6b5
channel_2025_ETH_e10_x50 0 77220b5622c96d2133de8d0ca097de3a37fba182cb2e69e66cf38b7d42ac5473
channel_2025_ETH_e15_x30 0 53207f3d0d4da288c74daeb86b5d2224be292f5ad16df5ffbdc9b4a086affcdc
channel_2025_ETH_e15_x40 0 2ae447a0acd57dff66c6988deb6d857f33c1fe9389157de4491805a68aa43d17
channel_2025_ETH_e15_x50 0 eee12b2e47fffbb4b9e1b37989acba738b5e372542146dc6fe2852be533d46cd
READ_ONLY_EXACT channel_2025_ETH_e20_x30 c9734d70b50ec3803eb6ad8f8ac0ace37355538df13e907253fa3750bf90a7ae
channel_2025_ETH_e20_x40 0 a616a9fbbb8367bd887913e27f7e4b8a9dcf9b3089538a24a7182fcf39c2d159
channel_2025_ETH_e20_x50 0 708e358047c8ac2553d5d86c6e52d0db69badebb79570d99c04559297e7f9d6d
channel_2025_combo_e10_x30_btc0.75 0 b3963f7287d8c223ebb24b1922267d5ed4e6d49604e6613c5a7d08d378488b57
channel_2025_combo_e10_x40_btc0.75 0 837bfc15a4e8d3ed45c567d951e4779e3680b63f7952204441456b522b0eb520
channel_2025_combo_e10_x50_btc0.75 0 8e30d414661925b88497112566cc40a8b769d7ba92671e5530b9e634e07528f6
channel_2025_combo_e15_x30_btc0.75 0 e45717ac866f27ca027b6780e81d20590e3bd30603dde12124bb50f83c3f4189
channel_2025_combo_e15_x40_btc0.75 0 c1291288c6a37c0c43884d9727ab029a5a8f29345d01b4b3bc110891ee20cba3
channel_2025_combo_e15_x50_btc0.75 0 05a014f57d0e8e2cdb4729b114f65fc20b61f2d64359c87be63d33faf23f4137
READ_ONLY_EXACT channel_2025_combo_e20_x30_btc0.75 648c9487ad450da0271eb0ecd2b35e15ed1631a894ce3403d4935c5a59869a90
channel_2025_combo_e20_x40_btc0.75 0 707b8c41d1f2ca67d7a4058894957aa192855297cd7c69df8d7eaee68acb120d
channel_2025_combo_e20_x50_btc0.75 0 d59990f7644719a2eb5540072a1b33388eff7b580a3715e88e4c91de7daf2c4c
channel_2026_BTC_e10_x30 0 31956e1cfdb3dee393a4f6c587d8f904cbb64962eb8eafde5c3f42622e69b079
channel_2026_BTC_e10_x40 0 d6c5b9189889ea3f36afabee1a5e525d582a3ad84e2ab6316bf81d8350fd93b6
channel_2026_BTC_e10_x50 0 2540d015c3e4bfcc82c35ebb5ffeda4aa69a0aef188f3adb218bb86f833f88c3
channel_2026_BTC_e15_x30 0 b5a044766e3a98768ec55fbfd601233bee40b07df2781aec97e3865705f30b0b
channel_2026_BTC_e15_x40 0 f2fe904f850570c28d43bbf1efe49975f5b13c29cd84eeb1e51f8ed6a5c37e36
channel_2026_BTC_e15_x50 0 8704dec9046e75277fef11cc3360ffd2feee09fa23e2fe121ef346d8b0d287c8
READ_ONLY_EXACT channel_2026_BTC_e20_x30 6419771b4509dccbce9590a1707e8505f6bafe66c347df8abc959d52f0a71a58
channel_2026_BTC_e20_x40 0 d1212c410e9aa35874a82269cc4a6f0890794aeb54b907c7caf87e9e9e827974
channel_2026_BTC_e20_x50 0 049701cc90f8ae060c6865ecbebbb99bbd3d6416b03a88c58c0638c77a06756c
channel_2026_ETH_e10_x30 0 65e7335cfdb0876cbbe8589ca79d2d2e34fe538f72c7ef4d84b017cdeaeb6293
channel_2026_ETH_e10_x40 0 4d2dafb1f4b4c421f3c8de2906c96cfe7bf5fcdaf514335aa2ffc6040a3d91fc
channel_2026_ETH_e10_x50 0 8738129d5d561a1050e681efd84e8a5676bc1c2e13ec7364b1a5550d8cab5c90
channel_2026_ETH_e15_x30 0 cf4024777a123f419a6a26d752ac57c80fc73fcd0983e5d4401fd114dcede75f
channel_2026_ETH_e15_x40 0 cdd0a6cd3ad2eaded6ac39ac0d865848d5e99b18a759a88134388c227860f6f1
channel_2026_ETH_e15_x50 0 07fa35f478bc2050652c192a7fce1b8d8c9c3551ea5f4ca353fe3b567ed7e663
READ_ONLY_EXACT channel_2026_ETH_e20_x30 952dcf42aaa9ebbce1c0a4ac7ba487163b08ca70d026638fb45f47e9b4624439
channel_2026_ETH_e20_x40 0 16c5e33349b6655f5a397925a4f35677153dee5add119b1a7a62b543ac7e179b
channel_2026_ETH_e20_x50 0 50512c8b8ec3ed52e3161cb58d00cacf11be7e353a60c1973300133d4b185aee
channel_2026_combo_e10_x30_btc0.75 0 280858e3958f36017ecc0b28871287d462eecb3c233ab685129889e468a55bdf
channel_2026_combo_e10_x40_btc0.75 0 913f3ac7bf070d79c483a1a17a39c56fc014d19c214f144f6af4ba69c5f4ea8c
channel_2026_combo_e10_x50_btc0.75 0 d37bbdd6f3dfd55e741731c691a438fabbe765c829312da0dcad6cd1b063590f
channel_2026_combo_e15_x30_btc0.75 0 28979c55be8f2ef5e5f13907942aa13fc61e31648d016a6ffe5ae0063c098ba9
channel_2026_combo_e15_x40_btc0.75 0 ef678e6f3a93d4e15262a0619bcb4f1732b3dfd44a8cc58370543b588687930d
channel_2026_combo_e15_x50_btc0.75 0 3f48556a48e2eba27c74d51e468b815a0eab672194cb9cefe967d32af6e0970b
READ_ONLY_EXACT channel_2026_combo_e20_x30_btc0.75 4ff63fa67bfd45ec9827d5ee5de0917d090e7df37635f97c08d3cae27c8eaea4
channel_2026_combo_e20_x40_btc0.75 0 be9f47cc216194c9e59cca5dcc1583a0787ba8457901e55ea47b42c11676da4c
channel_2026_combo_e20_x50_btc0.75 0 db536035e3c414f27cd9543c96a6de41bbee3cefcf77403dd2d469991c794cfc
forward_snapshot_BTC 0 5d2fd146c85343a1c4a882f9cf17307da493a9ba1c0550067b8120366896af89
forward_snapshot_ETH 0 757887bc4e5c00b042ffcec22bd1f8f4ead8e0de7789603dbc700c3c8fd4f8f4
forward_snapshot_combo 0 759981393689d410fbf4f198f2ccc531a75b0d53cbb9eced553cd9687bd292e6
PASS:48 NEW channel definitions and3 cumulative cutoffs reserved;6 EXACT completed cells read-only;rules and source records unchanged.
