{"completed": "channel_alloc_2025_BTC_e10_x30_c1300", "return1": 14.328030926838453, "return3": 11.970623922984602, "minute_DD3": 14.738657842276604}
READ_ONLY_RESULT:channel_2025_BTC_e10_x30
{"completed": "channel_alloc_2025_BTC_e10_x30_c1700", "return1": 14.327228683347059, "return3": 11.95806864387059, "minute_DD3": 14.743867961290658}
{"completed": "channel_alloc_2025_BTC_e15_x30_c1300", "return1": 10.75060409711539, "return3": 8.465927135415384, "minute_DD3": 14.530066914586259}
READ_ONLY_RESULT:channel_2025_BTC_e15_x30
{"completed": "channel_alloc_2025_BTC_e15_x30_c1700", "return1": 10.758880923888237, "return3": 8.464989387635292, "minute_DD3": 14.526643462163435}
{"completed": "channel_alloc_2025_BTC_e20_x30_c1300", "return1": 18.068554490176925, "return3": 16.227866287938465, "minute_DD3": 12.130053537588626}
READ_ONLY_RESULT:channel_2025_BTC_e20_x30
{"completed": "channel_alloc_2025_BTC_e20_x30_c1700", "return1": 18.06422306775295, "return3": 16.224898042988233, "minute_DD3": 12.129722554759159}
{"completed": "channel_alloc_2025_ETH_e10_x30_c700", "return1": 118.41410076114288, "return3": 114.9879213847143, "minute_DD3": 20.247490335872786}
READ_ONLY_RESULT:channel_2025_ETH_e10_x30
{"completed": "channel_alloc_2025_ETH_e10_x30_c300", "return1": 118.36303530933333, "return3": 114.97465204033332, "minute_DD3": 20.243380925418663}
{"completed": "channel_alloc_2025_ETH_e15_x30_c700", "return1": 115.9507022588571, "return3": 112.58563938114285, "minute_DD3": 20.248426019526576}
READ_ONLY_RESULT:channel_2025_ETH_e15_x30
{"completed": "channel_alloc_2025_ETH_e15_x30_c300", "return1": 115.96765352133333, "return3": 112.53270348633335, "minute_DD3": 20.240296159819604}
{"completed": "channel_alloc_2025_ETH_e20_x30_c700", "return1": 136.4142488868571, "return3": 133.96809149, "minute_DD3": 20.832604483330297}
READ_ONLY_RESULT:channel_2025_ETH_e20_x30
{"completed": "channel_alloc_2025_ETH_e20_x30_c300", "return1": 136.379653836, "return3": 133.91576351733332, "minute_DD3": 20.826885428501818}
{"completed": "channel_alloc_2025_combo_e10_x30_btc0.65", "return1": 50.758155368845, "return3": 48.02667803458998, "minute_DD3": 14.20912725304495}
READ_ONLY_RESULT:channel_2025_combo_e10_x30_btc0.75
{"completed": "channel_alloc_2025_combo_e10_x30_btc0.85", "return1": 29.932599677244998, "return3": 27.410556153339982, "minute_DD3": 14.516192869702305}
{"completed": "channel_alloc_2025_combo_e15_x30_btc0.65", "return1": 47.570638453725, "return3": 44.90782642142, "minute_DD3": 13.9975881582858}
READ_ONLY_RESULT:channel_2025_combo_e15_x30_btc0.75
{"completed": "channel_alloc_2025_combo_e15_x30_btc0.85", "return1": 26.540196813505013, "return3": 24.075146502440003, "minute_DD3": 14.229913880184409}
{"completed": "channel_alloc_2025_combo_e20_x30_btc0.65", "return1": 59.489547529015006, "return3": 57.43694510866, "minute_DD3": 14.545948858785973}
READ_ONLY_RESULT:channel_2025_combo_e20_x30_btc0.75
{"completed": "channel_alloc_2025_combo_e20_x30_btc0.85", "return1": 35.81153768298999, "return3": 33.878527864140004, "minute_DD3": 12.495724487184546}
{"completed": "channel_alloc_2026_BTC_e10_x30_c1300", "return1": 22.50742779126924, "return3": 20.60022227831537, "minute_DD3": 18.936531098338648}
READ_ONLY_RESULT:channel_2026_BTC_e10_x30
{"completed": "channel_alloc_2026_BTC_e10_x30_c1700", "return1": 22.505558511841173, "return3": 20.595667717347066, "minute_DD3": 18.936799964745752}
{"completed": "channel_alloc_2026_BTC_e15_x30_c1300", "return1": 25.235758288738474, "return3": 23.926246867761524, "minute_DD3": 13.062827421531686}
READ_ONLY_RESULT:channel_2026_BTC_e15_x30
{"completed": "channel_alloc_2026_BTC_e15_x30_c1700", "return1": 25.237866628617645, "return3": 23.92965300237646, "minute_DD3": 13.065918799895982}
{"completed": "channel_alloc_2026_BTC_e20_x30_c1300", "return1": 23.34924130363847, "return3": 22.066148664761553, "minute_DD3": 13.344588588644745}
READ_ONLY_RESULT:channel_2026_BTC_e20_x30
{"completed": "channel_alloc_2026_BTC_e20_x30_c1700", "return1": 23.35008107647647, "return3": 22.06615957310001, "minute_DD3": 13.347053253691954}
{"completed": "channel_alloc_2026_ETH_e10_x30_c700", "return1": 20.948207362428573, "return3": 19.051967895285713, "minute_DD3": 24.32422799645981}
READ_ONLY_RESULT:channel_2026_ETH_e10_x30
{"completed": "channel_alloc_2026_ETH_e10_x30_c300", "return1": 20.948984585999987, "return3": 19.066580664666667, "minute_DD3": 24.318834622821207}
{"completed": "channel_alloc_2026_ETH_e15_x30_c700", "return1": 38.791058879142845, "return3": 37.33938428371428, "minute_DD3": 12.70034423145342}
READ_ONLY_RESULT:channel_2026_ETH_e15_x30
{"completed": "channel_alloc_2026_ETH_e15_x30_c300", "return1": 38.78339777300002, "return3": 37.342231842000004, "minute_DD3": 12.696606963530211}
{"completed": "channel_alloc_2026_ETH_e20_x30_c700", "return1": 35.652391365, "return3": 34.23625460642856, "minute_DD3": 14.673348948968258}
READ_ONLY_RESULT:channel_2026_ETH_e20_x30
{"completed": "channel_alloc_2026_ETH_e20_x30_c300", "return1": 35.648483861666655, "return3": 34.232933128666666, "minute_DD3": 14.66865240942149}
{"completed": "channel_alloc_2026_combo_e10_x30_btc0.65", "return1": 21.961700641174996, "return3": 20.05833324425501, "minute_DD3": 20.133047225009282}
READ_ONLY_RESULT:channel_2026_combo_e10_x30_btc0.75
{"completed": "channel_alloc_2026_combo_e10_x30_btc0.85", "return1": 22.272072422964982, "return3": 20.366304659445, "minute_DD3": 19.39144973764141}
{"completed": "channel_alloc_2026_combo_e15_x30_btc0.65", "return1": 29.98011349538001, "return3": 28.620844963345004, "minute_DD3": 12.452584422501989}
READ_ONLY_RESULT:channel_2026_combo_e15_x30_btc0.75
{"completed": "channel_alloc_2026_combo_e15_x30_btc0.85", "return1": 27.269696300275005, "return3": 25.941539828319993, "minute_DD3": 12.80438995574934}
{"completed": "channel_alloc_2026_combo_e20_x30_btc0.65", "return1": 27.655343825115008, "return3": 26.325685744344995, "minute_DD3": 11.521835337035158}
READ_ONLY_RESULT:channel_2026_combo_e20_x30_btc0.75
{"completed": "channel_alloc_2026_combo_e20_x30_btc0.85", "return1": 25.194841494254973, "return3": 23.891175606434988, "minute_DD3": 12.502325217742904}
{"new_configs": 36, "new_component_configs": 24, "new_combination_configs": 12, "new_cost_scenes": 108, "new_minute_NAV_points": 28013256, "reused_grid_configs": 18, "reused_cost_scenes": 54, "grid_configs": 54, "grid_cost_scenes": 162, "positive_1x": 36, "positive_3x": 36, "grid_positive_1x": 54, "grid_positive_3x": 54, "passed": ["channel_alloc_2025_BTC_e10_x30_c1300", "channel_alloc_2025_BTC_e10_x30_c1700", "channel_alloc_2025_BTC_e15_x30_c1300", "channel_alloc_2025_BTC_e15_x30_c1700", "channel_alloc_2025_BTC_e20_x30_c1300", "channel_alloc_2025_BTC_e20_x30_c1700", "channel_alloc_2025_ETH_e10_x30_c700", "channel_alloc_2025_ETH_e10_x30_c300", "channel_alloc_2025_ETH_e15_x30_c700", "channel_alloc_2025_ETH_e15_x30_c300", "channel_alloc_2025_ETH_e20_x30_c700", "channel_alloc_2025_ETH_e20_x30_c300", "channel_alloc_2025_combo_e10_x30_btc0.65", "channel_alloc_2025_combo_e10_x30_btc0.85", "channel_alloc_2025_combo_e15_x30_btc0.65", "channel_alloc_2025_combo_e15_x30_btc0.85", "channel_alloc_2025_combo_e20_x30_btc0.65", "channel_alloc_2025_combo_e20_x30_btc0.85", "channel_alloc_2026_BTC_e15_x30_c1300", "channel_alloc_2026_BTC_e15_x30_c1700", "channel_alloc_2026_combo_e15_x30_btc0.65", "channel_alloc_2026_combo_e15_x30_btc0.85", "channel_alloc_2026_combo_e20_x30_btc0.65", "channel_alloc_2026_combo_e20_x30_btc0.85"], "rejected": ["channel_alloc_2026_BTC_e10_x30_c1300", "channel_alloc_2026_BTC_e10_x30_c1700", "channel_alloc_2026_BTC_e20_x30_c1300", "channel_alloc_2026_BTC_e20_x30_c1700", "channel_alloc_2026_ETH_e10_x30_c700", "channel_alloc_2026_ETH_e10_x30_c300", "channel_alloc_2026_ETH_e15_x30_c700", "channel_alloc_2026_ETH_e15_x30_c300", "channel_alloc_2026_ETH_e20_x30_c700", "channel_alloc_2026_ETH_e20_x30_c300", "channel_alloc_2026_combo_e10_x30_btc0.65", "channel_alloc_2026_combo_e10_x30_btc0.85"], "grid_passed": ["channel_alloc_2025_BTC_e10_x30_c1300", "channel_2025_BTC_e10_x30", "channel_alloc_2025_BTC_e10_x30_c1700", "channel_alloc_2025_BTC_e15_x30_c1300", "channel_2025_BTC_e15_x30", "channel_alloc_2025_BTC_e15_x30_c1700", "channel_alloc_2025_BTC_e20_x30_c1300", "channel_2025_BTC_e20_x30", "channel_alloc_2025_BTC_e20_x30_c1700", "channel_alloc_2025_ETH_e10_x30_c700", "channel_2025_ETH_e10_x30", "channel_alloc_2025_ETH_e10_x30_c300", "channel_alloc_2025_ETH_e15_x30_c700", "channel_2025_ETH_e15_x30", "channel_alloc_2025_ETH_e15_x30_c300", "channel_alloc_2025_ETH_e20_x30_c700", "channel_2025_ETH_e20_x30", "channel_alloc_2025_ETH_e20_x30_c300", "channel_alloc_2025_combo_e10_x30_btc0.65", "channel_2025_combo_e10_x30_btc0.75", "channel_alloc_2025_combo_e10_x30_btc0.85", "channel_alloc_2025_combo_e15_x30_btc0.65", "channel_2025_combo_e15_x30_btc0.75", "channel_alloc_2025_combo_e15_x30_btc0.85", "channel_alloc_2025_combo_e20_x30_btc0.65", "channel_2025_combo_e20_x30_btc0.75", "channel_alloc_2025_combo_e20_x30_btc0.85", "channel_alloc_2026_BTC_e15_x30_c1300", "channel_2026_BTC_e15_x30", "channel_alloc_2026_BTC_e15_x30_c1700", "channel_alloc_2026_combo_e15_x30_btc0.65", "channel_2026_combo_e15_x30_btc0.75", "channel_alloc_2026_combo_e15_x30_btc0.85", "channel_alloc_2026_combo_e20_x30_btc0.65", "channel_2026_combo_e20_x30_btc0.75", "channel_alloc_2026_combo_e20_x30_btc0.85"], "both_periods_passed_combination_pairs": [["channel_alloc_2025_combo_e15_x30_btc0.65", "channel_alloc_2026_combo_e15_x30_btc0.65"], ["channel_2025_combo_e15_x30_btc0.75", "channel_2026_combo_e15_x30_btc0.75"], ["channel_alloc_2025_combo_e15_x30_btc0.85", "channel_alloc_2026_combo_e15_x30_btc0.85"], ["channel_alloc_2025_combo_e20_x30_btc0.65", "channel_alloc_2026_combo_e20_x30_btc0.65"], ["channel_2025_combo_e20_x30_btc0.75", "channel_2026_combo_e20_x30_btc0.75"], ["channel_alloc_2025_combo_e20_x30_btc0.85", "channel_alloc_2026_combo_e20_x30_btc0.85"]], "new_both_periods_passed_combination_pairs": [["channel_alloc_2025_combo_e15_x30_btc0.65", "channel_alloc_2026_combo_e15_x30_btc0.65"], ["channel_alloc_2025_combo_e15_x30_btc0.85", "channel_alloc_2026_combo_e15_x30_btc0.85"], ["channel_alloc_2025_combo_e20_x30_btc0.65", "channel_alloc_2026_combo_e20_x30_btc0.65"], ["channel_alloc_2025_combo_e20_x30_btc0.85", "channel_alloc_2026_combo_e20_x30_btc0.85"]], "actual_component_fills": 396, "audited_component_fills": 594, "reused_ledger_records_untouched": true, "new_live_orders": 0}
