channel_alloc_2025_BTC_e10_x30_c1300 passed 0 ccea589ad1f4388197bfd6ddbea10befe9c7077d79b6b3865b123a4ece76fa62
channel_alloc_2025_BTC_e10_x30_c1700 passed 0 0eefecb9ef0dd31feceec4c972b427a70c0d40045acc486ea2575867c88b1237
channel_alloc_2025_BTC_e15_x30_c1300 passed 0 78d241d93b2b0a8566b23150babc3a1c315d9e10f14aa09cf1301622bc2a6d88
channel_alloc_2025_BTC_e15_x30_c1700 passed 0 5d626b1fae18b7ec30f00ddd7a90f9e8bde95ed84e385aba3e89e048a2a21241
channel_alloc_2025_BTC_e20_x30_c1300 passed 0 9f88e8a47eebcfbd39b0d25eab5ec81ed94666ad33ebf705497395e98c3d32b3
channel_alloc_2025_BTC_e20_x30_c1700 passed 0 dff19221b6e53628ec4643caf38d2efcd82e3419393329ed2d6a5d4a200e68d1
channel_alloc_2025_ETH_e10_x30_c700 passed 0 3c8dc6044f6e38f32242db78c5096a966b7bfdd3065b8a530f005c179824d418
channel_alloc_2025_ETH_e10_x30_c300 passed 0 7421c0142c5a804e9ce8d7abce98b6ea7d41594ac7f96c1b9a11015cc73106bc
channel_alloc_2025_ETH_e15_x30_c700 passed 0 e3edd4ede105cd11e660afadbeb06a598ecfac00c2551f7a9c79a4d713396f28
channel_alloc_2025_ETH_e15_x30_c300 passed 0 8f331b0b80ad7f89e6ece078329739cff270dce803ed1cbff6aca026ca463849
channel_alloc_2025_ETH_e20_x30_c700 passed 0 9a93c55e7d239fd51dbc145d1fb7db1b005adef97986eb8ef688db4e47573fa8
channel_alloc_2025_ETH_e20_x30_c300 passed 0 759ff674b368081811e9457bdfb3434370e565eb80c6a19c8c2ec0cfc509ba4a
channel_alloc_2025_combo_e10_x30_btc0.65 passed 0 629b48f353548429c39b6489b3b68545686fc663b13a799165972926b42d392d
channel_alloc_2025_combo_e10_x30_btc0.85 passed 0 c3bfd330c2972a216900d6fc68fb5a71d47156af3f35fa5fc192dbde23ecb1ca
channel_alloc_2025_combo_e15_x30_btc0.65 passed 0 4e491c9978e48305e5a0fd70af40394997c5fd4bc0b5ae7fbebe1e7aec962406
channel_alloc_2025_combo_e15_x30_btc0.85 passed 0 ae62d6ed1e1858a8e2e2268433da07f2de3ee0c13b378c3462c49cb037e085a8
channel_alloc_2025_combo_e20_x30_btc0.65 passed 0 88982dd9303f79c4cb16274d567820fd11b43da0d57f395779ec7c5cbe6d9ba9
channel_alloc_2025_combo_e20_x30_btc0.85 passed 0 06f0e5d67d286bcef8490583c1183098cac946a8e09a113f385502733333e017
channel_alloc_2026_BTC_e10_x30_c1300 rejected 0 5b40556d8965ae9da444ee57a6f44990b115af57eb7340aaf7f04066c1e2dfc8
channel_alloc_2026_BTC_e10_x30_c1700 rejected 0 9f535abc2558eb65d717f61b7873205ff64dc4d3d04189deef448eeeed2191fd
channel_alloc_2026_BTC_e15_x30_c1300 passed 0 86a1e5bbe95d56aa30219be8d337d58543b92f323b34eaec540611431a62008c
channel_alloc_2026_BTC_e15_x30_c1700 passed 0 85d5321c086b5a993da1d035af953e7cf2efecc4c1b7a8fc80a651f670c9de20
channel_alloc_2026_BTC_e20_x30_c1300 rejected 0 6bc351e5ab83afd8963860caa0a559de88559dc28442eb85448bf3af6069742b
channel_alloc_2026_BTC_e20_x30_c1700 rejected 0 634a39da5760861374bfe9a18224f08c101bcfb0e78cf172bbc98ccf36e6664b
channel_alloc_2026_ETH_e10_x30_c700 rejected 0 aaa0cebc26adfa6f114857565cd1b9507eaa8f27248228ea4ae058ecb8d85a3b
channel_alloc_2026_ETH_e10_x30_c300 rejected 0 221a969ea5301bb91d7921d5b684b126d36c508bfc9d8d1ca08d1daa822c3a66
channel_alloc_2026_ETH_e15_x30_c700 rejected 0 4eb11244e100c9c13b6b5a405ab242280aa1cb25aaf3878e83f727f75002bbc0
channel_alloc_2026_ETH_e15_x30_c300 rejected 0 99393831d419c5a5444e95aa258b95d225aa745e75c703c604ea4d4599af5fc1
channel_alloc_2026_ETH_e20_x30_c700 rejected 0 1a598965e9c6311f49ac2a740638d1103b10d15a2a9f289879e3c6831e200040
channel_alloc_2026_ETH_e20_x30_c300 rejected 0 1e7e2b859d8f47af159884d88f7388dd75c2012a7937b7bd0c2069e8fe1815d7
channel_alloc_2026_combo_e10_x30_btc0.65 rejected 0 0d360646c10fb874ca08b31f34e70ffb324d7b96d27585f3e145a5c6c31b84f2
channel_alloc_2026_combo_e10_x30_btc0.85 rejected 0 f867223154946798fae1b61d0360a891e761bd4af37f6735ac9fca52de779b09
channel_alloc_2026_combo_e15_x30_btc0.65 passed 0 3abf50bb6f2ba7dfb0938cc53c4887a5b83af5eee7f386ad37f717f7d65ec447
channel_alloc_2026_combo_e15_x30_btc0.85 passed 0 bb637d177d54d15f3f9686458023f740cee3a58a0acd2cd31809ebee68e3cec7
channel_alloc_2026_combo_e20_x30_btc0.65 passed 0 b19aec020c5d7d86c7ea68aff96e781bd5aa65206f702cf08e850d2706b2cd31
channel_alloc_2026_combo_e20_x30_btc0.85 passed 0 6aeed1d396e8c1d4e1663d0d65b4e6922419efc023812c74e9f1c8d63f2b341b
forward_snapshot_BTC rejected 0 dea8b17df698878beb4742a11121ce5a7c0cbc8a34589933bd67644422252f8d
forward_snapshot_ETH rejected 0 4b57a1ce3140c28ed68b15d9779f7c97f3f45eee6a1ba064f20e9f9343a93c56
forward_snapshot_combo rejected 0 4a2712999b2185ba70f932b63e97565b52ecccfef4f2e889b45869ba8ef45c1d
