vol_filter_2025_btcN30r0.9_ethEma50_btc0.75 0 4401ac8270ca4e7db878f7c0a8cedd75296b7c1cf2609dd5dc54e64f7cf59172
vol_filter_2025_btcN30r0.9_ethEma65_btc0.75 0 2021dc496bb000dea6fb69f16e3344446207bf074058b4260bc8a62902b12ad0
vol_filter_2025_btcN30r0.9_ethEma80_btc0.75 0 9d11e85d6d7227dcd83424917c492ed37bc4d0552fb521843c5fa82b23a64cf9
vol_filter_2025_btcN30r1_ethEma50_btc0.75 0 f533e13a6cef86b805748dd7635c2171f93ea2620f46a520eeb1af9bdd8647ff
vol_filter_2025_btcN30r1_ethEma65_btc0.75 0 9a23851067b016c1ff26a0f70f99f99121b1ee3589fbf8adaf18c53091eb7ca8
vol_filter_2025_btcN30r1_ethEma80_btc0.75 0 04e35afd861beab4ca9f34811b08c2d1675cd25432128eb3c7d7bb033fa4ff07
vol_filter_2025_btcN30r1.1_ethEma50_btc0.75 0 997d92ed71f734455d507128fd55c633266f7bb62ecfe293804e64cd90fdca9e
vol_filter_2025_btcN30r1.1_ethEma65_btc0.75 0 d6075196ea0fa1d087177865ad10f10c366ecd41b00c1b700071c49f1c6eade5
vol_filter_2025_btcN30r1.1_ethEma80_btc0.75 0 263e2ed76a93a5813ab8c8d52edb3c532afefa12a5868c0a697cf0d4434c5e8c
vol_filter_2026_btcN30r0.9_ethEma50_btc0.75 0 069bf25c1126269972b635abb4d4dfbe79f90751cce5c8edcb25b7db14e7b5ed
vol_filter_2026_btcN30r0.9_ethEma65_btc0.75 0 13f0f57e5e7a4eb2779fa59b1595cd8f6118b3ae911508622d902588e2f6fe95
vol_filter_2026_btcN30r0.9_ethEma80_btc0.75 0 9c3b2eb159020dfc8712e79f894ae58b76cbc4834e6e337edba83e4608db3b21
vol_filter_2026_btcN30r1_ethEma50_btc0.75 0 b78cc6dac38062ffc54ff2bea78ed0de96e1b1be7f68588173f3a5a64fd73e86
vol_filter_2026_btcN30r1_ethEma65_btc0.75 0 c74306807fc15086168ddd44bab31da0b5e8cbe65a4c2a3eb5d442bfd479a43d
vol_filter_2026_btcN30r1_ethEma80_btc0.75 0 64c97d1a24b0ab5a18902a93e87fcf17ff5ed99a1baf4fe627c339a5a6df1e46
vol_filter_2026_btcN30r1.1_ethEma50_btc0.75 0 0dbc184eb2ba1b6649225fe6b6a849171ee6c62796b5db1fbfc2f6a72604fd04
vol_filter_2026_btcN30r1.1_ethEma65_btc0.75 0 57bf5c41362b804e076f0473372de367d935ba219f458f8dce00292d21ea3a58
vol_filter_2026_btcN30r1.1_ethEma80_btc0.75 0 9ff6cbc9f390cd3c57a4e24a0a124250baa26254cf6acd572a8077b650e46428
forward_snapshot_BTC 0 61197d1834358e904f09b4cb0527ebbecc1e9a7f2a76e0ce214f19c6c52a6b74
forward_snapshot_ETH 0 e7dc0bf365d01648b7a030afd61ef5a33820343b9c45b0fa762bfb79266f0e3d
forward_snapshot_combo 0 7523a04a84bc344630b9d1d213b05f52e873aa86a07a62ba97ebe3565ffd1e0e
PASS:18new annualparents+3originalshadowcutoffs reserved;12fundedcomponents and12matched controls read-only.
