{"completed": "filtered_span_2025_BTC_e10_b0.03_x30_s23_c1350", "return1": 16.346376881896308, "return3": 15.134710209155555, "minute_DD3": 12.130775550801431}
READ_ONLY_RESULT:filtered_band_2025_BTC_e10_b0.03_x30_s50_c1350
{"completed": "filtered_span_2025_BTC_e10_b0.03_x30_s77_c1350", "return1": 11.938892308451843, "return3": 10.192572313674075, "minute_DD3": 12.410478514961376}
{"completed": "filtered_span_2025_BTC_e15_b0.03_x30_s23_c1350", "return1": 16.346376881896308, "return3": 15.134710209155555, "minute_DD3": 12.130775550801431}
READ_ONLY_RESULT:filtered_band_2025_BTC_e15_b0.03_x30_s50_c1350
{"completed": "filtered_span_2025_BTC_e15_b0.03_x30_s77_c1350", "return1": 10.942414089481467, "return3": 9.21234568964444, "minute_DD3": 13.189577336593661}
{"completed": "filtered_span_2025_BTC_e20_b0.03_x30_s23_c1350", "return1": 16.346376881896308, "return3": 15.134710209155555, "minute_DD3": 12.130775550801431}
READ_ONLY_RESULT:filtered_band_2025_BTC_e20_b0.03_x30_s50_c1350
{"completed": "filtered_span_2025_BTC_e20_b0.03_x30_s77_c1350", "return1": 10.351041916059266, "return3": 8.632786815340744, "minute_DD3": 12.126160323404555}
{"completed": "filtered_span_2025_ETH_e10_b0.03_x30_s23_c650", "return1": 121.46941341338464, "return3": 118.02205386261537, "minute_DD3": 26.041551674010776}
READ_ONLY_RESULT:filtered_band_2025_ETH_e10_b0.03_x30_s50_c650
{"completed": "filtered_span_2025_ETH_e10_b0.03_x30_s77_c650", "return1": 96.85534020923076, "return3": 94.78204126415386, "minute_DD3": 20.245376429741558}
{"completed": "filtered_span_2025_ETH_e15_b0.03_x30_s23_c650", "return1": 111.04377679553848, "return3": 107.76431304369231, "minute_DD3": 29.52987525507963}
READ_ONLY_RESULT:filtered_band_2025_ETH_e15_b0.03_x30_s50_c650
{"completed": "filtered_span_2025_ETH_e15_b0.03_x30_s77_c650", "return1": 96.85534020923076, "return3": 94.78204126415386, "minute_DD3": 20.245376429741558}
{"completed": "filtered_span_2025_ETH_e20_b0.03_x30_s23_c650", "return1": 102.50807568861538, "return3": 99.33441083723078, "minute_DD3": 30.04854066663295}
READ_ONLY_RESULT:filtered_band_2025_ETH_e20_b0.03_x30_s50_c650
{"completed": "filtered_span_2025_ETH_e20_b0.03_x30_s77_c650", "return1": 95.41640795076924, "return3": 93.35297299984614, "minute_DD3": 20.829950329720415}
{"completed": "filtered_span_2025_combo_e10_b0.03_x30_s23_btc0.675", "return1": 50.51136375463001, "return3": 48.57309689653, "minute_DD3": 15.447022493528472}
READ_ONLY_RESULT:filtered_band_2025_combo_e10_b0.03_x30_s50_btc0.675
{"completed": "filtered_span_2025_combo_e10_b0.03_x30_s77_btc0.675", "return1": 39.536737876204995, "return3": 37.68414972258001, "minute_DD3": 12.923035488092271}
{"completed": "filtered_span_2025_combo_e15_b0.03_x30_s23_btc0.675", "return1": 47.12303185383, "return3": 45.23933113038001, "minute_DD3": 16.80277771139227}
READ_ONLY_RESULT:filtered_band_2025_combo_e15_b0.03_x30_s50_btc0.675
{"completed": "filtered_span_2025_combo_e15_b0.03_x30_s77_btc0.675", "return1": 38.864115078399976, "return3": 37.02249675136, "minute_DD3": 13.450209508945488}
{"completed": "filtered_span_2025_combo_e20_b0.03_x30_s23_btc0.675", "return1": 44.348928994080005, "return3": 42.49961291328, "minute_DD3": 16.801978051475675}
READ_ONLY_RESULT:filtered_band_2025_combo_e20_b0.03_x30_s50_btc0.675
{"completed": "filtered_span_2025_combo_e20_b0.03_x30_s77_btc0.675", "return1": 37.99728587734001, "return3": 36.16684732530497, "minute_DD3": 13.965965423911175}
{"completed": "filtered_span_2026_BTC_e10_b0.03_x30_s23_c1350", "return1": 20.55285734837038, "return3": 19.30300531167408, "minute_DD3": 15.310774781791359}
READ_ONLY_RESULT:filtered_band_2026_BTC_e10_b0.03_x30_s50_c1350
{"completed": "filtered_span_2026_BTC_e10_b0.03_x30_s77_c1350", "return1": 7.879025683911123, "return3": 6.753103870325927, "minute_DD3": 10.18018269592369}
{"completed": "filtered_span_2026_BTC_e15_b0.03_x30_s23_c1350", "return1": 20.55285734837038, "return3": 19.30300531167408, "minute_DD3": 15.310774781791359}
READ_ONLY_RESULT:filtered_band_2026_BTC_e15_b0.03_x30_s50_c1350
{"completed": "filtered_span_2026_BTC_e15_b0.03_x30_s77_c1350", "return1": 7.879025683911123, "return3": 6.753103870325927, "minute_DD3": 10.18018269592369}
{"completed": "filtered_span_2026_BTC_e20_b0.03_x30_s23_c1350", "return1": 20.55285734837038, "return3": 19.30300531167408, "minute_DD3": 15.310774781791359}
READ_ONLY_RESULT:filtered_band_2026_BTC_e20_b0.03_x30_s50_c1350
{"completed": "filtered_span_2026_BTC_e20_b0.03_x30_s77_c1350", "return1": 7.879025683911123, "return3": 6.753103870325927, "minute_DD3": 10.18018269592369}
{"completed": "filtered_span_2026_ETH_e10_b0.03_x30_s23_c650", "return1": 38.786190086307684, "return3": 37.343764620615374, "minute_DD3": 12.700104238191523}
READ_ONLY_RESULT:filtered_band_2026_ETH_e10_b0.03_x30_s50_c650
{"completed": "filtered_span_2026_ETH_e10_b0.03_x30_s77_c650", "return1": 18.154370467384616, "return3": 16.923169266923075, "minute_DD3": 16.398761904639827}
{"completed": "filtered_span_2026_ETH_e15_b0.03_x30_s23_c650", "return1": 38.786190086307684, "return3": 37.343764620615374, "minute_DD3": 12.700104238191523}
READ_ONLY_RESULT:filtered_band_2026_ETH_e15_b0.03_x30_s50_c650
{"completed": "filtered_span_2026_ETH_e15_b0.03_x30_s77_c650", "return1": 18.154370467384616, "return3": 16.923169266923075, "minute_DD3": 16.398761904639827}
{"completed": "filtered_span_2026_ETH_e20_b0.03_x30_s23_c650", "return1": 35.65443142384615, "return3": 34.238054465846155, "minute_DD3": 14.672445026180835}
READ_ONLY_RESULT:filtered_band_2026_ETH_e20_b0.03_x30_s50_c650
{"completed": "filtered_span_2026_ETH_e20_b0.03_x30_s77_c650", "return1": 18.154370467384616, "return3": 16.923169266923075, "minute_DD3": 16.398761904639827}
{"completed": "filtered_span_2026_combo_e10_b0.03_x30_s23_btc0.675", "return1": 26.478690488199994, "return3": 25.16625208708001, "minute_DD3": 12.241543810651045}
READ_ONLY_RESULT:filtered_band_2026_combo_e10_b0.03_x30_s50_btc0.675
{"completed": "filtered_span_2026_combo_e10_b0.03_x30_s77_btc0.675", "return1": 11.21851273854, "return3": 10.058375124219987, "minute_DD3": 11.025389801914065}
{"completed": "filtered_span_2026_combo_e15_b0.03_x30_s23_btc0.675", "return1": 26.478690488199994, "return3": 25.16625208708001, "minute_DD3": 12.241543810651045}
READ_ONLY_RESULT:filtered_band_2026_combo_e15_b0.03_x30_s50_btc0.675
{"completed": "filtered_span_2026_combo_e15_b0.03_x30_s77_btc0.675", "return1": 11.21851273854, "return3": 10.058375124219987, "minute_DD3": 11.025389801914065}
{"completed": "filtered_span_2026_combo_e20_b0.03_x30_s23_btc0.675", "return1": 25.460868922900005, "return3": 24.156896286780018, "minute_DD3": 12.904980272485645}
READ_ONLY_RESULT:filtered_band_2026_combo_e20_b0.03_x30_s50_btc0.675
{"completed": "filtered_span_2026_combo_e20_b0.03_x30_s77_btc0.675", "return1": 11.21851273854, "return3": 10.058375124219987, "minute_DD3": 11.025389801914065}
{"new_configs": 36, "new_component_configs": 24, "new_combination_configs": 12, "new_cost_scenes": 108, "new_minute_NAV_points": 28013256, "reused_grid_configs": 18, "reused_cost_scenes": 54, "grid_configs": 54, "grid_cost_scenes": 162, "positive_1x": 36, "positive_3x": 36, "grid_positive_1x": 54, "grid_positive_3x": 54, "passed": ["filtered_span_2025_BTC_e10_b0.03_x30_s23_c1350", "filtered_span_2025_BTC_e10_b0.03_x30_s77_c1350", "filtered_span_2025_BTC_e15_b0.03_x30_s23_c1350", "filtered_span_2025_BTC_e15_b0.03_x30_s77_c1350", "filtered_span_2025_BTC_e20_b0.03_x30_s23_c1350", "filtered_span_2025_BTC_e20_b0.03_x30_s77_c1350", "filtered_span_2025_ETH_e10_b0.03_x30_s77_c650", "filtered_span_2025_ETH_e15_b0.03_x30_s77_c650", "filtered_span_2025_ETH_e20_b0.03_x30_s77_c650", "filtered_span_2025_combo_e10_b0.03_x30_s77_btc0.675", "filtered_span_2025_combo_e15_b0.03_x30_s77_btc0.675", "filtered_span_2025_combo_e20_b0.03_x30_s77_btc0.675", "filtered_span_2026_combo_e10_b0.03_x30_s23_btc0.675", "filtered_span_2026_combo_e15_b0.03_x30_s23_btc0.675", "filtered_span_2026_combo_e20_b0.03_x30_s23_btc0.675"], "rejected": ["filtered_span_2025_ETH_e10_b0.03_x30_s23_c650", "filtered_span_2025_ETH_e15_b0.03_x30_s23_c650", "filtered_span_2025_ETH_e20_b0.03_x30_s23_c650", "filtered_span_2025_combo_e10_b0.03_x30_s23_btc0.675", "filtered_span_2025_combo_e15_b0.03_x30_s23_btc0.675", "filtered_span_2025_combo_e20_b0.03_x30_s23_btc0.675", "filtered_span_2026_BTC_e10_b0.03_x30_s23_c1350", "filtered_span_2026_BTC_e10_b0.03_x30_s77_c1350", "filtered_span_2026_BTC_e15_b0.03_x30_s23_c1350", "filtered_span_2026_BTC_e15_b0.03_x30_s77_c1350", "filtered_span_2026_BTC_e20_b0.03_x30_s23_c1350", "filtered_span_2026_BTC_e20_b0.03_x30_s77_c1350", "filtered_span_2026_ETH_e10_b0.03_x30_s23_c650", "filtered_span_2026_ETH_e10_b0.03_x30_s77_c650", "filtered_span_2026_ETH_e15_b0.03_x30_s23_c650", "filtered_span_2026_ETH_e15_b0.03_x30_s77_c650", "filtered_span_2026_ETH_e20_b0.03_x30_s23_c650", "filtered_span_2026_ETH_e20_b0.03_x30_s77_c650", "filtered_span_2026_combo_e10_b0.03_x30_s77_btc0.675", "filtered_span_2026_combo_e15_b0.03_x30_s77_btc0.675", "filtered_span_2026_combo_e20_b0.03_x30_s77_btc0.675"], "grid_passed": ["filtered_span_2025_BTC_e10_b0.03_x30_s23_c1350", "filtered_band_2025_BTC_e10_b0.03_x30_s50_c1350", "filtered_span_2025_BTC_e10_b0.03_x30_s77_c1350", "filtered_span_2025_BTC_e15_b0.03_x30_s23_c1350", "filtered_band_2025_BTC_e15_b0.03_x30_s50_c1350", "filtered_span_2025_BTC_e15_b0.03_x30_s77_c1350", "filtered_span_2025_BTC_e20_b0.03_x30_s23_c1350", "filtered_band_2025_BTC_e20_b0.03_x30_s50_c1350", "filtered_span_2025_BTC_e20_b0.03_x30_s77_c1350", "filtered_band_2025_ETH_e10_b0.03_x30_s50_c650", "filtered_span_2025_ETH_e10_b0.03_x30_s77_c650", "filtered_band_2025_ETH_e15_b0.03_x30_s50_c650", "filtered_span_2025_ETH_e15_b0.03_x30_s77_c650", "filtered_band_2025_ETH_e20_b0.03_x30_s50_c650", "filtered_span_2025_ETH_e20_b0.03_x30_s77_c650", "filtered_band_2025_combo_e10_b0.03_x30_s50_btc0.675", "filtered_span_2025_combo_e10_b0.03_x30_s77_btc0.675", "filtered_band_2025_combo_e15_b0.03_x30_s50_btc0.675", "filtered_span_2025_combo_e15_b0.03_x30_s77_btc0.675", "filtered_band_2025_combo_e20_b0.03_x30_s50_btc0.675", "filtered_span_2025_combo_e20_b0.03_x30_s77_btc0.675", "filtered_span_2026_combo_e10_b0.03_x30_s23_btc0.675", "filtered_band_2026_combo_e10_b0.03_x30_s50_btc0.675", "filtered_span_2026_combo_e15_b0.03_x30_s23_btc0.675", "filtered_band_2026_combo_e15_b0.03_x30_s50_btc0.675", "filtered_span_2026_combo_e20_b0.03_x30_s23_btc0.675", "filtered_band_2026_combo_e20_b0.03_x30_s50_btc0.675"], "both_periods_passed_combination_pairs": [["filtered_band_2025_combo_e10_b0.03_x30_s50_btc0.675", "filtered_band_2026_combo_e10_b0.03_x30_s50_btc0.675"], ["filtered_band_2025_combo_e15_b0.03_x30_s50_btc0.675", "filtered_band_2026_combo_e15_b0.03_x30_s50_btc0.675"], ["filtered_band_2025_combo_e20_b0.03_x30_s50_btc0.675", "filtered_band_2026_combo_e20_b0.03_x30_s50_btc0.675"]], "new_both_periods_passed_combination_pairs": [], "actual_component_fills": 324, "audited_component_fills": 468, "reused_ledger_records_untouched": true, "new_live_orders": 0}
