filtered_span_2025_BTC_e10_b0.03_x30_s23_c1350 0 e64300b2bdd3b06da67dd1202e6ba62f5cf547e6b3abd795cbebab2a481f2c53
READ_ONLY_EXACT filtered_band_2025_BTC_e10_b0.03_x30_s50_c1350
filtered_span_2025_BTC_e10_b0.03_x30_s77_c1350 0 89e83fcbfe6107b146985bbb7c7553ef70b7ade1908e33272b73fbc6876bece7
filtered_span_2025_BTC_e15_b0.03_x30_s23_c1350 0 61a228029f8d4eeeafb884ab6df167cc950a167e40b405f1bae12e50aa3d7676
READ_ONLY_EXACT filtered_band_2025_BTC_e15_b0.03_x30_s50_c1350
filtered_span_2025_BTC_e15_b0.03_x30_s77_c1350 0 1cbb872e07f9611feb8c99f4c4dade384db5c35fd83dd13727fb9d1279117aa9
filtered_span_2025_BTC_e20_b0.03_x30_s23_c1350 0 a47e8a8adca23e6af5152c46f8256e34c362238cc37bc794c5d61d19239135ac
READ_ONLY_EXACT filtered_band_2025_BTC_e20_b0.03_x30_s50_c1350
filtered_span_2025_BTC_e20_b0.03_x30_s77_c1350 0 a713662eb246f76c933e396465acd9c11a6ba15740b4d6a9802b9fc4560d8c1d
filtered_span_2025_ETH_e10_b0.03_x30_s23_c650 0 65d78f8a2aca51275973c00a60567f5439d7df727a57b67aa8b81ab6d27d1f43
READ_ONLY_EXACT filtered_band_2025_ETH_e10_b0.03_x30_s50_c650
filtered_span_2025_ETH_e10_b0.03_x30_s77_c650 0 3a80ef8340d68e9e30512eebe9a51d204ce648ca07205633b14df09d70d14404
filtered_span_2025_ETH_e15_b0.03_x30_s23_c650 0 48873e07bd17026f4a776d58892172fdc2beeff2f99a21e912674e243e95d13c
READ_ONLY_EXACT filtered_band_2025_ETH_e15_b0.03_x30_s50_c650
filtered_span_2025_ETH_e15_b0.03_x30_s77_c650 0 700914c1f67c2dd70610b38eb6956e7d42742406c6e3f0a806bcb41c0fad9f08
filtered_span_2025_ETH_e20_b0.03_x30_s23_c650 0 baf756a7bede1c7394e492989718211315f4f5489630fc901320cdd671542dda
READ_ONLY_EXACT filtered_band_2025_ETH_e20_b0.03_x30_s50_c650
filtered_span_2025_ETH_e20_b0.03_x30_s77_c650 0 6e8c99a436f870b47ded0df3028f77115f59262102ba0b410ba04a4f88183046
filtered_span_2025_combo_e10_b0.03_x30_s23_btc0.675 0 9747a89d54a0eb859a519ed23932f2f4e82efe160b727e3ef0720020bc18cf7b
READ_ONLY_EXACT filtered_band_2025_combo_e10_b0.03_x30_s50_btc0.675
filtered_span_2025_combo_e10_b0.03_x30_s77_btc0.675 0 804d58ee7ec4b77eb224ed89f72713ae9f6ff3a3e0c23f571736051647eceee1
filtered_span_2025_combo_e15_b0.03_x30_s23_btc0.675 0 33e9cd65fb1a2f816ac50f73f89e1e25747d945047472e4da15b438aed736fed
READ_ONLY_EXACT filtered_band_2025_combo_e15_b0.03_x30_s50_btc0.675
filtered_span_2025_combo_e15_b0.03_x30_s77_btc0.675 0 9c08e63116403f4673607b5bfa4dc7086efb72e6cf6383b156c5c0ab1810714b
filtered_span_2025_combo_e20_b0.03_x30_s23_btc0.675 0 3818291285bafe90ac1da66378995e1517f0f020bdff0dc2c8031e36db7c6358
READ_ONLY_EXACT filtered_band_2025_combo_e20_b0.03_x30_s50_btc0.675
filtered_span_2025_combo_e20_b0.03_x30_s77_btc0.675 0 0f084cf208097b887a93477505dbddb839f379f8fbf6bb146b92026fc8213ed0
filtered_span_2026_BTC_e10_b0.03_x30_s23_c1350 0 fd5bbf375f85399a2aea4fd24e2abe4d55139200e1fde9f87d9929b8d99691df
READ_ONLY_EXACT filtered_band_2026_BTC_e10_b0.03_x30_s50_c1350
filtered_span_2026_BTC_e10_b0.03_x30_s77_c1350 0 fd8463cdb1dac37c7fab78029aaddebe6eefc008970299bc02e1e94110bb1f95
filtered_span_2026_BTC_e15_b0.03_x30_s23_c1350 0 b9ea3983c1ecb0e76b448b0438bfaa4a9cc2486453f5a2c02e63530fdd231a91
READ_ONLY_EXACT filtered_band_2026_BTC_e15_b0.03_x30_s50_c1350
filtered_span_2026_BTC_e15_b0.03_x30_s77_c1350 0 5ac9fb5f3d1bf5127391c36c978c732c63ec9478e86b8caea49a809c6097f2f8
filtered_span_2026_BTC_e20_b0.03_x30_s23_c1350 0 1540b9cffb2d9c5535eb8009e855b4059a483f75c5ca21d7f31ff066e3c4b02a
READ_ONLY_EXACT filtered_band_2026_BTC_e20_b0.03_x30_s50_c1350
filtered_span_2026_BTC_e20_b0.03_x30_s77_c1350 0 e2e6dda84d837609f60e99452cbc474f5e1ce0f54d72a57b448e515a695a18f8
filtered_span_2026_ETH_e10_b0.03_x30_s23_c650 0 db0c00424928639d00f547d927e00699816a5740d318095b13ebfe43e32cbf9e
READ_ONLY_EXACT filtered_band_2026_ETH_e10_b0.03_x30_s50_c650
filtered_span_2026_ETH_e10_b0.03_x30_s77_c650 0 f6c088a057527d72630a6077c8180e3f620f2f468e0ede122b59ff3c9e59c381
filtered_span_2026_ETH_e15_b0.03_x30_s23_c650 0 a9ce4f675a2882c26a1ea635ba3e8397bfdacf077d438f74725616b96ff5b151
READ_ONLY_EXACT filtered_band_2026_ETH_e15_b0.03_x30_s50_c650
filtered_span_2026_ETH_e15_b0.03_x30_s77_c650 0 ae7ba8d99aef8a70b1421a4863bc7544c9af0bc3d87b9f4d1c85c71a64015d00
filtered_span_2026_ETH_e20_b0.03_x30_s23_c650 0 94ccb44d78e0da8159a9b1f7af06c09c2a8b57029be4d8804ab62c0b5c351d08
READ_ONLY_EXACT filtered_band_2026_ETH_e20_b0.03_x30_s50_c650
filtered_span_2026_ETH_e20_b0.03_x30_s77_c650 0 0f54773529efecb6e7eb93b56c75b846819de1ac831e58dcff1d8434cbc03367
filtered_span_2026_combo_e10_b0.03_x30_s23_btc0.675 0 1df99dad1307ea056a643d60802325558566f593dcb26286d84f635d60ce35f4
READ_ONLY_EXACT filtered_band_2026_combo_e10_b0.03_x30_s50_btc0.675
filtered_span_2026_combo_e10_b0.03_x30_s77_btc0.675 0 90c40d75d4191a46747905a94af79dc6af35e8f05ec3032ea75ba58036082e04
filtered_span_2026_combo_e15_b0.03_x30_s23_btc0.675 0 28623279e0eaf8313ddf60a22c10dceafd9817cd4b53b7bbc89435bab11c4e49
READ_ONLY_EXACT filtered_band_2026_combo_e15_b0.03_x30_s50_btc0.675
filtered_span_2026_combo_e15_b0.03_x30_s77_btc0.675 0 a3f84e4b3a7b6a39198a9450930d2a81e9972e5b4919ee0d8419cf648b0981ff
filtered_span_2026_combo_e20_b0.03_x30_s23_btc0.675 0 55bf4438c0376fdb5140684becdd1eb1a51cb2001c1cc3e136d9f62f17c115ff
READ_ONLY_EXACT filtered_band_2026_combo_e20_b0.03_x30_s50_btc0.675
filtered_span_2026_combo_e20_b0.03_x30_s77_btc0.675 0 422eb79b706ed04761cf10f9fffeef14383a722604add9886b93bc0dea1e9bd3
forward_snapshot_BTC 0 271bfce43bb52db59f2745645eaa924a739cdf0144f5385922617c6105d013cd
forward_snapshot_ETH 0 39e39007c3fc6e59b9f2312470d919b98511adcc024a911ae3635c4ffc886976
forward_snapshot_combo 0 e2142a4b39c8e03b685095ff87155317a96c5caa92e8e55296427f60c0b6eb22
PASS:36new actual-capital historical and3new cutoff configurations reserved;18existing EMAspan50/band3percent exact definitions read-only.
