{"new_backtests": 0, "readonly_scenes_verified": 54, "missing_files_restored": 0}
PASS:all9 cumulative forward scenes exactly reproduced including9787point complete time axis and nextstate;noHTTP or ledger write
READ_ONLY_RESULT:filtered_span_2025_combo_e15_b0.03_x30_s20_btc0.675
{"completed": "mixed_ema_spans_2025_btc20_eth50_e15_x30_b0.03_btc0.675", "return3_pct": 29.271122890279997, "minute_DD3_pct": 17.20386032833622}
{"completed": "mixed_ema_spans_2025_btc20_eth80_e15_x30_b0.03_btc0.675", "return3_pct": 29.271122890279997, "minute_DD3_pct": 17.20386032833622}
{"completed": "mixed_ema_spans_2025_btc50_eth20_e15_x30_b0.03_btc0.675", "return3_pct": 32.66175949440999, "minute_DD3_pct": 17.79522347214343}
READ_ONLY_RESULT:filtered_band_2025_combo_e15_b0.03_x30_s50_btc0.675
{"completed": "mixed_ema_spans_2025_btc50_eth80_e15_x30_b0.03_btc0.675", "return3_pct": 37.66073542716, "minute_DD3_pct": 13.450209508945488}
{"completed": "mixed_ema_spans_2025_btc80_eth20_e15_x30_b0.03_btc0.675", "return3_pct": 32.298475343425004, "minute_DD3_pct": 17.79522347214343}
{"completed": "mixed_ema_spans_2025_btc80_eth50_e15_x30_b0.03_btc0.675", "return3_pct": 37.29745127617501, "minute_DD3_pct": 13.450209508945488}
READ_ONLY_RESULT:filtered_span_2025_combo_e15_b0.03_x30_s80_btc0.675
READ_ONLY_RESULT:filtered_span_2026_combo_e15_b0.03_x30_s20_btc0.675
{"completed": "mixed_ema_spans_2026_btc20_eth50_e15_x30_b0.03_btc0.675", "return3_pct": 23.91300259261, "minute_DD3_pct": 13.00550405083909}
{"completed": "mixed_ema_spans_2026_btc20_eth80_e15_x30_b0.03_btc0.675", "return3_pct": 20.39722944365998, "minute_DD3_pct": 13.788273487384684}
{"completed": "mixed_ema_spans_2026_btc50_eth20_e15_x30_b0.03_btc0.675", "return3_pct": 20.801004587129988, "minute_DD3_pct": 9.844684091329226}
READ_ONLY_RESULT:filtered_band_2026_combo_e15_b0.03_x30_s50_btc0.675
{"completed": "mixed_ema_spans_2026_btc50_eth80_e15_x30_b0.03_btc0.675", "return3_pct": 14.164311097180015, "minute_DD3_pct": 10.955890256760558}
{"completed": "mixed_ema_spans_2026_btc80_eth20_e15_x30_b0.03_btc0.675", "return3_pct": 16.695068614169983, "minute_DD3_pct": 9.870317110157789}
{"completed": "mixed_ema_spans_2026_btc80_eth50_e15_x30_b0.03_btc0.675", "return3_pct": 13.574148273170007, "minute_DD3_pct": 10.467940570379398}
READ_ONLY_RESULT:filtered_span_2026_combo_e15_b0.03_x30_s80_btc0.675
PASS:all36 NEW mixed-EMA-spans cost scenes exactly reproduced;18 EXISTING scenes read-only verified;full report reproduced;ledger unchanged
{"passed": true, "source_component_scenes_rebuilt": 36, "mixed_channel_cost_scenes_audited": 54, "mixed_channel_NAV_points_audited": 14006628, "report_sha256": "e4e2b2e356cf18bdfdf3086ed1ad1cd98534350b6bf5a0168d90bd6dd164fadb", "forward_report_sha256": "7a5ceabc8ce479067f205e470969eab0fe85094b2a8371a0abf4ecf405807b18", "frozen_forward_plan_unchanged": true}
{"passed": true, "forward_scenes": 9, "new_closed_marks_per_asset": 120, "cumulative_minutes": 9779, "complete_days": 6, "NAV_points_per_scene": 9787, "original_NAV_prefix": 9667, "new_daily_decisions": 0, "new_reference_points": 0, "new_executions": 0, "original_cash_units_desired_trades_costs_unchanged": true, "next_daily_decision_utc": "2026-10-09T00:01:00Z", "report_sha256": "7a5ceabc8ce479067f205e470969eab0fe85094b2a8371a0abf4ecf405807b18"}
PASS: new parameters/weights and missing-result retries are allowed; exact/reordered completed trials stay blocked
