READ_ONLY_EXACT filtered_span_2025_combo_e15_b0.03_x30_s20_btc0.675
mixed_ema_spans_2025_btc20_eth50_e15_x30_b0.03_btc0.675 0 1b67c193eaed6bbf8d836db3fee92be5c61a86086efc9c6bfebe9bd57d8bb268
mixed_ema_spans_2025_btc20_eth80_e15_x30_b0.03_btc0.675 0 d1e7b7a01d3fb6d8049ea78eab28f0a9ed4ce4046a10b47ae9cede254bdd4d70
mixed_ema_spans_2025_btc50_eth20_e15_x30_b0.03_btc0.675 0 576ad7585cec9ef2acc8fcd98ad685b290dd7fc054cdf58de80a32a4d6b7718d
READ_ONLY_EXACT filtered_band_2025_combo_e15_b0.03_x30_s50_btc0.675
mixed_ema_spans_2025_btc50_eth80_e15_x30_b0.03_btc0.675 0 21dfbc37d2ed5b05e4c851beb036160494811039d7e1af41f2f2a64a2ae191cf
mixed_ema_spans_2025_btc80_eth20_e15_x30_b0.03_btc0.675 0 e098e2e06eb7e78dc56c835ee7b59cb4a62bf3a38e16e5ecf8a7da66831f74b3
mixed_ema_spans_2025_btc80_eth50_e15_x30_b0.03_btc0.675 0 9a0a699b391f894d1861255602de02fbd13daaedc1fc6f6563772b3e82fab8db
READ_ONLY_EXACT filtered_span_2025_combo_e15_b0.03_x30_s80_btc0.675
READ_ONLY_EXACT filtered_span_2026_combo_e15_b0.03_x30_s20_btc0.675
mixed_ema_spans_2026_btc20_eth50_e15_x30_b0.03_btc0.675 0 c9ba25854d01a98dec08e15da61a87451094677bc20718560c63ae939cdd1f85
mixed_ema_spans_2026_btc20_eth80_e15_x30_b0.03_btc0.675 0 45e4c4e106e164b653cc213dbc0f9675da18c1a1ef4b0692c787d4f067451658
mixed_ema_spans_2026_btc50_eth20_e15_x30_b0.03_btc0.675 0 957a5092f9330baefeb58187f675ad17f0bf9d3ab3abbb304e52c46342bf97d0
READ_ONLY_EXACT filtered_band_2026_combo_e15_b0.03_x30_s50_btc0.675
mixed_ema_spans_2026_btc50_eth80_e15_x30_b0.03_btc0.675 0 fd3e34cdb8f15bff67a8b39fc0782a6a22002e3c147cfe4216f479b9ec9627db
mixed_ema_spans_2026_btc80_eth20_e15_x30_b0.03_btc0.675 0 b8ec196fe27a9059b891c02c69c9d93c415b7e85a7b50e7454d83a56121058e0
mixed_ema_spans_2026_btc80_eth50_e15_x30_b0.03_btc0.675 0 ab4b3c71382b54e6579964123159bcdb4bbf49950df274448633015908c79eb9
READ_ONLY_EXACT filtered_span_2026_combo_e15_b0.03_x30_s80_btc0.675
forward_snapshot_BTC 0 6a6d47a0e8ddcfe055daf0e714960ad1dbb75df2b22e93ae0a3774600a877f60
forward_snapshot_ETH 0 a50e591fac7f5c8c3dac5df7bc8f366eb5c5413d8e507ae885c719f70bad7138
forward_snapshot_combo 0 72b75aaa604369af4936383ba34415fdbc5f98f3cd67c4f0bbee3a7f4ac8ed2a
PASS:12new portfolios+3legacy cutoffs reserved;6old diagonals and12funded components read-only.
