channel_alloc_2025_BTC_e10_x30_c1100 passed 0 f7b82a4832b01fd26d7d15d60705381e3080cb0fcf6d90870d8aa22673d314c5
channel_alloc_2025_BTC_e10_x30_c1200 passed 0 55b322608c1144904a15c8895fbe3b68f8b7ac5a7d96ab363c39aa23ea78e015
channel_alloc_2025_BTC_e15_x30_c1100 passed 0 1e0e5f40ef172c63a4c437a45a7772e51906de573bc9bff294d79a5e0e2e74a6
channel_alloc_2025_BTC_e15_x30_c1200 passed 0 ab992765aa8cb560e7904c8aab797118e284a785ebfcef1c83390e27e5a7f2f4
channel_alloc_2025_BTC_e20_x30_c1100 passed 0 0d5dc35246fbb3269244f96ff6c03a22188ca98222ab178b2a1904ac6459c854
channel_alloc_2025_BTC_e20_x30_c1200 passed 0 4cc06ab2c0377841487516c692f4273b7b728e334b69c81d564522b3b16c64af
channel_alloc_2025_ETH_e10_x30_c900 passed 0 bc1a8a1ca5fb7b2776bd1cacc06d553e9aeb704601925899083ed6283a1bf2fd
channel_alloc_2025_ETH_e10_x30_c800 passed 0 6f1908514af0d401e2432322572592428c86ff4897a561d605806a10cb3acbc8
channel_alloc_2025_ETH_e15_x30_c900 passed 0 717e2ec42df184102bab55c22aaf3e2ca6bf2d1961c3cf433b42a9885167c20c
channel_alloc_2025_ETH_e15_x30_c800 passed 0 4efece998cc856f635932fe56e13d4bf2a9cd949f5c7c03a9320befe3341749f
channel_alloc_2025_ETH_e20_x30_c900 passed 0 3ac1ab57cf53f44abc9d93a92f1f2c47ab85f0423f57fc0508e6d9e0aaea4a87
channel_alloc_2025_ETH_e20_x30_c800 passed 0 3aad3a3bc0fa63d3ec2937c5925b20c56d20a206d9d576a206c2bd11ad43bd64
channel_alloc_2025_combo_e10_x30_btc0.55 passed 0 bef1fd9e54edc95e116130e2840ee8f1b4221ccf09c5bd726a965f34797e8201
channel_alloc_2025_combo_e10_x30_btc0.6 passed 0 e8d93c483c69fedd46bd44809ab97bbed41c0fdde18c9dfdee752dd30b0e2407
channel_alloc_2025_combo_e15_x30_btc0.55 passed 0 46fac02f364acb822537b7f32e8d81e6c30bc74d04240d780149cc2ecdc0ec6a
channel_alloc_2025_combo_e15_x30_btc0.6 passed 0 50aa9bf6e0cea519493f35d2d91d97d896a84f02a670650b425efa0fd7febfcc
channel_alloc_2025_combo_e20_x30_btc0.55 passed 0 adeacf9594c9a8f5c0671a6d794e9b7bd2bb62566a7de943ef57d2d2f73e0505
channel_alloc_2025_combo_e20_x30_btc0.6 passed 0 5dcbf53c9364596e4b16d5e2a4d9c535dd71776cb2237c0c898df5a27684cc52
channel_alloc_2026_BTC_e10_x30_c1100 rejected 0 ddcb5ca0b8e2ad70ed1f9d807f9168fcdc3cba99b9e4a994d0995fdc01a8cb57
channel_alloc_2026_BTC_e10_x30_c1200 rejected 0 c8de25e86dc35916f4ca45a91b370d7be9ee31e62414643ed7937ea2d0c7d26b
channel_alloc_2026_BTC_e15_x30_c1100 passed 0 e6df02176240579d3da50bcab3be36f885a5ff26af6992607cc056bdbb584716
channel_alloc_2026_BTC_e15_x30_c1200 passed 0 c3050ccd862e1ebe6c94e88406b6fa6fd3f11eab6d608ae8a0a4efcbc52594e5
channel_alloc_2026_BTC_e20_x30_c1100 rejected 0 23c1533becf6c9461bcf9a8ec4b5254f07c412e261a7e7b106f832a2f6b582fb
channel_alloc_2026_BTC_e20_x30_c1200 rejected 0 bc688d57ffcd65d61766021d9784ceac4332264c9bc338c2378e153b2b43c206
channel_alloc_2026_ETH_e10_x30_c900 rejected 0 9d4d4bede7ab80b0cd20f459ca862dbe6b264b7978f38866864b8490a44e7b1c
channel_alloc_2026_ETH_e10_x30_c800 rejected 0 6de148e6966352dd76cf00f157dbc83a96e84d719433ac155793e83039209951
channel_alloc_2026_ETH_e15_x30_c900 rejected 0 59453d20ec14caab89b445d6d22bce086126d04f9f7dfa3c284ee786785e1bc1
channel_alloc_2026_ETH_e15_x30_c800 rejected 0 e4ebae7bf5504e2ae20a9640d716b9898350b25cb4618fce3c916889fa39a1b6
channel_alloc_2026_ETH_e20_x30_c900 rejected 0 564a34ac8099cb599805b22fb872dfbb10090834150d5868e0fe4a6617c9bc20
channel_alloc_2026_ETH_e20_x30_c800 rejected 0 a9a89cf805fe1a9ecb92d501b7a9964591cc83f7006351188c4d1724da16ca2b
channel_alloc_2026_combo_e10_x30_btc0.55 rejected 0 844a8b443849df15a33d979d1bdd89ae46c38622aeefe6c8367254982c3ca663
channel_alloc_2026_combo_e10_x30_btc0.6 rejected 0 02e7bcff4d7596535c809d5b59006cd83e7c1c12dc5a37b03e6036ed29c38f5d
channel_alloc_2026_combo_e15_x30_btc0.55 rejected 0 64fc7420889fde67ddcc66e2e645bca411c235ffea489c3cb856f4642394b023
channel_alloc_2026_combo_e15_x30_btc0.6 passed 0 5ac821bd5a2ca61cacef94e0b271393117d047a5f7acc95a3daeb4aefb4f468f
channel_alloc_2026_combo_e20_x30_btc0.55 rejected 0 b5298ddbad4ad688fbb50770e5b537f6284f57fe105dc9253462fa9d890d93db
channel_alloc_2026_combo_e20_x30_btc0.6 passed 0 4315d976aff81f754b3b57106df30cf682f55027b06273a28752cfe2e13cace9
forward_snapshot_BTC rejected 0 3575c25672ef0a772a52385c0e9e248af9bdeec96a9752736c5afbb0a688d43a
forward_snapshot_ETH rejected 0 5e083fdc71b78ce88d2820bf2e231e406715318beb884a96c565ea0b6cedb33d
forward_snapshot_combo rejected 0 95ceed248dfb977254f485307b846d4878d225d08dadfced387f94a4d3ebc824
