PASS:all9 cumulative forward scenes exactly reproduced including8206point prefix/time axis and nextstate;noHTTP or ledger write
{"completed": "channel_alloc_2025_BTC_e10_x30_c1100", "return1": 14.336948488236366, "return3": 11.966772154400008, "minute_DD3": 14.738339027031543}
{"completed": "channel_alloc_2025_BTC_e10_x30_c1200", "return1": 14.332694622008347, "return3": 11.95710786708335, "minute_DD3": 14.741721231548055}
READ_ONLY_RESULT:channel_alloc_2025_BTC_e10_x30_c1300
{"completed": "channel_alloc_2025_BTC_e15_x30_c1100", "return1": 10.757705179418187, "return3": 8.461733416054539, "minute_DD3": 14.52703483563077}
{"completed": "channel_alloc_2025_BTC_e15_x30_c1200", "return1": 10.763419741941682, "return3": 8.464057145125015, "minute_DD3": 14.528662173016016}
READ_ONLY_RESULT:channel_alloc_2025_BTC_e15_x30_c1300
{"completed": "channel_alloc_2025_BTC_e20_x30_c1100", "return1": 18.070196027054553, "return3": 16.223918384109083, "minute_DD3": 12.126514721010029}
{"completed": "channel_alloc_2025_BTC_e20_x30_c1200", "return1": 18.067931596849984, "return3": 16.22536682440834, "minute_DD3": 12.128430558820913}
READ_ONLY_RESULT:channel_alloc_2025_BTC_e20_x30_c1300
{"completed": "channel_alloc_2025_ETH_e10_x30_c900", "return1": 118.40503745144444, "return3": 114.98275297877778, "minute_DD3": 20.247863639793696}
{"completed": "channel_alloc_2025_ETH_e10_x30_c800", "return1": 118.39177002237503, "return3": 114.974056103375, "minute_DD3": 20.248567307093236}
READ_ONLY_RESULT:channel_alloc_2025_ETH_e10_x30_c700
{"completed": "channel_alloc_2025_ETH_e15_x30_c900", "return1": 115.96098625788889, "return3": 112.565909956, "minute_DD3": 20.248364314589683}
{"completed": "channel_alloc_2025_ETH_e15_x30_c800", "return1": 115.943252141625, "return3": 112.57383955374998, "minute_DD3": 20.248428506204476}
READ_ONLY_RESULT:channel_alloc_2025_ETH_e15_x30_c700
{"completed": "channel_alloc_2025_ETH_e20_x30_c900", "return1": 136.4347200006667, "return3": 133.95558396266668, "minute_DD3": 20.83389761569584}
{"completed": "channel_alloc_2025_ETH_e20_x30_c800", "return1": 136.4353557765, "return3": 133.96125309225, "minute_DD3": 20.833262148622943}
READ_ONLY_RESULT:channel_alloc_2025_ETH_e20_x30_c700
{"completed": "channel_alloc_2025_combo_e10_x30_btc0.55", "return1": 61.16758852168, "return3": 58.32396352537002, "minute_DD3": 14.682533496158023}
{"completed": "channel_alloc_2025_combo_e10_x30_btc0.6", "return1": 55.956324782155, "return3": 53.16388716159999, "minute_DD3": 14.136470468068552}
READ_ONLY_RESULT:channel_alloc_2025_combo_e10_x30_btc0.65
{"completed": "channel_alloc_2025_combo_e15_x30_btc0.55", "return1": 58.09918166472998, "return3": 55.30861285902999, "minute_DD3": 15.06816397673434}
{"completed": "channel_alloc_2025_combo_e15_x30_btc0.6", "return1": 52.83535270181501, "return3": 50.107970108574996, "minute_DD3": 14.538795760536871}
READ_ONLY_RESULT:channel_alloc_2025_combo_e15_x30_btc0.65
{"completed": "channel_alloc_2025_combo_e20_x30_btc0.55", "return1": 71.33423181518002, "return3": 69.20316789446002, "minute_DD3": 15.629951870585723}
{"completed": "channel_alloc_2025_combo_e20_x30_btc0.6", "return1": 65.41490126871, "return3": 63.319721331545, "minute_DD3": 15.093860646965606}
READ_ONLY_RESULT:channel_alloc_2025_combo_e20_x30_btc0.65
{"completed": "channel_alloc_2026_BTC_e10_x30_c1100", "return1": 22.516457595000006, "return3": 20.59788570283636, "minute_DD3": 18.93277250662264}
{"completed": "channel_alloc_2026_BTC_e10_x30_c1200", "return1": 22.505926912575003, "return3": 20.593411027300014, "minute_DD3": 18.93054854987337}
READ_ONLY_RESULT:channel_alloc_2026_BTC_e10_x30_c1300
{"completed": "channel_alloc_2026_BTC_e15_x30_c1100", "return1": 25.238214825427274, "return3": 23.93429381004546, "minute_DD3": 13.062792700712045}
{"completed": "channel_alloc_2026_BTC_e15_x30_c1200", "return1": 25.236890442333326, "return3": 23.93630878994999, "minute_DD3": 13.066056661575509}
READ_ONLY_RESULT:channel_alloc_2026_BTC_e15_x30_c1300
{"completed": "channel_alloc_2026_BTC_e20_x30_c1100", "return1": 23.35224937592728, "return3": 22.065750777509095, "minute_DD3": 13.342849002918623}
{"completed": "channel_alloc_2026_BTC_e20_x30_c1200", "return1": 23.34580940798332, "return3": 22.06255041273333, "minute_DD3": 13.344946176037432}
READ_ONLY_RESULT:channel_alloc_2026_BTC_e20_x30_c1300
{"completed": "channel_alloc_2026_ETH_e10_x30_c900", "return1": 20.947557006333327, "return3": 19.04652722811111, "minute_DD3": 24.328288981182887}
{"completed": "channel_alloc_2026_ETH_e10_x30_c800", "return1": 20.946433347749995, "return3": 19.055521368749993, "minute_DD3": 24.32474451214024}
READ_ONLY_RESULT:channel_alloc_2026_ETH_e10_x30_c700
{"completed": "channel_alloc_2026_ETH_e15_x30_c900", "return1": 38.79618192544445, "return3": 37.34159264422223, "minute_DD3": 12.702897436563932}
{"completed": "channel_alloc_2026_ETH_e15_x30_c800", "return1": 38.78974024774999, "return3": 37.34019619275, "minute_DD3": 12.70215174442365}
READ_ONLY_RESULT:channel_alloc_2026_ETH_e15_x30_c700
{"completed": "channel_alloc_2026_ETH_e20_x30_c900", "return1": 35.652379288888895, "return3": 34.23927673888889, "minute_DD3": 14.676245347697158}
{"completed": "channel_alloc_2026_ETH_e20_x30_c800", "return1": 35.657140221875004, "return3": 34.234497481874996, "minute_DD3": 14.6743142766383}
READ_ONLY_RESULT:channel_alloc_2026_ETH_e20_x30_c700
{"completed": "channel_alloc_2026_combo_e10_x30_btc0.55", "return1": 21.810452330099995, "return3": 19.899774389210002, "minute_DD3": 20.5586416363276}
{"completed": "channel_alloc_2026_combo_e10_x30_btc0.6", "return1": 21.882129486645006, "return3": 19.978255163879986, "minute_DD3": 20.34149226076979}
READ_ONLY_RESULT:channel_alloc_2026_combo_e10_x30_btc0.65
{"completed": "channel_alloc_2026_combo_e15_x30_btc0.55", "return1": 31.33930002043499, "return3": 29.967578285425, "minute_DD3": 12.275412433674349}
{"completed": "channel_alloc_2026_combo_e15_x30_btc0.6", "return1": 30.65803036449999, "return3": 29.297863751070018, "minute_DD3": 12.366438766066379}
READ_ONLY_RESULT:channel_alloc_2026_combo_e15_x30_btc0.65
{"completed": "channel_alloc_2026_combo_e20_x30_btc0.55", "return1": 28.887307836760012, "return3": 27.543837460130007, "minute_DD3": 11.097289477174854}
{"completed": "channel_alloc_2026_combo_e20_x30_btc0.6", "return1": 28.270341733539993, "return3": 26.931329240390014, "minute_DD3": 11.31100474536636}
READ_ONLY_RESULT:channel_alloc_2026_combo_e20_x30_btc0.65
PASS:all108 NEW scenes exactly reproduced and54 EXISTING scenes read-only verified;full54-cell report reproduced;ledger unchanged
{"passed": true, "all_scenes_audited": 162, "new_scenes": 108, "existing_scenes_read_only_audited": 54, "current_or_future_close_perturbations": 72, "NAV_points_audited": 42019884, "independent_channel_causal_decisions": 19440, "Decimal_fills_independently_checked": 594, "new_actual_fills": 396, "real_minute_data_hashes": 4, "report_sha256": "fd8468fca889fbd4c509d8d31ee61497749ed0331348dea6b2cf470346c5f712", "forward_plan_unchanged": true, "pandas_version": "2.2.3"}
{"passed": true, "forward_scenes": 9, "new_closed_marks_per_asset": 150, "cumulative_minutes": 8199, "complete_days": 5, "NAV_points_per_scene": 8206, "original_NAV_prefix": 8056, "new_daily_decisions": 0, "new_reference_points": 0, "new_executions": 0, "original_cash_units_desired_trades_costs_unchanged": true, "next_daily_decision_utc": "2026-10-08T00:01:00Z", "report_sha256": "f41895aa6ca74e1c527be553ffa0ea38666ef7ba07901afee4bcb84fccb55528"}
PASS: new parameters/weights and missing-result retries are allowed; exact/reordered completed trials stay blocked
