{"new_backtests": 0, "readonly_scenes_verified": 54, "missing_files_restored": 0}
PASS:all9 cumulative forward scenes exactly reproduced including11468point complete time axis and nextstate;noHTTP or ledger write
{"completed": "dualratio_2025_btcN30r0.9_ethN20r0.75_btc0.75", "return3_pct": 32.033184087600006, "minute_DD3_pct": 13.308984134371082}
{"completed": "dualratio_2025_btcN30r0.9_ethN20r0.875_btc0.75", "return3_pct": 39.84671195485001, "minute_DD3_pct": 13.571379934921723}
{"completed": "dualratio_2025_btcN30r0.9_ethN20r1_btc0.75", "return3_pct": 39.84671195485001, "minute_DD3_pct": 13.571379934921723}
READ_ONLY_RESULT:dualvol_channel_2025_btcN30r1_ethN20_r0.75_btc0.75
READ_ONLY_RESULT:dualvol_channel_2025_btcN30r1_ethN20_r0.875_btc0.75
READ_ONLY_RESULT:dualvol_channel_2025_btcN30r1_ethN20_r1_btc0.75
{"completed": "dualratio_2025_btcN30r1.1_ethN20r0.75_btc0.75", "return3_pct": 41.86510515268, "minute_DD3_pct": 13.09690003467976}
{"completed": "dualratio_2025_btcN30r1.1_ethN20r0.875_btc0.75", "return3_pct": 49.678633019930004, "minute_DD3_pct": 13.34675149472183}
{"completed": "dualratio_2025_btcN30r1.1_ethN20r1_btc0.75", "return3_pct": 49.678633019930004, "minute_DD3_pct": 13.34675149472183}
{"completed": "dualratio_2026_btcN30r0.9_ethN20r0.75_btc0.75", "return3_pct": 27.28307936531, "minute_DD3_pct": 12.630031506070583}
{"completed": "dualratio_2026_btcN30r0.9_ethN20r0.875_btc0.75", "return3_pct": 27.28307936531, "minute_DD3_pct": 12.630031506070583}
{"completed": "dualratio_2026_btcN30r0.9_ethN20r1_btc0.75", "return3_pct": 26.806214969960006, "minute_DD3_pct": 12.922470770570582}
READ_ONLY_RESULT:dualvol_channel_2026_btcN30r1_ethN20_r0.75_btc0.75
READ_ONLY_RESULT:dualvol_channel_2026_btcN30r1_ethN20_r0.875_btc0.75
READ_ONLY_RESULT:dualvol_channel_2026_btcN30r1_ethN20_r1_btc0.75
{"completed": "dualratio_2026_btcN30r1.1_ethN20r0.75_btc0.75", "return3_pct": 27.28307936531, "minute_DD3_pct": 12.630031506070583}
{"completed": "dualratio_2026_btcN30r1.1_ethN20r0.875_btc0.75", "return3_pct": 27.28307936531, "minute_DD3_pct": 12.630031506070583}
{"completed": "dualratio_2026_btcN30r1.1_ethN20r1_btc0.75", "return3_pct": 26.806214969960006, "minute_DD3_pct": 12.922470770570582}
PASS:all36 NEW dual-volume-threshold cost scenes exactly reproduced;matched controls read-only verified;full report reproduced;ledger unchanged
{"passed": true, "source_component_scenes_rebuilt": 36, "dual_volume_cost_scenes_audited": 54, "dual_volume_NAV_points_audited": 14006628, "report_sha256": "da4a54d87f01aae26512376b5d8dcb725b01318f9ec4b4038732f5360fc3ffb1", "forward_report_sha256": "976a6b642995a0a842484176e78c9d886fa519813e0e25c5dd25d51795217e5d", "frozen_forward_plan_unchanged": true}
{"passed": true, "forward_scenes": 9, "new_closed_marks_per_asset": 120, "cumulative_minutes": 11459, "complete_days": 7, "NAV_points_per_scene": 11468, "original_NAV_prefix": 11348, "new_daily_decisions": 0, "new_reference_points": 0, "new_executions": 0, "original_cash_units_desired_trades_costs_unchanged": true, "next_daily_decision_utc": "2026-10-10T00:01:00Z", "report_sha256": "976a6b642995a0a842484176e78c9d886fa519813e0e25c5dd25d51795217e5d"}
PASS: new parameters/weights and missing-result retries are allowed; exact/reordered completed trials stay blocked
