{"downloaded": 1, "errors": 0, "url": "https://data.binance.vision/data/spot/monthly/klines/BTCUSDT/1m/BTCUSDT-1m-2025-10.zip"}
{"downloaded": 2, "errors": 0, "url": "https://data.binance.vision/data/spot/monthly/klines/BTCUSDT/1m/BTCUSDT-1m-2025-11.zip"}
{"downloaded": 3, "errors": 0, "url": "https://data.binance.vision/data/spot/monthly/klines/BTCUSDT/1m/BTCUSDT-1m-2025-12.zip"}
{"downloaded": 4, "errors": 0, "url": "https://data.binance.vision/data/spot/monthly/klines/BTCUSDT/1m/BTCUSDT-1m-2025-09.zip"}
{"downloaded": 5, "errors": 0, "url": "https://data.binance.vision/data/spot/monthly/klines/BTCUSDT/1m/BTCUSDT-1m-2026-03.zip"}
{"downloaded": 6, "errors": 0, "url": "https://data.binance.vision/data/spot/monthly/klines/BTCUSDT/1m/BTCUSDT-1m-2026-02.zip"}
{"downloaded": 7, "errors": 0, "url": "https://data.binance.vision/data/spot/monthly/klines/BTCUSDT/1m/BTCUSDT-1m-2026-04.zip"}
{"downloaded": 8, "errors": 0, "url": "https://data.binance.vision/data/spot/monthly/klines/BTCUSDT/1m/BTCUSDT-1m-2026-01.zip"}
{"downloaded": 9, "errors": 0, "url": "https://data.binance.vision/data/spot/monthly/klines/BTCUSDT/1m/BTCUSDT-1m-2026-05.zip"}
{"downloaded": 10, "errors": 0, "url": "https://data.binance.vision/data/spot/monthly/klines/BTCUSDT/1m/BTCUSDT-1m-2026-06.zip"}
{"downloaded": 11, "errors": 0, "url": "https://data.binance.vision/data/spot/monthly/klines/BTCUSDT/1m/BTCUSDT-1m-2026-07.zip"}
{"downloaded": 12, "errors": 0, "url": "https://data.binance.vision/data/spot/daily/klines/BTCUSDT/1m/BTCUSDT-1m-2026-09-01.zip"}
{"downloaded": 13, "errors": 0, "url": "https://data.binance.vision/data/spot/daily/klines/BTCUSDT/1m/BTCUSDT-1m-2026-09-02.zip"}
{"downloaded": 14, "errors": 0, "url": "https://data.binance.vision/data/spot/daily/klines/BTCUSDT/1m/BTCUSDT-1m-2026-09-03.zip"}
{"downloaded": 15, "errors": 0, "url": "https://data.binance.vision/data/spot/monthly/klines/BTCUSDT/1m/BTCUSDT-1m-2026-08.zip"}
{"downloaded": 16, "errors": 0, "url": "https://data.binance.vision/data/spot/daily/klines/BTCUSDT/1m/BTCUSDT-1m-2026-09-04.zip"}
{"downloaded": 17, "errors": 0, "url": "https://data.binance.vision/data/spot/daily/klines/BTCUSDT/1m/BTCUSDT-1m-2026-09-07.zip"}
{"downloaded": 18, "errors": 0, "url": "https://data.binance.vision/data/spot/daily/klines/BTCUSDT/1m/BTCUSDT-1m-2026-09-06.zip"}
{"downloaded": 19, "errors": 0, "url": "https://data.binance.vision/data/spot/daily/klines/BTCUSDT/1m/BTCUSDT-1m-2026-09-05.zip"}
{"downloaded": 20, "errors": 0, "url": "https://data.binance.vision/data/spot/daily/klines/BTCUSDT/1m/BTCUSDT-1m-2026-09-09.zip"}
{"downloaded": 21, "errors": 0, "url": "https://data.binance.vision/data/spot/daily/klines/BTCUSDT/1m/BTCUSDT-1m-2026-09-11.zip"}
{"downloaded": 22, "errors": 0, "url": "https://data.binance.vision/data/spot/daily/klines/BTCUSDT/1m/BTCUSDT-1m-2026-09-10.zip"}
{"downloaded": 23, "errors": 0, "url": "https://data.binance.vision/data/spot/daily/klines/BTCUSDT/1m/BTCUSDT-1m-2026-09-08.zip"}
{"downloaded": 24, "errors": 0, "url": "https://data.binance.vision/data/spot/daily/klines/BTCUSDT/1m/BTCUSDT-1m-2026-09-14.zip"}
{"downloaded": 25, "errors": 0, "url": "https://data.binance.vision/data/spot/daily/klines/BTCUSDT/1m/BTCUSDT-1m-2026-09-12.zip"}
{"downloaded": 26, "errors": 0, "url": "https://data.binance.vision/data/spot/daily/klines/BTCUSDT/1m/BTCUSDT-1m-2026-09-13.zip"}
{"downloaded": 27, "errors": 0, "url": "https://data.binance.vision/data/spot/daily/klines/BTCUSDT/1m/BTCUSDT-1m-2026-09-15.zip"}
{"downloaded": 28, "errors": 0, "url": "https://data.binance.vision/data/spot/monthly/klines/ETHUSDT/1m/ETHUSDT-1m-2025-10.zip"}
{"downloaded": 29, "errors": 0, "url": "https://data.binance.vision/data/spot/monthly/klines/ETHUSDT/1m/ETHUSDT-1m-2025-09.zip"}
{"downloaded": 30, "errors": 0, "url": "https://data.binance.vision/data/spot/monthly/klines/ETHUSDT/1m/ETHUSDT-1m-2025-12.zip"}
{"downloaded": 31, "errors": 0, "url": "https://data.binance.vision/data/spot/monthly/klines/ETHUSDT/1m/ETHUSDT-1m-2025-11.zip"}
{"downloaded": 32, "errors": 0, "url": "https://data.binance.vision/data/spot/monthly/klines/ETHUSDT/1m/ETHUSDT-1m-2026-02.zip"}
{"downloaded": 33, "errors": 0, "url": "https://data.binance.vision/data/spot/monthly/klines/ETHUSDT/1m/ETHUSDT-1m-2026-01.zip"}
{"downloaded": 34, "errors": 0, "url": "https://data.binance.vision/data/spot/monthly/klines/ETHUSDT/1m/ETHUSDT-1m-2026-03.zip"}
{"downloaded": 35, "errors": 0, "url": "https://data.binance.vision/data/spot/monthly/klines/ETHUSDT/1m/ETHUSDT-1m-2026-04.zip"}
{"downloaded": 36, "errors": 0, "url": "https://data.binance.vision/data/spot/monthly/klines/ETHUSDT/1m/ETHUSDT-1m-2026-05.zip"}
{"downloaded": 37, "errors": 0, "url": "https://data.binance.vision/data/spot/monthly/klines/ETHUSDT/1m/ETHUSDT-1m-2026-06.zip"}
{"downloaded": 38, "errors": 0, "url": "https://data.binance.vision/data/spot/monthly/klines/ETHUSDT/1m/ETHUSDT-1m-2026-07.zip"}
{"downloaded": 39, "errors": 0, "url": "https://data.binance.vision/data/spot/monthly/klines/ETHUSDT/1m/ETHUSDT-1m-2026-08.zip"}
{"downloaded": 40, "errors": 0, "url": "https://data.binance.vision/data/spot/daily/klines/ETHUSDT/1m/ETHUSDT-1m-2026-09-02.zip"}
{"downloaded": 41, "errors": 0, "url": "https://data.binance.vision/data/spot/daily/klines/ETHUSDT/1m/ETHUSDT-1m-2026-09-03.zip"}
{"downloaded": 42, "errors": 0, "url": "https://data.binance.vision/data/spot/daily/klines/ETHUSDT/1m/ETHUSDT-1m-2026-09-01.zip"}
{"downloaded": 43, "errors": 0, "url": "https://data.binance.vision/data/spot/daily/klines/ETHUSDT/1m/ETHUSDT-1m-2026-09-04.zip"}
{"downloaded": 44, "errors": 0, "url": "https://data.binance.vision/data/spot/daily/klines/ETHUSDT/1m/ETHUSDT-1m-2026-09-07.zip"}
{"downloaded": 45, "errors": 0, "url": "https://data.binance.vision/data/spot/daily/klines/ETHUSDT/1m/ETHUSDT-1m-2026-09-06.zip"}
{"downloaded": 46, "errors": 0, "url": "https://data.binance.vision/data/spot/daily/klines/ETHUSDT/1m/ETHUSDT-1m-2026-09-05.zip"}
{"downloaded": 47, "errors": 0, "url": "https://data.binance.vision/data/spot/daily/klines/ETHUSDT/1m/ETHUSDT-1m-2026-09-08.zip"}
{"downloaded": 48, "errors": 0, "url": "https://data.binance.vision/data/spot/daily/klines/ETHUSDT/1m/ETHUSDT-1m-2026-09-09.zip"}
{"downloaded": 49, "errors": 0, "url": "https://data.binance.vision/data/spot/daily/klines/ETHUSDT/1m/ETHUSDT-1m-2026-09-10.zip"}
{"downloaded": 50, "errors": 0, "url": "https://data.binance.vision/data/spot/daily/klines/ETHUSDT/1m/ETHUSDT-1m-2026-09-11.zip"}
{"downloaded": 51, "errors": 0, "url": "https://data.binance.vision/data/spot/daily/klines/ETHUSDT/1m/ETHUSDT-1m-2026-09-13.zip"}
{"downloaded": 52, "errors": 0, "url": "https://data.binance.vision/data/spot/daily/klines/ETHUSDT/1m/ETHUSDT-1m-2026-09-12.zip"}
{"downloaded": 53, "errors": 0, "url": "https://data.binance.vision/data/spot/daily/klines/ETHUSDT/1m/ETHUSDT-1m-2026-09-14.zip"}
{"downloaded": 54, "errors": 0, "url": "https://data.binance.vision/data/spot/daily/klines/ETHUSDT/1m/ETHUSDT-1m-2026-09-15.zip"}
{"normalized": {"BTC": {"path": "data/normalized/binance/BTC/binance_BTC_20250916T000000Z_20260916T000000Z_archive_20260929/spot_bars.parquet", "sha256": "50983b6865dc5873afa9c4e2abb2cf73d846ec5ed98b31453fee24afef1a0d16", "rows": 525600, "timestamp_source_units": ["us"], "canonical_timestamp_unit": "ns", "available_ts": "minute open + 60 seconds; archive close time verified", "path_version_note": "compatibility path expected by pre-existing checks; fresh official files retrieved this round, not claimed Sep29 retrieval"}, "ETH": {"path": "data/normalized/binance/ETH/binance_ETH_20250916T000000Z_20260916T000000Z_archive_20260929/spot_bars.parquet", "sha256": "437545ee866153d6bf31a17a021b9249e5a97cb688cf60a42a58fc8515e83584", "rows": 525600, "timestamp_source_units": ["us"], "canonical_timestamp_unit": "ns", "available_ts": "minute open + 60 seconds; archive close time verified", "path_version_note": "compatibility path expected by pre-existing checks; fresh official files retrieved this round, not claimed Sep29 retrieval"}}}
