{"completed": "sma_BTC", "return_1x": 11.299474320057733, "return_3x": 7.860590003352819}
{"completed": "sma_ETH", "return_1x": 4.4665232576835745, "return_3x": -2.440036629936382}
{"completed": "obv_BTC", "return_1x": 5.824018302911371, "return_3x": -4.193141554539026}
{"completed": "obv_ETH", "return_1x": -8.251798844109038, "return_3x": -17.8442884300688}
{"completed": "sma_BTC_60_a0.5", "return_1x": 10.475676386007216, "return_3x": 8.610001811322633}
{"completed": "sma_BTC_60_a0.75", "return_1x": 15.712115823164785, "return_3x": 12.910964741911801}
{"completed": "sma_BTC_60_a1.0", "return_1x": 20.947915522528437, "return_3x": 17.210081042366966}
{"completed": "sma_BTC_65_a0.5", "return_1x": 5.651259556273436, "return_3x": 3.9346904896721657}
{"completed": "sma_BTC_65_a0.75", "return_1x": 8.47565028563315, "return_3x": 5.89845826742974}
{"completed": "sma_BTC_70_a0.5", "return_1x": 9.623686595144232, "return_3x": 8.696961970559002}
{"completed": "sma_BTC_70_a0.75", "return_1x": 14.434874579124601, "return_3x": 13.043513713729627}
{"completed": "sma_BTC_70_a1.0", "return_1x": 19.245762839368542, "return_3x": 17.38918311226123}
{"completed": "sma_ETH_16_a0.5", "return_1x": -1.0641908409266265, "return_3x": -4.288523759838991}
{"completed": "sma_ETH_16_a0.75", "return_1x": -1.6010162531227445, "return_3x": -6.445826648122721}
{"completed": "sma_ETH_16_a1.0", "return_1x": -2.1400046271013773, "return_3x": -8.609090501796457}
{"completed": "sma_ETH_20_a0.5", "return_1x": 2.239523595973303, "return_3x": -1.2027517779727104}
{"completed": "sma_ETH_20_a0.75", "return_1x": 3.354188740197017, "return_3x": -1.8181821207904236}
{"completed": "sma_ETH_24_a0.5", "return_1x": 3.76748863115699, "return_3x": 1.022337170539922}
{"completed": "sma_ETH_24_a0.75", "return_1x": 5.647494897298255, "return_3x": 1.522989743471248}
{"completed": "sma_ETH_24_a1.0", "return_1x": 7.525791699450846, "return_3x": 2.018834656533741}
{"completed": "obv_BTC_1_4", "return_1x": -4.532247762345398, "return_3x": -17.543711334105172}
{"completed": "obv_BTC_1_6", "return_1x": -4.69267949975376, "return_3x": -17.683962137033816}
{"completed": "obv_BTC_1_8", "return_1x": 0.06260528093544604, "return_3x": -11.285518769763769}
{"completed": "obv_BTC_2_4", "return_1x": -7.155481114915374, "return_3x": -20.64604456292952}
{"completed": "obv_BTC_2_8", "return_1x": 4.494469199745477, "return_3x": -3.3946382555710475}
{"completed": "obv_BTC_3_4", "return_1x": 9.18745052610861, "return_3x": -9.560923742082505}
{"completed": "obv_BTC_3_6", "return_1x": 3.567447807331492, "return_3x": -4.751870648455281}
{"completed": "obv_BTC_3_8", "return_1x": 0.45543163867924896, "return_3x": -6.641088184185118}
{"completed": "obv_ETH_1_4", "return_1x": -23.441610585101646, "return_3x": -37.30047057682413}
{"completed": "obv_ETH_1_6", "return_1x": -16.481419809563626, "return_3x": -29.78822750172424}
{"completed": "obv_ETH_1_8", "return_1x": -12.00017995468874, "return_3x": -23.247059225429446}
{"completed": "obv_ETH_2_4", "return_1x": -1.6819815310156527, "return_3x": -15.149283154697635}
{"completed": "obv_ETH_2_8", "return_1x": -7.564238038850579, "return_3x": -15.912700836882998}
{"completed": "obv_ETH_3_4", "return_1x": 1.4412845757614257, "return_3x": -17.38112180377148}
{"completed": "obv_ETH_3_6", "return_1x": 2.2535020276132744, "return_3x": -8.441432481536658}
{"completed": "obv_ETH_3_8", "return_1x": -4.5804315607106405, "return_3x": -13.200872397729036}
{"passed": [], "rejected": ["sma_BTC", "sma_ETH", "obv_BTC", "obv_ETH", "sma_BTC_60_a0.5", "sma_BTC_60_a0.75", "sma_BTC_60_a1.0", "sma_BTC_65_a0.5", "sma_BTC_65_a0.75", "sma_BTC_70_a0.5", "sma_BTC_70_a0.75", "sma_BTC_70_a1.0", "sma_ETH_16_a0.5", "sma_ETH_16_a0.75", "sma_ETH_16_a1.0", "sma_ETH_20_a0.5", "sma_ETH_20_a0.75", "sma_ETH_24_a0.5", "sma_ETH_24_a0.75", "sma_ETH_24_a1.0", "obv_BTC_1_4", "obv_BTC_1_6", "obv_BTC_1_8", "obv_BTC_2_4", "obv_BTC_2_8", "obv_BTC_3_4", "obv_BTC_3_6", "obv_BTC_3_8", "obv_ETH_1_4", "obv_ETH_1_6", "obv_ETH_1_8", "obv_ETH_2_4", "obv_ETH_2_8", "obv_ETH_3_4", "obv_ETH_3_6", "obv_ETH_3_8", "sma_equal", "sma_w0.25", "sma_w0.75", "obv_equal", "obv_w0.25", "obv_w0.75"]}
