PARITY PASS: sma engine matches full legacy Decimal equity curve
PARITY PASS: obv engine matches full legacy Decimal equity curve
{"finished": "sma_BTC", "status": "rejected", "fingerprint": "ad27e637fd22f66eb07bb9f7d833cea3489f745e6ece62ad66cfaad19a4776be"}
{"finished": "sma_ETH", "status": "rejected", "fingerprint": "0e3813f10247e6b4eea16f291f4c3dba20ceb0d3a22d20eaff55128ff54cdcb2"}
{"finished": "obv_BTC", "status": "rejected", "fingerprint": "0bea2c9cfcc5c5ac41324ccf17d8322920d98d84ffe8ce32027e285c5cb53947"}
{"finished": "obv_ETH", "status": "rejected", "fingerprint": "159f1a2a25efa89150df9add859c3c6528c45e43b2bc20d9fd10606b40481f0e"}
{"finished": "sma_BTC_60_a0.5", "status": "rejected", "fingerprint": "fdc1737a91ce0a378feef7d261ba8fc93ae1113f986da4be8a2f03435c3cdf71"}
{"finished": "sma_BTC_60_a0.75", "status": "rejected", "fingerprint": "611d38690831576eeba3762a74276a2494630122cc2f2789422c6025718d6f6a"}
{"finished": "sma_BTC_60_a1.0", "status": "rejected", "fingerprint": "3f9f997bbb3bc3b32ba1b79f221edb62f1c1216d30fd7303e2e1e78a58d0e3cd"}
{"finished": "sma_BTC_65_a0.5", "status": "rejected", "fingerprint": "156b6b226f67a74fe44d65ed61f8a3c233312b5f169356b848951199402a3ad0"}
{"finished": "sma_BTC_65_a0.75", "status": "rejected", "fingerprint": "ef33e147d8c12bd0bc1557cc0aae1cc3ad89c40dbe2ad004070a746cd1892eb5"}
{"finished": "sma_BTC_70_a0.5", "status": "rejected", "fingerprint": "fa84cc461e9f8953efafac5ae40501fbb3a3fa8fa20bc125344637edef1c1dcd"}
{"finished": "sma_BTC_70_a0.75", "status": "rejected", "fingerprint": "794c3592856325ac51db60120d9abde116c53f9996fe534db55b980084c058ac"}
{"finished": "sma_BTC_70_a1.0", "status": "rejected", "fingerprint": "ab4fd6e9e6c52db32cf5deac4c403152583371397ab5c5ebc947cea0b2881fd5"}
{"finished": "sma_ETH_16_a0.5", "status": "rejected", "fingerprint": "a65feb2f8c1cdd72715edec5d5f277b14de37f460a1e5a9f347775626cd1f00b"}
{"finished": "sma_ETH_16_a0.75", "status": "rejected", "fingerprint": "799672e24d9743a9097adb13afffec2783bbae49f209a403334e95656bcb7a4f"}
{"finished": "sma_ETH_16_a1.0", "status": "rejected", "fingerprint": "1743cc78897f4d8f855db2bae78dc8c8daeeaf6f40f1608b2c9dc356563f7bfc"}
{"finished": "sma_ETH_20_a0.5", "status": "rejected", "fingerprint": "a6dda64474efe90ee5159d22f96c6d95626fe69e3fa2ea79ffaa820fc348f0e2"}
{"finished": "sma_ETH_20_a0.75", "status": "rejected", "fingerprint": "b096e5667c390de617f04ac9af48dfda5b6f2184aafc427f13fd9f6cfb6f50dc"}
{"finished": "sma_ETH_24_a0.5", "status": "rejected", "fingerprint": "9f9e43b723e718a3a53c4c88791783e896ff308e160933cd6bb131983ac91c79"}
{"finished": "sma_ETH_24_a0.75", "status": "rejected", "fingerprint": "5d8d48d11cdd16c08759794393d8a7b9062eba15cf02a2ff58935353af8b4071"}
{"finished": "sma_ETH_24_a1.0", "status": "rejected", "fingerprint": "23abb78e8921d597edc37fe23677f5f0e80a54a2ce8685528214bf14e89baebb"}
{"finished": "obv_BTC_1_4", "status": "rejected", "fingerprint": "1cbc2d03fe90800b0781316f56e212b1dea9ba3a09e0f9233e0e3ce3f464cad3"}
{"finished": "obv_BTC_1_6", "status": "rejected", "fingerprint": "2922328ea2c86a87fc34bb0176505fc271553b4d7171a5948a61a9eae4b8d540"}
{"finished": "obv_BTC_1_8", "status": "rejected", "fingerprint": "1bfa15676f89ba65bbe11f95af90b1d18ead8dcc02424d307c41b3a9f34cd377"}
{"finished": "obv_BTC_2_4", "status": "rejected", "fingerprint": "0f75202f00f0ccf941d0a26dbbd8b5df61e804acc48f043ff905dcbe432bf947"}
{"finished": "obv_BTC_2_8", "status": "rejected", "fingerprint": "cc76b89ba29c697da74f6ddd34e80da55ce876400897781ccec4f985c0ec910a"}
{"finished": "obv_BTC_3_4", "status": "rejected", "fingerprint": "2ac14b2c8ae256ab11ec86e978e3717362882b5e3a24c2be934e8fb4788bbd1f"}
{"finished": "obv_BTC_3_6", "status": "rejected", "fingerprint": "862c38080ff63564e3fc7c8b575ad567e41384574683d4c21eff05c492ac31b6"}
{"finished": "obv_BTC_3_8", "status": "rejected", "fingerprint": "bf3a9c81436f558bc618c289966c90843affc95a0356f6229dae67d7a10cebcd"}
{"finished": "obv_ETH_1_4", "status": "rejected", "fingerprint": "626f43498c4ada3aa63cf80490ce4faa1fe3352b1f0a2e1274a77f8fc856d3f1"}
{"finished": "obv_ETH_1_6", "status": "rejected", "fingerprint": "a82cabbd44fe40e37bd8c595c6164c75e69090490a54c2e99d92d3907d45ed45"}
{"finished": "obv_ETH_1_8", "status": "rejected", "fingerprint": "0a82dcce9a224e72e19b4443ea7e3e55cd76e466250bf1edc3f4152707a8b9d1"}
{"finished": "obv_ETH_2_4", "status": "rejected", "fingerprint": "539d796246bfbce9e77036d690f4bf74979d4f7d1e4a6e0992549bbdcc5b7280"}
{"finished": "obv_ETH_2_8", "status": "rejected", "fingerprint": "fba03ef63736ddb1d141b2ce73e601a5c6b2be73e18de365d92c4629f75448be"}
{"finished": "obv_ETH_3_4", "status": "rejected", "fingerprint": "0fdea20065741f7c0c2265daa220d0f03d22a2ff02578966487aff2f5e747f76"}
{"finished": "obv_ETH_3_6", "status": "rejected", "fingerprint": "cd56c3497061a178b50cb1cb049f7e43eb037f7b25d46bcf0561000d2e962b4f"}
{"finished": "obv_ETH_3_8", "status": "rejected", "fingerprint": "48ebf22503869d460efc442800cf6a6710f1cdb09339ea89a49702a9d2b6c7c1"}
{"finished": "sma_equal", "status": "rejected", "fingerprint": "fa4aef91830d855ba8ed48440e9c77f654195f45af81b2044c6418a79f02699f"}
{"finished": "sma_w0.25", "status": "rejected", "fingerprint": "31080a6a41b8ce6abe6ab6f922f012e16085a2eca418b711c9c3c7d5d70a126f"}
{"finished": "sma_w0.75", "status": "rejected", "fingerprint": "a058a343c2c5eba29f175c9283788e76fadd1099fd962a9c509b12b4911a8f5e"}
{"finished": "obv_equal", "status": "rejected", "fingerprint": "11e4447566e84a84d4068ec3287d959e1d19f038fb10912046b1a51d837dcedd"}
{"finished": "obv_w0.25", "status": "rejected", "fingerprint": "a8d2bb38308853fc6e3001e83f315e70562d0794971ff68ba22a23406fec14e6"}
{"finished": "obv_w0.75", "status": "rejected", "fingerprint": "5cabd7a4539a67342e0ea9b31af326550927e20a33ac9802a1c48ae5b60d3ad8"}
{"finished": "benchmark_hold_BTC", "status": "rejected", "fingerprint": "9588a21c99c18eeab25d737b47134a5ea095ea85e9a83376a2bd6d828c8d8d99"}
{"finished": "benchmark_hold_ETH", "status": "rejected", "fingerprint": "a5d1f8d3afe108905e9e5e43ac780793a9aaf54174e9b30f9792704d288e6585"}
{"finished": 44, "report_bytes": 2122143}
