filtered_span_2025_BTC_e10_b0.03_x30_s22_c1350 0 c44ab80bbfa4936d3c42ceb21349427a3576d77d4cac52b4a6a5254cb15ef0c2
READ_ONLY_EXACT filtered_band_2025_BTC_e10_b0.03_x30_s50_c1350
filtered_span_2025_BTC_e10_b0.03_x30_s78_c1350 0 5057fe9eacfd59985d5b6bed48708ea515ee57233c411502f08208b64e88f5c4
filtered_span_2025_BTC_e15_b0.03_x30_s22_c1350 0 99d369f23cc24f6b0894d98949ddfc948d0ac71906b5bfcd40f37e900886ff71
READ_ONLY_EXACT filtered_band_2025_BTC_e15_b0.03_x30_s50_c1350
filtered_span_2025_BTC_e15_b0.03_x30_s78_c1350 0 57185720c07bf435b4b999b29202b4a3a3e8b6eb2878002983a8603f558bb0df
filtered_span_2025_BTC_e20_b0.03_x30_s22_c1350 0 bf63ba343718e4500a067c1ac2575ac1ee980e453f6eaf27828763c8bd3349e0
READ_ONLY_EXACT filtered_band_2025_BTC_e20_b0.03_x30_s50_c1350
filtered_span_2025_BTC_e20_b0.03_x30_s78_c1350 0 18c0bd6b6b7de8b28634fec2b37558a57f9e3d005c14a98453e6cfd0b741e29e
filtered_span_2025_ETH_e10_b0.03_x30_s22_c650 0 acfc6ff86add02092ba493d541a7767047cf7a31413d23a12396c6a933fdb23a
READ_ONLY_EXACT filtered_band_2025_ETH_e10_b0.03_x30_s50_c650
filtered_span_2025_ETH_e10_b0.03_x30_s78_c650 0 3aa75d85dd68469a8e20eda9e87617a2c13be7c734c581a7d14ddf114edd6a6a
filtered_span_2025_ETH_e15_b0.03_x30_s22_c650 0 529e048af6c7551e397cbe92918c6a0b457af80fb9b75f56140fdf3e9ce5511a
READ_ONLY_EXACT filtered_band_2025_ETH_e15_b0.03_x30_s50_c650
filtered_span_2025_ETH_e15_b0.03_x30_s78_c650 0 e97aded222a0bfb8f1823c046655f4cb99095646a9609c21761b3a796201fa7e
filtered_span_2025_ETH_e20_b0.03_x30_s22_c650 0 16f2347535716b4c1fb3d4b965bbad309e86d2eea92938be29d26446ef6032a8
READ_ONLY_EXACT filtered_band_2025_ETH_e20_b0.03_x30_s50_c650
filtered_span_2025_ETH_e20_b0.03_x30_s78_c650 0 045a854ee7b8787df4b29955242ad05be976a88d9e859415d8c3c62984c56f19
filtered_span_2025_combo_e10_b0.03_x30_s22_btc0.675 0 438dc76f83f25aaee7a4b83a1525f40ad671406114e7e75f5ce3a336193b2c6f
READ_ONLY_EXACT filtered_band_2025_combo_e10_b0.03_x30_s50_btc0.675
filtered_span_2025_combo_e10_b0.03_x30_s78_btc0.675 0 54d75f3f66ea70146da88361072ed654bf32694f805ab069be2230a9c3e5e749
filtered_span_2025_combo_e15_b0.03_x30_s22_btc0.675 0 2f3b017d08afeb7bab5b1bb5c39b5065f5fe2f13bc2e10504776107459e46fdc
READ_ONLY_EXACT filtered_band_2025_combo_e15_b0.03_x30_s50_btc0.675
filtered_span_2025_combo_e15_b0.03_x30_s78_btc0.675 0 5ee90f711104b9b65a238c83c43e054e0caef5e0de7d75a73e76011b0dbc22a3
filtered_span_2025_combo_e20_b0.03_x30_s22_btc0.675 0 f76a0887bc11e2a43f0235a0080b0805521bd27e9cf9a557e5589febaf0a6fe1
READ_ONLY_EXACT filtered_band_2025_combo_e20_b0.03_x30_s50_btc0.675
filtered_span_2025_combo_e20_b0.03_x30_s78_btc0.675 0 ea38880fd6e8f04553da9c9feabb3446d7b0baac1398293d1a0be803e2c23353
filtered_span_2026_BTC_e10_b0.03_x30_s22_c1350 0 a4e04666a78259aee7854564a18778ecd2a23a401708c1ebe0ee33f27b857b02
READ_ONLY_EXACT filtered_band_2026_BTC_e10_b0.03_x30_s50_c1350
filtered_span_2026_BTC_e10_b0.03_x30_s78_c1350 0 63e5c38b847d5c2d2e62ad719ae5434b55003ffbb4f82e24f4bf60f91a34fdd7
filtered_span_2026_BTC_e15_b0.03_x30_s22_c1350 0 7357a2cf0aacbae3744d1a7be4f34e4ecc6948032d9dfc9ba65dde3bef7906c6
READ_ONLY_EXACT filtered_band_2026_BTC_e15_b0.03_x30_s50_c1350
filtered_span_2026_BTC_e15_b0.03_x30_s78_c1350 0 c7ac8d35596d36dc5a23fb801203fb8e797e8299615480cbc952cfad889beee7
filtered_span_2026_BTC_e20_b0.03_x30_s22_c1350 0 c9d309c22cff14fa64f9ee914cc130e533442cf24de46b94e41dcab4ab9d72d4
READ_ONLY_EXACT filtered_band_2026_BTC_e20_b0.03_x30_s50_c1350
filtered_span_2026_BTC_e20_b0.03_x30_s78_c1350 0 2cbca9fbc1b519d28960b675059f9f4ab436bd934997cef6c726610f890e982d
filtered_span_2026_ETH_e10_b0.03_x30_s22_c650 0 c6c099e659ec4de23f74084a0f7bbca199bbbcae9630313e1342ae23f69d1ad9
READ_ONLY_EXACT filtered_band_2026_ETH_e10_b0.03_x30_s50_c650
filtered_span_2026_ETH_e10_b0.03_x30_s78_c650 0 f91d0fb2261797c79752541916e47de173b3672cf107b7c0ae61d9d95a789cda
filtered_span_2026_ETH_e15_b0.03_x30_s22_c650 0 e6483eb55665e37b028b65290fa50c290ec6f58f52b4799911f68d640cff8dd5
READ_ONLY_EXACT filtered_band_2026_ETH_e15_b0.03_x30_s50_c650
filtered_span_2026_ETH_e15_b0.03_x30_s78_c650 0 11c986b9c55341b9fd93cf965d8e828c4504d207ba0c542f756635a0b8886a64
filtered_span_2026_ETH_e20_b0.03_x30_s22_c650 0 d5ab7e0b75334060a78bdd067897c0004794f058e4fd84f9d85562ebee28f87d
READ_ONLY_EXACT filtered_band_2026_ETH_e20_b0.03_x30_s50_c650
filtered_span_2026_ETH_e20_b0.03_x30_s78_c650 0 ddfa2a56f0020f0c8241ac3c26d1c64cb61203e565904c0eb22889f478817b8d
filtered_span_2026_combo_e10_b0.03_x30_s22_btc0.675 0 92f559fd2e9187dd1c4df81c3a1cdff22c6fc0e3917c80ad11348fdb344de327
READ_ONLY_EXACT filtered_band_2026_combo_e10_b0.03_x30_s50_btc0.675
filtered_span_2026_combo_e10_b0.03_x30_s78_btc0.675 0 7e343a1481a6e1b62430ddb546976bfcc57a7c597a46b35a93a33bf75100163e
filtered_span_2026_combo_e15_b0.03_x30_s22_btc0.675 0 0eb647b270dc8b01c82f8e3287be1873c3e2f043606aeb3e381938fa21a40997
READ_ONLY_EXACT filtered_band_2026_combo_e15_b0.03_x30_s50_btc0.675
filtered_span_2026_combo_e15_b0.03_x30_s78_btc0.675 0 d5397218e083576af5f01b6ce0fe370458a1a181bddb1d2478c3ecdebb832ee7
filtered_span_2026_combo_e20_b0.03_x30_s22_btc0.675 0 d6f75ad584e976c7676315994ca345ff3dd502d0fda858e0ae97a590787d8379
READ_ONLY_EXACT filtered_band_2026_combo_e20_b0.03_x30_s50_btc0.675
filtered_span_2026_combo_e20_b0.03_x30_s78_btc0.675 0 de34da57168691c1aefc11ee320d8e2b60a8202a96985fec970619f15439ddf9
forward_snapshot_BTC 0 0bbe6a562414d9db6c60591964c300252d0d54ab4629e58e134dff0de980cf72
forward_snapshot_ETH 0 3be7ae6673bd0c82dd47003a90c24565ba3f63ec89100344c482eb561850052e
forward_snapshot_combo 0 03d8e11afe9e50397fc5d35bc17148fbe0916cf58b29fc8cfe1b23648f71ef88
PASS:36new actual-capital historical and3new cutoff configurations reserved;18existing EMAspan50/band3percent exact definitions read-only.
