PASS:all9 cumulative forward scenes exactly reproduced including original daily decision,reference axis and nextstate;noHTTP or ledger write
{"completed": "filtered_span_2025_BTC_e10_b0.03_x30_s22_c1350", "return1": 6.873789751577775, "return3": 5.208724612207405, "minute_DD3": 19.70572901895301}
READ_ONLY_RESULT:filtered_band_2025_BTC_e10_b0.03_x30_s50_c1350
{"completed": "filtered_span_2025_BTC_e10_b0.03_x30_s78_c1350", "return1": 12.356722161451849, "return3": 10.604173371451854, "minute_DD3": 12.410478514961376}
{"completed": "filtered_span_2025_BTC_e15_b0.03_x30_s22_c1350", "return1": 6.873789751577775, "return3": 5.208724612207405, "minute_DD3": 19.70572901895301}
READ_ONLY_RESULT:filtered_band_2025_BTC_e15_b0.03_x30_s50_c1350
{"completed": "filtered_span_2025_BTC_e15_b0.03_x30_s78_c1350", "return1": 11.356412752155553, "return3": 9.619685726407411, "minute_DD3": 13.189577336593661}
{"completed": "filtered_span_2025_BTC_e20_b0.03_x30_s22_c1350", "return1": 17.068499754762968, "return3": 15.849421654340734, "minute_DD3": 10.575171167625907}
READ_ONLY_RESULT:filtered_band_2025_BTC_e20_b0.03_x30_s50_c1350
{"completed": "filtered_span_2025_BTC_e20_b0.03_x30_s78_c1350", "return1": 10.351041916059266, "return3": 8.632786815340744, "minute_DD3": 12.126160323404555}
{"completed": "filtered_span_2025_ETH_e10_b0.03_x30_s22_c650", "return1": 121.46941341338464, "return3": 118.02205386261537, "minute_DD3": 26.041551674010776}
READ_ONLY_RESULT:filtered_band_2025_ETH_e10_b0.03_x30_s50_c650
{"completed": "filtered_span_2025_ETH_e10_b0.03_x30_s78_c650", "return1": 96.85534020923076, "return3": 94.78204126415386, "minute_DD3": 20.245376429741558}
{"completed": "filtered_span_2025_ETH_e15_b0.03_x30_s22_c650", "return1": 111.04377679553848, "return3": 107.76431304369231, "minute_DD3": 29.52987525507963}
READ_ONLY_RESULT:filtered_band_2025_ETH_e15_b0.03_x30_s50_c650
{"completed": "filtered_span_2025_ETH_e15_b0.03_x30_s78_c650", "return1": 96.85534020923076, "return3": 94.78204126415386, "minute_DD3": 20.245376429741558}
{"completed": "filtered_span_2025_ETH_e20_b0.03_x30_s22_c650", "return1": 102.50807568861538, "return3": 99.33441083723078, "minute_DD3": 30.04854066663295}
READ_ONLY_RESULT:filtered_band_2025_ETH_e20_b0.03_x30_s50_c650
{"completed": "filtered_span_2025_ETH_e20_b0.03_x30_s78_c650", "return1": 95.41640795076924, "return3": 93.35297299984614, "minute_DD3": 20.829950329720415}
{"completed": "filtered_span_2025_combo_e10_b0.03_x30_s22_btc0.675", "return1": 44.11736744166501, "return3": 41.87305661859, "minute_DD3": 20.34330271809941}
READ_ONLY_RESULT:filtered_band_2025_combo_e10_b0.03_x30_s50_btc0.675
{"completed": "filtered_span_2025_combo_e10_b0.03_x30_s78_btc0.675", "return1": 39.81877302697998, "return3": 37.96198043658001, "minute_DD3": 12.923035488092271}
{"completed": "filtered_span_2025_combo_e15_b0.03_x30_s22_btc0.675", "return1": 40.72903554086502, "return3": 38.53929085243999, "minute_DD3": 21.65267464977144}
READ_ONLY_RESULT:filtered_band_2025_combo_e15_b0.03_x30_s50_btc0.675
{"completed": "filtered_span_2025_combo_e15_b0.03_x30_s78_btc0.675", "return1": 39.143564175704995, "return3": 37.29745127617501, "minute_DD3": 13.450209508945488}
{"completed": "filtered_span_2025_combo_e20_b0.03_x30_s22_btc0.675", "return1": 44.83636193326501, "return3": 42.98204313878, "minute_DD3": 16.445145023341468}
READ_ONLY_RESULT:filtered_band_2025_combo_e20_b0.03_x30_s50_btc0.675
{"completed": "filtered_span_2025_combo_e20_b0.03_x30_s78_btc0.675", "return1": 37.99728587734001, "return3": 36.16684732530497, "minute_DD3": 13.965965423911175}
{"completed": "filtered_span_2026_BTC_e10_b0.03_x30_s22_c1350", "return1": 20.55285734837038, "return3": 19.30300531167408, "minute_DD3": 15.310774781791359}
READ_ONLY_RESULT:filtered_band_2026_BTC_e10_b0.03_x30_s50_c1350
{"completed": "filtered_span_2026_BTC_e10_b0.03_x30_s78_c1350", "return1": 7.879025683911123, "return3": 6.753103870325927, "minute_DD3": 10.18018269592369}
{"completed": "filtered_span_2026_BTC_e15_b0.03_x30_s22_c1350", "return1": 20.55285734837038, "return3": 19.30300531167408, "minute_DD3": 15.310774781791359}
READ_ONLY_RESULT:filtered_band_2026_BTC_e15_b0.03_x30_s50_c1350
{"completed": "filtered_span_2026_BTC_e15_b0.03_x30_s78_c1350", "return1": 7.879025683911123, "return3": 6.753103870325927, "minute_DD3": 10.18018269592369}
{"completed": "filtered_span_2026_BTC_e20_b0.03_x30_s22_c1350", "return1": 20.55285734837038, "return3": 19.30300531167408, "minute_DD3": 15.310774781791359}
READ_ONLY_RESULT:filtered_band_2026_BTC_e20_b0.03_x30_s50_c1350
{"completed": "filtered_span_2026_BTC_e20_b0.03_x30_s78_c1350", "return1": 7.879025683911123, "return3": 6.753103870325927, "minute_DD3": 10.18018269592369}
{"completed": "filtered_span_2026_ETH_e10_b0.03_x30_s22_c650", "return1": 38.786190086307684, "return3": 37.343764620615374, "minute_DD3": 12.700104238191523}
READ_ONLY_RESULT:filtered_band_2026_ETH_e10_b0.03_x30_s50_c650
{"completed": "filtered_span_2026_ETH_e10_b0.03_x30_s78_c650", "return1": 18.154370467384616, "return3": 16.923169266923075, "minute_DD3": 16.398761904639827}
{"completed": "filtered_span_2026_ETH_e15_b0.03_x30_s22_c650", "return1": 38.786190086307684, "return3": 37.343764620615374, "minute_DD3": 12.700104238191523}
READ_ONLY_RESULT:filtered_band_2026_ETH_e15_b0.03_x30_s50_c650
{"completed": "filtered_span_2026_ETH_e15_b0.03_x30_s78_c650", "return1": 18.154370467384616, "return3": 16.923169266923075, "minute_DD3": 16.398761904639827}
{"completed": "filtered_span_2026_ETH_e20_b0.03_x30_s22_c650", "return1": 35.65443142384615, "return3": 34.238054465846155, "minute_DD3": 14.672445026180835}
READ_ONLY_RESULT:filtered_band_2026_ETH_e20_b0.03_x30_s50_c650
{"completed": "filtered_span_2026_ETH_e20_b0.03_x30_s78_c650", "return1": 18.154370467384616, "return3": 16.923169266923075, "minute_DD3": 16.398761904639827}
{"completed": "filtered_span_2026_combo_e10_b0.03_x30_s22_btc0.675", "return1": 26.478690488199994, "return3": 25.16625208708001, "minute_DD3": 12.241543810651045}
READ_ONLY_RESULT:filtered_band_2026_combo_e10_b0.03_x30_s50_btc0.675
{"completed": "filtered_span_2026_combo_e10_b0.03_x30_s78_btc0.675", "return1": 11.21851273854, "return3": 10.058375124219987, "minute_DD3": 11.025389801914065}
{"completed": "filtered_span_2026_combo_e15_b0.03_x30_s22_btc0.675", "return1": 26.478690488199994, "return3": 25.16625208708001, "minute_DD3": 12.241543810651045}
READ_ONLY_RESULT:filtered_band_2026_combo_e15_b0.03_x30_s50_btc0.675
{"completed": "filtered_span_2026_combo_e15_b0.03_x30_s78_btc0.675", "return1": 11.21851273854, "return3": 10.058375124219987, "minute_DD3": 11.025389801914065}
{"completed": "filtered_span_2026_combo_e20_b0.03_x30_s22_btc0.675", "return1": 25.460868922900005, "return3": 24.156896286780018, "minute_DD3": 12.904980272485645}
READ_ONLY_RESULT:filtered_band_2026_combo_e20_b0.03_x30_s50_btc0.675
{"completed": "filtered_span_2026_combo_e20_b0.03_x30_s78_btc0.675", "return1": 11.21851273854, "return3": 10.058375124219987, "minute_DD3": 11.025389801914065}
PASS:all108 NEW scenes exactly reproduced and54 EXISTING scenes read-only verified;full54-cell report reproduced;ledger unchanged
{"passed": true, "all_scenes_audited": 162, "new_scenes": 108, "existing_scenes_read_only_audited": 54, "current_or_future_close_perturbations": 72, "NAV_points_audited": 42019884, "joint_channel_pandasEMA_causal_decisions": 19440, "Decimal_fills_independently_checked": 480, "new_actual_fills": 336, "real_minute_data_hashes": 4, "report_sha256": "13a9356165c9837ca7bac83b7588a0d62e36a963e2c240142ff2d0114252ac6f", "forward_plan_unchanged": true, "pandas_version": "2.2.3"}
{"passed": true, "forward_scenes": 9, "new_closed_marks_per_asset": 120, "cumulative_minutes": 5829, "complete_days": 4, "NAV_points_per_scene": 5835, "daily_reference_points_added": 1, "original_daily_decisions_independently_checked": 6, "daily_bars_per_asset": 65, "overlap_daily_bars_checked_per_asset": 64, "prior_NAV_prefix_preserved": 5714, "new_component_executions": 0, "next_daily_decision_utc": "2026-10-07T00:01:00Z", "report_sha256": "1e73a91f19067911a278045830367d4ac8711cf9511469f7b7d4382eb1cb4947"}
PASS: new parameters/weights and missing-result retries are allowed; exact/reordered completed trials stay blocked
