{"archives": 1, "url": "https://data.binance.vision/data/futures/um/monthly/klines/BTCUSDT/1m/BTCUSDT-1m-2025-11.zip"}
{"archives": 2, "url": "https://data.binance.vision/data/futures/um/monthly/klines/BTCUSDT/1m/BTCUSDT-1m-2025-09.zip"}
{"archives": 3, "url": "https://data.binance.vision/data/futures/um/monthly/klines/BTCUSDT/1m/BTCUSDT-1m-2025-10.zip"}
{"archives": 4, "url": "https://data.binance.vision/data/futures/um/monthly/klines/BTCUSDT/1m/BTCUSDT-1m-2025-12.zip"}
{"archives": 5, "url": "https://data.binance.vision/data/futures/um/monthly/klines/BTCUSDT/1m/BTCUSDT-1m-2026-02.zip"}
{"archives": 6, "url": "https://data.binance.vision/data/futures/um/monthly/klines/BTCUSDT/1m/BTCUSDT-1m-2026-01.zip"}
{"archives": 7, "url": "https://data.binance.vision/data/futures/um/monthly/klines/BTCUSDT/1m/BTCUSDT-1m-2026-04.zip"}
{"archives": 8, "url": "https://data.binance.vision/data/futures/um/monthly/klines/BTCUSDT/1m/BTCUSDT-1m-2026-03.zip"}
{"archives": 9, "url": "https://data.binance.vision/data/futures/um/monthly/klines/BTCUSDT/1m/BTCUSDT-1m-2026-06.zip"}
{"archives": 10, "url": "https://data.binance.vision/data/futures/um/monthly/klines/BTCUSDT/1m/BTCUSDT-1m-2026-05.zip"}
{"archives": 11, "url": "https://data.binance.vision/data/futures/um/monthly/klines/BTCUSDT/1m/BTCUSDT-1m-2026-07.zip"}
{"archives": 12, "url": "https://data.binance.vision/data/futures/um/monthly/klines/BTCUSDT/1m/BTCUSDT-1m-2026-08.zip"}
{"archives": 13, "url": "https://data.binance.vision/data/futures/um/daily/klines/BTCUSDT/1m/BTCUSDT-1m-2026-09-02.zip"}
{"archives": 14, "url": "https://data.binance.vision/data/futures/um/daily/klines/BTCUSDT/1m/BTCUSDT-1m-2026-09-01.zip"}
{"archives": 15, "url": "https://data.binance.vision/data/futures/um/daily/klines/BTCUSDT/1m/BTCUSDT-1m-2026-09-04.zip"}
{"archives": 16, "url": "https://data.binance.vision/data/futures/um/daily/klines/BTCUSDT/1m/BTCUSDT-1m-2026-09-03.zip"}
{"archives": 17, "url": "https://data.binance.vision/data/futures/um/daily/klines/BTCUSDT/1m/BTCUSDT-1m-2026-09-05.zip"}
{"archives": 18, "url": "https://data.binance.vision/data/futures/um/daily/klines/BTCUSDT/1m/BTCUSDT-1m-2026-09-06.zip"}
{"archives": 19, "url": "https://data.binance.vision/data/futures/um/daily/klines/BTCUSDT/1m/BTCUSDT-1m-2026-09-07.zip"}
{"archives": 20, "url": "https://data.binance.vision/data/futures/um/daily/klines/BTCUSDT/1m/BTCUSDT-1m-2026-09-08.zip"}
{"archives": 21, "url": "https://data.binance.vision/data/futures/um/daily/klines/BTCUSDT/1m/BTCUSDT-1m-2026-09-09.zip"}
{"archives": 22, "url": "https://data.binance.vision/data/futures/um/daily/klines/BTCUSDT/1m/BTCUSDT-1m-2026-09-10.zip"}
{"archives": 23, "url": "https://data.binance.vision/data/futures/um/daily/klines/BTCUSDT/1m/BTCUSDT-1m-2026-09-11.zip"}
{"archives": 24, "url": "https://data.binance.vision/data/futures/um/daily/klines/BTCUSDT/1m/BTCUSDT-1m-2026-09-12.zip"}
{"archives": 25, "url": "https://data.binance.vision/data/futures/um/daily/klines/BTCUSDT/1m/BTCUSDT-1m-2026-09-14.zip"}
{"archives": 26, "url": "https://data.binance.vision/data/futures/um/daily/klines/BTCUSDT/1m/BTCUSDT-1m-2026-09-13.zip"}
{"archives": 27, "url": "https://data.binance.vision/data/futures/um/monthly/markPriceKlines/BTCUSDT/1h/BTCUSDT-1h-2025-09.zip"}
{"archives": 28, "url": "https://data.binance.vision/data/futures/um/daily/klines/BTCUSDT/1m/BTCUSDT-1m-2026-09-15.zip"}
{"archives": 29, "url": "https://data.binance.vision/data/futures/um/monthly/markPriceKlines/BTCUSDT/1h/BTCUSDT-1h-2025-10.zip"}
{"archives": 30, "url": "https://data.binance.vision/data/futures/um/monthly/markPriceKlines/BTCUSDT/1h/BTCUSDT-1h-2025-11.zip"}
{"archives": 31, "url": "https://data.binance.vision/data/futures/um/monthly/markPriceKlines/BTCUSDT/1h/BTCUSDT-1h-2025-12.zip"}
{"archives": 32, "url": "https://data.binance.vision/data/futures/um/monthly/markPriceKlines/BTCUSDT/1h/BTCUSDT-1h-2026-01.zip"}
{"archives": 33, "url": "https://data.binance.vision/data/futures/um/monthly/markPriceKlines/BTCUSDT/1h/BTCUSDT-1h-2026-02.zip"}
{"archives": 34, "url": "https://data.binance.vision/data/futures/um/monthly/markPriceKlines/BTCUSDT/1h/BTCUSDT-1h-2026-03.zip"}
{"archives": 35, "url": "https://data.binance.vision/data/futures/um/monthly/markPriceKlines/BTCUSDT/1h/BTCUSDT-1h-2026-04.zip"}
{"archives": 36, "url": "https://data.binance.vision/data/futures/um/monthly/markPriceKlines/BTCUSDT/1h/BTCUSDT-1h-2026-05.zip"}
{"archives": 37, "url": "https://data.binance.vision/data/futures/um/monthly/markPriceKlines/BTCUSDT/1h/BTCUSDT-1h-2026-06.zip"}
{"archives": 38, "url": "https://data.binance.vision/data/futures/um/monthly/markPriceKlines/BTCUSDT/1h/BTCUSDT-1h-2026-07.zip"}
{"archives": 39, "url": "https://data.binance.vision/data/futures/um/monthly/markPriceKlines/BTCUSDT/1h/BTCUSDT-1h-2026-08.zip"}
{"archives": 40, "url": "https://data.binance.vision/data/futures/um/daily/markPriceKlines/BTCUSDT/1h/BTCUSDT-1h-2026-09-02.zip"}
{"archives": 41, "url": "https://data.binance.vision/data/futures/um/daily/markPriceKlines/BTCUSDT/1h/BTCUSDT-1h-2026-09-03.zip"}
{"archives": 42, "url": "https://data.binance.vision/data/futures/um/daily/markPriceKlines/BTCUSDT/1h/BTCUSDT-1h-2026-09-04.zip"}
{"archives": 43, "url": "https://data.binance.vision/data/futures/um/daily/markPriceKlines/BTCUSDT/1h/BTCUSDT-1h-2026-09-01.zip"}
{"archives": 44, "url": "https://data.binance.vision/data/futures/um/daily/markPriceKlines/BTCUSDT/1h/BTCUSDT-1h-2026-09-05.zip"}
{"archives": 45, "url": "https://data.binance.vision/data/futures/um/daily/markPriceKlines/BTCUSDT/1h/BTCUSDT-1h-2026-09-07.zip"}
{"archives": 46, "url": "https://data.binance.vision/data/futures/um/daily/markPriceKlines/BTCUSDT/1h/BTCUSDT-1h-2026-09-06.zip"}
{"archives": 47, "url": "https://data.binance.vision/data/futures/um/daily/markPriceKlines/BTCUSDT/1h/BTCUSDT-1h-2026-09-08.zip"}
{"archives": 48, "url": "https://data.binance.vision/data/futures/um/daily/markPriceKlines/BTCUSDT/1h/BTCUSDT-1h-2026-09-09.zip"}
{"archives": 49, "url": "https://data.binance.vision/data/futures/um/daily/markPriceKlines/BTCUSDT/1h/BTCUSDT-1h-2026-09-10.zip"}
{"archives": 50, "url": "https://data.binance.vision/data/futures/um/daily/markPriceKlines/BTCUSDT/1h/BTCUSDT-1h-2026-09-11.zip"}
{"archives": 51, "url": "https://data.binance.vision/data/futures/um/daily/markPriceKlines/BTCUSDT/1h/BTCUSDT-1h-2026-09-12.zip"}
{"archives": 52, "url": "https://data.binance.vision/data/futures/um/daily/markPriceKlines/BTCUSDT/1h/BTCUSDT-1h-2026-09-13.zip"}
{"archives": 53, "url": "https://data.binance.vision/data/futures/um/daily/markPriceKlines/BTCUSDT/1h/BTCUSDT-1h-2026-09-15.zip"}
{"archives": 54, "url": "https://data.binance.vision/data/futures/um/daily/markPriceKlines/BTCUSDT/1h/BTCUSDT-1h-2026-09-14.zip"}
{"archives": 55, "url": "https://data.binance.vision/data/futures/um/monthly/klines/ETHUSDT/1m/ETHUSDT-1m-2025-09.zip"}
{"archives": 56, "url": "https://data.binance.vision/data/futures/um/monthly/klines/ETHUSDT/1m/ETHUSDT-1m-2025-11.zip"}
{"archives": 57, "url": "https://data.binance.vision/data/futures/um/monthly/klines/ETHUSDT/1m/ETHUSDT-1m-2025-12.zip"}
{"archives": 58, "url": "https://data.binance.vision/data/futures/um/monthly/klines/ETHUSDT/1m/ETHUSDT-1m-2025-10.zip"}
{"archives": 59, "url": "https://data.binance.vision/data/futures/um/monthly/klines/ETHUSDT/1m/ETHUSDT-1m-2026-01.zip"}
{"archives": 60, "url": "https://data.binance.vision/data/futures/um/monthly/klines/ETHUSDT/1m/ETHUSDT-1m-2026-03.zip"}
{"archives": 61, "url": "https://data.binance.vision/data/futures/um/monthly/klines/ETHUSDT/1m/ETHUSDT-1m-2026-02.zip"}
{"archives": 62, "url": "https://data.binance.vision/data/futures/um/monthly/klines/ETHUSDT/1m/ETHUSDT-1m-2026-05.zip"}
{"archives": 63, "url": "https://data.binance.vision/data/futures/um/monthly/klines/ETHUSDT/1m/ETHUSDT-1m-2026-04.zip"}
{"archives": 64, "url": "https://data.binance.vision/data/futures/um/daily/klines/ETHUSDT/1m/ETHUSDT-1m-2026-09-01.zip"}
{"archives": 65, "url": "https://data.binance.vision/data/futures/um/monthly/klines/ETHUSDT/1m/ETHUSDT-1m-2026-07.zip"}
{"archives": 66, "url": "https://data.binance.vision/data/futures/um/monthly/klines/ETHUSDT/1m/ETHUSDT-1m-2026-06.zip"}
{"archives": 67, "url": "https://data.binance.vision/data/futures/um/monthly/klines/ETHUSDT/1m/ETHUSDT-1m-2026-08.zip"}
{"archives": 68, "url": "https://data.binance.vision/data/futures/um/daily/klines/ETHUSDT/1m/ETHUSDT-1m-2026-09-02.zip"}
{"archives": 69, "url": "https://data.binance.vision/data/futures/um/daily/klines/ETHUSDT/1m/ETHUSDT-1m-2026-09-04.zip"}
{"archives": 70, "url": "https://data.binance.vision/data/futures/um/daily/klines/ETHUSDT/1m/ETHUSDT-1m-2026-09-03.zip"}
{"archives": 71, "url": "https://data.binance.vision/data/futures/um/daily/klines/ETHUSDT/1m/ETHUSDT-1m-2026-09-05.zip"}
{"archives": 72, "url": "https://data.binance.vision/data/futures/um/daily/klines/ETHUSDT/1m/ETHUSDT-1m-2026-09-07.zip"}
{"archives": 73, "url": "https://data.binance.vision/data/futures/um/daily/klines/ETHUSDT/1m/ETHUSDT-1m-2026-09-06.zip"}
{"archives": 74, "url": "https://data.binance.vision/data/futures/um/daily/klines/ETHUSDT/1m/ETHUSDT-1m-2026-09-09.zip"}
{"archives": 75, "url": "https://data.binance.vision/data/futures/um/daily/klines/ETHUSDT/1m/ETHUSDT-1m-2026-09-08.zip"}
{"archives": 76, "url": "https://data.binance.vision/data/futures/um/daily/klines/ETHUSDT/1m/ETHUSDT-1m-2026-09-10.zip"}
{"archives": 77, "url": "https://data.binance.vision/data/futures/um/daily/klines/ETHUSDT/1m/ETHUSDT-1m-2026-09-11.zip"}
{"archives": 78, "url": "https://data.binance.vision/data/futures/um/daily/klines/ETHUSDT/1m/ETHUSDT-1m-2026-09-12.zip"}
{"archives": 79, "url": "https://data.binance.vision/data/futures/um/daily/klines/ETHUSDT/1m/ETHUSDT-1m-2026-09-13.zip"}
{"archives": 80, "url": "https://data.binance.vision/data/futures/um/monthly/markPriceKlines/ETHUSDT/1h/ETHUSDT-1h-2025-09.zip"}
{"archives": 81, "url": "https://data.binance.vision/data/futures/um/daily/klines/ETHUSDT/1m/ETHUSDT-1m-2026-09-15.zip"}
{"archives": 82, "url": "https://data.binance.vision/data/futures/um/monthly/markPriceKlines/ETHUSDT/1h/ETHUSDT-1h-2025-10.zip"}
{"archives": 83, "url": "https://data.binance.vision/data/futures/um/daily/klines/ETHUSDT/1m/ETHUSDT-1m-2026-09-14.zip"}
{"archives": 84, "url": "https://data.binance.vision/data/futures/um/monthly/markPriceKlines/ETHUSDT/1h/ETHUSDT-1h-2025-12.zip"}
{"archives": 85, "url": "https://data.binance.vision/data/futures/um/monthly/markPriceKlines/ETHUSDT/1h/ETHUSDT-1h-2026-01.zip"}
{"archives": 86, "url": "https://data.binance.vision/data/futures/um/monthly/markPriceKlines/ETHUSDT/1h/ETHUSDT-1h-2025-11.zip"}
{"archives": 87, "url": "https://data.binance.vision/data/futures/um/monthly/markPriceKlines/ETHUSDT/1h/ETHUSDT-1h-2026-02.zip"}
{"archives": 88, "url": "https://data.binance.vision/data/futures/um/monthly/markPriceKlines/ETHUSDT/1h/ETHUSDT-1h-2026-06.zip"}
{"archives": 89, "url": "https://data.binance.vision/data/futures/um/monthly/markPriceKlines/ETHUSDT/1h/ETHUSDT-1h-2026-03.zip"}
{"archives": 90, "url": "https://data.binance.vision/data/futures/um/monthly/markPriceKlines/ETHUSDT/1h/ETHUSDT-1h-2026-05.zip"}
{"archives": 91, "url": "https://data.binance.vision/data/futures/um/monthly/markPriceKlines/ETHUSDT/1h/ETHUSDT-1h-2026-04.zip"}
{"archives": 92, "url": "https://data.binance.vision/data/futures/um/monthly/markPriceKlines/ETHUSDT/1h/ETHUSDT-1h-2026-08.zip"}
{"archives": 93, "url": "https://data.binance.vision/data/futures/um/daily/markPriceKlines/ETHUSDT/1h/ETHUSDT-1h-2026-09-01.zip"}
{"archives": 94, "url": "https://data.binance.vision/data/futures/um/monthly/markPriceKlines/ETHUSDT/1h/ETHUSDT-1h-2026-07.zip"}
{"archives": 95, "url": "https://data.binance.vision/data/futures/um/daily/markPriceKlines/ETHUSDT/1h/ETHUSDT-1h-2026-09-02.zip"}
{"archives": 96, "url": "https://data.binance.vision/data/futures/um/daily/markPriceKlines/ETHUSDT/1h/ETHUSDT-1h-2026-09-06.zip"}
{"archives": 97, "url": "https://data.binance.vision/data/futures/um/daily/markPriceKlines/ETHUSDT/1h/ETHUSDT-1h-2026-09-04.zip"}
{"archives": 98, "url": "https://data.binance.vision/data/futures/um/daily/markPriceKlines/ETHUSDT/1h/ETHUSDT-1h-2026-09-05.zip"}
{"archives": 99, "url": "https://data.binance.vision/data/futures/um/daily/markPriceKlines/ETHUSDT/1h/ETHUSDT-1h-2026-09-03.zip"}
{"archives": 100, "url": "https://data.binance.vision/data/futures/um/daily/markPriceKlines/ETHUSDT/1h/ETHUSDT-1h-2026-09-08.zip"}
{"archives": 101, "url": "https://data.binance.vision/data/futures/um/daily/markPriceKlines/ETHUSDT/1h/ETHUSDT-1h-2026-09-10.zip"}
{"archives": 102, "url": "https://data.binance.vision/data/futures/um/daily/markPriceKlines/ETHUSDT/1h/ETHUSDT-1h-2026-09-07.zip"}
{"archives": 103, "url": "https://data.binance.vision/data/futures/um/daily/markPriceKlines/ETHUSDT/1h/ETHUSDT-1h-2026-09-09.zip"}
{"archives": 104, "url": "https://data.binance.vision/data/futures/um/daily/markPriceKlines/ETHUSDT/1h/ETHUSDT-1h-2026-09-11.zip"}
{"archives": 105, "url": "https://data.binance.vision/data/futures/um/daily/markPriceKlines/ETHUSDT/1h/ETHUSDT-1h-2026-09-13.zip"}
{"archives": 106, "url": "https://data.binance.vision/data/futures/um/daily/markPriceKlines/ETHUSDT/1h/ETHUSDT-1h-2026-09-12.zip"}
{"archives": 107, "url": "https://data.binance.vision/data/futures/um/daily/markPriceKlines/ETHUSDT/1h/ETHUSDT-1h-2026-09-14.zip"}
{"archives": 108, "url": "https://data.binance.vision/data/futures/um/daily/markPriceKlines/ETHUSDT/1h/ETHUSDT-1h-2026-09-15.zip"}
Traceback (most recent call last):
  File "/home/desktop/.local/share/equitide-research/worktree/research/experiments/20261001T033355Z/download_binance.py", line 146, in <module>
    if __name__=='__main__':main()
                            ^^^^^^
  File "/home/desktop/.local/share/equitide-research/worktree/research/experiments/20261001T033355Z/download_binance.py", line 140, in main
    manifest['normalized'][asset]={category:normalized(asset,category,manifest['archives']) for category in ('klines','markPriceKlines')}
                                            ^^^^^^^^^^^^^^^^^^^^^^^^^^^^^^^^^^^^^^^^^^^^^^^
  File "/home/desktop/.local/share/equitide-research/worktree/research/experiments/20261001T033355Z/download_binance.py", line 62, in normalized
    assert frame.height==(END-START)//interval
           ^^^^^^^^^^^^^^^^^^^^^^^^^^^^^^^^^^^
AssertionError
