{"archives": 1, "url": "https://data.binance.vision/data/futures/um/monthly/klines/BTCUSDT/1m/BTCUSDT-1m-2025-09.zip"}
{"archives": 2, "url": "https://data.binance.vision/data/futures/um/monthly/klines/BTCUSDT/1m/BTCUSDT-1m-2025-12.zip"}
{"archives": 3, "url": "https://data.binance.vision/data/futures/um/monthly/klines/BTCUSDT/1m/BTCUSDT-1m-2025-11.zip"}
{"archives": 4, "url": "https://data.binance.vision/data/futures/um/monthly/klines/BTCUSDT/1m/BTCUSDT-1m-2025-10.zip"}
{"archives": 5, "url": "https://data.binance.vision/data/futures/um/monthly/klines/BTCUSDT/1m/BTCUSDT-1m-2026-01.zip"}
{"archives": 6, "url": "https://data.binance.vision/data/futures/um/monthly/klines/BTCUSDT/1m/BTCUSDT-1m-2026-02.zip"}
{"archives": 7, "url": "https://data.binance.vision/data/futures/um/monthly/klines/BTCUSDT/1m/BTCUSDT-1m-2026-03.zip"}
{"archives": 8, "url": "https://data.binance.vision/data/futures/um/monthly/klines/BTCUSDT/1m/BTCUSDT-1m-2026-04.zip"}
{"archives": 9, "url": "https://data.binance.vision/data/futures/um/monthly/klines/BTCUSDT/1m/BTCUSDT-1m-2026-05.zip"}
{"archives": 10, "url": "https://data.binance.vision/data/futures/um/monthly/klines/BTCUSDT/1m/BTCUSDT-1m-2026-06.zip"}
{"archives": 11, "url": "https://data.binance.vision/data/futures/um/daily/klines/BTCUSDT/1m/BTCUSDT-1m-2026-09-02.zip"}
{"archives": 12, "url": "https://data.binance.vision/data/futures/um/daily/klines/BTCUSDT/1m/BTCUSDT-1m-2026-09-01.zip"}
{"archives": 13, "url": "https://data.binance.vision/data/futures/um/daily/klines/BTCUSDT/1m/BTCUSDT-1m-2026-09-03.zip"}
{"archives": 14, "url": "https://data.binance.vision/data/futures/um/daily/klines/BTCUSDT/1m/BTCUSDT-1m-2026-09-05.zip"}
{"archives": 15, "url": "https://data.binance.vision/data/futures/um/daily/klines/BTCUSDT/1m/BTCUSDT-1m-2026-09-06.zip"}
{"archives": 16, "url": "https://data.binance.vision/data/futures/um/daily/klines/BTCUSDT/1m/BTCUSDT-1m-2026-09-07.zip"}
{"archives": 17, "url": "https://data.binance.vision/data/futures/um/monthly/klines/BTCUSDT/1m/BTCUSDT-1m-2026-07.zip"}
{"archives": 18, "url": "https://data.binance.vision/data/futures/um/daily/klines/BTCUSDT/1m/BTCUSDT-1m-2026-09-08.zip"}
{"archives": 19, "url": "https://data.binance.vision/data/futures/um/daily/klines/BTCUSDT/1m/BTCUSDT-1m-2026-09-04.zip"}
{"archives": 20, "url": "https://data.binance.vision/data/futures/um/daily/klines/BTCUSDT/1m/BTCUSDT-1m-2026-09-09.zip"}
{"archives": 21, "url": "https://data.binance.vision/data/futures/um/daily/klines/BTCUSDT/1m/BTCUSDT-1m-2026-09-10.zip"}
{"archives": 22, "url": "https://data.binance.vision/data/futures/um/daily/klines/BTCUSDT/1m/BTCUSDT-1m-2026-09-11.zip"}
{"archives": 23, "url": "https://data.binance.vision/data/futures/um/monthly/klines/BTCUSDT/1m/BTCUSDT-1m-2026-08.zip"}
{"archives": 24, "url": "https://data.binance.vision/data/futures/um/daily/klines/BTCUSDT/1m/BTCUSDT-1m-2026-09-12.zip"}
{"archives": 25, "url": "https://data.binance.vision/data/futures/um/daily/klines/BTCUSDT/1m/BTCUSDT-1m-2026-09-14.zip"}
{"archives": 26, "url": "https://data.binance.vision/data/futures/um/daily/klines/BTCUSDT/1m/BTCUSDT-1m-2026-09-13.zip"}
{"archives": 27, "url": "https://data.binance.vision/data/futures/um/monthly/markPriceKlines/BTCUSDT/1h/BTCUSDT-1h-2025-10.zip"}
{"archives": 28, "url": "https://data.binance.vision/data/futures/um/monthly/markPriceKlines/BTCUSDT/1h/BTCUSDT-1h-2025-09.zip"}
{"archives": 29, "url": "https://data.binance.vision/data/futures/um/monthly/markPriceKlines/BTCUSDT/1h/BTCUSDT-1h-2025-11.zip"}
{"archives": 30, "url": "https://data.binance.vision/data/futures/um/daily/klines/BTCUSDT/1m/BTCUSDT-1m-2026-09-15.zip"}
{"archives": 31, "url": "https://data.binance.vision/data/futures/um/monthly/markPriceKlines/BTCUSDT/1h/BTCUSDT-1h-2026-02.zip"}
{"archives": 32, "url": "https://data.binance.vision/data/futures/um/monthly/markPriceKlines/BTCUSDT/1h/BTCUSDT-1h-2025-12.zip"}
{"archives": 33, "url": "https://data.binance.vision/data/futures/um/monthly/markPriceKlines/BTCUSDT/1h/BTCUSDT-1h-2026-01.zip"}
{"archives": 34, "url": "https://data.binance.vision/data/futures/um/monthly/markPriceKlines/BTCUSDT/1h/BTCUSDT-1h-2026-03.zip"}
{"archives": 35, "url": "https://data.binance.vision/data/futures/um/monthly/markPriceKlines/BTCUSDT/1h/BTCUSDT-1h-2026-06.zip"}
{"archives": 36, "url": "https://data.binance.vision/data/futures/um/monthly/markPriceKlines/BTCUSDT/1h/BTCUSDT-1h-2026-05.zip"}
{"archives": 37, "url": "https://data.binance.vision/data/futures/um/monthly/markPriceKlines/BTCUSDT/1h/BTCUSDT-1h-2026-04.zip"}
{"archives": 38, "url": "https://data.binance.vision/data/futures/um/monthly/markPriceKlines/BTCUSDT/1h/BTCUSDT-1h-2026-07.zip"}
{"archives": 39, "url": "https://data.binance.vision/data/futures/um/daily/markPriceKlines/BTCUSDT/1h/BTCUSDT-1h-2026-09-01.zip"}
{"archives": 40, "url": "https://data.binance.vision/data/futures/um/monthly/markPriceKlines/BTCUSDT/1h/BTCUSDT-1h-2026-08.zip"}
{"archives": 41, "url": "https://data.binance.vision/data/futures/um/daily/markPriceKlines/BTCUSDT/1h/BTCUSDT-1h-2026-09-03.zip"}
{"archives": 42, "url": "https://data.binance.vision/data/futures/um/daily/markPriceKlines/BTCUSDT/1h/BTCUSDT-1h-2026-09-02.zip"}
{"archives": 43, "url": "https://data.binance.vision/data/futures/um/daily/markPriceKlines/BTCUSDT/1h/BTCUSDT-1h-2026-09-07.zip"}
{"archives": 44, "url": "https://data.binance.vision/data/futures/um/daily/markPriceKlines/BTCUSDT/1h/BTCUSDT-1h-2026-09-04.zip"}
{"archives": 45, "url": "https://data.binance.vision/data/futures/um/daily/markPriceKlines/BTCUSDT/1h/BTCUSDT-1h-2026-09-06.zip"}
{"archives": 46, "url": "https://data.binance.vision/data/futures/um/daily/markPriceKlines/BTCUSDT/1h/BTCUSDT-1h-2026-09-05.zip"}
{"archives": 47, "url": "https://data.binance.vision/data/futures/um/daily/markPriceKlines/BTCUSDT/1h/BTCUSDT-1h-2026-09-08.zip"}
{"archives": 48, "url": "https://data.binance.vision/data/futures/um/daily/markPriceKlines/BTCUSDT/1h/BTCUSDT-1h-2026-09-10.zip"}
{"archives": 49, "url": "https://data.binance.vision/data/futures/um/daily/markPriceKlines/BTCUSDT/1h/BTCUSDT-1h-2026-09-12.zip"}
{"archives": 50, "url": "https://data.binance.vision/data/futures/um/daily/markPriceKlines/BTCUSDT/1h/BTCUSDT-1h-2026-09-09.zip"}
{"archives": 51, "url": "https://data.binance.vision/data/futures/um/daily/markPriceKlines/BTCUSDT/1h/BTCUSDT-1h-2026-09-11.zip"}
{"archives": 52, "url": "https://data.binance.vision/data/futures/um/daily/markPriceKlines/BTCUSDT/1h/BTCUSDT-1h-2026-09-13.zip"}
{"archives": 53, "url": "https://data.binance.vision/data/futures/um/daily/markPriceKlines/BTCUSDT/1h/BTCUSDT-1h-2026-09-14.zip"}
{"archives": 54, "url": "https://data.binance.vision/data/futures/um/daily/markPriceKlines/BTCUSDT/1h/BTCUSDT-1h-2026-09-15.zip"}
{"archives": 55, "url": "https://data.binance.vision/data/futures/um/monthly/klines/ETHUSDT/1m/ETHUSDT-1m-2025-10.zip"}
{"archives": 56, "url": "https://data.binance.vision/data/futures/um/monthly/klines/ETHUSDT/1m/ETHUSDT-1m-2025-09.zip"}
{"archives": 57, "url": "https://data.binance.vision/data/futures/um/monthly/klines/ETHUSDT/1m/ETHUSDT-1m-2025-11.zip"}
{"archives": 58, "url": "https://data.binance.vision/data/futures/um/monthly/klines/ETHUSDT/1m/ETHUSDT-1m-2025-12.zip"}
{"archives": 59, "url": "https://data.binance.vision/data/futures/um/monthly/klines/ETHUSDT/1m/ETHUSDT-1m-2026-03.zip"}
{"archives": 60, "url": "https://data.binance.vision/data/futures/um/monthly/klines/ETHUSDT/1m/ETHUSDT-1m-2026-02.zip"}
{"archives": 61, "url": "https://data.binance.vision/data/futures/um/monthly/klines/ETHUSDT/1m/ETHUSDT-1m-2026-05.zip"}
{"archives": 62, "url": "https://data.binance.vision/data/futures/um/monthly/klines/ETHUSDT/1m/ETHUSDT-1m-2026-06.zip"}
{"archives": 63, "url": "https://data.binance.vision/data/futures/um/monthly/klines/ETHUSDT/1m/ETHUSDT-1m-2026-01.zip"}
{"archives": 64, "url": "https://data.binance.vision/data/futures/um/monthly/klines/ETHUSDT/1m/ETHUSDT-1m-2026-04.zip"}
{"archives": 65, "url": "https://data.binance.vision/data/futures/um/daily/klines/ETHUSDT/1m/ETHUSDT-1m-2026-09-01.zip"}
{"archives": 66, "url": "https://data.binance.vision/data/futures/um/daily/klines/ETHUSDT/1m/ETHUSDT-1m-2026-09-03.zip"}
{"archives": 67, "url": "https://data.binance.vision/data/futures/um/daily/klines/ETHUSDT/1m/ETHUSDT-1m-2026-09-02.zip"}
{"archives": 68, "url": "https://data.binance.vision/data/futures/um/monthly/klines/ETHUSDT/1m/ETHUSDT-1m-2026-07.zip"}
{"archives": 69, "url": "https://data.binance.vision/data/futures/um/daily/klines/ETHUSDT/1m/ETHUSDT-1m-2026-09-05.zip"}
{"archives": 70, "url": "https://data.binance.vision/data/futures/um/daily/klines/ETHUSDT/1m/ETHUSDT-1m-2026-09-04.zip"}
{"archives": 71, "url": "https://data.binance.vision/data/futures/um/monthly/klines/ETHUSDT/1m/ETHUSDT-1m-2026-08.zip"}
{"archives": 72, "url": "https://data.binance.vision/data/futures/um/daily/klines/ETHUSDT/1m/ETHUSDT-1m-2026-09-08.zip"}
{"archives": 73, "url": "https://data.binance.vision/data/futures/um/daily/klines/ETHUSDT/1m/ETHUSDT-1m-2026-09-06.zip"}
{"archives": 74, "url": "https://data.binance.vision/data/futures/um/daily/klines/ETHUSDT/1m/ETHUSDT-1m-2026-09-07.zip"}
{"archives": 75, "url": "https://data.binance.vision/data/futures/um/daily/klines/ETHUSDT/1m/ETHUSDT-1m-2026-09-10.zip"}
{"archives": 76, "url": "https://data.binance.vision/data/futures/um/daily/klines/ETHUSDT/1m/ETHUSDT-1m-2026-09-11.zip"}
{"archives": 77, "url": "https://data.binance.vision/data/futures/um/daily/klines/ETHUSDT/1m/ETHUSDT-1m-2026-09-09.zip"}
{"archives": 78, "url": "https://data.binance.vision/data/futures/um/daily/klines/ETHUSDT/1m/ETHUSDT-1m-2026-09-12.zip"}
{"archives": 79, "url": "https://data.binance.vision/data/futures/um/daily/klines/ETHUSDT/1m/ETHUSDT-1m-2026-09-14.zip"}
{"archives": 80, "url": "https://data.binance.vision/data/futures/um/daily/klines/ETHUSDT/1m/ETHUSDT-1m-2026-09-13.zip"}
{"archives": 81, "url": "https://data.binance.vision/data/futures/um/monthly/markPriceKlines/ETHUSDT/1h/ETHUSDT-1h-2025-09.zip"}
{"archives": 82, "url": "https://data.binance.vision/data/futures/um/daily/klines/ETHUSDT/1m/ETHUSDT-1m-2026-09-15.zip"}
{"archives": 83, "url": "https://data.binance.vision/data/futures/um/monthly/markPriceKlines/ETHUSDT/1h/ETHUSDT-1h-2025-12.zip"}
{"archives": 84, "url": "https://data.binance.vision/data/futures/um/monthly/markPriceKlines/ETHUSDT/1h/ETHUSDT-1h-2026-01.zip"}
{"archives": 85, "url": "https://data.binance.vision/data/futures/um/monthly/markPriceKlines/ETHUSDT/1h/ETHUSDT-1h-2025-11.zip"}
{"archives": 86, "url": "https://data.binance.vision/data/futures/um/monthly/markPriceKlines/ETHUSDT/1h/ETHUSDT-1h-2025-10.zip"}
{"archives": 87, "url": "https://data.binance.vision/data/futures/um/monthly/markPriceKlines/ETHUSDT/1h/ETHUSDT-1h-2026-04.zip"}
{"archives": 88, "url": "https://data.binance.vision/data/futures/um/monthly/markPriceKlines/ETHUSDT/1h/ETHUSDT-1h-2026-02.zip"}
{"archives": 89, "url": "https://data.binance.vision/data/futures/um/monthly/markPriceKlines/ETHUSDT/1h/ETHUSDT-1h-2026-03.zip"}
{"archives": 90, "url": "https://data.binance.vision/data/futures/um/monthly/markPriceKlines/ETHUSDT/1h/ETHUSDT-1h-2026-07.zip"}
{"archives": 91, "url": "https://data.binance.vision/data/futures/um/monthly/markPriceKlines/ETHUSDT/1h/ETHUSDT-1h-2026-05.zip"}
{"archives": 92, "url": "https://data.binance.vision/data/futures/um/monthly/markPriceKlines/ETHUSDT/1h/ETHUSDT-1h-2026-06.zip"}
{"archives": 93, "url": "https://data.binance.vision/data/futures/um/daily/markPriceKlines/ETHUSDT/1h/ETHUSDT-1h-2026-09-01.zip"}
{"archives": 94, "url": "https://data.binance.vision/data/futures/um/daily/markPriceKlines/ETHUSDT/1h/ETHUSDT-1h-2026-09-02.zip"}
{"archives": 95, "url": "https://data.binance.vision/data/futures/um/monthly/markPriceKlines/ETHUSDT/1h/ETHUSDT-1h-2026-08.zip"}
{"archives": 96, "url": "https://data.binance.vision/data/futures/um/daily/markPriceKlines/ETHUSDT/1h/ETHUSDT-1h-2026-09-04.zip"}
{"archives": 97, "url": "https://data.binance.vision/data/futures/um/daily/markPriceKlines/ETHUSDT/1h/ETHUSDT-1h-2026-09-05.zip"}
{"archives": 98, "url": "https://data.binance.vision/data/futures/um/daily/markPriceKlines/ETHUSDT/1h/ETHUSDT-1h-2026-09-06.zip"}
{"archives": 99, "url": "https://data.binance.vision/data/futures/um/daily/markPriceKlines/ETHUSDT/1h/ETHUSDT-1h-2026-09-03.zip"}
{"archives": 100, "url": "https://data.binance.vision/data/futures/um/daily/markPriceKlines/ETHUSDT/1h/ETHUSDT-1h-2026-09-07.zip"}
{"archives": 101, "url": "https://data.binance.vision/data/futures/um/daily/markPriceKlines/ETHUSDT/1h/ETHUSDT-1h-2026-09-08.zip"}
{"archives": 102, "url": "https://data.binance.vision/data/futures/um/daily/markPriceKlines/ETHUSDT/1h/ETHUSDT-1h-2026-09-09.zip"}
{"archives": 103, "url": "https://data.binance.vision/data/futures/um/daily/markPriceKlines/ETHUSDT/1h/ETHUSDT-1h-2026-09-12.zip"}
{"archives": 104, "url": "https://data.binance.vision/data/futures/um/daily/markPriceKlines/ETHUSDT/1h/ETHUSDT-1h-2026-09-11.zip"}
{"archives": 105, "url": "https://data.binance.vision/data/futures/um/daily/markPriceKlines/ETHUSDT/1h/ETHUSDT-1h-2026-09-13.zip"}
{"archives": 106, "url": "https://data.binance.vision/data/futures/um/daily/markPriceKlines/ETHUSDT/1h/ETHUSDT-1h-2026-09-14.zip"}
{"archives": 107, "url": "https://data.binance.vision/data/futures/um/daily/markPriceKlines/ETHUSDT/1h/ETHUSDT-1h-2026-09-10.zip"}
{"archives": 108, "url": "https://data.binance.vision/data/futures/um/daily/markPriceKlines/ETHUSDT/1h/ETHUSDT-1h-2026-09-15.zip"}
{"normalizing": "BTC/klines", "rows": 525600, "expected": 525600, "missing_count": 0, "missing_first_ns": [], "duplicate_count": 0}
{"normalizing": "BTC/markPriceKlines", "rows": 8736, "expected": 8760, "missing_count": 24, "missing_first_ns": [1782691200000000000, 1782694800000000000, 1782698400000000000, 1782702000000000000, 1782705600000000000, 1782709200000000000, 1782712800000000000, 1782716400000000000, 1782720000000000000, 1782723600000000000, 1782727200000000000, 1782730800000000000, 1782734400000000000, 1782738000000000000, 1782741600000000000, 1782745200000000000, 1782748800000000000, 1782752400000000000, 1782756000000000000, 1782759600000000000], "duplicate_count": 0}
{"normalizing": "ETH/klines", "rows": 525600, "expected": 525600, "missing_count": 0, "missing_first_ns": [], "duplicate_count": 0}
{"normalizing": "ETH/markPriceKlines", "rows": 8736, "expected": 8760, "missing_count": 24, "missing_first_ns": [1782691200000000000, 1782694800000000000, 1782698400000000000, 1782702000000000000, 1782705600000000000, 1782709200000000000, 1782712800000000000, 1782716400000000000, 1782720000000000000, 1782723600000000000, 1782727200000000000, 1782730800000000000, 1782734400000000000, 1782738000000000000, 1782741600000000000, 1782745200000000000, 1782748800000000000, 1782752400000000000, 1782756000000000000, 1782759600000000000], "duplicate_count": 0}
{"normalized": {"BTC": {"klines": {"path": "data/normalized/binance/BTC/binance_BTC_20250916T000000Z_20260916T000000Z_archive_20260929/perp_bars.parquet", "sha256": "5de2a6fdc260a87abc39d58c251f96bf6a6d0183187a037dba0cce4f1ded3573", "rows": 525600, "source_units": ["ms"], "canonical_unit": "ns", "available_ts": "open + full closed interval", "version_note": "fresh October1 retrieval under legacy compatibility directory", "official_rest_repairs": []}, "markPriceKlines": {"path": "data/normalized/binance/BTC/binance_BTC_20250916T000000Z_20260916T000000Z_archive_20260929/mark_hour_bars.parquet", "sha256": "3f6ea11c5126329d34971c6431d76f37f7d2c3ad6f862e95dd8150777241189f", "rows": 8760, "source_units": ["ms"], "canonical_unit": "ns", "available_ts": "open + full closed interval", "version_note": "fresh October1 retrieval under legacy compatibility directory", "official_rest_repairs": [{"url": "https://fapi.binance.com/fapi/v1/markPriceKlines?symbol=BTCUSDT&interval=1h&startTime=1782691200000&endTime=1782777599999&limit=1000", "path": "data/raw/research_20261001_perp/BTC-markPriceKlines-repair-1782691200000-1782777599999.json", "sha256": "c3db577183d1815b6a6702c2d3dbe2fbe076942b982c74f26313ab375539b674", "actual_restored_rows": 24, "missing_archive_timestamps_ns": [1782691200000000000, 1782694800000000000, 1782698400000000000, 1782702000000000000, 1782705600000000000, 1782709200000000000, 1782712800000000000, 1782716400000000000, 1782720000000000000, 1782723600000000000, 1782727200000000000, 1782730800000000000, 1782734400000000000, 1782738000000000000, 1782741600000000000, 1782745200000000000, 1782748800000000000, 1782752400000000000, 1782756000000000000, 1782759600000000000, 1782763200000000000, 1782766800000000000, 1782770400000000000, 1782774000000000000]}]}}, "ETH": {"klines": {"path": "data/normalized/binance/ETH/binance_ETH_20250916T000000Z_20260916T000000Z_archive_20260929/perp_bars.parquet", "sha256": "f1dd0805de6558a6888beb15b93eab5da65db7276075d0eee1d481a82c120733", "rows": 525600, "source_units": ["ms"], "canonical_unit": "ns", "available_ts": "open + full closed interval", "version_note": "fresh October1 retrieval under legacy compatibility directory", "official_rest_repairs": []}, "markPriceKlines": {"path": "data/normalized/binance/ETH/binance_ETH_20250916T000000Z_20260916T000000Z_archive_20260929/mark_hour_bars.parquet", "sha256": "59ee88ad5c9ce688ff1fdc7fda750fbe49e504fc0ef3eb5de90f3536d6954a1f", "rows": 8760, "source_units": ["ms"], "canonical_unit": "ns", "available_ts": "open + full closed interval", "version_note": "fresh October1 retrieval under legacy compatibility directory", "official_rest_repairs": [{"url": "https://fapi.binance.com/fapi/v1/markPriceKlines?symbol=ETHUSDT&interval=1h&startTime=1782691200000&endTime=1782777599999&limit=1000", "path": "data/raw/research_20261001_perp/ETH-markPriceKlines-repair-1782691200000-1782777599999.json", "sha256": "d9074bcae9d9f9fa0a3b62ed3486effbd557455855639c1eee915973fd06a9d4", "actual_restored_rows": 24, "missing_archive_timestamps_ns": [1782691200000000000, 1782694800000000000, 1782698400000000000, 1782702000000000000, 1782705600000000000, 1782709200000000000, 1782712800000000000, 1782716400000000000, 1782720000000000000, 1782723600000000000, 1782727200000000000, 1782730800000000000, 1782734400000000000, 1782738000000000000, 1782741600000000000, 1782745200000000000, 1782748800000000000, 1782752400000000000, 1782756000000000000, 1782759600000000000, 1782763200000000000, 1782766800000000000, 1782770400000000000, 1782774000000000000]}]}}}, "funding_counts": {"BTC": 1095, "ETH": 1095}}
