{"config": "pairs_w600_z1.8", "status": "rejected", "fingerprint": "212f8a4d307a79923a425ca06061cb74fc54a31ce4236706736c46025d19f88d"}
{"config": "pairs_w600_z2", "status": "rejected", "fingerprint": "069fac1f9ddff1fab388a738d19400e6fa88c20ec31e52ee419beb2032dafe81"}
{"config": "pairs_w600_z2.2", "status": "rejected", "fingerprint": "f955f17d6c9c564aed93d0b9f796c95d335d0de3cb50895ad07e0b1f03029993"}
{"config": "pairs_w720_z1.8", "status": "rejected", "fingerprint": "b7603ca1ac951ba59a7980759d80ba099d690da4c38cf1e29b91e3656afbddb5"}
{"config": "pairs_w720_z2", "status": "rejected", "fingerprint": "918c7fe5b7fcc3e068c0e68492a6d94e341c5ba65a46cdd538dbc28d81806f42"}
{"config": "pairs_w720_z2.2", "status": "rejected", "fingerprint": "b492ead3db2078940bce6c696a197648188445badb8f943155a808edc2020672"}
{"config": "pairs_w840_z1.8", "status": "rejected", "fingerprint": "1d4525f7369badd954948bf778a2b7da1cbcd8f663127a75e46a24f3a01cc5aa"}
{"config": "pairs_w840_z2", "status": "rejected", "fingerprint": "140cda1521faaf168add0292fd4a58999e654afdb3cfdc7ae84a0d6103ae44fb"}
{"config": "pairs_w840_z2.2", "status": "rejected", "fingerprint": "3a45f49682985486e2395d7074354ee3330df34bd6a375f7ea29e7197b978017"}
{"config": "cross_w240_z1.8", "status": "rejected", "fingerprint": "3c05710a5c5e921d855c61c8b165792b56127028d8779610e9fbf832dd03174c"}
{"config": "cross_w240_z2", "status": "rejected", "fingerprint": "6c88bc0cc960198be7601c6ae8403e14a942d59af77916d8e50a75c28db00a96"}
{"config": "cross_w240_z2.2", "status": "rejected", "fingerprint": "ededa6c7973b113a002b278441624b9d34227fd1dd901d543d4050c5f937919a"}
{"config": "cross_w270_z1.8", "status": "rejected", "fingerprint": "1e33009af924c0aeaa5b208a4a4651acd8682b0ee0d20b86db43eb4666309103"}
{"config": "cross_w270_z2", "status": "rejected", "fingerprint": "c18984238a12bdde2478a5a3bd052c3a4be93b625181d0240becf6f64e4f5cd0"}
{"config": "cross_w270_z2.2", "status": "rejected", "fingerprint": "b724381e701a21d323fdea5d9eacb817992dbaeb972e1a3f5dd7c982f6d6e991"}
{"config": "cross_w300_z1.8", "status": "rejected", "fingerprint": "7ac6fe703ec741aafedb4b5e00ac93cd0e6445dd84d298ff7e9fd4248021a606"}
{"config": "cross_w300_z2", "status": "rejected", "fingerprint": "689cc20e1620bbb82146bc8e8f32db2aa5f0402ea5cacc2d03f1c14adab27904"}
{"config": "cross_w300_z2.2", "status": "rejected", "fingerprint": "3ec053b66e72d7dc0e318265db14cfdbe76d2b8650bebe13b259c2b9062369b5"}
{"config": "benchmark_pairs_hold", "status": "rejected", "fingerprint": "e2c2f6efbf04dea41511f2a4c42bcb991a6cc590c88ad310fc2c542cf74e9056"}
{"config": "benchmark_cross_hold", "status": "rejected", "fingerprint": "d0ba013ad728c04afb67a0a8084c042df493f7b1c5282706f31df7f8d86868a0"}
