PASS:all9 cumulative forward scenes exactly reproduced including original daily decision,reference axis and nextstate;noHTTP or ledger write
{"completed": "filtered_span_2025_BTC_e10_b0.03_x30_s27_c1350", "return1": 18.14167422451851, "return3": 16.911713555096284, "minute_DD3": 12.484678105222324}
READ_ONLY_RESULT:filtered_band_2025_BTC_e10_b0.03_x30_s50_c1350
{"completed": "filtered_span_2025_BTC_e10_b0.03_x30_s73_c1350", "return1": 11.938892308451843, "return3": 10.192572313674075, "minute_DD3": 12.410478514961376}
{"completed": "filtered_span_2025_BTC_e15_b0.03_x30_s27_c1350", "return1": 18.14167422451851, "return3": 16.911713555096284, "minute_DD3": 12.484678105222324}
READ_ONLY_RESULT:filtered_band_2025_BTC_e15_b0.03_x30_s50_c1350
{"completed": "filtered_span_2025_BTC_e15_b0.03_x30_s73_c1350", "return1": 10.942414089481467, "return3": 9.21234568964444, "minute_DD3": 13.189577336593661}
{"completed": "filtered_span_2025_BTC_e20_b0.03_x30_s27_c1350", "return1": 18.14167422451851, "return3": 16.911713555096284, "minute_DD3": 12.484678105222324}
READ_ONLY_RESULT:filtered_band_2025_BTC_e20_b0.03_x30_s50_c1350
{"completed": "filtered_span_2025_BTC_e20_b0.03_x30_s73_c1350", "return1": 10.351041916059266, "return3": 8.632786815340744, "minute_DD3": 12.126160323404555}
{"completed": "filtered_span_2025_ETH_e10_b0.03_x30_s27_c650", "return1": 141.6658664707692, "return3": 139.1258949186154, "minute_DD3": 20.247568835254793}
READ_ONLY_RESULT:filtered_band_2025_ETH_e10_b0.03_x30_s50_c650
{"completed": "filtered_span_2025_ETH_e10_b0.03_x30_s73_c650", "return1": 96.85534020923076, "return3": 94.78204126415386, "minute_DD3": 20.245376429741558}
{"completed": "filtered_span_2025_ETH_e15_b0.03_x30_s27_c650", "return1": 141.6658664707692, "return3": 139.1258949186154, "minute_DD3": 20.247568835254793}
READ_ONLY_RESULT:filtered_band_2025_ETH_e15_b0.03_x30_s50_c650
{"completed": "filtered_span_2025_ETH_e15_b0.03_x30_s73_c650", "return1": 96.85534020923076, "return3": 94.78204126415386, "minute_DD3": 20.245376429741558}
{"completed": "filtered_span_2025_ETH_e20_b0.03_x30_s27_c650", "return1": 136.43359568892305, "return3": 133.96100647461543, "minute_DD3": 20.83268977675088}
READ_ONLY_RESULT:filtered_band_2025_ETH_e20_b0.03_x30_s50_c650
{"completed": "filtered_span_2025_ETH_e20_b0.03_x30_s73_c650", "return1": 95.41640795076924, "return3": 93.35297299984614, "minute_DD3": 20.829950329720415}
{"completed": "filtered_span_2025_combo_e10_b0.03_x30_s27_btc0.675", "return1": 58.28703670455, "return3": 56.63132249824001, "minute_DD3": 14.429730230764005}
READ_ONLY_RESULT:filtered_band_2025_combo_e10_b0.03_x30_s50_btc0.675
{"completed": "filtered_span_2025_combo_e10_b0.03_x30_s73_btc0.675", "return1": 39.536737876204995, "return3": 37.68414972258001, "minute_DD3": 12.923035488092271}
{"completed": "filtered_span_2025_combo_e15_b0.03_x30_s27_btc0.675", "return1": 58.28703670455, "return3": 56.63132249824001, "minute_DD3": 14.429730230764005}
READ_ONLY_RESULT:filtered_band_2025_combo_e15_b0.03_x30_s50_btc0.675
{"completed": "filtered_span_2025_combo_e15_b0.03_x30_s73_btc0.675", "return1": 38.864115078399976, "return3": 37.02249675136, "minute_DD3": 13.450209508945488}
{"completed": "filtered_span_2025_combo_e20_b0.03_x30_s27_btc0.675", "return1": 56.58654870044999, "return3": 54.95273375393999, "minute_DD3": 14.618535745122696}
READ_ONLY_RESULT:filtered_band_2025_combo_e20_b0.03_x30_s50_btc0.675
{"completed": "filtered_span_2025_combo_e20_b0.03_x30_s73_btc0.675", "return1": 37.99728587734001, "return3": 36.16684732530497, "minute_DD3": 13.965965423911175}
{"completed": "filtered_span_2026_BTC_e10_b0.03_x30_s27_c1350", "return1": 20.55285734837038, "return3": 19.30300531167408, "minute_DD3": 15.310774781791359}
READ_ONLY_RESULT:filtered_band_2026_BTC_e10_b0.03_x30_s50_c1350
{"completed": "filtered_span_2026_BTC_e10_b0.03_x30_s73_c1350", "return1": 10.755619910466674, "return3": 9.602383967918527, "minute_DD3": 10.178458137651303}
{"completed": "filtered_span_2026_BTC_e15_b0.03_x30_s27_c1350", "return1": 20.55285734837038, "return3": 19.30300531167408, "minute_DD3": 15.310774781791359}
READ_ONLY_RESULT:filtered_band_2026_BTC_e15_b0.03_x30_s50_c1350
{"completed": "filtered_span_2026_BTC_e15_b0.03_x30_s73_c1350", "return1": 10.755619910466674, "return3": 9.602383967918527, "minute_DD3": 10.178458137651303}
{"completed": "filtered_span_2026_BTC_e20_b0.03_x30_s27_c1350", "return1": 20.55285734837038, "return3": 19.30300531167408, "minute_DD3": 15.310774781791359}
READ_ONLY_RESULT:filtered_band_2026_BTC_e20_b0.03_x30_s50_c1350
{"completed": "filtered_span_2026_BTC_e20_b0.03_x30_s73_c1350", "return1": 10.755619910466674, "return3": 9.602383967918527, "minute_DD3": 10.178458137651303}
{"completed": "filtered_span_2026_ETH_e10_b0.03_x30_s27_c650", "return1": 38.786190086307684, "return3": 37.343764620615374, "minute_DD3": 12.700104238191523}
READ_ONLY_RESULT:filtered_band_2026_ETH_e10_b0.03_x30_s50_c650
{"completed": "filtered_span_2026_ETH_e10_b0.03_x30_s73_c650", "return1": 19.607021727076933, "return3": 18.363008728000008, "minute_DD3": 15.36983037446057}
{"completed": "filtered_span_2026_ETH_e15_b0.03_x30_s27_c650", "return1": 38.786190086307684, "return3": 37.343764620615374, "minute_DD3": 12.700104238191523}
READ_ONLY_RESULT:filtered_band_2026_ETH_e15_b0.03_x30_s50_c650
{"completed": "filtered_span_2026_ETH_e15_b0.03_x30_s73_c650", "return1": 19.607021727076933, "return3": 18.363008728000008, "minute_DD3": 15.36983037446057}
{"completed": "filtered_span_2026_ETH_e20_b0.03_x30_s27_c650", "return1": 35.65443142384615, "return3": 34.238054465846155, "minute_DD3": 14.672445026180835}
READ_ONLY_RESULT:filtered_band_2026_ETH_e20_b0.03_x30_s50_c650
{"completed": "filtered_span_2026_ETH_e20_b0.03_x30_s73_c650", "return1": 19.607021727076933, "return3": 18.363008728000008, "minute_DD3": 15.36983037446057}
{"completed": "filtered_span_2026_combo_e10_b0.03_x30_s27_btc0.675", "return1": 26.478690488199994, "return3": 25.16625208708001, "minute_DD3": 12.241543810651045}
READ_ONLY_RESULT:filtered_band_2026_combo_e10_b0.03_x30_s50_btc0.675
{"completed": "filtered_span_2026_combo_e10_b0.03_x30_s73_btc0.675", "return1": 13.632325500864994, "return3": 12.449587014944985, "minute_DD3": 10.668694121438593}
{"completed": "filtered_span_2026_combo_e15_b0.03_x30_s27_btc0.675", "return1": 26.478690488199994, "return3": 25.16625208708001, "minute_DD3": 12.241543810651045}
READ_ONLY_RESULT:filtered_band_2026_combo_e15_b0.03_x30_s50_btc0.675
{"completed": "filtered_span_2026_combo_e15_b0.03_x30_s73_btc0.675", "return1": 13.632325500864994, "return3": 12.449587014944985, "minute_DD3": 10.668694121438593}
{"completed": "filtered_span_2026_combo_e20_b0.03_x30_s27_btc0.675", "return1": 25.460868922900005, "return3": 24.156896286780018, "minute_DD3": 12.904980272485645}
READ_ONLY_RESULT:filtered_band_2026_combo_e20_b0.03_x30_s50_btc0.675
{"completed": "filtered_span_2026_combo_e20_b0.03_x30_s73_btc0.675", "return1": 13.632325500864994, "return3": 12.449587014944985, "minute_DD3": 10.668694121438593}
PASS:all108 NEW scenes exactly reproduced and54 EXISTING scenes read-only verified;full54-cell report reproduced;ledger unchanged
{"passed": true, "all_scenes_audited": 162, "new_scenes": 108, "existing_scenes_read_only_audited": 54, "current_or_future_close_perturbations": 72, "NAV_points_audited": 42019884, "joint_channel_pandasEMA_causal_decisions": 19440, "Decimal_fills_independently_checked": 450, "new_actual_fills": 306, "real_minute_data_hashes": 4, "report_sha256": "6d8ee4666173372fc47cb8b0bae3c8adb8b824c94cd366cd2e20af0e3f8e4492", "forward_plan_unchanged": true, "pandas_version": "2.2.3"}
{"passed": true, "forward_scenes": 9, "new_closed_marks_per_asset": 1020, "cumulative_minutes": 7689, "complete_days": 5, "NAV_points_per_scene": 7696, "daily_reference_points_added": 1, "original_daily_decisions_independently_checked": 6, "daily_bars_per_asset": 65, "overlap_daily_bars_checked_per_asset": 64, "prior_NAV_prefix_preserved": 6675, "new_component_executions": 0, "next_daily_decision_utc": "2026-10-08T00:01:00Z", "report_sha256": "a15c2f7f3838c55d43d255e7b30861578b6f392899fb462d8429aaf47ec89d94"}
PASS: new parameters/weights and missing-result retries are allowed; exact/reordered completed trials stay blocked
