MODEL BTC H 168 alpha 0.1 training [3648, 4152, 4152, 4152] positive_hours [0, 0, 0, 0]
MODEL BTC H 168 alpha 1 training [3648, 4152, 4152, 4152] positive_hours [0, 0, 0, 0]
MODEL BTC H 168 alpha 10 training [3648, 4152, 4152, 4152] positive_hours [0, 0, 0, 0]
MODEL BTC H 336 alpha 0.1 training [3480, 3984, 3984, 3984] positive_hours [0, 0, 0, 0]
MODEL BTC H 336 alpha 1 training [3480, 3984, 3984, 3984] positive_hours [0, 0, 0, 0]
MODEL BTC H 336 alpha 10 training [3480, 3984, 3984, 3984] positive_hours [0, 0, 0, 0]
MODEL BTC H 672 alpha 0.1 training [3144, 3648, 3648, 3648] positive_hours [0, 1, 39, 135]
MODEL BTC H 672 alpha 1 training [3144, 3648, 3648, 3648] positive_hours [0, 1, 39, 132]
MODEL BTC H 672 alpha 10 training [3144, 3648, 3648, 3648] positive_hours [0, 1, 37, 117]
NATIVE8 MODEL BTC positive_hours 0
MODEL ETH H 168 alpha 0.1 training [3648, 4152, 4152, 4152] positive_hours [0, 0, 0, 0]
MODEL ETH H 168 alpha 1 training [3648, 4152, 4152, 4152] positive_hours [0, 0, 0, 0]
MODEL ETH H 168 alpha 10 training [3648, 4152, 4152, 4152] positive_hours [0, 0, 0, 0]
MODEL ETH H 336 alpha 0.1 training [3480, 3984, 3984, 3984] positive_hours [0, 0, 0, 0]
MODEL ETH H 336 alpha 1 training [3480, 3984, 3984, 3984] positive_hours [0, 0, 0, 0]
MODEL ETH H 336 alpha 10 training [3480, 3984, 3984, 3984] positive_hours [0, 0, 0, 0]
MODEL ETH H 672 alpha 0.1 training [3144, 3648, 3648, 3648] positive_hours [24, 0, 0, 0]
MODEL ETH H 672 alpha 1 training [3144, 3648, 3648, 3648] positive_hours [24, 0, 0, 0]
MODEL ETH H 672 alpha 10 training [3144, 3648, 3648, 3648] positive_hours [21, 0, 0, 0]
NATIVE8 MODEL ETH positive_hours 0
{"name": "M1_BTC_h168_a0.1", "cost": 1, "net_return_pct": 0.0, "max_drawdown_pct": 0.0, "round_trips": 0, "executions": 0}
{"name": "M1_BTC_h168_a0.1", "cost": 2, "net_return_pct": 0.0, "max_drawdown_pct": 0.0, "round_trips": 0, "executions": 0}
{"name": "M1_BTC_h168_a0.1", "cost": 3, "net_return_pct": 0.0, "max_drawdown_pct": 0.0, "round_trips": 0, "executions": 0}
{"name": "M1_BTC_h168_a1", "cost": 1, "net_return_pct": 0.0, "max_drawdown_pct": 0.0, "round_trips": 0, "executions": 0}
{"name": "M1_BTC_h168_a1", "cost": 2, "net_return_pct": 0.0, "max_drawdown_pct": 0.0, "round_trips": 0, "executions": 0}
{"name": "M1_BTC_h168_a1", "cost": 3, "net_return_pct": 0.0, "max_drawdown_pct": 0.0, "round_trips": 0, "executions": 0}
{"name": "M1_BTC_h168_a10", "cost": 1, "net_return_pct": 0.0, "max_drawdown_pct": 0.0, "round_trips": 0, "executions": 0}
{"name": "M1_BTC_h168_a10", "cost": 2, "net_return_pct": 0.0, "max_drawdown_pct": 0.0, "round_trips": 0, "executions": 0}
{"name": "M1_BTC_h168_a10", "cost": 3, "net_return_pct": 0.0, "max_drawdown_pct": 0.0, "round_trips": 0, "executions": 0}
{"name": "M1_BTC_h336_a0.1", "cost": 1, "net_return_pct": 0.0, "max_drawdown_pct": 0.0, "round_trips": 0, "executions": 0}
{"name": "M1_BTC_h336_a0.1", "cost": 2, "net_return_pct": 0.0, "max_drawdown_pct": 0.0, "round_trips": 0, "executions": 0}
{"name": "M1_BTC_h336_a0.1", "cost": 3, "net_return_pct": 0.0, "max_drawdown_pct": 0.0, "round_trips": 0, "executions": 0}
{"name": "M1_BTC_h336_a1", "cost": 1, "net_return_pct": 0.0, "max_drawdown_pct": 0.0, "round_trips": 0, "executions": 0}
{"name": "M1_BTC_h336_a1", "cost": 2, "net_return_pct": 0.0, "max_drawdown_pct": 0.0, "round_trips": 0, "executions": 0}
{"name": "M1_BTC_h336_a1", "cost": 3, "net_return_pct": 0.0, "max_drawdown_pct": 0.0, "round_trips": 0, "executions": 0}
{"name": "M1_BTC_h336_a10", "cost": 1, "net_return_pct": 0.0, "max_drawdown_pct": 0.0, "round_trips": 0, "executions": 0}
{"name": "M1_BTC_h336_a10", "cost": 2, "net_return_pct": 0.0, "max_drawdown_pct": 0.0, "round_trips": 0, "executions": 0}
{"name": "M1_BTC_h336_a10", "cost": 3, "net_return_pct": 0.0, "max_drawdown_pct": 0.0, "round_trips": 0, "executions": 0}
{"name": "M1_BTC_h672_a0.1", "cost": 1, "net_return_pct": 0.017351881839355876, "max_drawdown_pct": 0.05505914534372769, "round_trips": 1, "executions": 4}
{"name": "M1_BTC_h672_a0.1", "cost": 2, "net_return_pct": -0.08772037756878959, "max_drawdown_pct": 0.10742719974544679, "round_trips": 1, "executions": 4}
{"name": "M1_BTC_h672_a0.1", "cost": 3, "net_return_pct": -0.19279265257692302, "max_drawdown_pct": 0.19279265257692302, "round_trips": 1, "executions": 4}
{"name": "M1_BTC_h672_a1", "cost": 1, "net_return_pct": 0.017351881839355876, "max_drawdown_pct": 0.05505914534372769, "round_trips": 1, "executions": 4}
{"name": "M1_BTC_h672_a1", "cost": 2, "net_return_pct": -0.08772037756878959, "max_drawdown_pct": 0.10742719974544679, "round_trips": 1, "executions": 4}
{"name": "M1_BTC_h672_a1", "cost": 3, "net_return_pct": -0.19279265257692302, "max_drawdown_pct": 0.19279265257692302, "round_trips": 1, "executions": 4}
{"name": "M1_BTC_h672_a10", "cost": 1, "net_return_pct": 0.015209269607208142, "max_drawdown_pct": 0.05476227799129374, "round_trips": 1, "executions": 4}
{"name": "M1_BTC_h672_a10", "cost": 2, "net_return_pct": -0.0877047053032598, "max_drawdown_pct": 0.1059375385013217, "round_trips": 1, "executions": 4}
{"name": "M1_BTC_h672_a10", "cost": 3, "net_return_pct": -0.19058073721376356, "max_drawdown_pct": 0.19058073721376356, "round_trips": 1, "executions": 4}
{"name": "M1_ETH_h168_a0.1", "cost": 1, "net_return_pct": 0.0, "max_drawdown_pct": 0.0, "round_trips": 0, "executions": 0}
{"name": "M1_ETH_h168_a0.1", "cost": 2, "net_return_pct": 0.0, "max_drawdown_pct": 0.0, "round_trips": 0, "executions": 0}
{"name": "M1_ETH_h168_a0.1", "cost": 3, "net_return_pct": 0.0, "max_drawdown_pct": 0.0, "round_trips": 0, "executions": 0}
{"name": "M1_ETH_h168_a1", "cost": 1, "net_return_pct": 0.0, "max_drawdown_pct": 0.0, "round_trips": 0, "executions": 0}
{"name": "M1_ETH_h168_a1", "cost": 2, "net_return_pct": 0.0, "max_drawdown_pct": 0.0, "round_trips": 0, "executions": 0}
{"name": "M1_ETH_h168_a1", "cost": 3, "net_return_pct": 0.0, "max_drawdown_pct": 0.0, "round_trips": 0, "executions": 0}
{"name": "M1_ETH_h168_a10", "cost": 1, "net_return_pct": 0.0, "max_drawdown_pct": 0.0, "round_trips": 0, "executions": 0}
{"name": "M1_ETH_h168_a10", "cost": 2, "net_return_pct": 0.0, "max_drawdown_pct": 0.0, "round_trips": 0, "executions": 0}
{"name": "M1_ETH_h168_a10", "cost": 3, "net_return_pct": 0.0, "max_drawdown_pct": 0.0, "round_trips": 0, "executions": 0}
{"name": "M1_ETH_h336_a0.1", "cost": 1, "net_return_pct": 0.0, "max_drawdown_pct": 0.0, "round_trips": 0, "executions": 0}
{"name": "M1_ETH_h336_a0.1", "cost": 2, "net_return_pct": 0.0, "max_drawdown_pct": 0.0, "round_trips": 0, "executions": 0}
{"name": "M1_ETH_h336_a0.1", "cost": 3, "net_return_pct": 0.0, "max_drawdown_pct": 0.0, "round_trips": 0, "executions": 0}
{"name": "M1_ETH_h336_a1", "cost": 1, "net_return_pct": 0.0, "max_drawdown_pct": 0.0, "round_trips": 0, "executions": 0}
{"name": "M1_ETH_h336_a1", "cost": 2, "net_return_pct": 0.0, "max_drawdown_pct": 0.0, "round_trips": 0, "executions": 0}
{"name": "M1_ETH_h336_a1", "cost": 3, "net_return_pct": 0.0, "max_drawdown_pct": 0.0, "round_trips": 0, "executions": 0}
{"name": "M1_ETH_h336_a10", "cost": 1, "net_return_pct": 0.0, "max_drawdown_pct": 0.0, "round_trips": 0, "executions": 0}
{"name": "M1_ETH_h336_a10", "cost": 2, "net_return_pct": 0.0, "max_drawdown_pct": 0.0, "round_trips": 0, "executions": 0}
{"name": "M1_ETH_h336_a10", "cost": 3, "net_return_pct": 0.0, "max_drawdown_pct": 0.0, "round_trips": 0, "executions": 0}
{"name": "M1_ETH_h672_a0.1", "cost": 1, "net_return_pct": 0.0, "max_drawdown_pct": 0.0, "round_trips": 0, "executions": 0}
{"name": "M1_ETH_h672_a0.1", "cost": 2, "net_return_pct": 0.0, "max_drawdown_pct": 0.0, "round_trips": 0, "executions": 0}
{"name": "M1_ETH_h672_a0.1", "cost": 3, "net_return_pct": 0.0, "max_drawdown_pct": 0.0, "round_trips": 0, "executions": 0}
{"name": "M1_ETH_h672_a1", "cost": 1, "net_return_pct": 0.0, "max_drawdown_pct": 0.0, "round_trips": 0, "executions": 0}
{"name": "M1_ETH_h672_a1", "cost": 2, "net_return_pct": 0.0, "max_drawdown_pct": 0.0, "round_trips": 0, "executions": 0}
{"name": "M1_ETH_h672_a1", "cost": 3, "net_return_pct": 0.0, "max_drawdown_pct": 0.0, "round_trips": 0, "executions": 0}
{"name": "M1_ETH_h672_a10", "cost": 1, "net_return_pct": 0.0, "max_drawdown_pct": 0.0, "round_trips": 0, "executions": 0}
{"name": "M1_ETH_h672_a10", "cost": 2, "net_return_pct": 0.0, "max_drawdown_pct": 0.0, "round_trips": 0, "executions": 0}
{"name": "M1_ETH_h672_a10", "cost": 3, "net_return_pct": 0.0, "max_drawdown_pct": 0.0, "round_trips": 0, "executions": 0}
{"name": "native8_M1_BTC", "cost": 1, "net_return_pct": 0.0, "max_drawdown_pct": 0.0, "executions": 0, "status": "no_trade"}
{"name": "native8_M1_BTC", "cost": 2, "net_return_pct": 0.0, "max_drawdown_pct": 0.0, "executions": 0, "status": "no_trade"}
{"name": "native8_M1_BTC", "cost": 3, "net_return_pct": 0.0, "max_drawdown_pct": 0.0, "executions": 0, "status": "no_trade"}
{"name": "benchmark25_BTC", "cost": 1, "net_return_pct": -0.830088275244012, "max_drawdown_pct": 7.352400027727679, "round_trips": 1, "executions": 2}
{"name": "benchmark25_BTC", "cost": 2, "net_return_pct": -0.8947754446440026, "max_drawdown_pct": 7.3547988947690985, "round_trips": 1, "executions": 2}
{"name": "benchmark25_BTC", "cost": 3, "net_return_pct": -0.9594626821999963, "max_drawdown_pct": 7.357200462826096, "round_trips": 1, "executions": 2}
{"name": "native8_M1_ETH", "cost": 1, "net_return_pct": 0.0, "max_drawdown_pct": 0.0, "executions": 0, "status": "no_trade"}
{"name": "native8_M1_ETH", "cost": 2, "net_return_pct": 0.0, "max_drawdown_pct": 0.0, "executions": 0, "status": "no_trade"}
{"name": "native8_M1_ETH", "cost": 3, "net_return_pct": 0.0, "max_drawdown_pct": 0.0, "executions": 0, "status": "no_trade"}
{"name": "benchmark25_ETH", "cost": 1, "net_return_pct": 1.3281587474399892, "max_drawdown_pct": 9.185111167403326, "round_trips": 1, "executions": 2}
{"name": "benchmark25_ETH", "cost": 2, "net_return_pct": 1.2598771590000002, "max_drawdown_pct": 9.188116624667654, "round_trips": 1, "executions": 2}
{"name": "benchmark25_ETH", "cost": 3, "net_return_pct": 1.1915979346799999, "max_drawdown_pct": 9.191125485048135, "round_trips": 1, "executions": 2}
COMPLETED 18 candidates, 2 native8, 2 benchmarks, qualified 0
