M1_BTC_h168_a0.1 rejected 0 bdccd1cb40273342e72e45260b11c52914846f93e6e9c7f703f177d696eec3f2
M1_BTC_h168_a1 rejected 0 f34964db92b140e0594977c4c618b92a3c1105a956034d4e8d51b6f2e32048f9
M1_BTC_h168_a10 rejected 0 842ae10fb066016db6a29b12adb65225e2dc781a5f743bd65af003ebf922b478
M1_BTC_h336_a0.1 rejected 0 d8df937418c654ec367dbb4d76fca6c0d402df0b8cc5383878351150dcb256c7
M1_BTC_h336_a1 rejected 0 873c44a913dce800977f2853185d592b46276a3645d2adaa558abf5da079e290
M1_BTC_h336_a10 rejected 0 a6b1a8605e9eb131e167c384460a3d83914ff240f5c0cf63f9f7487a41bbf285
M1_BTC_h672_a0.1 rejected 0 a9921d004bdc866881229383e7dc9d57a4eae9b45a36b84b2337be406dbf136f
M1_BTC_h672_a1 rejected 0 53ce27df97c62ec4bb10fef89031656dbedc3453ddfe1822e1d5638abe939944
M1_BTC_h672_a10 rejected 0 17d9ceb856509417fd6c710bbc2711b36697de5ceadf6e3980698e40668e2f2f
M1_ETH_h168_a0.1 rejected 0 296b82942313ef3b44dd5389d7bdb4cb83b47af9b71b3fc2c123585e1d6e1a5b
M1_ETH_h168_a1 rejected 0 729a62ade61ebcc3d9c985a458f3b3d2f2c4f8320211494de97953631fd8426d
M1_ETH_h168_a10 rejected 0 c4a11ca61c7c9313deca1572f6bbb2f5a7da61d932385024bfac9ab252207164
M1_ETH_h336_a0.1 rejected 0 7616ba3980f488e92a55924be59d70a0122bb0952f8d9beebf654e184c9587c7
M1_ETH_h336_a1 rejected 0 936a732bb05e7389c1a870acd92242cddb14b7535a7bdcc1f408be138768a056
M1_ETH_h336_a10 rejected 0 fc590b71cf4b0b8f4cfab3c41f7dc2099a28859b25872d5707ae95b10cb437c7
M1_ETH_h672_a0.1 rejected 0 a11c6806a4e5e8a123fd72b95e30f4949d09b5069b998e1a2565ad9de179fd3e
M1_ETH_h672_a1 rejected 0 27087c1aa4fe3933c669273ff14178278aef58937123b4f73046cabfcd74d763
M1_ETH_h672_a10 rejected 0 d3750e8c22122aec994062de7cd09efaa7fdf4327ab393242e5ede70eb0bd4f8
native8_M1_BTC rejected 0 7e9aaea297e0c6d74f9ad8165c4f504abc63807494f8508001adfe7d6b55f0ec
benchmark25_BTC rejected 0 82e9f9f029b1db6164875c226c9cc5c8d5f8c864c0ccec88ef7bdab99d88a135
native8_M1_ETH rejected 0 aabcc30cb610d4f69236b29de5d0a4422dac3426b9e5b90b9b74e73a4472c284
benchmark25_ETH rejected 0 709f380d25976872bc622fe1add28e6e0295898a11ba230cd4cc2396fcde638c
All22 new definitions finished;66 actual scenarios retained, no reserved entries left.
