{"completed": "filtered_alloc_2025_BTC_e10_s50_c1200", "return1": 20.63788063004166, "return3": 18.75495677332499, "minute_DD3": 12.41143614789194}
READ_ONLY_RESULT:filtered_2025_BTC_e10_s50
{"completed": "filtered_alloc_2025_BTC_e10_s50_c1800", "return1": 20.635890537155554, "return3": 18.757279945855544, "minute_DD3": 12.415498703688666}
{"completed": "filtered_alloc_2025_BTC_e15_s50_c1200", "return1": 19.566079422366677, "return3": 17.69976461775833, "minute_DD3": 13.19119938754656}
READ_ONLY_RESULT:filtered_2025_BTC_e15_s50
{"completed": "filtered_alloc_2025_BTC_e15_s50_c1800", "return1": 19.56240802949445, "return3": 17.700790275800003, "minute_DD3": 13.194778226063153}
{"completed": "filtered_alloc_2025_BTC_e20_s50_c1200", "return1": 18.488254649308345, "return3": 16.63871651137501, "minute_DD3": 12.128430558820913}
READ_ONLY_RESULT:filtered_2025_BTC_e20_s50
{"completed": "filtered_alloc_2025_BTC_e20_s50_c1800", "return1": 18.485691355444445, "return3": 16.640311481188895, "minute_DD3": 12.130827723443517}
{"completed": "filtered_alloc_2025_ETH_e10_s50_c800", "return1": 96.8404890345, "return3": 94.796300688875, "minute_DD3": 20.247527207446947}
READ_ONLY_RESULT:filtered_2025_ETH_e10_s50
{"completed": "filtered_alloc_2025_ETH_e10_s50_c200", "return1": 96.79273453799999, "return3": 94.80121076399999, "minute_DD3": 20.23357789556033}
{"completed": "filtered_alloc_2025_ETH_e15_s50_c800", "return1": 96.8404890345, "return3": 94.796300688875, "minute_DD3": 20.247527207446947}
READ_ONLY_RESULT:filtered_2025_ETH_e15_s50
{"completed": "filtered_alloc_2025_ETH_e15_s50_c200", "return1": 96.79273453799999, "return3": 94.80121076399999, "minute_DD3": 20.23357789556033}
{"completed": "filtered_alloc_2025_ETH_e20_s50_c800", "return1": 95.41714346025, "return3": 93.35725307175, "minute_DD3": 20.831735358165904}
READ_ONLY_RESULT:filtered_2025_ETH_e20_s50
{"completed": "filtered_alloc_2025_ETH_e20_s50_c200", "return1": 95.369849692, "return3": 93.2853479325, "minute_DD3": 20.814231353924306}
{"completed": "filtered_alloc_2025_combo_e10_s50_btc0.6", "return1": 51.11892399182501, "return3": 49.171494339545, "minute_DD3": 13.602895200346232}
READ_ONLY_RESULT:filtered_2025_combo_e10_s50_btc0.75
{"completed": "filtered_alloc_2025_combo_e10_s50_btc0.9", "return1": 28.251574937239997, "return3": 26.361673027669987, "minute_DD3": 12.215963644918626}
{"completed": "filtered_alloc_2025_combo_e15_s50_btc0.6", "return1": 50.475843267219986, "return3": 48.538379046204994, "minute_DD3": 14.081088841785006}
READ_ONLY_RESULT:filtered_2025_combo_e15_s50_btc0.75
{"completed": "filtered_alloc_2025_combo_e15_s50_btc0.9", "return1": 27.285440680344976, "return3": 25.41083232461998, "minute_DD3": 12.921016648578398}
{"completed": "filtered_alloc_2025_combo_e20_s50_btc0.6", "return1": 49.25981017368499, "return3": 47.326131135524996, "minute_DD3": 14.602823935925556}
READ_ONLY_RESULT:filtered_2025_combo_e20_s50_btc0.75
{"completed": "filtered_alloc_2025_combo_e20_s50_btc0.9", "return1": 26.174107189100006, "return3": 24.30481512631999, "minute_DD3": 12.191666061501905}
{"completed": "filtered_alloc_2026_BTC_e10_s50_c1200", "return1": 10.498794794100007, "return3": 8.780793208641668, "minute_DD3": 14.597072528386168}
READ_ONLY_RESULT:filtered_2026_BTC_e10_s50
{"completed": "filtered_alloc_2026_BTC_e10_s50_c1800", "return1": 10.501252255366666, "return3": 8.77962117632778, "minute_DD3": 14.601007683505685}
{"completed": "filtered_alloc_2026_BTC_e15_s50_c1200", "return1": 10.498794794100007, "return3": 8.780793208641668, "minute_DD3": 14.597072528386168}
READ_ONLY_RESULT:filtered_2026_BTC_e15_s50
{"completed": "filtered_alloc_2026_BTC_e15_s50_c1800", "return1": 10.501252255366666, "return3": 8.77962117632778, "minute_DD3": 14.601007683505685}
{"completed": "filtered_alloc_2026_BTC_e20_s50_c1200", "return1": 10.498794794100007, "return3": 8.780793208641668, "minute_DD3": 14.597072528386168}
READ_ONLY_RESULT:filtered_2026_BTC_e20_s50
{"completed": "filtered_alloc_2026_BTC_e20_s50_c1800", "return1": 10.501252255366666, "return3": 8.77962117632778, "minute_DD3": 14.601007683505685}
{"completed": "filtered_alloc_2026_ETH_e10_s50_c800", "return1": 29.084343607499985, "return3": 27.740429473875004, "minute_DD3": 14.505043542226748}
READ_ONLY_RESULT:filtered_2026_ETH_e10_s50
{"completed": "filtered_alloc_2026_ETH_e10_s50_c200", "return1": 29.066043163500012, "return3": 27.728280696499997, "minute_DD3": 14.492978642242072}
{"completed": "filtered_alloc_2026_ETH_e15_s50_c800", "return1": 29.084343607499985, "return3": 27.740429473875004, "minute_DD3": 14.505043542226748}
READ_ONLY_RESULT:filtered_2026_ETH_e15_s50
{"completed": "filtered_alloc_2026_ETH_e15_s50_c200", "return1": 29.066043163500012, "return3": 27.728280696499997, "minute_DD3": 14.492978642242072}
{"completed": "filtered_alloc_2026_ETH_e20_s50_c800", "return1": 29.084343607499985, "return3": 27.740429473875004, "minute_DD3": 14.505043542226748}
READ_ONLY_RESULT:filtered_2026_ETH_e20_s50
{"completed": "filtered_alloc_2026_ETH_e20_s50_c200", "return1": 29.066043163500012, "return3": 27.728280696499997, "minute_DD3": 14.492978642242072}
{"completed": "filtered_alloc_2026_combo_e10_s50_btc0.6", "return1": 17.933014319459993, "return3": 16.364647714735003, "minute_DD3": 13.111946284674858}
READ_ONLY_RESULT:filtered_2026_combo_e10_s50_btc0.75
{"completed": "filtered_alloc_2026_combo_e10_s50_btc0.9", "return1": 12.357731346180012, "return3": 10.674487128345, "minute_DD3": 13.532292316260842}
{"completed": "filtered_alloc_2026_combo_e15_s50_btc0.6", "return1": 17.933014319459993, "return3": 16.364647714735003, "minute_DD3": 13.111946284674858}
READ_ONLY_RESULT:filtered_2026_combo_e15_s50_btc0.75
{"completed": "filtered_alloc_2026_combo_e15_s50_btc0.9", "return1": 12.357731346180012, "return3": 10.674487128345, "minute_DD3": 13.532292316260842}
{"completed": "filtered_alloc_2026_combo_e20_s50_btc0.6", "return1": 17.933014319459993, "return3": 16.364647714735003, "minute_DD3": 13.111946284674858}
READ_ONLY_RESULT:filtered_2026_combo_e20_s50_btc0.75
{"completed": "filtered_alloc_2026_combo_e20_s50_btc0.9", "return1": 12.357731346180012, "return3": 10.674487128345, "minute_DD3": 13.532292316260842}
{"new_configs": 36, "new_component_configs": 24, "new_combination_configs": 12, "new_cost_scenes": 108, "new_minute_NAV_points": 28013256, "reused_grid_configs": 18, "reused_cost_scenes": 54, "grid_configs": 54, "grid_cost_scenes": 162, "positive_1x": 36, "positive_3x": 36, "grid_positive_1x": 54, "grid_positive_3x": 54, "passed": ["filtered_alloc_2025_BTC_e10_s50_c1200", "filtered_alloc_2025_BTC_e10_s50_c1800", "filtered_alloc_2025_BTC_e15_s50_c1200", "filtered_alloc_2025_BTC_e15_s50_c1800", "filtered_alloc_2025_BTC_e20_s50_c1200", "filtered_alloc_2025_BTC_e20_s50_c1800", "filtered_alloc_2025_ETH_e10_s50_c800", "filtered_alloc_2025_ETH_e10_s50_c200", "filtered_alloc_2025_ETH_e15_s50_c800", "filtered_alloc_2025_ETH_e15_s50_c200", "filtered_alloc_2025_ETH_e20_s50_c800", "filtered_alloc_2025_ETH_e20_s50_c200", "filtered_alloc_2025_combo_e10_s50_btc0.6", "filtered_alloc_2025_combo_e10_s50_btc0.9", "filtered_alloc_2025_combo_e15_s50_btc0.6", "filtered_alloc_2025_combo_e15_s50_btc0.9", "filtered_alloc_2025_combo_e20_s50_btc0.6", "filtered_alloc_2025_combo_e20_s50_btc0.9", "filtered_alloc_2026_combo_e10_s50_btc0.6", "filtered_alloc_2026_combo_e10_s50_btc0.9", "filtered_alloc_2026_combo_e15_s50_btc0.6", "filtered_alloc_2026_combo_e15_s50_btc0.9", "filtered_alloc_2026_combo_e20_s50_btc0.6", "filtered_alloc_2026_combo_e20_s50_btc0.9"], "rejected": ["filtered_alloc_2026_BTC_e10_s50_c1200", "filtered_alloc_2026_BTC_e10_s50_c1800", "filtered_alloc_2026_BTC_e15_s50_c1200", "filtered_alloc_2026_BTC_e15_s50_c1800", "filtered_alloc_2026_BTC_e20_s50_c1200", "filtered_alloc_2026_BTC_e20_s50_c1800", "filtered_alloc_2026_ETH_e10_s50_c800", "filtered_alloc_2026_ETH_e10_s50_c200", "filtered_alloc_2026_ETH_e15_s50_c800", "filtered_alloc_2026_ETH_e15_s50_c200", "filtered_alloc_2026_ETH_e20_s50_c800", "filtered_alloc_2026_ETH_e20_s50_c200"], "grid_passed": ["filtered_alloc_2025_BTC_e10_s50_c1200", "filtered_2025_BTC_e10_s50", "filtered_alloc_2025_BTC_e10_s50_c1800", "filtered_alloc_2025_BTC_e15_s50_c1200", "filtered_2025_BTC_e15_s50", "filtered_alloc_2025_BTC_e15_s50_c1800", "filtered_alloc_2025_BTC_e20_s50_c1200", "filtered_2025_BTC_e20_s50", "filtered_alloc_2025_BTC_e20_s50_c1800", "filtered_alloc_2025_ETH_e10_s50_c800", "filtered_2025_ETH_e10_s50", "filtered_alloc_2025_ETH_e10_s50_c200", "filtered_alloc_2025_ETH_e15_s50_c800", "filtered_2025_ETH_e15_s50", "filtered_alloc_2025_ETH_e15_s50_c200", "filtered_alloc_2025_ETH_e20_s50_c800", "filtered_2025_ETH_e20_s50", "filtered_alloc_2025_ETH_e20_s50_c200", "filtered_alloc_2025_combo_e10_s50_btc0.6", "filtered_2025_combo_e10_s50_btc0.75", "filtered_alloc_2025_combo_e10_s50_btc0.9", "filtered_alloc_2025_combo_e15_s50_btc0.6", "filtered_2025_combo_e15_s50_btc0.75", "filtered_alloc_2025_combo_e15_s50_btc0.9", "filtered_alloc_2025_combo_e20_s50_btc0.6", "filtered_2025_combo_e20_s50_btc0.75", "filtered_alloc_2025_combo_e20_s50_btc0.9", "filtered_alloc_2026_combo_e10_s50_btc0.6", "filtered_2026_combo_e10_s50_btc0.75", "filtered_alloc_2026_combo_e10_s50_btc0.9", "filtered_alloc_2026_combo_e15_s50_btc0.6", "filtered_2026_combo_e15_s50_btc0.75", "filtered_alloc_2026_combo_e15_s50_btc0.9", "filtered_alloc_2026_combo_e20_s50_btc0.6", "filtered_2026_combo_e20_s50_btc0.75", "filtered_alloc_2026_combo_e20_s50_btc0.9"], "both_periods_passed_combination_pairs": [["filtered_alloc_2025_combo_e10_s50_btc0.6", "filtered_alloc_2026_combo_e10_s50_btc0.6"], ["filtered_2025_combo_e10_s50_btc0.75", "filtered_2026_combo_e10_s50_btc0.75"], ["filtered_alloc_2025_combo_e10_s50_btc0.9", "filtered_alloc_2026_combo_e10_s50_btc0.9"], ["filtered_alloc_2025_combo_e15_s50_btc0.6", "filtered_alloc_2026_combo_e15_s50_btc0.6"], ["filtered_2025_combo_e15_s50_btc0.75", "filtered_2026_combo_e15_s50_btc0.75"], ["filtered_alloc_2025_combo_e15_s50_btc0.9", "filtered_alloc_2026_combo_e15_s50_btc0.9"], ["filtered_alloc_2025_combo_e20_s50_btc0.6", "filtered_alloc_2026_combo_e20_s50_btc0.6"], ["filtered_2025_combo_e20_s50_btc0.75", "filtered_2026_combo_e20_s50_btc0.75"], ["filtered_alloc_2025_combo_e20_s50_btc0.9", "filtered_alloc_2026_combo_e20_s50_btc0.9"]], "new_both_periods_passed_combination_pairs": [["filtered_alloc_2025_combo_e10_s50_btc0.6", "filtered_alloc_2026_combo_e10_s50_btc0.6"], ["filtered_alloc_2025_combo_e10_s50_btc0.9", "filtered_alloc_2026_combo_e10_s50_btc0.9"], ["filtered_alloc_2025_combo_e15_s50_btc0.6", "filtered_alloc_2026_combo_e15_s50_btc0.6"], ["filtered_alloc_2025_combo_e15_s50_btc0.9", "filtered_alloc_2026_combo_e15_s50_btc0.9"], ["filtered_alloc_2025_combo_e20_s50_btc0.6", "filtered_alloc_2026_combo_e20_s50_btc0.6"], ["filtered_alloc_2025_combo_e20_s50_btc0.9", "filtered_alloc_2026_combo_e20_s50_btc0.9"]], "actual_component_fills": 360, "audited_component_fills": 540, "reused_ledger_records_untouched": true, "new_live_orders": 0}
