filtered_alloc_2025_BTC_e10_s50_c1200 passed 345156eb49aaee8b529330374a0059012944f939a7a56cf2a6f9b8921f4ba795
filtered_alloc_2025_BTC_e10_s50_c1800 passed 02df3ce88ae47e091d05d00c766c44ed062a011c85f0d302d2c4f985061e5331
filtered_alloc_2025_BTC_e15_s50_c1200 passed 8545713c5d35de1dc8b7bbf359afa68f6aa65df052e8b8a0719b5673ec170f13
filtered_alloc_2025_BTC_e15_s50_c1800 passed cb367df20aab2c473cf975e4d1082dc1fc2b0c6722259c5af369122be21e7004
filtered_alloc_2025_BTC_e20_s50_c1200 passed b18f8d4a0ec805bf0cda02f37d1031e01d2f3743912878536b07d26360746c44
filtered_alloc_2025_BTC_e20_s50_c1800 passed af9fcf9c92cc51c2da43b81babed099883428ca0356aa9619909b43e2a3de555
filtered_alloc_2025_ETH_e10_s50_c800 passed 36ef22efd1f1d613deb134426f0f0eee88558df69ce93b29a13572fc1ed34b55
filtered_alloc_2025_ETH_e10_s50_c200 passed fa379f811193329dfb1cfba95bf9f8df037d4ba6673846515452b1012ca90e4f
filtered_alloc_2025_ETH_e15_s50_c800 passed 14c707b20f00c5f46dd8c117bf9b2fd7f0f035927b3fbe79bfe095a5805ff40e
filtered_alloc_2025_ETH_e15_s50_c200 passed bbe869b739901d24e6264aaf5481424f99ee3a4bf220c4e49338e8f23a7e9e6a
filtered_alloc_2025_ETH_e20_s50_c800 passed 4fc4e297baccb5d0940418dab8f2eeb1037086995a0f7875b9744ea21036b576
filtered_alloc_2025_ETH_e20_s50_c200 passed 4b171ce404df61c41cc714a1138bb87777561992aa0448b318edba370c1ef8f2
filtered_alloc_2025_combo_e10_s50_btc0.6 passed 37eeb0abc5246dd81297ba9894288033c66ff4d442c67df499c716f4b2e0cd9e
filtered_alloc_2025_combo_e10_s50_btc0.9 passed 6f5ff32175dbc8f7668c4a7bce2fbd7294d255aaab9f7b59e59c5e7c3292a184
filtered_alloc_2025_combo_e15_s50_btc0.6 passed 434cddf8e099687854af0b639efd17b22d5a6a732a5726105f6a29b6c68286ec
filtered_alloc_2025_combo_e15_s50_btc0.9 passed 4e1b31158b3ce394f3a7325bb339f8856430a4e8916555106ea24d0bc6eea887
filtered_alloc_2025_combo_e20_s50_btc0.6 passed 94156f5414f0af9dedc9da1aca89f9ed6439517df58d66e13bed6c42bd30aaa4
filtered_alloc_2025_combo_e20_s50_btc0.9 passed b1189549b0494b61b0b46ff7ef8996384923322625d67dd88ae93584dcd41272
filtered_alloc_2026_BTC_e10_s50_c1200 rejected 48d05f66ea1a6f05f04e917b5318229b01fa90d9f2adf5e0f7a685866cc5b5f6
filtered_alloc_2026_BTC_e10_s50_c1800 rejected bb66c1b74e3e5571695af030e5c524684837b5cf46c96c557e8e0fb83c1bb4d0
filtered_alloc_2026_BTC_e15_s50_c1200 rejected 78b0ee0df3919436b7e448223cc50672cdf6c3cdb2ce17107b2c52e56f0db7fe
filtered_alloc_2026_BTC_e15_s50_c1800 rejected 004f17579815d5e096da5ac3070083c67388bbb359370455138f496a33909110
filtered_alloc_2026_BTC_e20_s50_c1200 rejected 1dc0949d68eb551d16bf9782e0d92cedb4dd322253e0d42c314a48f12c9a1376
filtered_alloc_2026_BTC_e20_s50_c1800 rejected 89eb2d049f46775b58dec91a707de61632b8b00ec4dd9b7f93929713057e6846
filtered_alloc_2026_ETH_e10_s50_c800 rejected d710ba9a0acce637f0cdee673d4768d1bf5e58f8242f3d09605a7241d1facdc8
filtered_alloc_2026_ETH_e10_s50_c200 rejected a45233d0927574a1703973f70126faa6fa497f07a014fa7f77aac5dfe92fe4f4
filtered_alloc_2026_ETH_e15_s50_c800 rejected 558f1a282d64f00ec0c952b4c58e489c5eb96d011ad6c8e8fe2fd07d06bfb752
filtered_alloc_2026_ETH_e15_s50_c200 rejected b473448ed09cf7f9068517734d1ac5325d5da86900554ad057eddf61422c8b56
filtered_alloc_2026_ETH_e20_s50_c800 rejected 7653f6ac9c46c87709856639d4cfa9dd10467af92caefd3d4f3f95715132a59a
filtered_alloc_2026_ETH_e20_s50_c200 rejected 58202b295414a87cf988c9667481f61ffe9b062a835c7c3a40d14e73f876e7e7
filtered_alloc_2026_combo_e10_s50_btc0.6 passed 27766dbb0a6e70b953554e86800341de490194ddf36e4136a688ac50e3902b07
filtered_alloc_2026_combo_e10_s50_btc0.9 passed afd657854460a5cf65b625d76ec907f76d5180615aa2a666b02172fcb2cf3019
filtered_alloc_2026_combo_e15_s50_btc0.6 passed 005062d86877ec7c6634aab13da160595a0fbb151f06c59906d4f9ae913c6d8a
filtered_alloc_2026_combo_e15_s50_btc0.9 passed a2b7b6790fcfccd5fa183ae29428d6b222b17d99c031fa58e55be621c582b336
filtered_alloc_2026_combo_e20_s50_btc0.6 passed 072ae67e7049685869959ca3e9f03598844ac8c593f579624e27f77a287ed99f
filtered_alloc_2026_combo_e20_s50_btc0.9 passed 0f881e3971178fa56680de93bdfdba0312413a7cdc86831a8ce448d7291f4e9a
forward_snapshot_BTC rejected 4267c46e3d638270106035b580b0e93235bf68bf17a1367c073f0b48ce6720b6
forward_snapshot_ETH rejected 99fd93e4577878d2a69de903432ec476eacdc149d522fadc1a9c5f252bb4a25e
forward_snapshot_combo rejected a356415ac28a1931b3f38a638ed3bfa7629615218d2828daddabe2a6adfc2491
