PASS:all9 cumulative forward scenes exactly reproduced including1752point prefix/time axis and nextstate;noHTTP or ledger write
{"completed": "filtered_alloc_2025_BTC_e10_s50_c1200", "return1": 20.63788063004166, "return3": 18.75495677332499, "minute_DD3": 12.41143614789194}
READ_ONLY_RESULT:filtered_2025_BTC_e10_s50
{"completed": "filtered_alloc_2025_BTC_e10_s50_c1800", "return1": 20.635890537155554, "return3": 18.757279945855544, "minute_DD3": 12.415498703688666}
{"completed": "filtered_alloc_2025_BTC_e15_s50_c1200", "return1": 19.566079422366677, "return3": 17.69976461775833, "minute_DD3": 13.19119938754656}
READ_ONLY_RESULT:filtered_2025_BTC_e15_s50
{"completed": "filtered_alloc_2025_BTC_e15_s50_c1800", "return1": 19.56240802949445, "return3": 17.700790275800003, "minute_DD3": 13.194778226063153}
{"completed": "filtered_alloc_2025_BTC_e20_s50_c1200", "return1": 18.488254649308345, "return3": 16.63871651137501, "minute_DD3": 12.128430558820913}
READ_ONLY_RESULT:filtered_2025_BTC_e20_s50
{"completed": "filtered_alloc_2025_BTC_e20_s50_c1800", "return1": 18.485691355444445, "return3": 16.640311481188895, "minute_DD3": 12.130827723443517}
{"completed": "filtered_alloc_2025_ETH_e10_s50_c800", "return1": 96.8404890345, "return3": 94.796300688875, "minute_DD3": 20.247527207446947}
READ_ONLY_RESULT:filtered_2025_ETH_e10_s50
{"completed": "filtered_alloc_2025_ETH_e10_s50_c200", "return1": 96.79273453799999, "return3": 94.80121076399999, "minute_DD3": 20.23357789556033}
{"completed": "filtered_alloc_2025_ETH_e15_s50_c800", "return1": 96.8404890345, "return3": 94.796300688875, "minute_DD3": 20.247527207446947}
READ_ONLY_RESULT:filtered_2025_ETH_e15_s50
{"completed": "filtered_alloc_2025_ETH_e15_s50_c200", "return1": 96.79273453799999, "return3": 94.80121076399999, "minute_DD3": 20.23357789556033}
{"completed": "filtered_alloc_2025_ETH_e20_s50_c800", "return1": 95.41714346025, "return3": 93.35725307175, "minute_DD3": 20.831735358165904}
READ_ONLY_RESULT:filtered_2025_ETH_e20_s50
{"completed": "filtered_alloc_2025_ETH_e20_s50_c200", "return1": 95.369849692, "return3": 93.2853479325, "minute_DD3": 20.814231353924306}
{"completed": "filtered_alloc_2025_combo_e10_s50_btc0.6", "return1": 51.11892399182501, "return3": 49.171494339545, "minute_DD3": 13.602895200346232}
READ_ONLY_RESULT:filtered_2025_combo_e10_s50_btc0.75
{"completed": "filtered_alloc_2025_combo_e10_s50_btc0.9", "return1": 28.251574937239997, "return3": 26.361673027669987, "minute_DD3": 12.215963644918626}
{"completed": "filtered_alloc_2025_combo_e15_s50_btc0.6", "return1": 50.475843267219986, "return3": 48.538379046204994, "minute_DD3": 14.081088841785006}
READ_ONLY_RESULT:filtered_2025_combo_e15_s50_btc0.75
{"completed": "filtered_alloc_2025_combo_e15_s50_btc0.9", "return1": 27.285440680344976, "return3": 25.41083232461998, "minute_DD3": 12.921016648578398}
{"completed": "filtered_alloc_2025_combo_e20_s50_btc0.6", "return1": 49.25981017368499, "return3": 47.326131135524996, "minute_DD3": 14.602823935925556}
READ_ONLY_RESULT:filtered_2025_combo_e20_s50_btc0.75
{"completed": "filtered_alloc_2025_combo_e20_s50_btc0.9", "return1": 26.174107189100006, "return3": 24.30481512631999, "minute_DD3": 12.191666061501905}
{"completed": "filtered_alloc_2026_BTC_e10_s50_c1200", "return1": 10.498794794100007, "return3": 8.780793208641668, "minute_DD3": 14.597072528386168}
READ_ONLY_RESULT:filtered_2026_BTC_e10_s50
{"completed": "filtered_alloc_2026_BTC_e10_s50_c1800", "return1": 10.501252255366666, "return3": 8.77962117632778, "minute_DD3": 14.601007683505685}
{"completed": "filtered_alloc_2026_BTC_e15_s50_c1200", "return1": 10.498794794100007, "return3": 8.780793208641668, "minute_DD3": 14.597072528386168}
READ_ONLY_RESULT:filtered_2026_BTC_e15_s50
{"completed": "filtered_alloc_2026_BTC_e15_s50_c1800", "return1": 10.501252255366666, "return3": 8.77962117632778, "minute_DD3": 14.601007683505685}
{"completed": "filtered_alloc_2026_BTC_e20_s50_c1200", "return1": 10.498794794100007, "return3": 8.780793208641668, "minute_DD3": 14.597072528386168}
READ_ONLY_RESULT:filtered_2026_BTC_e20_s50
{"completed": "filtered_alloc_2026_BTC_e20_s50_c1800", "return1": 10.501252255366666, "return3": 8.77962117632778, "minute_DD3": 14.601007683505685}
{"completed": "filtered_alloc_2026_ETH_e10_s50_c800", "return1": 29.084343607499985, "return3": 27.740429473875004, "minute_DD3": 14.505043542226748}
READ_ONLY_RESULT:filtered_2026_ETH_e10_s50
{"completed": "filtered_alloc_2026_ETH_e10_s50_c200", "return1": 29.066043163500012, "return3": 27.728280696499997, "minute_DD3": 14.492978642242072}
{"completed": "filtered_alloc_2026_ETH_e15_s50_c800", "return1": 29.084343607499985, "return3": 27.740429473875004, "minute_DD3": 14.505043542226748}
READ_ONLY_RESULT:filtered_2026_ETH_e15_s50
{"completed": "filtered_alloc_2026_ETH_e15_s50_c200", "return1": 29.066043163500012, "return3": 27.728280696499997, "minute_DD3": 14.492978642242072}
{"completed": "filtered_alloc_2026_ETH_e20_s50_c800", "return1": 29.084343607499985, "return3": 27.740429473875004, "minute_DD3": 14.505043542226748}
READ_ONLY_RESULT:filtered_2026_ETH_e20_s50
{"completed": "filtered_alloc_2026_ETH_e20_s50_c200", "return1": 29.066043163500012, "return3": 27.728280696499997, "minute_DD3": 14.492978642242072}
{"completed": "filtered_alloc_2026_combo_e10_s50_btc0.6", "return1": 17.933014319459993, "return3": 16.364647714735003, "minute_DD3": 13.111946284674858}
READ_ONLY_RESULT:filtered_2026_combo_e10_s50_btc0.75
{"completed": "filtered_alloc_2026_combo_e10_s50_btc0.9", "return1": 12.357731346180012, "return3": 10.674487128345, "minute_DD3": 13.532292316260842}
{"completed": "filtered_alloc_2026_combo_e15_s50_btc0.6", "return1": 17.933014319459993, "return3": 16.364647714735003, "minute_DD3": 13.111946284674858}
READ_ONLY_RESULT:filtered_2026_combo_e15_s50_btc0.75
{"completed": "filtered_alloc_2026_combo_e15_s50_btc0.9", "return1": 12.357731346180012, "return3": 10.674487128345, "minute_DD3": 13.532292316260842}
{"completed": "filtered_alloc_2026_combo_e20_s50_btc0.6", "return1": 17.933014319459993, "return3": 16.364647714735003, "minute_DD3": 13.111946284674858}
READ_ONLY_RESULT:filtered_2026_combo_e20_s50_btc0.75
{"completed": "filtered_alloc_2026_combo_e20_s50_btc0.9", "return1": 12.357731346180012, "return3": 10.674487128345, "minute_DD3": 13.532292316260842}
PASS:all108 NEW scenes exactly reproduced and54 EXISTING scenes read-only verified;full54-cell report reproduced;ledger unchanged
{"passed": true, "all_scenes_audited": 162, "new_scenes": 108, "existing_scenes_read_only_audited": 54, "current_or_future_close_perturbations": 72, "NAV_points_audited": 42019884, "joint_channel_pandasEMA_causal_decisions": 19440, "Decimal_fills_independently_checked": 540, "new_actual_fills": 360, "real_minute_data_hashes": 4, "report_sha256": "a43b5c3291bb5adca5bb7e1c0842a4e15c2c3ed8dcc0f6b47851fba91d5e6df6", "forward_plan_unchanged": true, "pandas_version": "2.2.3"}
{"passed": true, "forward_scenes": 9, "new_closed_marks_per_asset": 210, "cumulative_minutes": 1749, "complete_days": 1, "NAV_points_per_scene": 1752, "original_NAV_prefix": 1542, "new_daily_decisions": 0, "new_reference_points": 0, "new_executions": 0, "original_cash_units_desired_trades_costs_unchanged": true, "next_daily_decision_utc": "2026-10-04T00:01:00Z", "report_sha256": "b85e4c86ed4f021162c9cc492c00f35c87a8aa985eff4fa29d9d02234b5234ca"}
PASS: new parameters/weights and missing-result retries are allowed; exact/reordered completed trials stay blocked
