PASS:all9 cumulative forward scenes exactly reproduced including4033point prefix/time axis and nextstate;noHTTP or ledger write
{"completed": "filtered_alloc_2025_BTC_e10_s50_c1330", "return1": 20.635006818180447, "return3": 18.75624871697743, "minute_DD3": 12.412620913083828}
READ_ONLY_RESULT:filtered_alloc_2025_BTC_e10_s50_c1350
{"completed": "filtered_alloc_2025_BTC_e10_s50_c1370", "return1": 20.639517847226287, "return3": 18.762648982627738, "minute_DD3": 12.415994854871226}
{"completed": "filtered_alloc_2025_BTC_e15_s50_c1330", "return1": 19.563753476759405, "return3": 17.70138656517293, "minute_DD3": 13.192874031817514}
READ_ONLY_RESULT:filtered_alloc_2025_BTC_e15_s50_c1350
{"completed": "filtered_alloc_2025_BTC_e15_s50_c1370", "return1": 19.56605900427737, "return3": 17.705475633182477, "minute_DD3": 13.195210270479995}
{"completed": "filtered_alloc_2025_BTC_e20_s50_c1330", "return1": 18.48512938815037, "return3": 16.63960971636842, "minute_DD3": 12.129234771221519}
READ_ONLY_RESULT:filtered_alloc_2025_BTC_e20_s50_c1350
{"completed": "filtered_alloc_2025_BTC_e20_s50_c1370", "return1": 18.488520058313874, "return3": 16.64466556227737, "minute_DD3": 12.132271306494879}
{"completed": "filtered_alloc_2025_ETH_e10_s50_c670", "return1": 96.83919292925371, "return3": 94.78768047567164, "minute_DD3": 20.24416836713754}
READ_ONLY_RESULT:filtered_alloc_2025_ETH_e10_s50_c650
{"completed": "filtered_alloc_2025_ETH_e10_s50_c630", "return1": 96.83633282634922, "return3": 94.80929420761903, "minute_DD3": 20.247908112595926}
{"completed": "filtered_alloc_2025_ETH_e15_s50_c670", "return1": 96.83919292925371, "return3": 94.78768047567164, "minute_DD3": 20.24416836713754}
READ_ONLY_RESULT:filtered_alloc_2025_ETH_e15_s50_c650
{"completed": "filtered_alloc_2025_ETH_e15_s50_c630", "return1": 96.83633282634922, "return3": 94.80929420761903, "minute_DD3": 20.247908112595926}
{"completed": "filtered_alloc_2025_ETH_e20_s50_c670", "return1": 95.41936915611939, "return3": 93.3773534574627, "minute_DD3": 20.829703110422994}
READ_ONLY_RESULT:filtered_alloc_2025_ETH_e20_s50_c650
{"completed": "filtered_alloc_2025_ETH_e20_s50_c630", "return1": 95.41017711666666, "return3": 93.35999196634918, "minute_DD3": 20.83169106428261}
{"completed": "filtered_alloc_2025_combo_e10_s50_btc0.665", "return1": 46.16340916538999, "return3": 44.226778356139995, "minute_DD3": 12.867353177607688}
READ_ONLY_RESULT:filtered_alloc_2025_combo_e10_s50_btc0.675
{"completed": "filtered_alloc_2025_combo_e10_s50_btc0.685", "return1": 44.64151456565, "return3": 42.71734222850001, "minute_DD3": 12.752028569448337}
{"completed": "filtered_alloc_2025_combo_e15_s50_btc0.665", "return1": 45.45102569334498, "return3": 43.525295025190005, "minute_DD3": 13.398861950995478}
READ_ONLY_RESULT:filtered_alloc_2025_combo_e15_s50_btc0.675
{"completed": "filtered_alloc_2025_combo_e15_s50_btc0.685", "return1": 43.906195258229985, "return3": 41.99317848413, "minute_DD3": 13.28878889461439}
{"completed": "filtered_alloc_2025_combo_e20_s50_btc0.665", "return1": 44.258099710419984, "return3": 42.346753869635, "minute_DD3": 13.913977960011826}
READ_ONLY_RESULT:filtered_alloc_2025_combo_e20_s50_btc0.675
{"completed": "filtered_alloc_2025_combo_e20_s50_btc0.685", "return1": 42.718842031695004, "return3": 40.80999337956, "minute_DD3": 13.723780825671938}
{"completed": "filtered_alloc_2026_BTC_e10_s50_c1330", "return1": 10.505476951375936, "return3": 8.780504355872187, "minute_DD3": 14.59886973072737}
READ_ONLY_RESULT:filtered_alloc_2026_BTC_e10_s50_c1350
{"completed": "filtered_alloc_2026_BTC_e10_s50_c1370", "return1": 10.500608337408757, "return3": 8.781034511934305, "minute_DD3": 14.596971628755506}
{"completed": "filtered_alloc_2026_BTC_e15_s50_c1330", "return1": 10.505476951375936, "return3": 8.780504355872187, "minute_DD3": 14.59886973072737}
READ_ONLY_RESULT:filtered_alloc_2026_BTC_e15_s50_c1350
{"completed": "filtered_alloc_2026_BTC_e15_s50_c1370", "return1": 10.500608337408757, "return3": 8.781034511934305, "minute_DD3": 14.596971628755506}
{"completed": "filtered_alloc_2026_BTC_e20_s50_c1330", "return1": 10.505476951375936, "return3": 8.780504355872187, "minute_DD3": 14.59886973072737}
READ_ONLY_RESULT:filtered_alloc_2026_BTC_e20_s50_c1350
{"completed": "filtered_alloc_2026_BTC_e20_s50_c1370", "return1": 10.500608337408757, "return3": 8.781034511934305, "minute_DD3": 14.596971628755506}
{"completed": "filtered_alloc_2026_ETH_e10_s50_c670", "return1": 29.08799663880597, "return3": 27.735440189402993, "minute_DD3": 14.502762769992561}
READ_ONLY_RESULT:filtered_alloc_2026_ETH_e10_s50_c650
{"completed": "filtered_alloc_2026_ETH_e10_s50_c630", "return1": 29.08647034396825, "return3": 27.73720501253967, "minute_DD3": 14.501297535619873}
{"completed": "filtered_alloc_2026_ETH_e15_s50_c670", "return1": 29.08799663880597, "return3": 27.735440189402993, "minute_DD3": 14.502762769992561}
READ_ONLY_RESULT:filtered_alloc_2026_ETH_e15_s50_c650
{"completed": "filtered_alloc_2026_ETH_e15_s50_c630", "return1": 29.08647034396825, "return3": 27.73720501253967, "minute_DD3": 14.501297535619873}
{"completed": "filtered_alloc_2026_ETH_e20_s50_c670", "return1": 29.08799663880597, "return3": 27.735440189402993, "minute_DD3": 14.502762769992561}
READ_ONLY_RESULT:filtered_alloc_2026_ETH_e20_s50_c650
{"completed": "filtered_alloc_2026_ETH_e20_s50_c630", "return1": 29.08647034396825, "return3": 27.73720501253967, "minute_DD3": 14.501297535619873}
{"completed": "filtered_alloc_2026_combo_e10_s50_btc0.665", "return1": 16.730621046664986, "return3": 15.130407860105022, "minute_DD3": 13.204346303713265}
READ_ONLY_RESULT:filtered_alloc_2026_combo_e10_s50_btc0.675
{"completed": "filtered_alloc_2026_combo_e10_s50_btc0.685", "return1": 16.355154869474987, "return3": 14.752228219625007, "minute_DD3": 13.230761227105859}
{"completed": "filtered_alloc_2026_combo_e15_s50_btc0.665", "return1": 16.730621046664986, "return3": 15.130407860105022, "minute_DD3": 13.204346303713265}
READ_ONLY_RESULT:filtered_alloc_2026_combo_e15_s50_btc0.675
{"completed": "filtered_alloc_2026_combo_e15_s50_btc0.685", "return1": 16.355154869474987, "return3": 14.752228219625007, "minute_DD3": 13.230761227105859}
{"completed": "filtered_alloc_2026_combo_e20_s50_btc0.665", "return1": 16.730621046664986, "return3": 15.130407860105022, "minute_DD3": 13.204346303713265}
READ_ONLY_RESULT:filtered_alloc_2026_combo_e20_s50_btc0.675
{"completed": "filtered_alloc_2026_combo_e20_s50_btc0.685", "return1": 16.355154869474987, "return3": 14.752228219625007, "minute_DD3": 13.230761227105859}
PASS:all108 NEW scenes exactly reproduced and54 EXISTING scenes read-only verified;full54-cell report reproduced;ledger unchanged
{"passed": true, "all_scenes_audited": 162, "new_scenes": 108, "existing_scenes_read_only_audited": 54, "current_or_future_close_perturbations": 72, "NAV_points_audited": 42019884, "joint_channel_pandasEMA_causal_decisions": 19440, "Decimal_fills_independently_checked": 540, "new_actual_fills": 360, "real_minute_data_hashes": 4, "report_sha256": "acc163e74c9f4cd0133ca27fdfb80656a9ba2a77731e95fd7962447ee0d0984f", "forward_plan_unchanged": true, "pandas_version": "2.2.3"}
{"passed": true, "forward_scenes": 9, "new_closed_marks_per_asset": 120, "cumulative_minutes": 4029, "complete_days": 2, "NAV_points_per_scene": 4033, "original_NAV_prefix": 3913, "new_daily_decisions": 0, "new_reference_points": 0, "new_executions": 0, "original_cash_units_desired_trades_costs_unchanged": true, "next_daily_decision_utc": "2026-10-05T00:01:00Z", "report_sha256": "d83692a61b64c13c534dd3654c572cf4b65b69577c2400d4fba075afde1e183b"}
PASS: new parameters/weights and missing-result retries are allowed; exact/reordered completed trials stay blocked
