filtered_alloc_2025_BTC_e10_s50_c1330 0 2d487a4c094a6ababe8476cb9ec084dcdfe385d20287c8cefd16ec12b08644fb
READ_ONLY_EXACT filtered_alloc_2025_BTC_e10_s50_c1350
filtered_alloc_2025_BTC_e10_s50_c1370 0 1494c1e88083ae6bbac8ef4e99926827aff4016290bccd1cfebf497b48846b31
filtered_alloc_2025_BTC_e15_s50_c1330 0 28374a6da3e501a3a5ea01baacd7367dad8843085502720dbb1bc28abf6d07c9
READ_ONLY_EXACT filtered_alloc_2025_BTC_e15_s50_c1350
filtered_alloc_2025_BTC_e15_s50_c1370 0 dd10708acaa11bac50d4c8fa34eda1f00b891598fb4e1e5e7b0447c74a90ca5b
filtered_alloc_2025_BTC_e20_s50_c1330 0 bd814aaaa64984c51778b4c86c5755edabd4c14985dd5202f914e0c3ada688a8
READ_ONLY_EXACT filtered_alloc_2025_BTC_e20_s50_c1350
filtered_alloc_2025_BTC_e20_s50_c1370 0 13398019f279b423c7fe09a76c88a07be6469fcefcd9fadf59fcabe211a28762
filtered_alloc_2025_ETH_e10_s50_c670 0 ed130e7e5d92f6653035b4e03244c26a5767cb09a584fdb4767e53aa44d5e535
READ_ONLY_EXACT filtered_alloc_2025_ETH_e10_s50_c650
filtered_alloc_2025_ETH_e10_s50_c630 0 22ad25690d8e1f159071875bdc12d2424d8c0ca11c84a14ec72bf90937f3e3bc
filtered_alloc_2025_ETH_e15_s50_c670 0 bba4ba6931e3080ea7c53e57794263ef8da29e924ec8fc3654c92add7ffc8c39
READ_ONLY_EXACT filtered_alloc_2025_ETH_e15_s50_c650
filtered_alloc_2025_ETH_e15_s50_c630 0 4851fbad4ce5e22085d2724b9a4901f1ca7259e3ecf4afaf5f1db1e87fec0c2c
filtered_alloc_2025_ETH_e20_s50_c670 0 7abe845620c61cff32162b213c7f2e3e36eda6370489088e252c20e20ca8e88c
READ_ONLY_EXACT filtered_alloc_2025_ETH_e20_s50_c650
filtered_alloc_2025_ETH_e20_s50_c630 0 99400cb193d950d3ab333f893a93219f5b7d8563ca81c3cda28dc7480cf2442b
filtered_alloc_2025_combo_e10_s50_btc0.665 0 c3560afe942a0c34d95945118a218386985c09aab3ae75ce822bd62a9a984580
READ_ONLY_EXACT filtered_alloc_2025_combo_e10_s50_btc0.675
filtered_alloc_2025_combo_e10_s50_btc0.685 0 fbdb4ddb257e942bc66f66fdac0d674f8348a60c2c149cfc3f747bc10566726a
filtered_alloc_2025_combo_e15_s50_btc0.665 0 f912ea5ea660cf08e14bd40ca34ee96a7eb588e2543bb685eadfd09f5c475a2e
READ_ONLY_EXACT filtered_alloc_2025_combo_e15_s50_btc0.675
filtered_alloc_2025_combo_e15_s50_btc0.685 0 228860c0f8bd0459e0a64764e8e4be20bea953febfd04e5a43601643ca064581
filtered_alloc_2025_combo_e20_s50_btc0.665 0 0cf6a14d8b957cc2ed6f9adbad51e742354d965840b9fc3f48051a394b616cad
READ_ONLY_EXACT filtered_alloc_2025_combo_e20_s50_btc0.675
filtered_alloc_2025_combo_e20_s50_btc0.685 0 430bcc283ab0fdf6511745af426df206f6e2e61fe51a8ec24547069ea3590c00
filtered_alloc_2026_BTC_e10_s50_c1330 0 2a86c9cf51a6d3e46bad3647639e9909028cf1cbb2d6b6566423951b64e07b5c
READ_ONLY_EXACT filtered_alloc_2026_BTC_e10_s50_c1350
filtered_alloc_2026_BTC_e10_s50_c1370 0 60b416bec86212fc6d5308746728b5d3ef0a80dc03e9098549c2bb6b3ad98b31
filtered_alloc_2026_BTC_e15_s50_c1330 0 c1c9eb5c69b558a09cac29cf5f68344e78c95db1caa7d5bb08305383076aa10b
READ_ONLY_EXACT filtered_alloc_2026_BTC_e15_s50_c1350
filtered_alloc_2026_BTC_e15_s50_c1370 0 47e33f67a86bf5fade6c72e8547913ce36f84c9cfd97a193b1edbb7c2a2b94b9
filtered_alloc_2026_BTC_e20_s50_c1330 0 2f7b58d0ca126f0ac677c7dc8d7295e2fdab0db94dbd434673947a4ed9027bd0
READ_ONLY_EXACT filtered_alloc_2026_BTC_e20_s50_c1350
filtered_alloc_2026_BTC_e20_s50_c1370 0 1350966a8ff39761e2e57ed990b05b7e4fdc44b5392a9c0f7f80a3c8007e494b
filtered_alloc_2026_ETH_e10_s50_c670 0 cfdfb945c52aeb850a3529439fe4d30787d3b6e3f097a67af213f1391fef3668
READ_ONLY_EXACT filtered_alloc_2026_ETH_e10_s50_c650
filtered_alloc_2026_ETH_e10_s50_c630 0 08844cc76468c43d3c92c6c4299ab6953e7e41803310a74e1f64d1fa3866ded8
filtered_alloc_2026_ETH_e15_s50_c670 0 747b05f575fb76a50a8b0c8b096ef57d3558a9fcd4485b4d0d86520c97941957
READ_ONLY_EXACT filtered_alloc_2026_ETH_e15_s50_c650
filtered_alloc_2026_ETH_e15_s50_c630 0 ec2775ff265f3b6bab621c6e8c8f95f2083d4eb05738fb98f981086ef83ccfab
filtered_alloc_2026_ETH_e20_s50_c670 0 069d27c4926aab7711a5f4c5f245d2ff0f73ed63e41c17d56b31915967f6c592
READ_ONLY_EXACT filtered_alloc_2026_ETH_e20_s50_c650
filtered_alloc_2026_ETH_e20_s50_c630 0 d343eb4a7d761c54249cd052f9dc149e07642ad384708eb7e9576a279562d695
filtered_alloc_2026_combo_e10_s50_btc0.665 0 04e1ea1fc50c7bc9fda102cb320e97ba580ba3d61fd35d85c773cd761b65e92a
READ_ONLY_EXACT filtered_alloc_2026_combo_e10_s50_btc0.675
filtered_alloc_2026_combo_e10_s50_btc0.685 0 4353be9e065ed66210526c91975216df24f1f3057198c0fec1e8b8f6a7dc98eb
filtered_alloc_2026_combo_e15_s50_btc0.665 0 0b4a957bc96dc1d175637b9761fadae76468d02b8ec9dbad0117efd9aadee153
READ_ONLY_EXACT filtered_alloc_2026_combo_e15_s50_btc0.675
filtered_alloc_2026_combo_e15_s50_btc0.685 0 9c9ea5c9345468de0734f35ae465ca6a2ef221ea733e041dbd67cdba21079087
filtered_alloc_2026_combo_e20_s50_btc0.665 0 f8226184fb08b13a46d75472599558bb02c7c95e1c40aaaf35c6d58fca6e3ecd
READ_ONLY_EXACT filtered_alloc_2026_combo_e20_s50_btc0.675
filtered_alloc_2026_combo_e20_s50_btc0.685 0 a2e7c0ed5f5625a1625343106c68af93012b0e40c3112247e166118ab78c09b9
forward_snapshot_BTC 0 873e8e0e5b7cea77b4deb7432b52fe1320e17053172f24932d11678f415a20db
forward_snapshot_ETH 0 12ace61f689a39d100416626bf5ced5ae948d28798ac7c44799c49fe59404fe4
forward_snapshot_combo 0 642517ffc8fb5405babff327105053dc5557f74d840775ecb985e1ee6cf4a60c
PASS:36new actual-capital historical and3new cutoff configurations reserved;18existing60/40 exact definitions read-only.
