split_asma_2025_btc_e0.0125_eth_x0.0025_btc0.75 0 c9403b258ef263d791a8fb1897da8b15f6936c1340c2b05bd8f18c3e4982dc65
split_asma_2025_btc_e0.0125_eth_x0.005_btc0.75 0 f124b9a0d0b35ad6f6efbd03565777f12a4c71c4c20d5ff0d7f5d978858579cc
split_asma_2025_btc_e0.0125_eth_x0.0075_btc0.75 0 ffba8e5fc2adf8cc2309ef558d98194946ba9c8e5dc88872b5b3f9811acbfdaa
split_asma_2025_btc_e0.015_eth_x0.0025_btc0.75 0 b5dd4662a78e4163a16fc6a5786cdae637791cd0a38bea728b662119f3d65c9a
READ_ONLY_EXACT asym_2025_combo_e0.015_x0.005_btc0.75
split_asma_2025_btc_e0.015_eth_x0.0075_btc0.75 0 d4d6bca05e859e6c823e0e145053350357f53283b55c69c9e5efcde4d2ba967e
split_asma_2025_btc_e0.02_eth_x0.0025_btc0.75 0 cf7e48ece8516bc5e9400f5dd682cf10cd206e44d2fd0420caaea980e3c15a77
split_asma_2025_btc_e0.02_eth_x0.005_btc0.75 0 7b71d2d92abd60fcbfba6b234c4ca95edb225af24ef5cc4957c88abd0bcfa43b
split_asma_2025_btc_e0.02_eth_x0.0075_btc0.75 0 bc0d34e1eef9fd069593dee3fcf1ff2deb4d05ce37f422cb2c96924b3b716a33
split_asma_2026_btc_e0.0125_eth_x0.0025_btc0.75 0 27157411a49c03e7c883097f8baa017a1d6318c67ac3e7b2c0c6b12b62ee36b2
split_asma_2026_btc_e0.0125_eth_x0.005_btc0.75 0 b6f71f3710e5867359151f3ec52f5977f4b2c6d36babf419f75c19c86825e660
split_asma_2026_btc_e0.0125_eth_x0.0075_btc0.75 0 53e8138980722ae36d4d8989dbf0f59726d7662040f193ae4e71378caafecbb7
split_asma_2026_btc_e0.015_eth_x0.0025_btc0.75 0 8f68d9a9c867820e632e887feede86bcb7169756ca98c5248c29d21661650ac6
READ_ONLY_EXACT asym_2026_combo_e0.015_x0.005_btc0.75
split_asma_2026_btc_e0.015_eth_x0.0075_btc0.75 0 381389650b45b1e16257fd5665f6d68262cdadfd4f4aabdb48e3592dd84f550f
split_asma_2026_btc_e0.02_eth_x0.0025_btc0.75 0 78aa7ab2c0782a74cce7a5b4fe759625d16b6f854c64a43ed0491c4274d65e6c
split_asma_2026_btc_e0.02_eth_x0.005_btc0.75 0 ade43a95d569ea45c1053fc2c676715285a42c4ed115057f2d1830a20af0d054
split_asma_2026_btc_e0.02_eth_x0.0075_btc0.75 0 392df93a759ad25faac8db0f17680748446da6cd8669418ebde4d50b50bc5aeb
forward_snapshot_BTC 0 4e53e21a3991200fb1a82923378499aebadeeb4666faae9f34d8d17f4db84b11
forward_snapshot_ETH 0 ab867039d3f6d868e5eac6bd67c236fa579c0de816e9761de80398ca69863574
forward_snapshot_combo 0 dd80d1384e899623af285fdd7db2c3782c2294c0c8df7623b891fcb0cfda21e7
PASS:16new portfolios+3legacy cutoffs reserved;2old centers and12exact-funded components read-only.
