{"completed": "fundalloc_2025_BTC_vol30_r1_c950", "return1_pct": 20.1671981705684, "return3_pct": 18.30928175190525, "DD3_pct": 12.13170025348731}
{"completed": "fundalloc_2025_ETH_s30_b0.0125_c1050", "return1_pct": 146.41952772142858, "return3_pct": 143.82658248790477, "DD3_pct": 20.249138594885764}
{"completed": "fundalloc_2025_ETH_s33_b0.0125_c1050", "return1_pct": 141.66953816761904, "return3_pct": 139.13371036942857, "DD3_pct": 20.249816995068382}
{"completed": "fundalloc_2025_ETH_s35_b0.0125_c1050", "return1_pct": 141.66953816761904, "return3_pct": 139.13371036942857, "DD3_pct": 20.249816995068382}
{"completed": "fundalloc_2025_BTC_vol30_r1_c1000", "return1_pct": 20.165019473910007, "return3_pct": 18.309281224249997, "DD3_pct": 12.1325889711004}
{"completed": "fundalloc_2025_ETH_s30_b0.0125_c1000", "return1_pct": 146.40289233929997, "return3_pct": 143.83083039500005, "DD3_pct": 20.248994751142913}
{"completed": "fundalloc_2025_ETH_s33_b0.0125_c1000", "return1_pct": 141.67507747559998, "return3_pct": 139.1344921362, "DD3_pct": 20.24891848752002}
{"completed": "fundalloc_2025_ETH_s35_b0.0125_c1000", "return1_pct": 141.67507747559998, "return3_pct": 139.1344921362, "DD3_pct": 20.24891848752002}
READ_ONLY_RESULT:fundalloc_2025_BTC_vol30_r1_c1050
READ_ONLY_RESULT:fundalloc_2025_ETH_s30_b0.0125_c950
READ_ONLY_RESULT:fundalloc_2025_ETH_s33_b0.0125_c950
READ_ONLY_RESULT:fundalloc_2025_ETH_s35_b0.0125_c950
{"completed": "fundalloc_2026_BTC_vol30_r1_c950", "return1_pct": 25.235794491726303, "return3_pct": 23.93509492428423, "DD3_pct": 13.065230602813404}
{"completed": "fundalloc_2026_ETH_s30_b0.0125_c1050", "return1_pct": 41.160814634095246, "return3_pct": 39.683834556571426, "DD3_pct": 11.213022579769339}
{"completed": "fundalloc_2026_ETH_s33_b0.0125_c1050", "return1_pct": 41.160814634095246, "return3_pct": 39.683834556571426, "DD3_pct": 11.213022579769339}
{"completed": "fundalloc_2026_ETH_s35_b0.0125_c1050", "return1_pct": 39.54300613104762, "return3_pct": 38.08555402742857, "DD3_pct": 12.229163366153417}
{"completed": "fundalloc_2026_BTC_vol30_r1_c1000", "return1_pct": 25.243138345920002, "return3_pct": 23.93480770545, "DD3_pct": 13.064338280311604}
{"completed": "fundalloc_2026_ETH_s30_b0.0125_c1000", "return1_pct": 41.156345563300015, "return3_pct": 39.68483632219999, "DD3_pct": 11.21284498173214}
{"completed": "fundalloc_2026_ETH_s33_b0.0125_c1000", "return1_pct": 41.156345563300015, "return3_pct": 39.68483632219999, "DD3_pct": 11.21284498173214}
{"completed": "fundalloc_2026_ETH_s35_b0.0125_c1000", "return1_pct": 39.54360425909999, "return3_pct": 38.084906268000005, "DD3_pct": 12.228859052333995}
READ_ONLY_RESULT:fundalloc_2026_BTC_vol30_r1_c1050
READ_ONLY_RESULT:fundalloc_2026_ETH_s30_b0.0125_c950
READ_ONLY_RESULT:fundalloc_2026_ETH_s33_b0.0125_c950
READ_ONLY_RESULT:fundalloc_2026_ETH_s35_b0.0125_c950
{"completed": "fundalloc_2025_btc0.475_ethS30_b0.0125", "return1_pct": 86.44967118477001, "return3_pct": 84.205864638305, "DD3_pct": 16.157792632177927}
{"completed": "fundalloc_2025_btc0.475_ethS33_b0.0125", "return1_pct": 83.95592666902002, "return3_pct": 81.74210677610499, "DD3_pct": 16.111238376745984}
{"completed": "fundalloc_2025_btc0.475_ethS35_b0.0125", "return1_pct": 83.95592666902002, "return3_pct": 81.74210677610499, "DD3_pct": 16.111238376745984}
{"completed": "fundalloc_2025_btc0.5_ethS30_b0.0125", "return1_pct": 83.28395590660497, "return3_pct": 81.070055809625, "DD3_pct": 15.914267053505082}
{"completed": "fundalloc_2025_btc0.5_ethS33_b0.0125", "return1_pct": 80.920048474755, "return3_pct": 78.721886680225, "DD3_pct": 15.86649017206736}
{"completed": "fundalloc_2025_btc0.5_ethS35_b0.0125", "return1_pct": 80.920048474755, "return3_pct": 78.721886680225, "DD3_pct": 15.86649017206736}
READ_ONLY_RESULT:fundalloc_2025_btc0.525_ethS30_b0.0125
READ_ONLY_RESULT:fundalloc_2025_btc0.525_ethS33_b0.0125
READ_ONLY_RESULT:fundalloc_2025_btc0.525_ethS35_b0.0125
{"completed": "fundalloc_2026_btc0.475_ethS30_b0.0125", "return1_pct": 33.59643006646999, "return3_pct": 32.20318323123501, "DD3_pct": 11.370868888169493}
{"completed": "fundalloc_2026_btc0.475_ethS33_b0.0125", "return1_pct": 33.59643006646999, "return3_pct": 32.20318323123501, "DD3_pct": 11.370868888169493}
{"completed": "fundalloc_2026_btc0.475_ethS35_b0.0125", "return1_pct": 32.74708060236999, "return3_pct": 31.364085953435005, "DD3_pct": 11.896654902714488}
{"completed": "fundalloc_2026_btc0.5_ethS30_b0.0125", "return1_pct": 33.19974195461, "return3_pct": 31.809822013824984, "DD3_pct": 11.453399297972599}
{"completed": "fundalloc_2026_btc0.5_ethS33_b0.0125", "return1_pct": 33.19974195461, "return3_pct": 31.809822013824984, "DD3_pct": 11.453399297972599}
{"completed": "fundalloc_2026_btc0.5_ethS35_b0.0125", "return1_pct": 32.39337130251001, "return3_pct": 31.009856986725005, "DD3_pct": 11.953287530485547}
READ_ONLY_RESULT:fundalloc_2026_btc0.525_ethS30_b0.0125
READ_ONLY_RESULT:fundalloc_2026_btc0.525_ethS33_b0.0125
READ_ONLY_RESULT:fundalloc_2026_btc0.525_ethS35_b0.0125
{"new_configs": 28, "new_component_configs": 16, "new_combination_configs": 12, "new_cost_scenes": 84, "new_minute_NAV_points": 21788088, "old_component_configs_read_only": 8, "old_component_cost_scenes_read_only": 24, "old_combination_configs_read_only": 6, "old_combination_cost_scenes_read_only": 18, "positive_1x": 28, "positive_3x": 28, "passed": ["fundalloc_2025_BTC_vol30_r1_c950", "fundalloc_2025_ETH_s30_b0.0125_c1050", "fundalloc_2025_ETH_s33_b0.0125_c1050", "fundalloc_2025_ETH_s35_b0.0125_c1050", "fundalloc_2025_BTC_vol30_r1_c1000", "fundalloc_2025_ETH_s30_b0.0125_c1000", "fundalloc_2025_ETH_s33_b0.0125_c1000", "fundalloc_2025_ETH_s35_b0.0125_c1000", "fundalloc_2026_BTC_vol30_r1_c950", "fundalloc_2026_BTC_vol30_r1_c1000", "fundalloc_2025_btc0.475_ethS30_b0.0125", "fundalloc_2025_btc0.475_ethS33_b0.0125", "fundalloc_2025_btc0.475_ethS35_b0.0125", "fundalloc_2025_btc0.5_ethS30_b0.0125", "fundalloc_2025_btc0.5_ethS33_b0.0125", "fundalloc_2025_btc0.5_ethS35_b0.0125", "fundalloc_2026_btc0.5_ethS30_b0.0125", "fundalloc_2026_btc0.5_ethS33_b0.0125", "fundalloc_2026_btc0.5_ethS35_b0.0125"], "rejected": ["fundalloc_2026_ETH_s30_b0.0125_c1050", "fundalloc_2026_ETH_s33_b0.0125_c1050", "fundalloc_2026_ETH_s35_b0.0125_c1050", "fundalloc_2026_ETH_s30_b0.0125_c1000", "fundalloc_2026_ETH_s33_b0.0125_c1000", "fundalloc_2026_ETH_s35_b0.0125_c1000", "fundalloc_2026_btc0.475_ethS30_b0.0125", "fundalloc_2026_btc0.475_ethS33_b0.0125", "fundalloc_2026_btc0.475_ethS35_b0.0125"], "new_both_periods_passed_combination_pairs": [["fundalloc_2025_btc0.5_ethS30_b0.0125", "fundalloc_2026_btc0.5_ethS30_b0.0125"], ["fundalloc_2025_btc0.5_ethS33_b0.0125", "fundalloc_2026_btc0.5_ethS33_b0.0125"], ["fundalloc_2025_btc0.5_ethS35_b0.0125", "fundalloc_2026_btc0.5_ethS35_b0.0125"]], "both_periods_passed_combination_pairs": [["fundalloc_2025_btc0.5_ethS30_b0.0125", "fundalloc_2026_btc0.5_ethS30_b0.0125"], ["fundalloc_2025_btc0.5_ethS33_b0.0125", "fundalloc_2026_btc0.5_ethS33_b0.0125"], ["fundalloc_2025_btc0.5_ethS35_b0.0125", "fundalloc_2026_btc0.5_ethS35_b0.0125"], ["fundalloc_2025_btc0.525_ethS30_b0.0125", "fundalloc_2026_btc0.525_ethS30_b0.0125"], ["fundalloc_2025_btc0.525_ethS33_b0.0125", "fundalloc_2026_btc0.525_ethS33_b0.0125"], ["fundalloc_2025_btc0.525_ethS35_b0.0125", "fundalloc_2026_btc0.525_ethS35_b0.0125"]], "new_component_fills": 204, "read_only_component_fills": 102, "new_live_orders": 0}
