fundalloc_2025_BTC_vol30_r1_c950 0 bb3e30256ca57a4f77748217dd1d89e8c3357241f3df9118b64d41b0da61e023
fundalloc_2025_ETH_s30_b0.0125_c1050 0 fb9b02f4b9d196c9f15571f7825c065c79c137e6fecb65ad7aa52d1cb0805734
fundalloc_2025_ETH_s33_b0.0125_c1050 0 ecc9e5904786df2ddad69addbd9160e3af163725ea19aca09dd205628376a721
fundalloc_2025_ETH_s35_b0.0125_c1050 0 0a4663435e3568dfc328ba4b9671d785d77605bc8623f1aade37f47cacd440c9
fundalloc_2025_BTC_vol30_r1_c1000 0 0d1af86fe1a59668952f57635527ddd917337f208201e01d1314e3a69caf245b
fundalloc_2025_ETH_s30_b0.0125_c1000 0 51b8446d55dbeb703c67abaf6d6d0c0658bb946f9fdc20ccf62df05048002920
fundalloc_2025_ETH_s33_b0.0125_c1000 0 a7d740a295fa576012ace032c544cac6542918f0f69f866800225356c4e2822e
fundalloc_2025_ETH_s35_b0.0125_c1000 0 67098c78a6091a49490149b604ce438424d52b573c1db909a200f5d37f4a2057
fundalloc_2026_BTC_vol30_r1_c950 0 46bf2876aa551f1cb747374742df59a88ca0f3cfbb8c0dc13c3714a4a11fb0e9
fundalloc_2026_ETH_s30_b0.0125_c1050 0 96ed8e7ae69f5502b6626a40d10bd21bed3bbce1cf2f175c674332845232ca5b
fundalloc_2026_ETH_s33_b0.0125_c1050 0 e2ba4a1ab1bde98b89e7f885bd3e38aa0707c677b377a55e374052dcbdc76248
fundalloc_2026_ETH_s35_b0.0125_c1050 0 538b4dbf06b3cc1250072dc32a5b0946fe7daaf4d0100857c7aea6c11482f5f5
fundalloc_2026_BTC_vol30_r1_c1000 0 e2171537681bf2cfcd2484ac1722ef20eeb1adeec2d3ac88b710fe172f11281c
fundalloc_2026_ETH_s30_b0.0125_c1000 0 75a63455000d18ab7ad3b406dcee5f1bda7435be47d7feb398c19748e85bf45f
fundalloc_2026_ETH_s33_b0.0125_c1000 0 56694ed9d37e1f202b2da992a0a9b2c8a016510eed94e7ec7f2b58d018e709da
fundalloc_2026_ETH_s35_b0.0125_c1000 0 6bdc3e901201014032d04ea3de42b5125e3b358c2edd85a8b8c1e0fc11c0aad6
fundalloc_2025_btc0.475_ethS30_b0.0125 0 f9424f4b3dbbf3ddcfad6e9d571034b6465107118303ce476baf818f23979bfa
fundalloc_2025_btc0.475_ethS33_b0.0125 0 29365ba13aea3e3ac620d269851aea9026a75084769feec0ded0807ac279f78a
fundalloc_2025_btc0.475_ethS35_b0.0125 0 ee0553e95c048c67c57680c4350e0141f908aaafe5cde228b8815aef855e4d94
fundalloc_2025_btc0.5_ethS30_b0.0125 0 50cb6e52d488a18139d89a355846060d03faf1dce789440821cf6c6fb8f22a4a
fundalloc_2025_btc0.5_ethS33_b0.0125 0 9a8af04ce2b2fc5339ff3eb0c1b0098e86e3f343e0a4895f8cf79f8210fb829a
fundalloc_2025_btc0.5_ethS35_b0.0125 0 82297018d404aae45249f6a1f96658a7ea4a7ed9a3ed71cf0dd3965619a598b9
fundalloc_2026_btc0.475_ethS30_b0.0125 0 c82d05b3b6750a05af09710cf0487ec9ab3d3ccb1aee237eb41c87640f5ec788
fundalloc_2026_btc0.475_ethS33_b0.0125 0 40081ba7dacd4085a3d29500e023664352692006d02f86ec2d6a72453a77f579
fundalloc_2026_btc0.475_ethS35_b0.0125 0 fc4b857b1cec65419b589ef9cda0a95857e5e6cd5a68e44abe0414feca746e15
fundalloc_2026_btc0.5_ethS30_b0.0125 0 25718937ad9c11dc00d86e5de5a1075bc8dc85e6b8426af072caaddb97c3f080
fundalloc_2026_btc0.5_ethS33_b0.0125 0 74fdcebd5b8ab08937c0a3b88804f2571c865f7477ff398d649d298cf8862f6d
fundalloc_2026_btc0.5_ethS35_b0.0125 0 b253c8f49dcf389ac9b4d1ccf3d9c2474b65e8ea49636abb164034336b357aa6
forward_snapshot_BTC 0 b7ad7e9ebd10f7328c5a35e9d54a2c539fe7e4e1fb7b4b6d06db4a5de9fbeb22
forward_snapshot_ETH 0 12644eb4c49d75c9a79636bd95ea6cd0d87e362bf0defdfb5cdd310276efd0aa
forward_snapshot_combo 0 0adba04881c16083a30826bfb435d36116e47c0fb41b02dfbc91a9d1305d6a8c
PASS:28new histories+3original shadow cutoffs reserved;14exact old configs read-only;raw funds preserved.
