{"synthetic_fixture_checks": "PASS", "joint_grid_cells": 9, "causal_source_rules": true, "no_future_bar_input": true, "raw_initial_weights_preserved": true, "not_performance_evidence": true}
{"new_backtests": 0, "source_components": 8, "read_only_portfolios": 6, "scenes_hash_verified": 42, "missing_cache_files_restored": [], "method": "Reconstruct exact old cash/coin minute NAV or sum1050/950same-funded sources,using same-SHA real prices;no old signals/trades,normalization or gate/status overwrite."}
PASS:all9 cumulative forward scenes exactly reproduced including12669point complete time axis and nextstate;noHTTP or ledger write
{"completed": "fundalloc_2025_BTC_vol30_r1_c950", "return1_pct": 20.1671981705684, "return3_pct": 18.30928175190525, "DD3_pct": 12.13170025348731}
{"completed": "fundalloc_2025_ETH_s30_b0.0125_c1050", "return1_pct": 146.41952772142858, "return3_pct": 143.82658248790477, "DD3_pct": 20.249138594885764}
{"completed": "fundalloc_2025_ETH_s33_b0.0125_c1050", "return1_pct": 141.66953816761904, "return3_pct": 139.13371036942857, "DD3_pct": 20.249816995068382}
{"completed": "fundalloc_2025_ETH_s35_b0.0125_c1050", "return1_pct": 141.66953816761904, "return3_pct": 139.13371036942857, "DD3_pct": 20.249816995068382}
{"completed": "fundalloc_2025_BTC_vol30_r1_c1000", "return1_pct": 20.165019473910007, "return3_pct": 18.309281224249997, "DD3_pct": 12.1325889711004}
{"completed": "fundalloc_2025_ETH_s30_b0.0125_c1000", "return1_pct": 146.40289233929997, "return3_pct": 143.83083039500005, "DD3_pct": 20.248994751142913}
{"completed": "fundalloc_2025_ETH_s33_b0.0125_c1000", "return1_pct": 141.67507747559998, "return3_pct": 139.1344921362, "DD3_pct": 20.24891848752002}
{"completed": "fundalloc_2025_ETH_s35_b0.0125_c1000", "return1_pct": 141.67507747559998, "return3_pct": 139.1344921362, "DD3_pct": 20.24891848752002}
READ_ONLY_RESULT:fundalloc_2025_BTC_vol30_r1_c1050
READ_ONLY_RESULT:fundalloc_2025_ETH_s30_b0.0125_c950
READ_ONLY_RESULT:fundalloc_2025_ETH_s33_b0.0125_c950
READ_ONLY_RESULT:fundalloc_2025_ETH_s35_b0.0125_c950
{"completed": "fundalloc_2026_BTC_vol30_r1_c950", "return1_pct": 25.235794491726303, "return3_pct": 23.93509492428423, "DD3_pct": 13.065230602813404}
{"completed": "fundalloc_2026_ETH_s30_b0.0125_c1050", "return1_pct": 41.160814634095246, "return3_pct": 39.683834556571426, "DD3_pct": 11.213022579769339}
{"completed": "fundalloc_2026_ETH_s33_b0.0125_c1050", "return1_pct": 41.160814634095246, "return3_pct": 39.683834556571426, "DD3_pct": 11.213022579769339}
{"completed": "fundalloc_2026_ETH_s35_b0.0125_c1050", "return1_pct": 39.54300613104762, "return3_pct": 38.08555402742857, "DD3_pct": 12.229163366153417}
{"completed": "fundalloc_2026_BTC_vol30_r1_c1000", "return1_pct": 25.243138345920002, "return3_pct": 23.93480770545, "DD3_pct": 13.064338280311604}
{"completed": "fundalloc_2026_ETH_s30_b0.0125_c1000", "return1_pct": 41.156345563300015, "return3_pct": 39.68483632219999, "DD3_pct": 11.21284498173214}
{"completed": "fundalloc_2026_ETH_s33_b0.0125_c1000", "return1_pct": 41.156345563300015, "return3_pct": 39.68483632219999, "DD3_pct": 11.21284498173214}
{"completed": "fundalloc_2026_ETH_s35_b0.0125_c1000", "return1_pct": 39.54360425909999, "return3_pct": 38.084906268000005, "DD3_pct": 12.228859052333995}
READ_ONLY_RESULT:fundalloc_2026_BTC_vol30_r1_c1050
READ_ONLY_RESULT:fundalloc_2026_ETH_s30_b0.0125_c950
READ_ONLY_RESULT:fundalloc_2026_ETH_s33_b0.0125_c950
READ_ONLY_RESULT:fundalloc_2026_ETH_s35_b0.0125_c950
{"completed": "fundalloc_2025_btc0.475_ethS30_b0.0125", "return1_pct": 86.44967118477001, "return3_pct": 84.205864638305, "DD3_pct": 16.157792632177927}
{"completed": "fundalloc_2025_btc0.475_ethS33_b0.0125", "return1_pct": 83.95592666902002, "return3_pct": 81.74210677610499, "DD3_pct": 16.111238376745984}
{"completed": "fundalloc_2025_btc0.475_ethS35_b0.0125", "return1_pct": 83.95592666902002, "return3_pct": 81.74210677610499, "DD3_pct": 16.111238376745984}
{"completed": "fundalloc_2025_btc0.5_ethS30_b0.0125", "return1_pct": 83.28395590660497, "return3_pct": 81.070055809625, "DD3_pct": 15.914267053505082}
{"completed": "fundalloc_2025_btc0.5_ethS33_b0.0125", "return1_pct": 80.920048474755, "return3_pct": 78.721886680225, "DD3_pct": 15.86649017206736}
{"completed": "fundalloc_2025_btc0.5_ethS35_b0.0125", "return1_pct": 80.920048474755, "return3_pct": 78.721886680225, "DD3_pct": 15.86649017206736}
READ_ONLY_RESULT:fundalloc_2025_btc0.525_ethS30_b0.0125
READ_ONLY_RESULT:fundalloc_2025_btc0.525_ethS33_b0.0125
READ_ONLY_RESULT:fundalloc_2025_btc0.525_ethS35_b0.0125
{"completed": "fundalloc_2026_btc0.475_ethS30_b0.0125", "return1_pct": 33.59643006646999, "return3_pct": 32.20318323123501, "DD3_pct": 11.370868888169493}
{"completed": "fundalloc_2026_btc0.475_ethS33_b0.0125", "return1_pct": 33.59643006646999, "return3_pct": 32.20318323123501, "DD3_pct": 11.370868888169493}
{"completed": "fundalloc_2026_btc0.475_ethS35_b0.0125", "return1_pct": 32.74708060236999, "return3_pct": 31.364085953435005, "DD3_pct": 11.896654902714488}
{"completed": "fundalloc_2026_btc0.5_ethS30_b0.0125", "return1_pct": 33.19974195461, "return3_pct": 31.809822013824984, "DD3_pct": 11.453399297972599}
{"completed": "fundalloc_2026_btc0.5_ethS33_b0.0125", "return1_pct": 33.19974195461, "return3_pct": 31.809822013824984, "DD3_pct": 11.453399297972599}
{"completed": "fundalloc_2026_btc0.5_ethS35_b0.0125", "return1_pct": 32.39337130251001, "return3_pct": 31.009856986725005, "DD3_pct": 11.953287530485547}
READ_ONLY_RESULT:fundalloc_2026_btc0.525_ethS30_b0.0125
READ_ONLY_RESULT:fundalloc_2026_btc0.525_ethS33_b0.0125
READ_ONLY_RESULT:fundalloc_2026_btc0.525_ethS35_b0.0125
PASS:all84 NEW funding-span scenes and full report exactly reproduced;42oldsource/portfolio scenes read-only verified,noHTTP/ledger write
{"passed": true, "actual_scenes_audited": 84, "NAV_points_audited": 21788088, "total_causal_decisions": 8640, "ETH_pandasEMA_causal_decisions": 6480, "BTC_disjoint_quote_volume_causal_decisions": 2160, "Decimal_fills_independently_checked": 204, "real_minute_data_hashes": 4, "read_only_component_scenes": 24, "read_only_portfolio_scenes": 18, "report_sha256": "1a54d397464c37db1b9eeaabb3c779867d644b959388007742e19310dae34969", "forward_plan_unchanged": true}
{"passed": true, "forward_scenes": 9, "new_closed_marks_per_asset": 120, "cumulative_minutes": 12659, "complete_days": 8, "NAV_points_per_scene": 12669, "original_NAV_prefix": 12549, "new_daily_decisions": 0, "new_reference_points": 0, "new_executions": 0, "original_cash_units_desired_trades_costs_unchanged": true, "next_daily_decision_utc": "2026-10-11T00:01:00Z", "report_sha256": "ebaa8e3a28168ed31793d48ae691fefdb2604b9f4a9b1e2d1745a2c2fc389549"}
PASS: new parameters/weights and missing-result retries are allowed; exact/reordered completed trials stay blocked
