PASS:all9 cumulative forward scenes exactly reproduced from archived new minutes and old positions;no fresh request or ledger write
{"completed": "filtered_2025_BTC_e10_s50", "return1": 20.636760126520002, "return3": 18.75419513122667, "minute_DD3": 12.412263058916217}
{"completed": "filtered_2025_BTC_e10_s65", "return1": 12.354002940446662, "return3": 10.606449507973338, "minute_DD3": 12.414111276670692}
{"completed": "filtered_2025_BTC_e10_s80", "return1": 13.936882845766663, "return3": 12.163647952479995, "minute_DD3": 12.414111276670692}
{"completed": "filtered_2025_BTC_e15_s50", "return1": 19.563953632913346, "return3": 17.695393858093333, "minute_DD3": 13.190168955104353}
{"completed": "filtered_2025_BTC_e15_s65", "return1": 11.355160821293332, "return3": 9.62057241269334, "minute_DD3": 13.191991749444142}
{"completed": "filtered_2025_BTC_e15_s80", "return1": 12.922997044466666, "return3": 11.163800141913338, "minute_DD3": 13.191991749444142}
{"completed": "filtered_2025_BTC_e20_s50", "return1": 18.485680209939993, "return3": 16.636423703613335, "minute_DD3": 12.127073204350225}
{"completed": "filtered_2025_BTC_e20_s65", "return1": 10.351962884186673, "return3": 8.634444423133324, "minute_DD3": 12.12973028229386}
{"completed": "filtered_2025_BTC_e20_s80", "return1": 10.351962884186673, "return3": 8.634444423133324, "minute_DD3": 12.12973028229386}
{"completed": "filtered_2025_ETH_e10_s50", "return1": 96.8322353068, "return3": 94.7997076382, "minute_DD3": 20.24396898259697}
{"completed": "filtered_2025_ETH_e10_s65", "return1": 96.8322353068, "return3": 94.7997076382, "minute_DD3": 20.24396898259697}
{"completed": "filtered_2025_ETH_e10_s80", "return1": 96.8322353068, "return3": 94.7997076382, "minute_DD3": 20.24396898259697}
{"completed": "filtered_2025_ETH_e15_s50", "return1": 96.8322353068, "return3": 94.7997076382, "minute_DD3": 20.24396898259697}
{"completed": "filtered_2025_ETH_e15_s65", "return1": 96.8322353068, "return3": 94.7997076382, "minute_DD3": 20.24396898259697}
{"completed": "filtered_2025_ETH_e15_s80", "return1": 96.8322353068, "return3": 94.7997076382, "minute_DD3": 20.24396898259697}
{"completed": "filtered_2025_ETH_e20_s50", "return1": 95.4089758806, "return3": 93.34528758900001, "minute_DD3": 20.827465675871192}
{"completed": "filtered_2025_ETH_e20_s65", "return1": 95.4089758806, "return3": 93.34528758900001, "minute_DD3": 20.827465675871192}
{"completed": "filtered_2025_ETH_e20_s80", "return1": 95.4089758806, "return3": 93.34528758900001, "minute_DD3": 20.827465675871192}
{"completed": "filtered_2025_combo_e10_s50_btc0.75", "return1": 39.68562892159, "return3": 37.76557325797001, "minute_DD3": 12.426576318216986}
{"completed": "filtered_2025_combo_e10_s65_btc0.75", "return1": 33.47356103203498, "return3": 31.654764040530004, "minute_DD3": 12.491635672518308}
{"completed": "filtered_2025_combo_e10_s80_btc0.75", "return1": 34.66072096102499, "return3": 32.822662873910005, "minute_DD3": 12.491635672518308}
{"completed": "filtered_2025_combo_e15_s50_btc0.75", "return1": 38.881024051385005, "return3": 36.97147230312001, "minute_DD3": 13.014285424121608}
{"completed": "filtered_2025_combo_e15_s65_btc0.75", "return1": 32.72442944267, "return3": 30.91535621907, "minute_DD3": 13.069045298737336}
{"completed": "filtered_2025_combo_e15_s80_btc0.75", "return1": 33.90030661005001, "return3": 32.07277701598501, "minute_DD3": 13.069045298737336}
{"completed": "filtered_2025_combo_e20_s50_btc0.75", "return1": 37.71650412760501, "return3": 35.81363967495999, "minute_DD3": 13.096976450663679}
{"completed": "filtered_2025_combo_e20_s65_btc0.75", "return1": 31.61621613329, "return3": 29.81215521459999, "minute_DD3": 13.221873699630937}
{"completed": "filtered_2025_combo_e20_s80_btc0.75", "return1": 31.61621613329, "return3": 29.81215521459999, "minute_DD3": 13.221873699630937}
{"completed": "filtered_2026_BTC_e10_s50", "return1": 10.501495879440004, "return3": 8.776026411740002, "minute_DD3": 14.598216043157631}
{"completed": "filtered_2026_BTC_e10_s65", "return1": 7.815953924006669, "return3": 6.1301854300199965, "minute_DD3": 10.178470829947972}
{"completed": "filtered_2026_BTC_e10_s80", "return1": 11.187148949540004, "return3": 10.027516090393318, "minute_DD3": 10.18027198211131}
{"completed": "filtered_2026_BTC_e15_s50", "return1": 10.501495879440004, "return3": 8.776026411740002, "minute_DD3": 14.598216043157631}
{"completed": "filtered_2026_BTC_e15_s65", "return1": 7.815953924006669, "return3": 6.1301854300199965, "minute_DD3": 10.178470829947972}
{"completed": "filtered_2026_BTC_e15_s80", "return1": 11.187148949540004, "return3": 10.027516090393318, "minute_DD3": 10.18027198211131}
{"completed": "filtered_2026_BTC_e20_s50", "return1": 10.501495879440004, "return3": 8.776026411740002, "minute_DD3": 14.598216043157631}
{"completed": "filtered_2026_BTC_e20_s65", "return1": 7.815953924006669, "return3": 6.1301854300199965, "minute_DD3": 10.178470829947972}
{"completed": "filtered_2026_BTC_e20_s80", "return1": 11.187148949540004, "return3": 10.027516090393318, "minute_DD3": 10.18027198211131}
{"completed": "filtered_2026_ETH_e10_s50", "return1": 29.080714201199996, "return3": 27.739823824, "minute_DD3": 14.503524211185647}
{"completed": "filtered_2026_ETH_e10_s65", "return1": 29.06513063320002, "return3": 27.725011149400004, "minute_DD3": 14.501600674283132}
{"completed": "filtered_2026_ETH_e10_s80", "return1": -9.8128008898, "return3": -12.147114814400005, "minute_DD3": 23.400976578702128}
{"completed": "filtered_2026_ETH_e15_s50", "return1": 29.080714201199996, "return3": 27.739823824, "minute_DD3": 14.503524211185647}
{"completed": "filtered_2026_ETH_e15_s65", "return1": 29.06513063320002, "return3": 27.725011149400004, "minute_DD3": 14.501600674283132}
{"completed": "filtered_2026_ETH_e15_s80", "return1": -9.8128008898, "return3": -12.147114814400005, "minute_DD3": 23.400976578702128}
{"completed": "filtered_2026_ETH_e20_s50", "return1": 29.080714201199996, "return3": 27.739823824, "minute_DD3": 14.503524211185647}
{"completed": "filtered_2026_ETH_e20_s65", "return1": 29.06513063320002, "return3": 27.725011149400004, "minute_DD3": 14.501600674283132}
{"completed": "filtered_2026_ETH_e20_s80", "return1": -5.140597512399991, "return3": -7.112596032800001, "minute_DD3": 19.011350233583222}
{"completed": "filtered_2026_combo_e10_s50_btc0.75", "return1": 15.146300459880013, "return3": 13.516975764805018, "minute_DD3": 13.323505955349424}
{"completed": "filtered_2026_combo_e10_s65_btc0.75", "return1": 13.128248101305019, "return3": 11.52889185986501, "minute_DD3": 10.178544262667998}
{"completed": "filtered_2026_combo_e10_s80_btc0.75", "return1": 5.937161489705001, "return3": 4.483858364195004, "minute_DD3": 11.470415410751233}
{"completed": "filtered_2026_combo_e15_s50_btc0.75", "return1": 15.146300459880013, "return3": 13.516975764805018, "minute_DD3": 13.323505955349424}
{"completed": "filtered_2026_combo_e15_s65_btc0.75", "return1": 13.128248101305019, "return3": 11.52889185986501, "minute_DD3": 10.178544262667998}
{"completed": "filtered_2026_combo_e15_s80_btc0.75", "return1": 5.937161489705001, "return3": 4.483858364195004, "minute_DD3": 11.470415410751233}
{"completed": "filtered_2026_combo_e20_s50_btc0.75", "return1": 15.146300459880013, "return3": 13.516975764805018, "minute_DD3": 13.323505955349424}
{"completed": "filtered_2026_combo_e20_s65_btc0.75", "return1": 13.128248101305019, "return3": 11.52889185986501, "minute_DD3": 10.178544262667998}
{"completed": "filtered_2026_combo_e20_s80_btc0.75", "return1": 7.105212334054989, "return3": 5.742488059595008, "minute_DD3": 10.40309719482474}
PASS:all162 NEW scenes exactly reproduced;full54-cell confirmation report reproduced;ledger unchanged
{"passed": true, "all_scenes_audited": 162, "new_scenes": 162, "current_or_future_close_perturbations": 108, "NAV_points_audited": 42019884, "joint_channel_pandasEMA_causal_decisions": 19440, "Decimal_fills_independently_checked": 570, "new_actual_fills": 570, "real_minute_data_hashes": 4, "report_sha256": "dc94a3d96f3efe0ba633c74c5ac88d76fc2f35d291544714b280ef53787c4bbc", "forward_plan_unchanged": true, "pandas_version": "2.2.3"}
{"passed": true, "forward_scenes": 9, "new_closed_marks_per_asset": 120, "cumulative_minutes": 1419, "prior_NAV_prefix_and_positions_unchanged": true, "new_executions": 0, "report_sha256": "4a2e8e480162ff7922b25ea9e593c6e2fc1af4e50de01f4ecd4304003df6ae80"}
PASS: new parameters/weights and missing-result retries are allowed; exact/reordered completed trials stay blocked
