filtered_2025_BTC_e10_s50 0 12b7d27ca52509789fa1030d0e05a04ad0291507a7eb5cd04e365651ce472dcd
filtered_2025_BTC_e10_s65 0 5f8af2b0b3c87dd10ba9a2aca8c9026b756f355f9f8de74ee3175ade6eb67069
filtered_2025_BTC_e10_s80 0 e9fc092249079234cf727a4044ecb4729364944180ebfef57468f9ac1d1ab46e
filtered_2025_BTC_e15_s50 0 7c29c44bc6b62da06c24bea7df4be26e68c71049fc0d9da2819b09fdffa33b87
filtered_2025_BTC_e15_s65 0 05c9b6c6ab0892071605a59d35230f9ca1ba5721e327afd6fcdce9d20c702655
filtered_2025_BTC_e15_s80 0 45275afcb267e4426428e57001099d65f1c1f43fc284cf04fec6a08ff6997dfe
filtered_2025_BTC_e20_s50 0 902cb22f173d0847cc8cfde0e1b875441dec7a83ae5b2d8d26a57cb813160d39
filtered_2025_BTC_e20_s65 0 c77f1cf318d64cbff7065fc2188e51788415f6c893fffd5e5821dfd3806c158c
filtered_2025_BTC_e20_s80 0 75b9f75428404720e1e4d5cb8fb018a09388f1a2fbe9f7be0b523e9afab0c4ad
filtered_2025_ETH_e10_s50 0 3e88e1f1da009d648850fd51df135143afa82836e09de47a7b0210e2b0a97ea3
filtered_2025_ETH_e10_s65 0 e1a80ceac83adf0302d39e88146e27fe5d588069b3d32354e82e9bc29d1ab574
filtered_2025_ETH_e10_s80 0 8561d65a48e0c5be968c5fb64d9297060f8da954d99fc3b52810c9bd985f4815
filtered_2025_ETH_e15_s50 0 13186240477beac430681345f476cb307fe332ba5dadb3f0d9963cb8fd5da699
filtered_2025_ETH_e15_s65 0 09d88811e7d40a23346078ece74edf3340224b3ffb83d808dfc914d847ecb14b
filtered_2025_ETH_e15_s80 0 71fd51d6582560a824f0279a2377ebcab5a7ffea24786d499206cfd7cd7939c4
filtered_2025_ETH_e20_s50 0 63e8ac911a545bc509325b6d2f3c1a63d5c111d8d301f724e1d8eaa6f9f8a7f8
filtered_2025_ETH_e20_s65 0 f196baceefb588b1fa652c81809d2046513cb67f3053cc601cd13d0378237e71
filtered_2025_ETH_e20_s80 0 2b2a63a2ad9299d49653a56dc65bd6a60cd24affc9257df8f4216b24ed26c65f
filtered_2025_combo_e10_s50_btc0.75 0 43ddfaf558377106fbe08568458f3f5257550fdb4ca55e8dd746355008c59d78
filtered_2025_combo_e10_s65_btc0.75 0 2645ea3018b353216f996d6a078d195ebcda903f80ed5b448934165fe01f6cbb
filtered_2025_combo_e10_s80_btc0.75 0 0eff4da74786f56c03687429c61c063bb71cc6c0cdc07ec334a54654ee5af96d
filtered_2025_combo_e15_s50_btc0.75 0 17a68e085c56cb7c72de9275742036482064a876790e0cbfc0bbc256a380303a
filtered_2025_combo_e15_s65_btc0.75 0 91943a8aeeb353648ca34a920a5d4d99f91ff9d87004065a023e26a7cd2d66f3
filtered_2025_combo_e15_s80_btc0.75 0 373ca89206aab6f31e822b881cc790b7e3b9f65c5cfacdb0daa528ddb0d487f6
filtered_2025_combo_e20_s50_btc0.75 0 2cc7d5fc5077121b239b520b3bd0e83f6368d3fab3c0429316568a320160749f
filtered_2025_combo_e20_s65_btc0.75 0 a2e9c20df1df6c054e47174fdc4ef9522ac9167b1b9d561c3daf56db8cac090e
filtered_2025_combo_e20_s80_btc0.75 0 83635d4d0e844316d6a1b7bb480f7d500062ad3819955f403f11ed17b58e33a0
filtered_2026_BTC_e10_s50 0 29ac445fbcf31df121d3ee5b93be985f7b59596de05be473692a26432428e826
filtered_2026_BTC_e10_s65 0 4d552a60768157233277705562397ad23f72dfd2a4e1fb7bef5cd8f0b35aff1a
filtered_2026_BTC_e10_s80 0 425ccb73675a3ac2222d60089f9453b8d5b2a7165d24a238a420b2de6897b3ee
filtered_2026_BTC_e15_s50 0 5b55486722abbf0a66fadf66787e902263c4aedaaa3ffcf91910f11c553a916a
filtered_2026_BTC_e15_s65 0 1fe4e48e2b2da780a82b93b3f84ed348f2c6c0def3bd577a57a0b318283290b9
filtered_2026_BTC_e15_s80 0 5dc1125eea12afbcb13445f03bfac52eec6f609c85d9d0d024bf48fccb801d66
filtered_2026_BTC_e20_s50 0 1cc582f5df92d56a01a29a2816efa523e2f17e9493e3d64d04e997629a95ab3c
filtered_2026_BTC_e20_s65 0 4811207a9fb808b341c6726254b6560384df4801f2f61e8469231f4f09ea1b79
filtered_2026_BTC_e20_s80 0 6b02ab46d3497bc3fbc8a29a901b64ebba3fe0ad22b982f4f68730a6d6e11c53
filtered_2026_ETH_e10_s50 0 19a1c2ac95c0ce923ceee46c106e6c4cc1a37fdbae02e3504e030835c55f719e
filtered_2026_ETH_e10_s65 0 e462c67db9371489b541502a0142a69f3c767b0000d70e39c1c2d0943af290e4
filtered_2026_ETH_e10_s80 0 17ceb23ff8bdd507dd0a25b0616966dd817c8ce09cd5ccb31f1f63463cf6eb58
filtered_2026_ETH_e15_s50 0 705fb43a927872dec06bfa392bb24cd7f443156c228b915c03ef33c83d41dd13
filtered_2026_ETH_e15_s65 0 8f9507a8776ee365bf021df4b1506b6730f2e2559dbf17536e3cefef6f7c2f16
filtered_2026_ETH_e15_s80 0 b5b6e8bfa03a6e2ddec0f2744dcda413a5011d97bd9e8f494cfe1b65cbdcf7d1
filtered_2026_ETH_e20_s50 0 1f9755c6d3cd6263970c3ad67da9b0c7ba8027f172ad125d53da5be7969ba067
filtered_2026_ETH_e20_s65 0 85c9ef692c41bd120f79635ef9547c46ac6c2d6760065a11758b9631199cace1
filtered_2026_ETH_e20_s80 0 0fc05a064031584ace1f92d55f35fe6419de730b843462c89da0bb61f7eac356
filtered_2026_combo_e10_s50_btc0.75 0 21207dc70379f739bf25cd9e8ad0b87616108abf4348bff96f2b954ddb9e0765
filtered_2026_combo_e10_s65_btc0.75 0 5705adef6197a7d363066a0c35c4147923a4ec770e47214381e78dc6979c0168
filtered_2026_combo_e10_s80_btc0.75 0 4912bdd06df07932734d042d3dacead0d3e6b3e896eaf7870ccac88ed0a368b0
filtered_2026_combo_e15_s50_btc0.75 0 c1f1e7a42ef7b92e013499a609d35ec2e5cfb0a2c515db34b9cbc82f7ea37e94
filtered_2026_combo_e15_s65_btc0.75 0 7e8a8b26ed434aebf54cf6d1aef15731a4074dfff32bef44f4c23105c889aef4
filtered_2026_combo_e15_s80_btc0.75 0 77352def067c2529e6e88b9ccf1ae74a9d96e38d528a77ef873235bfd1e73607
filtered_2026_combo_e20_s50_btc0.75 0 e2dd824f472c3326b314bc955b500381f9591e737b42ae9c130bf0e348c96d60
filtered_2026_combo_e20_s65_btc0.75 0 ecb6bc6c654153266ed125a3fc5bc2c122e22197aca0f8cfd1be47e3db49e991
filtered_2026_combo_e20_s80_btc0.75 0 011fc3c84bde25295155824a89ce1d774c622d8cf6affc2a95021e6e466da92b
forward_snapshot_BTC 0 6faf73aa014ac0afd0dbf8feffa4f13cceea033424dcd18f4f8dba0b4abbea5d
forward_snapshot_ETH 0 7cbb4ac52250ec0b4bdc1e2586d48be3c75a3455b48a1e8ee9152cdd2241da69
forward_snapshot_combo 0 b1599ceafeae9dda17d6d8e7a6e93f7d57e3ce303e194a738d4ae2e007370aa1
PASS:54new causal rule configurations and3new cutoff snapshots independently reserved before calculation.
