{"new_backtests": 0, "readonly_scenes_verified": 54, "missing_files_restored": 0}
PASS:all9 cumulative forward scenes exactly reproduced including9307point complete time axis and nextstate;noHTTP or ledger write
READ_ONLY_RESULT:filtered_span_2025_combo_e15_b0.03_x30_s25_btc0.675
{"completed": "mixed_ema_spans_2025_btc25_eth27_e15_x30_b0.03_btc0.675", "return3_pct": 56.63132249824001, "minute_DD3_pct": 14.429730230764005}
{"completed": "mixed_ema_spans_2025_btc25_eth29_e15_x30_b0.03_btc0.675", "return3_pct": 56.63132249824001, "minute_DD3_pct": 14.429730230764005}
{"completed": "mixed_ema_spans_2025_btc27_eth25_e15_x30_b0.03_btc0.675", "return3_pct": 58.16183735459, "minute_DD3_pct": 14.472986269675825}
READ_ONLY_RESULT:filtered_span_2025_combo_e15_b0.03_x30_s27_btc0.675
{"completed": "mixed_ema_spans_2025_btc27_eth29_e15_x30_b0.03_btc0.675", "return3_pct": 56.63132249824001, "minute_DD3_pct": 14.429730230764005}
{"completed": "mixed_ema_spans_2025_btc29_eth25_e15_x30_b0.03_btc0.675", "return3_pct": 58.16183735459, "minute_DD3_pct": 14.472986269675825}
{"completed": "mixed_ema_spans_2025_btc29_eth27_e15_x30_b0.03_btc0.675", "return3_pct": 56.63132249824001, "minute_DD3_pct": 14.429730230764005}
READ_ONLY_RESULT:filtered_span_2025_combo_e15_b0.03_x30_s29_btc0.675
READ_ONLY_RESULT:filtered_span_2026_combo_e15_b0.03_x30_s25_btc0.675
{"completed": "mixed_ema_spans_2026_btc25_eth27_e15_x30_b0.03_btc0.675", "return3_pct": 25.16625208708001, "minute_DD3_pct": 12.241543810651045}
{"completed": "mixed_ema_spans_2026_btc25_eth29_e15_x30_b0.03_btc0.675", "return3_pct": 24.65344873238, "minute_DD3_pct": 12.577629495298748}
{"completed": "mixed_ema_spans_2026_btc27_eth25_e15_x30_b0.03_btc0.675", "return3_pct": 25.16625208708001, "minute_DD3_pct": 12.241543810651045}
READ_ONLY_RESULT:filtered_span_2026_combo_e15_b0.03_x30_s27_btc0.675
{"completed": "mixed_ema_spans_2026_btc27_eth29_e15_x30_b0.03_btc0.675", "return3_pct": 24.65344873238, "minute_DD3_pct": 12.577629495298748}
{"completed": "mixed_ema_spans_2026_btc29_eth25_e15_x30_b0.03_btc0.675", "return3_pct": 25.16625208708001, "minute_DD3_pct": 12.241543810651045}
{"completed": "mixed_ema_spans_2026_btc29_eth27_e15_x30_b0.03_btc0.675", "return3_pct": 25.16625208708001, "minute_DD3_pct": 12.241543810651045}
READ_ONLY_RESULT:filtered_span_2026_combo_e15_b0.03_x30_s29_btc0.675
PASS:all36 NEW mixed-EMA-spans cost scenes exactly reproduced;18 EXISTING scenes read-only verified;full report reproduced;ledger unchanged
{"passed": true, "source_component_scenes_rebuilt": 36, "mixed_channel_cost_scenes_audited": 54, "mixed_channel_NAV_points_audited": 14006628, "report_sha256": "4d1dd5b59938436c442c5ae9c2b8ef541f81ed3ef717b97598aa23be85f24a92", "forward_report_sha256": "ad32bea707a44953e8e1fc080cc1b34c2e680bdfdae5b19f11d8aec2f447e4cc", "frozen_forward_plan_unchanged": true}
{"passed": true, "forward_scenes": 9, "new_closed_marks_per_asset": 120, "cumulative_minutes": 9299, "complete_days": 6, "NAV_points_per_scene": 9307, "original_NAV_prefix": 9187, "new_daily_decisions": 0, "new_reference_points": 0, "new_executions": 0, "original_cash_units_desired_trades_costs_unchanged": true, "next_daily_decision_utc": "2026-10-09T00:01:00Z", "report_sha256": "ad32bea707a44953e8e1fc080cc1b34c2e680bdfdae5b19f11d8aec2f447e4cc"}
PASS: new parameters/weights and missing-result retries are allowed; exact/reordered completed trials stay blocked
