READ_ONLY_EXACT filtered_span_2025_combo_e15_b0.03_x30_s25_btc0.675
mixed_ema_spans_2025_btc25_eth27_e15_x30_b0.03_btc0.675 0 0fa3d8c77bf7deab945249eac5a8ebee04aea6fc8fd9eb7ee655d8df0075066d
mixed_ema_spans_2025_btc25_eth29_e15_x30_b0.03_btc0.675 0 97c0359c3f28c5fbb2bccd46e622dd6074cc863d287995df6b79df7ad2f92fbc
mixed_ema_spans_2025_btc27_eth25_e15_x30_b0.03_btc0.675 0 7093d745e3bb13e96f0aa56ebe859e4e3ecdf9ac14c37a66e1e38391b6b70a47
READ_ONLY_EXACT filtered_span_2025_combo_e15_b0.03_x30_s27_btc0.675
mixed_ema_spans_2025_btc27_eth29_e15_x30_b0.03_btc0.675 0 2ace0d85f5fd781f2c9388ca396e7ba2f6c9f5900f584771d676794c2dee5f73
mixed_ema_spans_2025_btc29_eth25_e15_x30_b0.03_btc0.675 0 53dd44f73e3bfa8006e8c0beb550cccea4013ae367ef0e76366603b6c8965da5
mixed_ema_spans_2025_btc29_eth27_e15_x30_b0.03_btc0.675 0 9505dbbd3e02d87f693a01ed0318bb78ebc25db532e39a2932ba316d96c82c99
READ_ONLY_EXACT filtered_span_2025_combo_e15_b0.03_x30_s29_btc0.675
READ_ONLY_EXACT filtered_span_2026_combo_e15_b0.03_x30_s25_btc0.675
mixed_ema_spans_2026_btc25_eth27_e15_x30_b0.03_btc0.675 0 f1856f1ac86c4ef82ca4b2c173af60cca937a20149eacc35a8edcb1ea6d558e2
mixed_ema_spans_2026_btc25_eth29_e15_x30_b0.03_btc0.675 0 8d025e58e1a7310511a6b5ee1b6b02d8a6c8830a5deac2c3acf3ffc6339f1c0d
mixed_ema_spans_2026_btc27_eth25_e15_x30_b0.03_btc0.675 0 6f7f8a4f6df96eeb8138d17f827ca940b589b7391fe75795a0af377e8c520325
READ_ONLY_EXACT filtered_span_2026_combo_e15_b0.03_x30_s27_btc0.675
mixed_ema_spans_2026_btc27_eth29_e15_x30_b0.03_btc0.675 0 b907f6a9d6f39182470ca5629a6943b492256c857caa96d5991046dcf2d47172
mixed_ema_spans_2026_btc29_eth25_e15_x30_b0.03_btc0.675 0 ae089d0b03ade3525e352a53fa3fc931076f20a1c83b831f7fbd389518f310ea
mixed_ema_spans_2026_btc29_eth27_e15_x30_b0.03_btc0.675 0 54bf84f96b4e4140c697ee5f773a9ff5d91c3f03ceeb67cc4cfb8ca82154e1c3
READ_ONLY_EXACT filtered_span_2026_combo_e15_b0.03_x30_s29_btc0.675
forward_snapshot_BTC 0 9feaf60325780ad7eadce0a9531f6437ef0e38964337ed6980ae8a291476c5a8
forward_snapshot_ETH 0 42256745c4c1add159b602cdb455a6d00595f9ec6cf142bc5a0422054f05c31e
forward_snapshot_combo 0 08d243dd09b33fc95eccf426a13dcbd707011a3467ea52cf920162567964fd71
PASS:12new portfolios+3legacy cutoffs reserved;6old diagonals and12funded components read-only.
