RECOVER_EXISTING_PENDING_RESULT:channel_alloc_2025_BTC_e10_x30_c1150:1
RECOVER_EXISTING_PENDING_RESULT:channel_alloc_2025_BTC_e10_x30_c1150:2
RECOVER_EXISTING_PENDING_RESULT:channel_alloc_2025_BTC_e10_x30_c1150:3
{"completed": "channel_alloc_2025_BTC_e10_x30_c1150", "return1": 14.32215867969564, "return3": 11.968910061130433, "minute_DD3": 14.735619159523083}
READ_ONLY_RESULT:channel_alloc_2025_BTC_e10_x30_c1200
{"completed": "channel_alloc_2025_BTC_e10_x30_c1250", "return1": 14.334289053119997, "return3": 11.957040251840013, "minute_DD3": 14.739092626063165}
{"completed": "channel_alloc_2025_BTC_e15_x30_c1150", "return1": 10.75647897033043, "return3": 8.462959459486964, "minute_DD3": 14.52787909013795}
READ_ONLY_RESULT:channel_alloc_2025_BTC_e15_x30_c1200
{"completed": "channel_alloc_2025_BTC_e15_x30_c1250", "return1": 10.762077603623998, "return3": 8.465061312479992, "minute_DD3": 14.529382553909775}
{"completed": "channel_alloc_2025_BTC_e20_x30_c1150", "return1": 18.070475220243477, "return3": 16.224678602834786, "minute_DD3": 12.127514024524455}
READ_ONLY_RESULT:channel_alloc_2025_BTC_e20_x30_c1200
{"completed": "channel_alloc_2025_BTC_e20_x30_c1250", "return1": 18.06825978836799, "return3": 16.22738638685599, "minute_DD3": 12.129274260708067}
{"completed": "channel_alloc_2025_ETH_e10_x30_c850", "return1": 118.41481275741175, "return3": 114.99108146588237, "minute_DD3": 20.248764085191805}
READ_ONLY_RESULT:channel_alloc_2025_ETH_e10_x30_c800
{"completed": "channel_alloc_2025_ETH_e10_x30_c750", "return1": 118.40245029280001, "return3": 114.97855349866666, "minute_DD3": 20.24642216985768}
{"completed": "channel_alloc_2025_ETH_e15_x30_c850", "return1": 115.9563938222353, "return3": 112.55223411376471, "minute_DD3": 20.247265691464843}
READ_ONLY_RESULT:channel_alloc_2025_ETH_e15_x30_c800
{"completed": "channel_alloc_2025_ETH_e15_x30_c750", "return1": 115.96466752146668, "return3": 112.5596979964, "minute_DD3": 20.246817065996137}
{"completed": "channel_alloc_2025_ETH_e20_x30_c850", "return1": 136.45083572329412, "return3": 133.94265130552944, "minute_DD3": 20.832321179152835}
READ_ONLY_RESULT:channel_alloc_2025_ETH_e20_x30_c800
{"completed": "channel_alloc_2025_ETH_e20_x30_c750", "return1": 136.42550589466666, "return3": 133.9548942616, "minute_DD3": 20.833351291144698}
{"completed": "channel_alloc_2025_combo_e10_x30_btc0.575", "return1": 58.56153666272499, "return3": 55.753332908150014, "minute_DD3": 14.398388501300897}
READ_ONLY_RESULT:channel_alloc_2025_combo_e10_x30_btc0.6
{"completed": "channel_alloc_2025_combo_e10_x30_btc0.625", "return1": 53.35984951800001, "return3": 50.590107719400024, "minute_DD3": 14.171550880645711}
{"completed": "channel_alloc_2025_combo_e15_x30_btc0.575", "return1": 55.46644278239001, "return3": 52.70090118755502, "minute_DD3": 14.804244486312045}
READ_ONLY_RESULT:channel_alloc_2025_combo_e15_x30_btc0.6
{"completed": "channel_alloc_2025_combo_e15_x30_btc0.625", "return1": 50.21304882281501, "return3": 47.50055006895, "minute_DD3": 14.268837038961301}
{"completed": "channel_alloc_2025_combo_e20_x30_btc0.575", "return1": 68.38212843403998, "return3": 66.25481700147999, "minute_DD3": 15.362735687383644}
READ_ONLY_RESULT:channel_alloc_2025_combo_e20_x30_btc0.6
{"completed": "channel_alloc_2025_combo_e20_x30_btc0.625", "return1": 62.452227078229996, "return3": 60.37520183988499, "minute_DD3": 14.822166649949242}
{"completed": "channel_alloc_2026_BTC_e10_x30_c1150", "return1": 22.502968769, "return3": 20.603504439860878, "minute_DD3": 18.930456711111642}
READ_ONLY_RESULT:channel_alloc_2026_BTC_e10_x30_c1200
{"completed": "channel_alloc_2026_BTC_e10_x30_c1250", "return1": 22.508594683280016, "return3": 20.599282925671993, "minute_DD3": 18.935348753382563}
{"completed": "channel_alloc_2026_BTC_e15_x30_c1150", "return1": 25.233514545217382, "return3": 23.936646615252187, "minute_DD3": 13.06685461199686}
READ_ONLY_RESULT:channel_alloc_2026_BTC_e15_x30_c1200
{"completed": "channel_alloc_2026_BTC_e15_x30_c1250", "return1": 25.242699247119994, "return3": 23.935962723664005, "minute_DD3": 13.065341017578547}
{"completed": "channel_alloc_2026_BTC_e20_x30_c1150", "return1": 23.350350342991288, "return3": 22.07027367958261, "minute_DD3": 13.347428216436597}
READ_ONLY_RESULT:channel_alloc_2026_BTC_e20_x30_c1200
{"completed": "channel_alloc_2026_BTC_e20_x30_c1250", "return1": 23.35359986619199, "return3": 22.064439350087994, "minute_DD3": 13.344761233210411}
{"completed": "channel_alloc_2026_ETH_e10_x30_c850", "return1": 20.949492971176475, "return3": 19.04980933941176, "minute_DD3": 24.32734523893866}
READ_ONLY_RESULT:channel_alloc_2026_ETH_e10_x30_c800
{"completed": "channel_alloc_2026_ETH_e10_x30_c750", "return1": 20.951605495333325, "return3": 19.056947532000002, "minute_DD3": 24.32606397949233}
{"completed": "channel_alloc_2026_ETH_e15_x30_c850", "return1": 38.79278623035294, "return3": 37.33660252894116, "minute_DD3": 12.702294929937352}
READ_ONLY_RESULT:channel_alloc_2026_ETH_e15_x30_c800
{"completed": "channel_alloc_2026_ETH_e15_x30_c750", "return1": 38.79492785493333, "return3": 37.34476210133335, "minute_DD3": 12.701643474744351}
{"completed": "channel_alloc_2026_ETH_e20_x30_c850", "return1": 35.65454605388234, "return3": 34.2329685364706, "minute_DD3": 14.674604905772714}
READ_ONLY_RESULT:channel_alloc_2026_ETH_e20_x30_c800
{"completed": "channel_alloc_2026_ETH_e20_x30_c750", "return1": 35.65922486333333, "return3": 34.235553429999996, "minute_DD3": 14.67364800201132}
{"completed": "channel_alloc_2026_combo_e10_x30_btc0.575", "return1": 21.842741554924984, "return3": 19.94318402216999, "minute_DD3": 20.449347488875482}
READ_ONLY_RESULT:channel_alloc_2026_combo_e10_x30_btc0.6
{"completed": "channel_alloc_2026_combo_e10_x30_btc0.625", "return1": 21.92472373780001, "return3": 20.02090715304501, "minute_DD3": 20.23861486508537}
{"completed": "channel_alloc_2026_combo_e15_x30_btc0.575", "return1": 30.996205011400015, "return3": 29.631627878569986, "minute_DD3": 12.32230457491994}
READ_ONLY_RESULT:channel_alloc_2026_combo_e15_x30_btc0.6
{"completed": "channel_alloc_2026_combo_e15_x30_btc0.625", "return1": 30.32478497504998, "return3": 28.964262490290004, "minute_DD3": 12.410318240714979}
{"completed": "channel_alloc_2026_combo_e20_x30_btc0.575", "return1": 28.579633520119984, "return3": 27.23941899375999, "minute_DD3": 11.206263063466126}
READ_ONLY_RESULT:channel_alloc_2026_combo_e20_x30_btc0.6
{"completed": "channel_alloc_2026_combo_e20_x30_btc0.625", "return1": 27.96820924012, "return3": 26.628607130054995, "minute_DD3": 11.416508121592528}
{"new_configs": 36, "new_component_configs": 24, "new_combination_configs": 12, "new_cost_scenes": 108, "new_minute_NAV_points": 28013256, "reused_grid_configs": 18, "reused_cost_scenes": 54, "grid_configs": 54, "grid_cost_scenes": 162, "positive_1x": 36, "positive_3x": 36, "grid_positive_1x": 54, "grid_positive_3x": 54, "passed": ["channel_alloc_2025_BTC_e10_x30_c1150", "channel_alloc_2025_BTC_e10_x30_c1250", "channel_alloc_2025_BTC_e15_x30_c1150", "channel_alloc_2025_BTC_e15_x30_c1250", "channel_alloc_2025_BTC_e20_x30_c1150", "channel_alloc_2025_BTC_e20_x30_c1250", "channel_alloc_2025_ETH_e10_x30_c850", "channel_alloc_2025_ETH_e10_x30_c750", "channel_alloc_2025_ETH_e15_x30_c850", "channel_alloc_2025_ETH_e15_x30_c750", "channel_alloc_2025_ETH_e20_x30_c850", "channel_alloc_2025_ETH_e20_x30_c750", "channel_alloc_2025_combo_e10_x30_btc0.575", "channel_alloc_2025_combo_e10_x30_btc0.625", "channel_alloc_2025_combo_e15_x30_btc0.575", "channel_alloc_2025_combo_e15_x30_btc0.625", "channel_alloc_2025_combo_e20_x30_btc0.575", "channel_alloc_2025_combo_e20_x30_btc0.625", "channel_alloc_2026_BTC_e15_x30_c1150", "channel_alloc_2026_BTC_e15_x30_c1250", "channel_alloc_2026_combo_e15_x30_btc0.575", "channel_alloc_2026_combo_e15_x30_btc0.625", "channel_alloc_2026_combo_e20_x30_btc0.575", "channel_alloc_2026_combo_e20_x30_btc0.625"], "rejected": ["channel_alloc_2026_BTC_e10_x30_c1150", "channel_alloc_2026_BTC_e10_x30_c1250", "channel_alloc_2026_BTC_e20_x30_c1150", "channel_alloc_2026_BTC_e20_x30_c1250", "channel_alloc_2026_ETH_e10_x30_c850", "channel_alloc_2026_ETH_e10_x30_c750", "channel_alloc_2026_ETH_e15_x30_c850", "channel_alloc_2026_ETH_e15_x30_c750", "channel_alloc_2026_ETH_e20_x30_c850", "channel_alloc_2026_ETH_e20_x30_c750", "channel_alloc_2026_combo_e10_x30_btc0.575", "channel_alloc_2026_combo_e10_x30_btc0.625"], "grid_passed": ["channel_alloc_2025_BTC_e10_x30_c1150", "channel_alloc_2025_BTC_e10_x30_c1200", "channel_alloc_2025_BTC_e10_x30_c1250", "channel_alloc_2025_BTC_e15_x30_c1150", "channel_alloc_2025_BTC_e15_x30_c1200", "channel_alloc_2025_BTC_e15_x30_c1250", "channel_alloc_2025_BTC_e20_x30_c1150", "channel_alloc_2025_BTC_e20_x30_c1200", "channel_alloc_2025_BTC_e20_x30_c1250", "channel_alloc_2025_ETH_e10_x30_c850", "channel_alloc_2025_ETH_e10_x30_c800", "channel_alloc_2025_ETH_e10_x30_c750", "channel_alloc_2025_ETH_e15_x30_c850", "channel_alloc_2025_ETH_e15_x30_c800", "channel_alloc_2025_ETH_e15_x30_c750", "channel_alloc_2025_ETH_e20_x30_c850", "channel_alloc_2025_ETH_e20_x30_c800", "channel_alloc_2025_ETH_e20_x30_c750", "channel_alloc_2025_combo_e10_x30_btc0.575", "channel_alloc_2025_combo_e10_x30_btc0.6", "channel_alloc_2025_combo_e10_x30_btc0.625", "channel_alloc_2025_combo_e15_x30_btc0.575", "channel_alloc_2025_combo_e15_x30_btc0.6", "channel_alloc_2025_combo_e15_x30_btc0.625", "channel_alloc_2025_combo_e20_x30_btc0.575", "channel_alloc_2025_combo_e20_x30_btc0.6", "channel_alloc_2025_combo_e20_x30_btc0.625", "channel_alloc_2026_BTC_e15_x30_c1150", "channel_alloc_2026_BTC_e15_x30_c1200", "channel_alloc_2026_BTC_e15_x30_c1250", "channel_alloc_2026_combo_e15_x30_btc0.575", "channel_alloc_2026_combo_e15_x30_btc0.6", "channel_alloc_2026_combo_e15_x30_btc0.625", "channel_alloc_2026_combo_e20_x30_btc0.575", "channel_alloc_2026_combo_e20_x30_btc0.6", "channel_alloc_2026_combo_e20_x30_btc0.625"], "both_periods_passed_combination_pairs": [["channel_alloc_2025_combo_e15_x30_btc0.575", "channel_alloc_2026_combo_e15_x30_btc0.575"], ["channel_alloc_2025_combo_e15_x30_btc0.6", "channel_alloc_2026_combo_e15_x30_btc0.6"], ["channel_alloc_2025_combo_e15_x30_btc0.625", "channel_alloc_2026_combo_e15_x30_btc0.625"], ["channel_alloc_2025_combo_e20_x30_btc0.575", "channel_alloc_2026_combo_e20_x30_btc0.575"], ["channel_alloc_2025_combo_e20_x30_btc0.6", "channel_alloc_2026_combo_e20_x30_btc0.6"], ["channel_alloc_2025_combo_e20_x30_btc0.625", "channel_alloc_2026_combo_e20_x30_btc0.625"]], "new_both_periods_passed_combination_pairs": [["channel_alloc_2025_combo_e15_x30_btc0.575", "channel_alloc_2026_combo_e15_x30_btc0.575"], ["channel_alloc_2025_combo_e15_x30_btc0.625", "channel_alloc_2026_combo_e15_x30_btc0.625"], ["channel_alloc_2025_combo_e20_x30_btc0.575", "channel_alloc_2026_combo_e20_x30_btc0.575"], ["channel_alloc_2025_combo_e20_x30_btc0.625", "channel_alloc_2026_combo_e20_x30_btc0.625"]], "actual_component_fills": 396, "audited_component_fills": 594, "reused_ledger_records_untouched": true, "new_live_orders": 0}
