channel_alloc_2025_BTC_e10_x30_c1150 0 d9f715d0fbfb2405a04f48dbc43c655371e89b1c5e2472b1ca5418afa877ca42
READ_ONLY_EXACT channel_alloc_2025_BTC_e10_x30_c1200
channel_alloc_2025_BTC_e10_x30_c1250 0 279ff8d9611334fbd83627d1fb2520f57115b5de0e017bc6d3d2829ce5c374d6
channel_alloc_2025_BTC_e15_x30_c1150 0 14bc618341c1a8ae32f0bca7c6508d41423c37db6641e47f96cf82439ee019e7
READ_ONLY_EXACT channel_alloc_2025_BTC_e15_x30_c1200
channel_alloc_2025_BTC_e15_x30_c1250 0 b9f93c84716641458f50adff63737af989f2729025ce8dfaba2a8c1b80155eb8
channel_alloc_2025_BTC_e20_x30_c1150 0 e1f1f0ce6fdaf9b3004256c1a6358f671710003db1dab91f3df22c8c6f8f8c2c
READ_ONLY_EXACT channel_alloc_2025_BTC_e20_x30_c1200
channel_alloc_2025_BTC_e20_x30_c1250 0 5e2f30e87fc829ead80566186274664f4c80aa5566f0bae4a8ec22c64c3d73b3
channel_alloc_2025_ETH_e10_x30_c850 0 b47b8e1902e5d57477ab16ca24c8461262a16da84fe0e4810864693a19fbac4d
READ_ONLY_EXACT channel_alloc_2025_ETH_e10_x30_c800
channel_alloc_2025_ETH_e10_x30_c750 0 79ead0519f7fec3cdbc937d556b4c1c4e667198b3d5cb70be7f4e979f5cbd219
channel_alloc_2025_ETH_e15_x30_c850 0 91ece1b19745323843fd07ee692821ea081887c242833b6e53528a79ab4c45a9
READ_ONLY_EXACT channel_alloc_2025_ETH_e15_x30_c800
channel_alloc_2025_ETH_e15_x30_c750 0 b99daa8f30d43974bdc332c6bda569e60aa705e06f3c826139365ecbbdd318ad
channel_alloc_2025_ETH_e20_x30_c850 0 6d41a35f5ee593ecb720a990286e1e1b0610129b2b2a32f1417c408d000c9dec
READ_ONLY_EXACT channel_alloc_2025_ETH_e20_x30_c800
channel_alloc_2025_ETH_e20_x30_c750 0 e5e5f38b8b90d88e1cbd9bb3bb5c3eea07d063d85fdcbd008a5677edb6c5c9d8
channel_alloc_2025_combo_e10_x30_btc0.575 0 7730b663af4664ee6c2c71eaaecbdef572ec86a4a68338b12d0ca5cb9879c5e3
READ_ONLY_EXACT channel_alloc_2025_combo_e10_x30_btc0.6
channel_alloc_2025_combo_e10_x30_btc0.625 0 76a935d129a6b0dff0b7658d6c0cbda06882e5a1ab56b665a53f494c7ada4f12
channel_alloc_2025_combo_e15_x30_btc0.575 0 765b1879a98774b52ade8fa528c70425481c3cce83b51a053ccc94a4df011f71
READ_ONLY_EXACT channel_alloc_2025_combo_e15_x30_btc0.6
channel_alloc_2025_combo_e15_x30_btc0.625 0 6da1394506c247f5d33e15d097c7905c06ce7bcdd0fc23c8f4866b4b8414e2c2
channel_alloc_2025_combo_e20_x30_btc0.575 0 9a0fc1adfc7474ca9e5353a610ea3a7f294d5aad7eace48f85bab606592dd5b8
READ_ONLY_EXACT channel_alloc_2025_combo_e20_x30_btc0.6
channel_alloc_2025_combo_e20_x30_btc0.625 0 4eb7f6bed3af13924b79e58bd8b9555ae435210ae595966f2dcd8fd5f8b24e61
channel_alloc_2026_BTC_e10_x30_c1150 0 c48addcb8be152c022b015307b7204db09094fab19c8b6eb7a7e392cffd0b9c6
READ_ONLY_EXACT channel_alloc_2026_BTC_e10_x30_c1200
channel_alloc_2026_BTC_e10_x30_c1250 0 a9ff425a9136cc6e0f8437a8d9bca00801848266f7e600bdb02449796e4030d8
channel_alloc_2026_BTC_e15_x30_c1150 0 2e8cfbab03aee271747cec7058d8f1482229a308aeafd5e0787da9c52c735795
READ_ONLY_EXACT channel_alloc_2026_BTC_e15_x30_c1200
channel_alloc_2026_BTC_e15_x30_c1250 0 6caa0a67264f3c03014d53f7b0f958a8c03502fbbdd04275f1864147254d7419
channel_alloc_2026_BTC_e20_x30_c1150 0 02aaf9223ae159f3bba66cd22a2a9e4bc86badbf8cce01dd4403103d216072d8
READ_ONLY_EXACT channel_alloc_2026_BTC_e20_x30_c1200
channel_alloc_2026_BTC_e20_x30_c1250 0 33fcd22cc62626def6450672c50be30dfacbe1be3e29016c61a42a7577d08ff5
channel_alloc_2026_ETH_e10_x30_c850 0 e521638f4a854afc88e8dc7c31a256b5de2c4059dc2e0c6697de0e9ac65dbe88
READ_ONLY_EXACT channel_alloc_2026_ETH_e10_x30_c800
channel_alloc_2026_ETH_e10_x30_c750 0 0cb0450d3ca2e69ce74fc3453d17eb0897370ddf04760fcd74372d4835aca847
channel_alloc_2026_ETH_e15_x30_c850 0 77dc9299a7e529ea30a90386cc6826606c059bb71c88bb9edb12b3f03f7a7910
READ_ONLY_EXACT channel_alloc_2026_ETH_e15_x30_c800
channel_alloc_2026_ETH_e15_x30_c750 0 8afcee135425817d96f24f6b0a79c88d6ed43ed86a3a794f10f4eafc6df8cee0
channel_alloc_2026_ETH_e20_x30_c850 0 e06df7710c1c8bf1791feb14740f44e55a7f524118974b310c13392b5358200c
READ_ONLY_EXACT channel_alloc_2026_ETH_e20_x30_c800
channel_alloc_2026_ETH_e20_x30_c750 0 8cefb1d3ef86a773484729891df0f27d3f2394341ef1be2fdca7b965d77a3fa4
channel_alloc_2026_combo_e10_x30_btc0.575 0 b3367ba76c6fc2823c713e53b6bf02cafee6172aa89875637190ab9c420cc204
READ_ONLY_EXACT channel_alloc_2026_combo_e10_x30_btc0.6
channel_alloc_2026_combo_e10_x30_btc0.625 0 f584e48d7afaa9be8ca687ece0df503b8cec26d2ab75e6a8adf42b6e3bc06a73
channel_alloc_2026_combo_e15_x30_btc0.575 0 d3726093be48589cdfe5a224a00185aaaadedbfe49b60d1ab6f8f54149c0a523
READ_ONLY_EXACT channel_alloc_2026_combo_e15_x30_btc0.6
channel_alloc_2026_combo_e15_x30_btc0.625 0 2f9ceadd1544c0010be677047169e85aa1f76bbcaa428844368125c2860e1942
channel_alloc_2026_combo_e20_x30_btc0.575 0 333aaf23e8c27fb6553aaf80e02161ab53fd7faf0e0a324bd2887d61c4f29103
READ_ONLY_EXACT channel_alloc_2026_combo_e20_x30_btc0.6
channel_alloc_2026_combo_e20_x30_btc0.625 0 b949c0b498c8095d4872f1cd45d2fc4c72152523f7579bf1debf4cdedd91c86f
forward_snapshot_BTC 0 f94468267243a3ece6ab36f1616893d99debe79ebdca9dfd351f10d7d8d5d369
forward_snapshot_ETH 0 ba2ffde7f31b7039c2f2f138c2a8aac38fddf4fa901abb1e6423eaf5ee74ecda
forward_snapshot_combo 0 2f79b59c2e22dec32e8eb45205727dea69158e159190bd9a10439f35a29a14ab
PASS:36new actual-capital historical and3new cutoff definitions reserved;18old exact anchors read-only.
