{"name": "native_B0_BTC_h8", "cost": 1, "net_return_pct": -0.196772358, "max_drawdown_pct": 0.196772, "executions": 4, "status": "completed"}
{"name": "native_B0_BTC_h8", "cost": 2, "net_return_pct": -0.391744704, "max_drawdown_pct": 0.391745, "executions": 4, "status": "completed"}
{"name": "native_B0_BTC_h8", "cost": 3, "net_return_pct": -0.586723056, "max_drawdown_pct": 0.586723, "executions": 4, "status": "completed"}
{"name": "native_B0_BTC_h24", "cost": 1, "net_return_pct": -0.194910252, "max_drawdown_pct": 0.19491, "executions": 4, "status": "completed"}
{"name": "native_B0_BTC_h24", "cost": 2, "net_return_pct": -0.3889621958, "max_drawdown_pct": 0.388962, "executions": 4, "status": "completed"}
{"name": "native_B0_BTC_h24", "cost": 3, "net_return_pct": -0.5830214176, "max_drawdown_pct": 0.583021, "executions": 4, "status": "completed"}
{"name": "B0_BTC_h8_f0.25", "cost": 1, "net_return_pct": -37.01943891403276, "max_drawdown_pct": 37.01943891403276, "round_trips": 448, "executions": 1792}
{"name": "B0_BTC_h8_f0.25", "cost": 2, "net_return_pct": -60.26556745701272, "max_drawdown_pct": 60.26556745701272, "round_trips": 448, "executions": 1792}
{"name": "B0_BTC_h8_f0.25", "cost": 3, "net_return_pct": -60.33302409239618, "max_drawdown_pct": 60.33302409239618, "round_trips": 298, "executions": 1192}
{"name": "B0_BTC_h8_f0.45", "cost": 1, "net_return_pct": -28.225051836948232, "max_drawdown_pct": 28.225051836948232, "round_trips": 175, "executions": 700}
{"name": "B0_BTC_h8_f0.45", "cost": 2, "net_return_pct": -14.742230946256097, "max_drawdown_pct": 14.742230946256097, "round_trips": 42, "executions": 168}
{"name": "B0_BTC_h8_f0.45", "cost": 3, "net_return_pct": -13.799471072897795, "max_drawdown_pct": 13.799471072897795, "round_trips": 26, "executions": 104}
{"name": "B0_BTC_h24_f0.25", "cost": 1, "net_return_pct": -15.18803389273151, "max_drawdown_pct": 15.18803389273151, "round_trips": 161, "executions": 644}
{"name": "B0_BTC_h24_f0.25", "cost": 2, "net_return_pct": -28.3419279664609, "max_drawdown_pct": 28.3419279664609, "round_trips": 161, "executions": 644}
{"name": "B0_BTC_h24_f0.25", "cost": 3, "net_return_pct": -39.42995194500041, "max_drawdown_pct": 39.42995194500041, "round_trips": 161, "executions": 644}
{"name": "B0_BTC_h24_f0.45", "cost": 1, "net_return_pct": -13.012600843955846, "max_drawdown_pct": 13.012600843955846, "round_trips": 74, "executions": 296}
{"name": "B0_BTC_h24_f0.45", "cost": 2, "net_return_pct": -6.624580049722462, "max_drawdown_pct": 6.624580049722462, "round_trips": 18, "executions": 72}
{"name": "B0_BTC_h24_f0.45", "cost": 3, "net_return_pct": -6.103869234357806, "max_drawdown_pct": 6.103869234357806, "round_trips": 11, "executions": 44}
{"name": "B0_BTC_h48_f0.25", "cost": 1, "net_return_pct": -7.846076459283468, "max_drawdown_pct": 7.846076459283468, "round_trips": 82, "executions": 328}
{"name": "B0_BTC_h48_f0.25", "cost": 2, "net_return_pct": -15.523357021227424, "max_drawdown_pct": 15.523357021227424, "round_trips": 82, "executions": 328}
{"name": "B0_BTC_h48_f0.25", "cost": 3, "net_return_pct": -22.536403325792833, "max_drawdown_pct": 22.536403325792833, "round_trips": 82, "executions": 328}
{"name": "B0_BTC_h48_f0.45", "cost": 1, "net_return_pct": -7.039222573681658, "max_drawdown_pct": 7.039222573681658, "round_trips": 39, "executions": 156}
{"name": "B0_BTC_h48_f0.45", "cost": 2, "net_return_pct": -13.209931308373601, "max_drawdown_pct": 13.209931308373601, "round_trips": 37, "executions": 148}
{"name": "B0_BTC_h48_f0.45", "cost": 3, "net_return_pct": -5.097720593280397, "max_drawdown_pct": 5.097720593280397, "round_trips": 9, "executions": 36}
{"name": "native_B0_ETH_h8", "cost": 1, "net_return_pct": -0.1952638624, "max_drawdown_pct": 0.195264, "executions": 4, "status": "completed"}
{"name": "native_B0_ETH_h8", "cost": 2, "net_return_pct": -0.3934392249, "max_drawdown_pct": 0.393439, "executions": 4, "status": "completed"}
{"name": "native_B0_ETH_h8", "cost": 3, "net_return_pct": -0.5916145873, "max_drawdown_pct": 0.591615, "executions": 4, "status": "completed"}
{"name": "native_B0_ETH_h24", "cost": 1, "net_return_pct": -0.1850071285, "max_drawdown_pct": 0.185007, "executions": 4, "status": "completed"}
{"name": "native_B0_ETH_h24", "cost": 2, "net_return_pct": -0.3789474178, "max_drawdown_pct": 0.378947, "executions": 4, "status": "completed"}
{"name": "native_B0_ETH_h24", "cost": 3, "net_return_pct": -0.5728895705, "max_drawdown_pct": 0.57289, "executions": 4, "status": "completed"}
{"name": "B0_ETH_h8_f0.25", "cost": 1, "net_return_pct": -37.855580507881605, "max_drawdown_pct": 37.855580507881605, "round_trips": 448, "executions": 1792}
{"name": "B0_ETH_h8_f0.25", "cost": 2, "net_return_pct": -48.89104984314867, "max_drawdown_pct": 48.89104984314867, "round_trips": 315, "executions": 1260}
{"name": "B0_ETH_h8_f0.25", "cost": 3, "net_return_pct": -49.88797643847603, "max_drawdown_pct": 49.88797643847603, "round_trips": 216, "executions": 864}
{"name": "B0_ETH_h8_f0.45", "cost": 1, "net_return_pct": -2.1145961013247505, "max_drawdown_pct": 2.1145961013247505, "round_trips": 11, "executions": 44}
{"name": "B0_ETH_h8_f0.45", "cost": 2, "net_return_pct": -3.033502054155124, "max_drawdown_pct": 3.033502054155124, "round_trips": 8, "executions": 32}
{"name": "B0_ETH_h8_f0.45", "cost": 3, "net_return_pct": -5.1174334672078885, "max_drawdown_pct": 5.1174334672078885, "round_trips": 9, "executions": 36}
{"name": "B0_ETH_h24_f0.25", "cost": 1, "net_return_pct": -15.624230715153931, "max_drawdown_pct": 15.624230715153931, "round_trips": 161, "executions": 644}
{"name": "B0_ETH_h24_f0.25", "cost": 2, "net_return_pct": -29.040970135139055, "max_drawdown_pct": 29.040970135139055, "round_trips": 161, "executions": 644}
{"name": "B0_ETH_h24_f0.25", "cost": 3, "net_return_pct": -40.32073364415258, "max_drawdown_pct": 40.32073364415258, "round_trips": 161, "executions": 644}
{"name": "B0_ETH_h24_f0.45", "cost": 1, "net_return_pct": -0.9617378800805043, "max_drawdown_pct": 0.9617378800805043, "round_trips": 5, "executions": 20}
{"name": "B0_ETH_h24_f0.45", "cost": 2, "net_return_pct": -1.917882443566954, "max_drawdown_pct": 1.917882443566954, "round_trips": 5, "executions": 20}
{"name": "B0_ETH_h24_f0.45", "cost": 3, "net_return_pct": -2.867112397107774, "max_drawdown_pct": 2.867112397107774, "round_trips": 5, "executions": 20}
{"name": "B0_ETH_h48_f0.25", "cost": 1, "net_return_pct": -8.185867441453375, "max_drawdown_pct": 8.185867441453375, "round_trips": 82, "executions": 328}
{"name": "B0_ETH_h48_f0.25", "cost": 2, "net_return_pct": -16.00277830198462, "max_drawdown_pct": 16.00277830198462, "round_trips": 82, "executions": 328}
{"name": "B0_ETH_h48_f0.25", "cost": 3, "net_return_pct": -23.154603656853833, "max_drawdown_pct": 23.154603656853833, "round_trips": 82, "executions": 328}
{"name": "B0_ETH_h48_f0.45", "cost": 1, "net_return_pct": -0.9710090434070673, "max_drawdown_pct": 0.9710090434070673, "round_trips": 5, "executions": 20}
{"name": "B0_ETH_h48_f0.45", "cost": 2, "net_return_pct": -1.942456712862184, "max_drawdown_pct": 1.942456712862184, "round_trips": 5, "executions": 20}
{"name": "B0_ETH_h48_f0.45", "cost": 3, "net_return_pct": -2.9162519666909414, "max_drawdown_pct": 2.9162519666909414, "round_trips": 5, "executions": 20}
{"name": "native_B1_BTC_h8", "cost": 1, "net_return_pct": 0.0, "max_drawdown_pct": 0.0, "executions": 0, "status": "no_trade"}
{"name": "native_B1_BTC_h8", "cost": 2, "net_return_pct": 0.0, "max_drawdown_pct": 0.0, "executions": 0, "status": "no_trade"}
{"name": "native_B1_BTC_h8", "cost": 3, "net_return_pct": 0.0, "max_drawdown_pct": 0.0, "executions": 0, "status": "no_trade"}
{"name": "native_B1_BTC_h24", "cost": 1, "net_return_pct": 0.0, "max_drawdown_pct": 0.0, "executions": 0, "status": "no_trade"}
{"name": "native_B1_BTC_h24", "cost": 2, "net_return_pct": 0.0, "max_drawdown_pct": 0.0, "executions": 0, "status": "no_trade"}
{"name": "native_B1_BTC_h24", "cost": 3, "net_return_pct": 0.0, "max_drawdown_pct": 0.0, "executions": 0, "status": "no_trade"}
{"name": "B1_BTC_h8_b0", "cost": 1, "net_return_pct": 0.0, "max_drawdown_pct": 0.0, "round_trips": 0, "executions": 0}
{"name": "B1_BTC_h8_b0", "cost": 2, "net_return_pct": 0.0, "max_drawdown_pct": 0.0, "round_trips": 0, "executions": 0}
{"name": "B1_BTC_h8_b0", "cost": 3, "net_return_pct": 0.0, "max_drawdown_pct": 0.0, "round_trips": 0, "executions": 0}
{"name": "B1_BTC_h8_b1", "cost": 1, "net_return_pct": 0.0, "max_drawdown_pct": 0.0, "round_trips": 0, "executions": 0}
{"name": "B1_BTC_h8_b1", "cost": 2, "net_return_pct": 0.0, "max_drawdown_pct": 0.0, "round_trips": 0, "executions": 0}
{"name": "B1_BTC_h8_b1", "cost": 3, "net_return_pct": 0.0, "max_drawdown_pct": 0.0, "round_trips": 0, "executions": 0}
{"name": "B1_BTC_h24_b0", "cost": 1, "net_return_pct": 0.0, "max_drawdown_pct": 0.0, "round_trips": 0, "executions": 0}
{"name": "B1_BTC_h24_b0", "cost": 2, "net_return_pct": 0.0, "max_drawdown_pct": 0.0, "round_trips": 0, "executions": 0}
{"name": "B1_BTC_h24_b0", "cost": 3, "net_return_pct": 0.0, "max_drawdown_pct": 0.0, "round_trips": 0, "executions": 0}
{"name": "B1_BTC_h24_b1", "cost": 1, "net_return_pct": 0.0, "max_drawdown_pct": 0.0, "round_trips": 0, "executions": 0}
{"name": "B1_BTC_h24_b1", "cost": 2, "net_return_pct": 0.0, "max_drawdown_pct": 0.0, "round_trips": 0, "executions": 0}
{"name": "B1_BTC_h24_b1", "cost": 3, "net_return_pct": 0.0, "max_drawdown_pct": 0.0, "round_trips": 0, "executions": 0}
{"name": "B1_BTC_h48_b0", "cost": 1, "net_return_pct": 0.0, "max_drawdown_pct": 0.0, "round_trips": 0, "executions": 0}
{"name": "B1_BTC_h48_b0", "cost": 2, "net_return_pct": 0.0, "max_drawdown_pct": 0.0, "round_trips": 0, "executions": 0}
{"name": "B1_BTC_h48_b0", "cost": 3, "net_return_pct": 0.0, "max_drawdown_pct": 0.0, "round_trips": 0, "executions": 0}
{"name": "B1_BTC_h48_b1", "cost": 1, "net_return_pct": 0.0, "max_drawdown_pct": 0.0, "round_trips": 0, "executions": 0}
{"name": "B1_BTC_h48_b1", "cost": 2, "net_return_pct": 0.0, "max_drawdown_pct": 0.0, "round_trips": 0, "executions": 0}
{"name": "B1_BTC_h48_b1", "cost": 3, "net_return_pct": 0.0, "max_drawdown_pct": 0.0, "round_trips": 0, "executions": 0}
{"name": "native_B1_ETH_h8", "cost": 1, "net_return_pct": 0.0, "max_drawdown_pct": 0.0, "executions": 0, "status": "no_trade"}
{"name": "native_B1_ETH_h8", "cost": 2, "net_return_pct": 0.0, "max_drawdown_pct": 0.0, "executions": 0, "status": "no_trade"}
{"name": "native_B1_ETH_h8", "cost": 3, "net_return_pct": 0.0, "max_drawdown_pct": 0.0, "executions": 0, "status": "no_trade"}
{"name": "native_B1_ETH_h24", "cost": 1, "net_return_pct": 0.0, "max_drawdown_pct": 0.0, "executions": 0, "status": "no_trade"}
{"name": "native_B1_ETH_h24", "cost": 2, "net_return_pct": 0.0, "max_drawdown_pct": 0.0, "executions": 0, "status": "no_trade"}
{"name": "native_B1_ETH_h24", "cost": 3, "net_return_pct": 0.0, "max_drawdown_pct": 0.0, "executions": 0, "status": "no_trade"}
{"name": "B1_ETH_h8_b0", "cost": 1, "net_return_pct": 0.0, "max_drawdown_pct": 0.0, "round_trips": 0, "executions": 0}
{"name": "B1_ETH_h8_b0", "cost": 2, "net_return_pct": 0.0, "max_drawdown_pct": 0.0, "round_trips": 0, "executions": 0}
{"name": "B1_ETH_h8_b0", "cost": 3, "net_return_pct": 0.0, "max_drawdown_pct": 0.0, "round_trips": 0, "executions": 0}
{"name": "B1_ETH_h8_b1", "cost": 1, "net_return_pct": 0.0, "max_drawdown_pct": 0.0, "round_trips": 0, "executions": 0}
{"name": "B1_ETH_h8_b1", "cost": 2, "net_return_pct": 0.0, "max_drawdown_pct": 0.0, "round_trips": 0, "executions": 0}
{"name": "B1_ETH_h8_b1", "cost": 3, "net_return_pct": 0.0, "max_drawdown_pct": 0.0, "round_trips": 0, "executions": 0}
{"name": "B1_ETH_h24_b0", "cost": 1, "net_return_pct": 0.0, "max_drawdown_pct": 0.0, "round_trips": 0, "executions": 0}
{"name": "B1_ETH_h24_b0", "cost": 2, "net_return_pct": 0.0, "max_drawdown_pct": 0.0, "round_trips": 0, "executions": 0}
{"name": "B1_ETH_h24_b0", "cost": 3, "net_return_pct": 0.0, "max_drawdown_pct": 0.0, "round_trips": 0, "executions": 0}
{"name": "B1_ETH_h24_b1", "cost": 1, "net_return_pct": 0.0, "max_drawdown_pct": 0.0, "round_trips": 0, "executions": 0}
{"name": "B1_ETH_h24_b1", "cost": 2, "net_return_pct": 0.0, "max_drawdown_pct": 0.0, "round_trips": 0, "executions": 0}
{"name": "B1_ETH_h24_b1", "cost": 3, "net_return_pct": 0.0, "max_drawdown_pct": 0.0, "round_trips": 0, "executions": 0}
{"name": "B1_ETH_h48_b0", "cost": 1, "net_return_pct": 0.0, "max_drawdown_pct": 0.0, "round_trips": 0, "executions": 0}
{"name": "B1_ETH_h48_b0", "cost": 2, "net_return_pct": 0.0, "max_drawdown_pct": 0.0, "round_trips": 0, "executions": 0}
{"name": "B1_ETH_h48_b0", "cost": 3, "net_return_pct": 0.0, "max_drawdown_pct": 0.0, "round_trips": 0, "executions": 0}
{"name": "B1_ETH_h48_b1", "cost": 1, "net_return_pct": 0.0, "max_drawdown_pct": 0.0, "round_trips": 0, "executions": 0}
{"name": "B1_ETH_h48_b1", "cost": 2, "net_return_pct": 0.0, "max_drawdown_pct": 0.0, "round_trips": 0, "executions": 0}
{"name": "B1_ETH_h48_b1", "cost": 3, "net_return_pct": 0.0, "max_drawdown_pct": 0.0, "round_trips": 0, "executions": 0}
{"name": "benchmark_BTC", "cost": 1, "net_return_pct": 2.0437290100159933, "max_drawdown_pct": 13.946876474646984, "round_trips": 1, "executions": 2}
{"name": "benchmark_BTC", "cost": 2, "net_return_pct": 1.9217573059040038, "max_drawdown_pct": 13.954770766935166, "round_trips": 1, "executions": 2}
{"name": "benchmark_BTC", "cost": 3, "net_return_pct": 1.7997995676640066, "max_drawdown_pct": 13.962677029525628, "round_trips": 1, "executions": 2}
{"name": "benchmark_ETH", "cost": 1, "net_return_pct": 1.8643526662600163, "max_drawdown_pct": 17.63072375066701, "round_trips": 1, "executions": 2}
{"name": "benchmark_ETH", "cost": 2, "net_return_pct": 1.740499419399999, "max_drawdown_pct": 17.64108679828401, "round_trips": 1, "executions": 2}
{"name": "benchmark_ETH", "cost": 3, "net_return_pct": 1.616842876879998, "max_drawdown_pct": 17.65146725900695, "round_trips": 1, "executions": 2}
COMPLETED 24 8 2 qualified 0
