PASS:all9 cumulative forward scenes exactly reproduced including2352point prefix/time axis and nextstate;noHTTP or ledger write
{"completed": "filtered_alloc_2025_BTC_e10_s50_c1150", "return1": 20.640398682730442, "return3": 18.754240835373913, "minute_DD3": 12.410611920051373}
READ_ONLY_RESULT:filtered_alloc_2025_BTC_e10_s50_c1200
{"completed": "filtered_alloc_2025_BTC_e10_s50_c1250", "return1": 20.639797346480005, "return3": 18.756071348591984, "minute_DD3": 12.412194172078706}
{"completed": "filtered_alloc_2025_BTC_e15_s50_c1150", "return1": 19.566502962652166, "return3": 17.69726004650436, "minute_DD3": 13.189276957545893}
READ_ONLY_RESULT:filtered_alloc_2025_BTC_e15_s50_c1200
{"completed": "filtered_alloc_2025_BTC_e15_s50_c1250", "return1": 19.565649683840004, "return3": 17.702041072240004, "minute_DD3": 13.192975432596931}
{"completed": "filtered_alloc_2025_BTC_e20_s50_c1150", "return1": 18.49130173290434, "return3": 16.638814487939136, "minute_DD3": 12.127514024524455}
READ_ONLY_RESULT:filtered_alloc_2025_BTC_e20_s50_c1200
{"completed": "filtered_alloc_2025_BTC_e20_s50_c1250", "return1": 18.488765681791985, "return3": 16.641952804056004, "minute_DD3": 12.129274260708067}
{"completed": "filtered_alloc_2025_ETH_e10_s50_c850", "return1": 96.86309602694116, "return3": 94.78340708211763, "minute_DD3": 20.247629394699874}
READ_ONLY_RESULT:filtered_alloc_2025_ETH_e10_s50_c800
{"completed": "filtered_alloc_2025_ETH_e10_s50_c750", "return1": 96.84568032600001, "return3": 94.78279219586665, "minute_DD3": 20.246750741559126}
{"completed": "filtered_alloc_2025_ETH_e15_s50_c850", "return1": 96.86309602694116, "return3": 94.78340708211763, "minute_DD3": 20.247629394699874}
READ_ONLY_RESULT:filtered_alloc_2025_ETH_e15_s50_c800
{"completed": "filtered_alloc_2025_ETH_e15_s50_c750", "return1": 96.84568032600001, "return3": 94.78279219586665, "minute_DD3": 20.246750741559126}
{"completed": "filtered_alloc_2025_ETH_e20_s50_c850", "return1": 95.40309305835295, "return3": 93.35802173741176, "minute_DD3": 20.832395187557562}
READ_ONLY_RESULT:filtered_alloc_2025_ETH_e20_s50_c800
{"completed": "filtered_alloc_2025_ETH_e20_s50_c750", "return1": 95.40852562586666, "return3": 93.35581011933334, "minute_DD3": 20.83143341812077}
{"completed": "filtered_alloc_2025_combo_e10_s50_btc0.575", "return1": 53.03504505401999, "return3": 51.06663649023999, "minute_DD3": 13.884211104000787}
READ_ONLY_RESULT:filtered_alloc_2025_combo_e10_s50_btc0.6
{"completed": "filtered_alloc_2025_combo_e10_s50_btc0.625", "return1": 49.217003463800005, "return3": 47.26609166631999, "minute_DD3": 13.320777503200476}
{"completed": "filtered_alloc_2025_combo_e15_s50_btc0.575", "return1": 52.417555014975, "return3": 50.45887253664001, "minute_DD3": 14.341782665267589}
READ_ONLY_RESULT:filtered_alloc_2025_combo_e15_s50_btc0.6
{"completed": "filtered_alloc_2025_combo_e15_s50_btc0.625", "return1": 48.54566117465002, "return3": 46.6073227436, "minute_DD3": 13.819638213710439}
{"completed": "filtered_alloc_2025_combo_e20_s50_btc0.575", "return1": 51.17881304622001, "return3": 49.244477568964996, "minute_DD3": 14.86690360492785}
READ_ONLY_RESULT:filtered_alloc_2025_combo_e20_s50_btc0.6
{"completed": "filtered_alloc_2025_combo_e20_s50_btc0.625", "return1": 47.333675660819985, "return3": 45.40964929728499, "minute_DD3": 14.339214805021482}
{"completed": "filtered_alloc_2026_BTC_e10_s50_c1150", "return1": 10.500936898060864, "return3": 8.782198929530427, "minute_DD3": 14.597619817914275}
READ_ONLY_RESULT:filtered_alloc_2026_BTC_e10_s50_c1200
{"completed": "filtered_alloc_2026_BTC_e10_s50_c1250", "return1": 10.50768964178399, "return3": 8.779499626895992, "minute_DD3": 14.596571547142268}
{"completed": "filtered_alloc_2026_BTC_e15_s50_c1150", "return1": 10.500936898060864, "return3": 8.782198929530427, "minute_DD3": 14.597619817914275}
READ_ONLY_RESULT:filtered_alloc_2026_BTC_e15_s50_c1200
{"completed": "filtered_alloc_2026_BTC_e15_s50_c1250", "return1": 10.50768964178399, "return3": 8.779499626895992, "minute_DD3": 14.596571547142268}
{"completed": "filtered_alloc_2026_BTC_e20_s50_c1150", "return1": 10.500936898060864, "return3": 8.782198929530427, "minute_DD3": 14.597619817914275}
READ_ONLY_RESULT:filtered_alloc_2026_BTC_e20_s50_c1200
{"completed": "filtered_alloc_2026_BTC_e20_s50_c1250", "return1": 10.50768964178399, "return3": 8.779499626895992, "minute_DD3": 14.596571547142268}
{"completed": "filtered_alloc_2026_ETH_e10_s50_c850", "return1": 29.084150455058833, "return3": 27.733144770588236, "minute_DD3": 14.504455738304923}
READ_ONLY_RESULT:filtered_alloc_2026_ETH_e10_s50_c800
{"completed": "filtered_alloc_2026_ETH_e10_s50_c750", "return1": 29.08370709799999, "return3": 27.74046172639999, "minute_DD3": 14.504235489075734}
{"completed": "filtered_alloc_2026_ETH_e15_s50_c850", "return1": 29.084150455058833, "return3": 27.733144770588236, "minute_DD3": 14.504455738304923}
READ_ONLY_RESULT:filtered_alloc_2026_ETH_e15_s50_c800
{"completed": "filtered_alloc_2026_ETH_e15_s50_c750", "return1": 29.08370709799999, "return3": 27.74046172639999, "minute_DD3": 14.504235489075734}
{"completed": "filtered_alloc_2026_ETH_e20_s50_c850", "return1": 29.084150455058833, "return3": 27.733144770588236, "minute_DD3": 14.504455738304923}
READ_ONLY_RESULT:filtered_alloc_2026_ETH_e20_s50_c800
{"completed": "filtered_alloc_2026_ETH_e20_s50_c750", "return1": 29.08370709799999, "return3": 27.74046172639999, "minute_DD3": 14.504235489075734}
{"completed": "filtered_alloc_2026_combo_e10_s50_btc0.575", "return1": 18.398802659784998, "return3": 16.836350911980013, "minute_DD3": 13.076522379861299}
READ_ONLY_RESULT:filtered_alloc_2026_combo_e10_s50_btc0.6
{"completed": "filtered_alloc_2026_combo_e10_s50_btc0.625", "return1": 17.473696187864984, "return3": 15.889860414209988, "minute_DD3": 13.146802034359217}
{"completed": "filtered_alloc_2026_combo_e15_s50_btc0.575", "return1": 18.398802659784998, "return3": 16.836350911980013, "minute_DD3": 13.076522379861299}
READ_ONLY_RESULT:filtered_alloc_2026_combo_e15_s50_btc0.6
{"completed": "filtered_alloc_2026_combo_e15_s50_btc0.625", "return1": 17.473696187864984, "return3": 15.889860414209988, "minute_DD3": 13.146802034359217}
{"completed": "filtered_alloc_2026_combo_e20_s50_btc0.575", "return1": 18.398802659784998, "return3": 16.836350911980013, "minute_DD3": 13.076522379861299}
READ_ONLY_RESULT:filtered_alloc_2026_combo_e20_s50_btc0.6
{"completed": "filtered_alloc_2026_combo_e20_s50_btc0.625", "return1": 17.473696187864984, "return3": 15.889860414209988, "minute_DD3": 13.146802034359217}
PASS:all108 NEW scenes exactly reproduced and54 EXISTING scenes read-only verified;full54-cell report reproduced;ledger unchanged
{"passed": true, "all_scenes_audited": 162, "new_scenes": 108, "existing_scenes_read_only_audited": 54, "current_or_future_close_perturbations": 72, "NAV_points_audited": 42019884, "joint_channel_pandasEMA_causal_decisions": 19440, "Decimal_fills_independently_checked": 540, "new_actual_fills": 360, "real_minute_data_hashes": 4, "report_sha256": "914bee44805aaf49a30bb3750443f110498bb22cacd71e7755f62eb3bcf336ca", "forward_plan_unchanged": true, "pandas_version": "2.2.3"}
{"passed": true, "forward_scenes": 9, "new_closed_marks_per_asset": 240, "cumulative_minutes": 2349, "complete_days": 1, "NAV_points_per_scene": 2352, "original_NAV_prefix": 2112, "new_daily_decisions": 0, "new_reference_points": 0, "new_executions": 0, "original_cash_units_desired_trades_costs_unchanged": true, "next_daily_decision_utc": "2026-10-04T00:01:00Z", "report_sha256": "2d14a145794f6765490cf2dc6b4d348a0cb7420f856f894ae9cb570537d9c80d"}
PASS: new parameters/weights and missing-result retries are allowed; exact/reordered completed trials stay blocked
