filtered_alloc_2025_BTC_e10_s50_c1150 0 6d40ca6b9445b074405bd43afb68afdcbe637878317bf7c9a9d3d8650df670ce
READ_ONLY_EXACT filtered_alloc_2025_BTC_e10_s50_c1200
filtered_alloc_2025_BTC_e10_s50_c1250 0 2f3be08a142a299d932c935dfea163308a88d6b3b6a7ce9fb9d745ab6d592d0c
filtered_alloc_2025_BTC_e15_s50_c1150 0 2dc86f57c113b246336bff4dedaba9adea74f5d15527f6f1917c24cf28bafe3d
READ_ONLY_EXACT filtered_alloc_2025_BTC_e15_s50_c1200
filtered_alloc_2025_BTC_e15_s50_c1250 0 a4442482ea783affb05e1d16b2058c01050150af936f5c5f7311cc5fa8642f3e
filtered_alloc_2025_BTC_e20_s50_c1150 0 ac22d0ef0cb24662cdce57a665be1292e1e1cd6002c940b7613e072bb27efc05
READ_ONLY_EXACT filtered_alloc_2025_BTC_e20_s50_c1200
filtered_alloc_2025_BTC_e20_s50_c1250 0 a08681a7655f719fbfd31a9ed1f1c7b640eef658d9d889fa78c17ece86bc2275
filtered_alloc_2025_ETH_e10_s50_c850 0 6c64702c67de05c2af9ac4e7147a4934e89c439a9278fa9f4bb413f5fa6479e9
READ_ONLY_EXACT filtered_alloc_2025_ETH_e10_s50_c800
filtered_alloc_2025_ETH_e10_s50_c750 0 b66eb2bb77c2a05f062d50c92933d068524af39422e37905414c0757932bbcea
filtered_alloc_2025_ETH_e15_s50_c850 0 51a0f331cd436784ef0d0af356136ceb2ee0c544bbafbcf4d59be559a2c860ec
READ_ONLY_EXACT filtered_alloc_2025_ETH_e15_s50_c800
filtered_alloc_2025_ETH_e15_s50_c750 0 dd7fadcb196212c9cada2a1afe949713702d11b1a201b4542ac74ea072b3b4fb
filtered_alloc_2025_ETH_e20_s50_c850 0 3208655db1d68261384cfec2d781618b24417508c4e85e86c8088371d729bf29
READ_ONLY_EXACT filtered_alloc_2025_ETH_e20_s50_c800
filtered_alloc_2025_ETH_e20_s50_c750 0 91d2eecc4bd70d6f020e003cb3f3d9bc6897a947bdfeb90a46bfa6494438a0be
filtered_alloc_2025_combo_e10_s50_btc0.575 0 d429f9e42d4deb5d972fd7e262b9f680785bf33bb603728828cacbc30a76c8de
READ_ONLY_EXACT filtered_alloc_2025_combo_e10_s50_btc0.6
filtered_alloc_2025_combo_e10_s50_btc0.625 0 b6ccd2bbb557be006eb57337fb97717c8bcf241bbf446321bb7ea0131e08dcc0
filtered_alloc_2025_combo_e15_s50_btc0.575 0 de4844b26c58e302435c53d09dada738e8e5983470b2ef0388c0cfe1bfadc641
READ_ONLY_EXACT filtered_alloc_2025_combo_e15_s50_btc0.6
filtered_alloc_2025_combo_e15_s50_btc0.625 0 80ef1f883d25cb25f4f32684e28abe06df937b55574b1605ec91c5feac59eed7
filtered_alloc_2025_combo_e20_s50_btc0.575 0 8b26f3803791484891e57030a8b9e6120153f50b9fa36267f9b1b44a45d9f12b
READ_ONLY_EXACT filtered_alloc_2025_combo_e20_s50_btc0.6
filtered_alloc_2025_combo_e20_s50_btc0.625 0 6ec768843293d3f74fdfc9c8a0a0cae06b349c697aacbc50a8ea4e4a145a3dd1
filtered_alloc_2026_BTC_e10_s50_c1150 0 f9a235d2ffcf8ebf0b66619a0f43c0dbb1d320f3cf8cb5f27372e9b98c350fc2
READ_ONLY_EXACT filtered_alloc_2026_BTC_e10_s50_c1200
filtered_alloc_2026_BTC_e10_s50_c1250 0 9a9add2103be35d59bc1b5be48501031ff2e1fb416addcf116e9ca78afc519df
filtered_alloc_2026_BTC_e15_s50_c1150 0 86e2b55d9de5cca92b3b2c595ec5c2cdaadc35f56ea334799e64cdfcb9354d79
READ_ONLY_EXACT filtered_alloc_2026_BTC_e15_s50_c1200
filtered_alloc_2026_BTC_e15_s50_c1250 0 a811ecb001da03f9be83988d6f1c27731c8d46702951700c4b1b52737b8727e7
filtered_alloc_2026_BTC_e20_s50_c1150 0 a596f7d0d9dbd805aee97ddf1194d79245424f00af55d1cc0bd8e7a54f052ca3
READ_ONLY_EXACT filtered_alloc_2026_BTC_e20_s50_c1200
filtered_alloc_2026_BTC_e20_s50_c1250 0 df88d35c435fdb900444686b13a8010c129a44ca45554de5176fb1d9a676fcf0
filtered_alloc_2026_ETH_e10_s50_c850 0 80cebd8d130fce805856e31ed08813b5b7c822529cd6f47552413ff645ee8c21
READ_ONLY_EXACT filtered_alloc_2026_ETH_e10_s50_c800
filtered_alloc_2026_ETH_e10_s50_c750 0 48fdca21751368eade8b3fabcb10f4c03c5c812995f27a74e56b7b1e6af666b5
filtered_alloc_2026_ETH_e15_s50_c850 0 8dd98ba11b3a4f5364b2b1b95f7d84d688bf68dfc1adacad7440d41f1423efe1
READ_ONLY_EXACT filtered_alloc_2026_ETH_e15_s50_c800
filtered_alloc_2026_ETH_e15_s50_c750 0 ab1f7a503dd4a13221b5650b7e5b6142b74e532e7705c5b2e7752862de973524
filtered_alloc_2026_ETH_e20_s50_c850 0 7374cd537fa106672398ca4bda525979c6f79b31ec5b75c35ba924834b748053
READ_ONLY_EXACT filtered_alloc_2026_ETH_e20_s50_c800
filtered_alloc_2026_ETH_e20_s50_c750 0 7b4264388e0239a7c2486a3235c7e6ee3b1bdb172b529605aacfc209952427ad
filtered_alloc_2026_combo_e10_s50_btc0.575 0 afb6249877cb99153aac72ea8cee0284925adbd4edb10309a4a60e0a54f01587
READ_ONLY_EXACT filtered_alloc_2026_combo_e10_s50_btc0.6
filtered_alloc_2026_combo_e10_s50_btc0.625 0 74bf0b64bb99b9b9867de773e4af0df095c5ff211fa03fccec5173cdbe3547e3
filtered_alloc_2026_combo_e15_s50_btc0.575 0 f1d831be839258a7e517dc24797fa885bd177cfa72f9c4d0d5000c9814c0d9eb
READ_ONLY_EXACT filtered_alloc_2026_combo_e15_s50_btc0.6
filtered_alloc_2026_combo_e15_s50_btc0.625 0 6863798659906625aedf97ef4d0a0ce4197ef75f74fef290d53a47eaf4d13814
filtered_alloc_2026_combo_e20_s50_btc0.575 0 4a953643111d494bcc4269cacef6c60ce9bc8e73f738d731aa10ae311247e3a2
READ_ONLY_EXACT filtered_alloc_2026_combo_e20_s50_btc0.6
filtered_alloc_2026_combo_e20_s50_btc0.625 0 53eb17fbfc6f05e1cfe684459abdb17e543853be8cb8c023fcb075054669ce70
forward_snapshot_BTC 0 0b118ab309b3c1e55f39bbfd561c609c76438ee747cf68b57bbd8d09578db0fd
forward_snapshot_ETH 0 14706705b314feb228ba4c7bcb5050759ad3747505b7b362173457d8aac913dc
forward_snapshot_combo 0 24c5529491ec4c6198dd4aa68d81672c52d5a4532b87ef393e584b73904184f0
PASS:36new actual-capital historical and3new cutoff configurations reserved;18existing60/40 exact definitions read-only.
