{"completed": "filtered_alloc_2025_BTC_e10_s50_c1270", "return1": 20.64006336006299, "return3": 18.76116111699213, "minute_DD3": 12.4148344205127}
READ_ONLY_RESULT:filtered_alloc_2025_BTC_e10_s50_c1350
{"completed": "filtered_alloc_2025_BTC_e10_s50_c1430", "return1": 20.634788695510498, "return3": 18.757585984992996, "minute_DD3": 12.413902491334927}
{"completed": "filtered_alloc_2025_BTC_e15_s50_c1270", "return1": 19.56688478679527, "return3": 17.704461291417317, "minute_DD3": 13.194230020654574}
READ_ONLY_RESULT:filtered_alloc_2025_BTC_e15_s50_c1350
{"completed": "filtered_alloc_2025_BTC_e15_s50_c1430", "return1": 19.563162462769235, "return3": 17.702550770377613, "minute_DD3": 13.193913747842467}
{"completed": "filtered_alloc_2025_BTC_e20_s50_c1270", "return1": 18.490528422897647, "return3": 16.644634249472446, "minute_DD3": 12.130912244162584}
READ_ONLY_RESULT:filtered_alloc_2025_BTC_e20_s50_c1350
{"completed": "filtered_alloc_2025_BTC_e20_s50_c1430", "return1": 18.48618289252446, "return3": 16.642181293251745, "minute_DD3": 12.130655245112344}
{"completed": "filtered_alloc_2025_ETH_e10_s50_c730", "return1": 96.85850726027398, "return3": 94.80689249575344, "minute_DD3": 20.248596901859617}
READ_ONLY_RESULT:filtered_alloc_2025_ETH_e10_s50_c650
{"completed": "filtered_alloc_2025_ETH_e10_s50_c570", "return1": 96.8478781650877, "return3": 94.78671136333332, "minute_DD3": 20.242705040918096}
{"completed": "filtered_alloc_2025_ETH_e15_s50_c730", "return1": 96.85850726027398, "return3": 94.80689249575344, "minute_DD3": 20.248596901859617}
READ_ONLY_RESULT:filtered_alloc_2025_ETH_e15_s50_c650
{"completed": "filtered_alloc_2025_ETH_e15_s50_c570", "return1": 96.8478781650877, "return3": 94.78671136333332, "minute_DD3": 20.242705040918096}
{"completed": "filtered_alloc_2025_ETH_e20_s50_c730", "return1": 95.40387485383562, "return3": 93.36250537575343, "minute_DD3": 20.832599623464887}
READ_ONLY_RESULT:filtered_alloc_2025_ETH_e20_s50_c650
{"completed": "filtered_alloc_2025_ETH_e20_s50_c570", "return1": 95.39226710157895, "return3": 93.37693239578948, "minute_DD3": 20.828262767393824}
{"completed": "filtered_alloc_2025_combo_e10_s50_btc0.635", "return1": 48.45979538364, "return3": 46.51785307024001, "minute_DD3": 13.209359994684256}
READ_ONLY_RESULT:filtered_alloc_2025_combo_e10_s50_btc0.675
{"completed": "filtered_alloc_2025_combo_e10_s50_btc0.715", "return1": 42.35551919434002, "return3": 40.42588671782001, "minute_DD3": 12.600701822455607}
{"completed": "filtered_alloc_2025_combo_e15_s50_btc0.635", "return1": 47.77832698961502, "return3": 45.846848681, "minute_DD3": 13.716203274529693}
READ_ONLY_RESULT:filtered_alloc_2025_combo_e15_s50_btc0.675
{"completed": "filtered_alloc_2025_combo_e15_s50_btc0.715", "return1": 41.58930643793002, "return3": 39.67153653936999, "minute_DD3": 13.161995392201554}
{"completed": "filtered_alloc_2025_combo_e20_s50_btc0.635", "return1": 46.563899870190006, "return3": 44.646657210564996, "minute_DD3": 14.234529277694218}
READ_ONLY_RESULT:filtered_alloc_2025_combo_e20_s50_btc0.675
{"completed": "filtered_alloc_2025_combo_e20_s50_btc0.715", "return1": 40.40441689210499, "return3": 38.511585357474985, "minute_DD3": 13.434267850855719}
{"completed": "filtered_alloc_2026_BTC_e10_s50_c1270", "return1": 10.499668862212609, "return3": 8.77828841199213, "minute_DD3": 14.597393497913647}
READ_ONLY_RESULT:filtered_alloc_2026_BTC_e10_s50_c1350
{"completed": "filtered_alloc_2026_BTC_e10_s50_c1430", "return1": 10.505952557412579, "return3": 8.780411678811184, "minute_DD3": 14.595943294741708}
{"completed": "filtered_alloc_2026_BTC_e15_s50_c1270", "return1": 10.499668862212609, "return3": 8.77828841199213, "minute_DD3": 14.597393497913647}
READ_ONLY_RESULT:filtered_alloc_2026_BTC_e15_s50_c1350
{"completed": "filtered_alloc_2026_BTC_e15_s50_c1430", "return1": 10.505952557412579, "return3": 8.780411678811184, "minute_DD3": 14.595943294741708}
{"completed": "filtered_alloc_2026_BTC_e20_s50_c1270", "return1": 10.499668862212609, "return3": 8.77828841199213, "minute_DD3": 14.597393497913647}
READ_ONLY_RESULT:filtered_alloc_2026_BTC_e20_s50_c1350
{"completed": "filtered_alloc_2026_BTC_e20_s50_c1430", "return1": 10.505952557412579, "return3": 8.780411678811184, "minute_DD3": 14.595943294741708}
{"completed": "filtered_alloc_2026_ETH_e10_s50_c730", "return1": 29.08667669452054, "return3": 27.73727240821917, "minute_DD3": 14.503045113346257}
READ_ONLY_RESULT:filtered_alloc_2026_ETH_e10_s50_c650
{"completed": "filtered_alloc_2026_ETH_e10_s50_c570", "return1": 29.08794527894736, "return3": 27.733754762105246, "minute_DD3": 14.501465610165997}
{"completed": "filtered_alloc_2026_ETH_e15_s50_c730", "return1": 29.08667669452054, "return3": 27.73727240821917, "minute_DD3": 14.503045113346257}
READ_ONLY_RESULT:filtered_alloc_2026_ETH_e15_s50_c650
{"completed": "filtered_alloc_2026_ETH_e15_s50_c570", "return1": 29.08794527894736, "return3": 27.733754762105246, "minute_DD3": 14.501465610165997}
{"completed": "filtered_alloc_2026_ETH_e20_s50_c730", "return1": 29.08667669452054, "return3": 27.73727240821917, "minute_DD3": 14.503045113346257}
READ_ONLY_RESULT:filtered_alloc_2026_ETH_e20_s50_c650
{"completed": "filtered_alloc_2026_ETH_e20_s50_c570", "return1": 29.08794527894736, "return3": 27.733754762105246, "minute_DD3": 14.501465610165997}
{"completed": "filtered_alloc_2026_combo_e10_s50_btc0.635", "return1": 17.28392672100498, "return3": 15.698317570614995, "minute_DD3": 13.161293707991561}
READ_ONLY_RESULT:filtered_alloc_2026_combo_e10_s50_btc0.675
{"completed": "filtered_alloc_2026_combo_e10_s50_btc0.715", "return1": 15.801820483050012, "return3": 14.18211445755, "minute_DD3": 13.272291375066313}
{"completed": "filtered_alloc_2026_combo_e15_s50_btc0.635", "return1": 17.28392672100498, "return3": 15.698317570614995, "minute_DD3": 13.161293707991561}
READ_ONLY_RESULT:filtered_alloc_2026_combo_e15_s50_btc0.675
{"completed": "filtered_alloc_2026_combo_e15_s50_btc0.715", "return1": 15.801820483050012, "return3": 14.18211445755, "minute_DD3": 13.272291375066313}
{"completed": "filtered_alloc_2026_combo_e20_s50_btc0.635", "return1": 17.28392672100498, "return3": 15.698317570614995, "minute_DD3": 13.161293707991561}
READ_ONLY_RESULT:filtered_alloc_2026_combo_e20_s50_btc0.675
{"completed": "filtered_alloc_2026_combo_e20_s50_btc0.715", "return1": 15.801820483050012, "return3": 14.18211445755, "minute_DD3": 13.272291375066313}
{"new_configs": 36, "new_component_configs": 24, "new_combination_configs": 12, "new_cost_scenes": 108, "new_minute_NAV_points": 28013256, "reused_grid_configs": 18, "reused_cost_scenes": 54, "grid_configs": 54, "grid_cost_scenes": 162, "positive_1x": 36, "positive_3x": 36, "grid_positive_1x": 54, "grid_positive_3x": 54, "passed": ["filtered_alloc_2025_BTC_e10_s50_c1270", "filtered_alloc_2025_BTC_e10_s50_c1430", "filtered_alloc_2025_BTC_e15_s50_c1270", "filtered_alloc_2025_BTC_e15_s50_c1430", "filtered_alloc_2025_BTC_e20_s50_c1270", "filtered_alloc_2025_BTC_e20_s50_c1430", "filtered_alloc_2025_ETH_e10_s50_c730", "filtered_alloc_2025_ETH_e10_s50_c570", "filtered_alloc_2025_ETH_e15_s50_c730", "filtered_alloc_2025_ETH_e15_s50_c570", "filtered_alloc_2025_ETH_e20_s50_c730", "filtered_alloc_2025_ETH_e20_s50_c570", "filtered_alloc_2025_combo_e10_s50_btc0.635", "filtered_alloc_2025_combo_e10_s50_btc0.715", "filtered_alloc_2025_combo_e15_s50_btc0.635", "filtered_alloc_2025_combo_e15_s50_btc0.715", "filtered_alloc_2025_combo_e20_s50_btc0.635", "filtered_alloc_2025_combo_e20_s50_btc0.715", "filtered_alloc_2026_combo_e10_s50_btc0.635", "filtered_alloc_2026_combo_e10_s50_btc0.715", "filtered_alloc_2026_combo_e15_s50_btc0.635", "filtered_alloc_2026_combo_e15_s50_btc0.715", "filtered_alloc_2026_combo_e20_s50_btc0.635", "filtered_alloc_2026_combo_e20_s50_btc0.715"], "rejected": ["filtered_alloc_2026_BTC_e10_s50_c1270", "filtered_alloc_2026_BTC_e10_s50_c1430", "filtered_alloc_2026_BTC_e15_s50_c1270", "filtered_alloc_2026_BTC_e15_s50_c1430", "filtered_alloc_2026_BTC_e20_s50_c1270", "filtered_alloc_2026_BTC_e20_s50_c1430", "filtered_alloc_2026_ETH_e10_s50_c730", "filtered_alloc_2026_ETH_e10_s50_c570", "filtered_alloc_2026_ETH_e15_s50_c730", "filtered_alloc_2026_ETH_e15_s50_c570", "filtered_alloc_2026_ETH_e20_s50_c730", "filtered_alloc_2026_ETH_e20_s50_c570"], "grid_passed": ["filtered_alloc_2025_BTC_e10_s50_c1270", "filtered_alloc_2025_BTC_e10_s50_c1350", "filtered_alloc_2025_BTC_e10_s50_c1430", "filtered_alloc_2025_BTC_e15_s50_c1270", "filtered_alloc_2025_BTC_e15_s50_c1350", "filtered_alloc_2025_BTC_e15_s50_c1430", "filtered_alloc_2025_BTC_e20_s50_c1270", "filtered_alloc_2025_BTC_e20_s50_c1350", "filtered_alloc_2025_BTC_e20_s50_c1430", "filtered_alloc_2025_ETH_e10_s50_c730", "filtered_alloc_2025_ETH_e10_s50_c650", "filtered_alloc_2025_ETH_e10_s50_c570", "filtered_alloc_2025_ETH_e15_s50_c730", "filtered_alloc_2025_ETH_e15_s50_c650", "filtered_alloc_2025_ETH_e15_s50_c570", "filtered_alloc_2025_ETH_e20_s50_c730", "filtered_alloc_2025_ETH_e20_s50_c650", "filtered_alloc_2025_ETH_e20_s50_c570", "filtered_alloc_2025_combo_e10_s50_btc0.635", "filtered_alloc_2025_combo_e10_s50_btc0.675", "filtered_alloc_2025_combo_e10_s50_btc0.715", "filtered_alloc_2025_combo_e15_s50_btc0.635", "filtered_alloc_2025_combo_e15_s50_btc0.675", "filtered_alloc_2025_combo_e15_s50_btc0.715", "filtered_alloc_2025_combo_e20_s50_btc0.635", "filtered_alloc_2025_combo_e20_s50_btc0.675", "filtered_alloc_2025_combo_e20_s50_btc0.715", "filtered_alloc_2026_combo_e10_s50_btc0.635", "filtered_alloc_2026_combo_e10_s50_btc0.675", "filtered_alloc_2026_combo_e10_s50_btc0.715", "filtered_alloc_2026_combo_e15_s50_btc0.635", "filtered_alloc_2026_combo_e15_s50_btc0.675", "filtered_alloc_2026_combo_e15_s50_btc0.715", "filtered_alloc_2026_combo_e20_s50_btc0.635", "filtered_alloc_2026_combo_e20_s50_btc0.675", "filtered_alloc_2026_combo_e20_s50_btc0.715"], "both_periods_passed_combination_pairs": [["filtered_alloc_2025_combo_e10_s50_btc0.635", "filtered_alloc_2026_combo_e10_s50_btc0.635"], ["filtered_alloc_2025_combo_e10_s50_btc0.675", "filtered_alloc_2026_combo_e10_s50_btc0.675"], ["filtered_alloc_2025_combo_e10_s50_btc0.715", "filtered_alloc_2026_combo_e10_s50_btc0.715"], ["filtered_alloc_2025_combo_e15_s50_btc0.635", "filtered_alloc_2026_combo_e15_s50_btc0.635"], ["filtered_alloc_2025_combo_e15_s50_btc0.675", "filtered_alloc_2026_combo_e15_s50_btc0.675"], ["filtered_alloc_2025_combo_e15_s50_btc0.715", "filtered_alloc_2026_combo_e15_s50_btc0.715"], ["filtered_alloc_2025_combo_e20_s50_btc0.635", "filtered_alloc_2026_combo_e20_s50_btc0.635"], ["filtered_alloc_2025_combo_e20_s50_btc0.675", "filtered_alloc_2026_combo_e20_s50_btc0.675"], ["filtered_alloc_2025_combo_e20_s50_btc0.715", "filtered_alloc_2026_combo_e20_s50_btc0.715"]], "new_both_periods_passed_combination_pairs": [["filtered_alloc_2025_combo_e10_s50_btc0.635", "filtered_alloc_2026_combo_e10_s50_btc0.635"], ["filtered_alloc_2025_combo_e10_s50_btc0.715", "filtered_alloc_2026_combo_e10_s50_btc0.715"], ["filtered_alloc_2025_combo_e15_s50_btc0.635", "filtered_alloc_2026_combo_e15_s50_btc0.635"], ["filtered_alloc_2025_combo_e15_s50_btc0.715", "filtered_alloc_2026_combo_e15_s50_btc0.715"], ["filtered_alloc_2025_combo_e20_s50_btc0.635", "filtered_alloc_2026_combo_e20_s50_btc0.635"], ["filtered_alloc_2025_combo_e20_s50_btc0.715", "filtered_alloc_2026_combo_e20_s50_btc0.715"]], "actual_component_fills": 360, "audited_component_fills": 540, "reused_ledger_records_untouched": true, "new_live_orders": 0}
