PASS:all9 cumulative forward scenes exactly reproduced including original daily decision,reference axis and nextstate;noHTTP or ledger write
{"completed": "filtered_alloc_2025_BTC_e10_s50_c1270", "return1": 20.64006336006299, "return3": 18.76116111699213, "minute_DD3": 12.4148344205127}
READ_ONLY_RESULT:filtered_alloc_2025_BTC_e10_s50_c1350
{"completed": "filtered_alloc_2025_BTC_e10_s50_c1430", "return1": 20.634788695510498, "return3": 18.757585984992996, "minute_DD3": 12.413902491334927}
{"completed": "filtered_alloc_2025_BTC_e15_s50_c1270", "return1": 19.56688478679527, "return3": 17.704461291417317, "minute_DD3": 13.194230020654574}
READ_ONLY_RESULT:filtered_alloc_2025_BTC_e15_s50_c1350
{"completed": "filtered_alloc_2025_BTC_e15_s50_c1430", "return1": 19.563162462769235, "return3": 17.702550770377613, "minute_DD3": 13.193913747842467}
{"completed": "filtered_alloc_2025_BTC_e20_s50_c1270", "return1": 18.490528422897647, "return3": 16.644634249472446, "minute_DD3": 12.130912244162584}
READ_ONLY_RESULT:filtered_alloc_2025_BTC_e20_s50_c1350
{"completed": "filtered_alloc_2025_BTC_e20_s50_c1430", "return1": 18.48618289252446, "return3": 16.642181293251745, "minute_DD3": 12.130655245112344}
{"completed": "filtered_alloc_2025_ETH_e10_s50_c730", "return1": 96.85850726027398, "return3": 94.80689249575344, "minute_DD3": 20.248596901859617}
READ_ONLY_RESULT:filtered_alloc_2025_ETH_e10_s50_c650
{"completed": "filtered_alloc_2025_ETH_e10_s50_c570", "return1": 96.8478781650877, "return3": 94.78671136333332, "minute_DD3": 20.242705040918096}
{"completed": "filtered_alloc_2025_ETH_e15_s50_c730", "return1": 96.85850726027398, "return3": 94.80689249575344, "minute_DD3": 20.248596901859617}
READ_ONLY_RESULT:filtered_alloc_2025_ETH_e15_s50_c650
{"completed": "filtered_alloc_2025_ETH_e15_s50_c570", "return1": 96.8478781650877, "return3": 94.78671136333332, "minute_DD3": 20.242705040918096}
{"completed": "filtered_alloc_2025_ETH_e20_s50_c730", "return1": 95.40387485383562, "return3": 93.36250537575343, "minute_DD3": 20.832599623464887}
READ_ONLY_RESULT:filtered_alloc_2025_ETH_e20_s50_c650
{"completed": "filtered_alloc_2025_ETH_e20_s50_c570", "return1": 95.39226710157895, "return3": 93.37693239578948, "minute_DD3": 20.828262767393824}
{"completed": "filtered_alloc_2025_combo_e10_s50_btc0.635", "return1": 48.45979538364, "return3": 46.51785307024001, "minute_DD3": 13.209359994684256}
READ_ONLY_RESULT:filtered_alloc_2025_combo_e10_s50_btc0.675
{"completed": "filtered_alloc_2025_combo_e10_s50_btc0.715", "return1": 42.35551919434002, "return3": 40.42588671782001, "minute_DD3": 12.600701822455607}
{"completed": "filtered_alloc_2025_combo_e15_s50_btc0.635", "return1": 47.77832698961502, "return3": 45.846848681, "minute_DD3": 13.716203274529693}
READ_ONLY_RESULT:filtered_alloc_2025_combo_e15_s50_btc0.675
{"completed": "filtered_alloc_2025_combo_e15_s50_btc0.715", "return1": 41.58930643793002, "return3": 39.67153653936999, "minute_DD3": 13.161995392201554}
{"completed": "filtered_alloc_2025_combo_e20_s50_btc0.635", "return1": 46.563899870190006, "return3": 44.646657210564996, "minute_DD3": 14.234529277694218}
READ_ONLY_RESULT:filtered_alloc_2025_combo_e20_s50_btc0.675
{"completed": "filtered_alloc_2025_combo_e20_s50_btc0.715", "return1": 40.40441689210499, "return3": 38.511585357474985, "minute_DD3": 13.434267850855719}
{"completed": "filtered_alloc_2026_BTC_e10_s50_c1270", "return1": 10.499668862212609, "return3": 8.77828841199213, "minute_DD3": 14.597393497913647}
READ_ONLY_RESULT:filtered_alloc_2026_BTC_e10_s50_c1350
{"completed": "filtered_alloc_2026_BTC_e10_s50_c1430", "return1": 10.505952557412579, "return3": 8.780411678811184, "minute_DD3": 14.595943294741708}
{"completed": "filtered_alloc_2026_BTC_e15_s50_c1270", "return1": 10.499668862212609, "return3": 8.77828841199213, "minute_DD3": 14.597393497913647}
READ_ONLY_RESULT:filtered_alloc_2026_BTC_e15_s50_c1350
{"completed": "filtered_alloc_2026_BTC_e15_s50_c1430", "return1": 10.505952557412579, "return3": 8.780411678811184, "minute_DD3": 14.595943294741708}
{"completed": "filtered_alloc_2026_BTC_e20_s50_c1270", "return1": 10.499668862212609, "return3": 8.77828841199213, "minute_DD3": 14.597393497913647}
READ_ONLY_RESULT:filtered_alloc_2026_BTC_e20_s50_c1350
{"completed": "filtered_alloc_2026_BTC_e20_s50_c1430", "return1": 10.505952557412579, "return3": 8.780411678811184, "minute_DD3": 14.595943294741708}
{"completed": "filtered_alloc_2026_ETH_e10_s50_c730", "return1": 29.08667669452054, "return3": 27.73727240821917, "minute_DD3": 14.503045113346257}
READ_ONLY_RESULT:filtered_alloc_2026_ETH_e10_s50_c650
{"completed": "filtered_alloc_2026_ETH_e10_s50_c570", "return1": 29.08794527894736, "return3": 27.733754762105246, "minute_DD3": 14.501465610165997}
{"completed": "filtered_alloc_2026_ETH_e15_s50_c730", "return1": 29.08667669452054, "return3": 27.73727240821917, "minute_DD3": 14.503045113346257}
READ_ONLY_RESULT:filtered_alloc_2026_ETH_e15_s50_c650
{"completed": "filtered_alloc_2026_ETH_e15_s50_c570", "return1": 29.08794527894736, "return3": 27.733754762105246, "minute_DD3": 14.501465610165997}
{"completed": "filtered_alloc_2026_ETH_e20_s50_c730", "return1": 29.08667669452054, "return3": 27.73727240821917, "minute_DD3": 14.503045113346257}
READ_ONLY_RESULT:filtered_alloc_2026_ETH_e20_s50_c650
{"completed": "filtered_alloc_2026_ETH_e20_s50_c570", "return1": 29.08794527894736, "return3": 27.733754762105246, "minute_DD3": 14.501465610165997}
{"completed": "filtered_alloc_2026_combo_e10_s50_btc0.635", "return1": 17.28392672100498, "return3": 15.698317570614995, "minute_DD3": 13.161293707991561}
READ_ONLY_RESULT:filtered_alloc_2026_combo_e10_s50_btc0.675
{"completed": "filtered_alloc_2026_combo_e10_s50_btc0.715", "return1": 15.801820483050012, "return3": 14.18211445755, "minute_DD3": 13.272291375066313}
{"completed": "filtered_alloc_2026_combo_e15_s50_btc0.635", "return1": 17.28392672100498, "return3": 15.698317570614995, "minute_DD3": 13.161293707991561}
READ_ONLY_RESULT:filtered_alloc_2026_combo_e15_s50_btc0.675
{"completed": "filtered_alloc_2026_combo_e15_s50_btc0.715", "return1": 15.801820483050012, "return3": 14.18211445755, "minute_DD3": 13.272291375066313}
{"completed": "filtered_alloc_2026_combo_e20_s50_btc0.635", "return1": 17.28392672100498, "return3": 15.698317570614995, "minute_DD3": 13.161293707991561}
READ_ONLY_RESULT:filtered_alloc_2026_combo_e20_s50_btc0.675
{"completed": "filtered_alloc_2026_combo_e20_s50_btc0.715", "return1": 15.801820483050012, "return3": 14.18211445755, "minute_DD3": 13.272291375066313}
PASS:all108 NEW scenes exactly reproduced and54 EXISTING scenes read-only verified;full54-cell report reproduced;ledger unchanged
{"passed": true, "all_scenes_audited": 162, "new_scenes": 108, "existing_scenes_read_only_audited": 54, "current_or_future_close_perturbations": 72, "NAV_points_audited": 42019884, "joint_channel_pandasEMA_causal_decisions": 19440, "Decimal_fills_independently_checked": 540, "new_actual_fills": 360, "real_minute_data_hashes": 4, "report_sha256": "39ca7967ae3bfb0ff73bcbb138aa04aee9726332fd99b2eb700afdf085215539", "forward_plan_unchanged": true, "pandas_version": "2.2.3"}
{"passed": true, "forward_scenes": 9, "new_closed_marks_per_asset": 240, "cumulative_minutes": 3069, "complete_days": 2, "NAV_points_per_scene": 3073, "daily_reference_points_added": 1, "original_daily_decisions_independently_checked": 6, "daily_bars_per_asset": 65, "overlap_daily_bars_checked_per_asset": 64, "prior_NAV_prefix_preserved": 2832, "new_component_executions": 0, "next_daily_decision_utc": "2026-10-05T00:01:00Z", "report_sha256": "25ed6a0195f97cd2ec9d18f61fef0c391fdb05bc1e14530153356a1762091411"}
PASS: new parameters/weights and missing-result retries are allowed; exact/reordered completed trials stay blocked
