filtered_alloc_2025_BTC_e10_s50_c1270 0 c2c10ee8b16d02a7b53568630e26b5d1c781c05bfdb1c65e1561a1cc14a1b08b
READ_ONLY_EXACT filtered_alloc_2025_BTC_e10_s50_c1350
filtered_alloc_2025_BTC_e10_s50_c1430 0 102d5f688ae06e8bb6a6bfa3bc50f5445cfe250286b3b91e6a3675912dd166ec
filtered_alloc_2025_BTC_e15_s50_c1270 0 26899718aa13308c8f65be713b3629c0ee7ff80bd35b22c01c35cc42d193b8e0
READ_ONLY_EXACT filtered_alloc_2025_BTC_e15_s50_c1350
filtered_alloc_2025_BTC_e15_s50_c1430 0 39b9c387822aee7efb7d128c65d0022b01fe2471f6585747c64840d3fca7537f
filtered_alloc_2025_BTC_e20_s50_c1270 0 05d5f2d413614fa7920c953acaff92221151e18a46831d3bbdc9301e0815ae15
READ_ONLY_EXACT filtered_alloc_2025_BTC_e20_s50_c1350
filtered_alloc_2025_BTC_e20_s50_c1430 0 51d4ff983c8c1c9d48f5f0ac11fade95d221f28300fe7ca99b0053ec6499013a
filtered_alloc_2025_ETH_e10_s50_c730 0 58eeb6729a7ff3addd6ae104d91d652f458de1fe462f13eed3da2087dc5e3f12
READ_ONLY_EXACT filtered_alloc_2025_ETH_e10_s50_c650
filtered_alloc_2025_ETH_e10_s50_c570 0 fabd8f57c5cfa25b1ddd0fba39827a40b39f556b931f9c9b7bd2c060d867be55
filtered_alloc_2025_ETH_e15_s50_c730 0 8cd12c79f85584ea6bc37f697791d82999d8378d180465a87f2ee4b173b928a7
READ_ONLY_EXACT filtered_alloc_2025_ETH_e15_s50_c650
filtered_alloc_2025_ETH_e15_s50_c570 0 e685f6ae1c25f13b518ed7779d15d2fc33b2688110cd937cd3eecc6ddb339136
filtered_alloc_2025_ETH_e20_s50_c730 0 0cd063a609efdbb232c82e6e0eadeb7f1ec83c57721869fe7caf6c68f1b3b641
READ_ONLY_EXACT filtered_alloc_2025_ETH_e20_s50_c650
filtered_alloc_2025_ETH_e20_s50_c570 0 1a75f61641ad4199ec551ce91f08bbb9d6c2c720c32758f2d63da05618e0bb2a
filtered_alloc_2025_combo_e10_s50_btc0.635 0 d7d9fb4004058e4f3d96fb19e176cbc8e6dbfed36867a3404b1a43e00b510d65
READ_ONLY_EXACT filtered_alloc_2025_combo_e10_s50_btc0.675
filtered_alloc_2025_combo_e10_s50_btc0.715 0 a77d5a1e2b908cece150fdfa5b23e903885054ec60c7c6cdf6ae90b35e51fee1
filtered_alloc_2025_combo_e15_s50_btc0.635 0 5c3701cd74a410bec5929b9a75373c9831fa6f37bba408995d55113a267082b8
READ_ONLY_EXACT filtered_alloc_2025_combo_e15_s50_btc0.675
filtered_alloc_2025_combo_e15_s50_btc0.715 0 b0fdd49ebebc8248445bb3efdec0578078826fdd35928e41189cfbb5caecf893
filtered_alloc_2025_combo_e20_s50_btc0.635 0 b6b48f6578539429bac95bb5f893250f54ee7447ccc5a57f80bce2f73a0c3c14
READ_ONLY_EXACT filtered_alloc_2025_combo_e20_s50_btc0.675
filtered_alloc_2025_combo_e20_s50_btc0.715 0 2868583624cd095086557c85b659fa8ad4ee91744be0ca1594499a58b45deb01
filtered_alloc_2026_BTC_e10_s50_c1270 0 3eab58c42604f192e53bdcce4b1cab125592bb3ecdcfd3732d08cbeed121a23d
READ_ONLY_EXACT filtered_alloc_2026_BTC_e10_s50_c1350
filtered_alloc_2026_BTC_e10_s50_c1430 0 b01f859bf6c541e30fa29394e408a16dcdf39df0e99250188d4564c22c9e0197
filtered_alloc_2026_BTC_e15_s50_c1270 0 e30d395c12661736c8b3b17b6c75713b591282e1f0c845d2eb6137be82a68f26
READ_ONLY_EXACT filtered_alloc_2026_BTC_e15_s50_c1350
filtered_alloc_2026_BTC_e15_s50_c1430 0 41771a6c4df4c03de13db668f4f30d001805131a6120fccc9c1a137becb22588
filtered_alloc_2026_BTC_e20_s50_c1270 0 8991fd3e2553bc5cb15bc94750646816691999194de13a4e83e2dc0475f891c8
READ_ONLY_EXACT filtered_alloc_2026_BTC_e20_s50_c1350
filtered_alloc_2026_BTC_e20_s50_c1430 0 674d0c3c9aeb2076ba04a4f4a7cbea3020cf1467bc654cb21dffe0e3f6dfdcf9
filtered_alloc_2026_ETH_e10_s50_c730 0 faf81ca7960bb2b7bf216328f8e226b25fab36921a096853dab1a85dfd35c1f4
READ_ONLY_EXACT filtered_alloc_2026_ETH_e10_s50_c650
filtered_alloc_2026_ETH_e10_s50_c570 0 c4785c303c9698ba6ce200c63ecc9a758d9da5ffe05301f777dc441e90af457d
filtered_alloc_2026_ETH_e15_s50_c730 0 d15a98bfd37d3d2e6bead3010f7a309305d9555cf660ce03797727378d2aeb33
READ_ONLY_EXACT filtered_alloc_2026_ETH_e15_s50_c650
filtered_alloc_2026_ETH_e15_s50_c570 0 9c81fa7d83ddcf4c18e9040754133160e2e773b2bc7269f96185b7eb3bed8b37
filtered_alloc_2026_ETH_e20_s50_c730 0 acdf38365c1cc6b07f1ec74216e67176cecc195839c0d6d098d75c66df5112ed
READ_ONLY_EXACT filtered_alloc_2026_ETH_e20_s50_c650
filtered_alloc_2026_ETH_e20_s50_c570 0 28fe0901a5282e1394141471af30d5092785ddc44e6d6bebaa59eae8b03a7163
filtered_alloc_2026_combo_e10_s50_btc0.635 0 358a8c77bfc0fd25f027507774ee3783c55bc6de52e99381fa51ff99d7f3a110
READ_ONLY_EXACT filtered_alloc_2026_combo_e10_s50_btc0.675
filtered_alloc_2026_combo_e10_s50_btc0.715 0 0e406d403ec60a0d156e9661b8e50129a420c8082971b739ff63618aeea2bfc7
filtered_alloc_2026_combo_e15_s50_btc0.635 0 d2a3445c61f2a6cacef7fbbade6e8b2bf4041d4a6b316021d632f8bc73596341
READ_ONLY_EXACT filtered_alloc_2026_combo_e15_s50_btc0.675
filtered_alloc_2026_combo_e15_s50_btc0.715 0 c7aab75c1cec2f62d945bbc0581c1c378458da29ea32279382b06570820c3113
filtered_alloc_2026_combo_e20_s50_btc0.635 0 d335aebfb2918f19500c3d4e6265ccc983028800eda1517c5395110d9b47ebf3
READ_ONLY_EXACT filtered_alloc_2026_combo_e20_s50_btc0.675
filtered_alloc_2026_combo_e20_s50_btc0.715 0 6d93736248237a8c5c9a5d89d73f6a462df07c9599bee49464fab18aef3d1f13
forward_snapshot_BTC 0 9297fb8a3db8794b289257abb5c42121cf5503cce92b101d8c38031daa73a61d
forward_snapshot_ETH 0 2c63e92a2092d07b668edd59a2220200ce1ab8d60a02b719790f8885269ef55e
forward_snapshot_combo 0 54f379451613e84257818ab77a8d53641d7a760a10e6a72bcf481f89d8ebbc29
PASS:36new actual-capital historical and3new cutoff configurations reserved;18existing60/40 exact definitions read-only.
