{"synthetic_fixture_checks": "PASS", "predeclared_parameter_cells": 9, "strict_prior_close_channel": true, "entry_and_either_exit": true, "current_future_close_unused": true, "not_performance_evidence": true}
{"new_backtests": 0, "source_components": 8, "read_only_portfolios": 6, "scenes_hash_verified": 42, "missing_cache_files_restored": [], "method": "Reconstruct exact old cash/coin minute NAV or sum1500/500same-funded sources,using same-SHA real prices;no old signals/trades,normalization or gate/status overwrite."}
PASS:all9 cumulative forward scenes exactly reproduced including12189point complete time axis and nextstate;noHTTP or ledger write
{"completed": "confirm_middle_2025_ETH_s30_b0.01_e15_x30_c500", "return1_pct": 111.05054210919998, "return3_pct": 107.7397813442, "DD3_pct": 29.52539022567705}
{"completed": "confirm_middle_2025_ETH_s30_b0.0125_e15_x30_c500", "return1_pct": 146.3992315584, "return3_pct": 143.8193710728, "DD3_pct": 20.245717001802845}
{"completed": "confirm_middle_2025_ETH_s30_b0.015_e15_x30_c500", "return1_pct": 146.3992315584, "return3_pct": 143.8193710728, "DD3_pct": 20.245717001802845}
READ_ONLY_RESULT:confirm_fast_2025_ETH_s35_b0.01_e15_x30_c500
READ_ONLY_RESULT:confirm_refine_2025_ETH_s35_b0.0125_e15_x30_c500
READ_ONLY_RESULT:confirm_refine_2025_ETH_s35_b0.015_e15_x30_c500
{"completed": "confirm_middle_2025_ETH_s40_b0.01_e15_x30_c500", "return1_pct": 136.12695447540003, "return3_pct": 133.65787334020004, "DD3_pct": 20.24695266735044}
{"completed": "confirm_middle_2025_ETH_s40_b0.0125_e15_x30_c500", "return1_pct": 136.12695447540003, "return3_pct": 133.65787334020004, "DD3_pct": 20.24695266735044}
{"completed": "confirm_middle_2025_ETH_s40_b0.015_e15_x30_c500", "return1_pct": 136.12695447540003, "return3_pct": 133.65787334020004, "DD3_pct": 20.24695266735044}
{"completed": "confirm_middle_2026_ETH_s30_b0.01_e15_x30_c500", "return1_pct": 41.1653821784, "return3_pct": 39.68388662560001, "DD3_pct": 11.21153820760339}
{"completed": "confirm_middle_2026_ETH_s30_b0.0125_e15_x30_c500", "return1_pct": 41.1653821784, "return3_pct": 39.68388662560001, "DD3_pct": 11.21153820760339}
{"completed": "confirm_middle_2026_ETH_s30_b0.015_e15_x30_c500", "return1_pct": 41.1653821784, "return3_pct": 39.68388662560001, "DD3_pct": 11.21153820760339}
READ_ONLY_RESULT:confirm_fast_2026_ETH_s35_b0.01_e15_x30_c500
READ_ONLY_RESULT:confirm_refine_2026_ETH_s35_b0.0125_e15_x30_c500
READ_ONLY_RESULT:confirm_refine_2026_ETH_s35_b0.015_e15_x30_c500
{"completed": "confirm_middle_2026_ETH_s40_b0.01_e15_x30_c500", "return1_pct": 31.8475561616, "return3_pct": 29.798961452799986, "DD3_pct": 15.661682640525122}
{"completed": "confirm_middle_2026_ETH_s40_b0.0125_e15_x30_c500", "return1_pct": 30.685836239600018, "return3_pct": 28.63784476539999, "DD3_pct": 16.41006555011574}
{"completed": "confirm_middle_2026_ETH_s40_b0.015_e15_x30_c500", "return1_pct": 35.65117116559999, "return3_pct": 34.24266812500001, "DD3_pct": 14.674014595736029}
READ_ONLY_RESULT:volratio_2025_BTC_n30_r1_e15_x30_c1500
READ_ONLY_RESULT:volratio_2026_BTC_n30_r1_e15_x30_c1500
{"completed": "vol_filter_middle_2025_btcN30r1_ethS30_b0.01_btc0.75", "return1_pct": 42.89332257486498, "return3_pct": 40.658735587779994, "DD3_pct": 16.46958660240403}
{"completed": "vol_filter_middle_2025_btcN30r1_ethS30_b0.0125_btc0.75", "return1_pct": 51.73049493716502, "return3_pct": 49.678633019930004, "DD3_pct": 13.34675149472183}
{"completed": "vol_filter_middle_2025_btcN30r1_ethS30_b0.015_btc0.75", "return1_pct": 51.73049493716502, "return3_pct": 49.678633019930004, "DD3_pct": 13.34675149472183}
READ_ONLY_RESULT:vol_filter_fast_2025_btcN30r1_ethS35_b0.01_btc0.75
READ_ONLY_RESULT:vol_filter_refine_2025_btcN30r1_ethS35_b0.0125_btc0.75
READ_ONLY_RESULT:vol_filter_refine_2025_btcN30r1_ethS35_b0.015_btc0.75
{"completed": "vol_filter_middle_2025_btcN30r1_ethS40_b0.01_btc0.75", "return1_pct": 49.162425666415, "return3_pct": 47.138258586780005, "DD3_pct": 13.267977679945309}
{"completed": "vol_filter_middle_2025_btcN30r1_ethS40_b0.0125_btc0.75", "return1_pct": 49.162425666415, "return3_pct": 47.138258586780005, "DD3_pct": 13.267977679945309}
{"completed": "vol_filter_middle_2025_btcN30r1_ethS40_b0.015_btc0.75", "return1_pct": 49.162425666415, "return3_pct": 47.138258586780005, "DD3_pct": 13.267977679945309}
{"completed": "vol_filter_middle_2026_btcN30r1_ethS30_b0.01_btc0.75", "return1_pct": 29.223065111360015, "return3_pct": 27.86717267126, "DD3_pct": 12.269269393791937}
{"completed": "vol_filter_middle_2026_btcN30r1_ethS30_b0.0125_btc0.75", "return1_pct": 29.223065111360015, "return3_pct": 27.86717267126, "DD3_pct": 12.269269393791937}
{"completed": "vol_filter_middle_2026_btcN30r1_ethS30_b0.015_btc0.75", "return1_pct": 29.223065111360015, "return3_pct": 27.86717267126, "DD3_pct": 12.269269393791937}
READ_ONLY_RESULT:vol_filter_fast_2026_btcN30r1_ethS35_b0.01_btc0.75
READ_ONLY_RESULT:vol_filter_refine_2026_btcN30r1_ethS35_b0.0125_btc0.75
READ_ONLY_RESULT:vol_filter_refine_2026_btcN30r1_ethS35_b0.015_btc0.75
{"completed": "vol_filter_middle_2026_btcN30r1_ethS40_b0.01_btc0.75", "return1_pct": 26.89360860716001, "return3_pct": 25.395941378060005, "DD3_pct": 13.0258477182705}
{"completed": "vol_filter_middle_2026_btcN30r1_ethS40_b0.0125_btc0.75", "return1_pct": 26.603178626659997, "return3_pct": 25.10566220621, "DD3_pct": 13.207146889049104}
{"completed": "vol_filter_middle_2026_btcN30r1_ethS40_b0.015_btc0.75", "return1_pct": 27.84451235815999, "return3_pct": 26.50686804611, "DD3_pct": 13.1076520872334}
PASS:all72 NEW ETHEMA-boundary scenes and full report exactly reproduced;42oldsource/portfolio scenes read-only verified,noHTTP/ledger write
{"passed": true, "actual_scenes_audited": 72, "NAV_points_audited": 18675504, "joint_channel_pandasEMA_causal_decisions": 6480, "Decimal_fills_independently_checked": 162, "real_minute_data_hashes": 4, "read_only_component_scenes": 24, "read_only_portfolio_scenes": 18, "report_sha256": "33677cc12b0eedb91b48a826da6cf7e28cecbd2c449bddfec6a35673d837b922", "forward_plan_unchanged": true}
{"passed": true, "forward_scenes": 9, "new_closed_marks_per_asset": 240, "cumulative_minutes": 12179, "complete_days": 8, "NAV_points_per_scene": 12189, "original_NAV_prefix": 11949, "new_daily_decisions": 0, "new_reference_points": 0, "new_executions": 0, "original_cash_units_desired_trades_costs_unchanged": true, "next_daily_decision_utc": "2026-10-11T00:01:00Z", "report_sha256": "65f1268776cd31ce153894219114a6442a9a0140ce9466978fdc107860ee74d1"}
PASS: new parameters/weights and missing-result retries are allowed; exact/reordered completed trials stay blocked
