confirm_middle_2025_ETH_s30_b0.01_e15_x30_c500 0 6b2d4ffde084983c8bf17bd826c8396c4a5548d829e8c9d12008c11d18429e15
confirm_middle_2025_ETH_s30_b0.0125_e15_x30_c500 0 044df359588555ec05a60ef486194bed488fa8d385105864418b43185579e716
confirm_middle_2025_ETH_s30_b0.015_e15_x30_c500 0 4f2011c2d02c0dedf7938447d8a372db5d54b68f89d4f3c24f66550f22f53ff4
confirm_middle_2025_ETH_s40_b0.01_e15_x30_c500 0 3bac3d95c6a4ed42cc67716b01903f889ebcdd84d08a0c7ab2d38b00fe646406
confirm_middle_2025_ETH_s40_b0.0125_e15_x30_c500 0 ef20dcac5ec2c277f380ac0f5c78d75ff99fda4929ba98975a29bd204e58c59f
confirm_middle_2025_ETH_s40_b0.015_e15_x30_c500 0 5d453d394de0630da71f5d355d332064d0099a826e91870519927fe3b3b08a1a
confirm_middle_2026_ETH_s30_b0.01_e15_x30_c500 0 afd85e11d8418c6d18baa8fb2c6cdbc10a2c700b6e558cbb3106d62f5b6ad00c
confirm_middle_2026_ETH_s30_b0.0125_e15_x30_c500 0 ef4989a34b4686ff9b9eb9b2b732f7eabdbfc763d324b4c101f5358939c4505c
confirm_middle_2026_ETH_s30_b0.015_e15_x30_c500 0 63ef247b548888faf3222cd71a8f6189cf7af0febd7df4c5ef2e6c333a7a951a
confirm_middle_2026_ETH_s40_b0.01_e15_x30_c500 0 caac2ec84cdb5348b000c14a5ca3fdf8f00e2173c7f8bf1c4ced5dd27594e1d9
confirm_middle_2026_ETH_s40_b0.0125_e15_x30_c500 0 098f3f511f97292e33415a36f03011ad5816a8d193c1da94277f44ab4110780e
confirm_middle_2026_ETH_s40_b0.015_e15_x30_c500 0 febb0fa3bdce4337cff42c0c2c8aff72f87dc70e28e2997a9b11786c9c153864
vol_filter_middle_2025_btcN30r1_ethS30_b0.01_btc0.75 0 ffd1ddc007dfde6196ecce3df56bcd9108cc0688afdd48457e16da42c5a8bc6a
vol_filter_middle_2025_btcN30r1_ethS30_b0.0125_btc0.75 0 bfd9de50120e6cedb5574aafe1cc01543837b02a3137215bf93d4a5d65f7f774
vol_filter_middle_2025_btcN30r1_ethS30_b0.015_btc0.75 0 c49e2aa137ba4653bf914d28e436f54e7ef88fb438bd90aecc8bcc034c5de19d
vol_filter_middle_2025_btcN30r1_ethS40_b0.01_btc0.75 0 ed0a3cbca283eef7f048f32755fd43bb4333ee78b1998e45e5ab50bd173707ed
vol_filter_middle_2025_btcN30r1_ethS40_b0.0125_btc0.75 0 7cf92f041220fb96b71c215011358ca30ca957cdf7e94d9711e90a46d18592ba
vol_filter_middle_2025_btcN30r1_ethS40_b0.015_btc0.75 0 353913f6bf3aa6236463707528581611073967cc73871b3966e02c957120e88a
vol_filter_middle_2026_btcN30r1_ethS30_b0.01_btc0.75 0 464802beea52cce13940cd68671b4a04afb432db75685286c1d62f1b6d329183
vol_filter_middle_2026_btcN30r1_ethS30_b0.0125_btc0.75 0 23910a7296fb8f6e5a192603d9ad4df8838c8be02bb73852150550fccd4debe1
vol_filter_middle_2026_btcN30r1_ethS30_b0.015_btc0.75 0 7619f4adedd51866fc868bcf6235e1218ae68c5345b92b43fdc1c1a54b6a10b4
vol_filter_middle_2026_btcN30r1_ethS40_b0.01_btc0.75 0 054ba4a109f77881076ded505ebb4f657d21abd7b74d447e4d9c5a0f38b200bd
vol_filter_middle_2026_btcN30r1_ethS40_b0.0125_btc0.75 0 f89e20d024e3418ba18f285ea24c528b2fc2cb476dffc834b26cd5f9639e5f5b
vol_filter_middle_2026_btcN30r1_ethS40_b0.015_btc0.75 0 e19e1582b3813863fdfc46c8d5fd8ce057e1a1120d8fb95d5ec5a8412605ff0c
forward_snapshot_BTC 0 deae85d88bae48f090ff0ec276652c7ee1cef98b7de6defdba12c097fba781a2
forward_snapshot_ETH 0 dfadbe15c810f0fd3c8ab7727df549ce1ed75753ec0cf366d4e7300cbbefd4dd
forward_snapshot_combo 0 8802ce5b632d4ba8d8cb589d984b05fda9bf46fda0fadcdb4b68d9cab266d6ae
PASS:24new histories+3legacy cutoffs reserved;12exact oldEMA grid cells and2BTC sources read-only.
