{"completed": "confirm_middle_2025_ETH_s30_b0.01_e15_x30_c500", "return1_pct": 111.05054210919998, "return3_pct": 107.7397813442, "DD3_pct": 29.52539022567705}
{"completed": "confirm_middle_2025_ETH_s30_b0.0125_e15_x30_c500", "return1_pct": 146.3992315584, "return3_pct": 143.8193710728, "DD3_pct": 20.245717001802845}
{"completed": "confirm_middle_2025_ETH_s30_b0.015_e15_x30_c500", "return1_pct": 146.3992315584, "return3_pct": 143.8193710728, "DD3_pct": 20.245717001802845}
READ_ONLY_RESULT:confirm_fast_2025_ETH_s35_b0.01_e15_x30_c500
READ_ONLY_RESULT:confirm_refine_2025_ETH_s35_b0.0125_e15_x30_c500
READ_ONLY_RESULT:confirm_refine_2025_ETH_s35_b0.015_e15_x30_c500
{"completed": "confirm_middle_2025_ETH_s40_b0.01_e15_x30_c500", "return1_pct": 136.12695447540003, "return3_pct": 133.65787334020004, "DD3_pct": 20.24695266735044}
{"completed": "confirm_middle_2025_ETH_s40_b0.0125_e15_x30_c500", "return1_pct": 136.12695447540003, "return3_pct": 133.65787334020004, "DD3_pct": 20.24695266735044}
{"completed": "confirm_middle_2025_ETH_s40_b0.015_e15_x30_c500", "return1_pct": 136.12695447540003, "return3_pct": 133.65787334020004, "DD3_pct": 20.24695266735044}
{"completed": "confirm_middle_2026_ETH_s30_b0.01_e15_x30_c500", "return1_pct": 41.1653821784, "return3_pct": 39.68388662560001, "DD3_pct": 11.21153820760339}
{"completed": "confirm_middle_2026_ETH_s30_b0.0125_e15_x30_c500", "return1_pct": 41.1653821784, "return3_pct": 39.68388662560001, "DD3_pct": 11.21153820760339}
{"completed": "confirm_middle_2026_ETH_s30_b0.015_e15_x30_c500", "return1_pct": 41.1653821784, "return3_pct": 39.68388662560001, "DD3_pct": 11.21153820760339}
READ_ONLY_RESULT:confirm_fast_2026_ETH_s35_b0.01_e15_x30_c500
READ_ONLY_RESULT:confirm_refine_2026_ETH_s35_b0.0125_e15_x30_c500
READ_ONLY_RESULT:confirm_refine_2026_ETH_s35_b0.015_e15_x30_c500
{"completed": "confirm_middle_2026_ETH_s40_b0.01_e15_x30_c500", "return1_pct": 31.8475561616, "return3_pct": 29.798961452799986, "DD3_pct": 15.661682640525122}
{"completed": "confirm_middle_2026_ETH_s40_b0.0125_e15_x30_c500", "return1_pct": 30.685836239600018, "return3_pct": 28.63784476539999, "DD3_pct": 16.41006555011574}
{"completed": "confirm_middle_2026_ETH_s40_b0.015_e15_x30_c500", "return1_pct": 35.65117116559999, "return3_pct": 34.24266812500001, "DD3_pct": 14.674014595736029}
READ_ONLY_RESULT:volratio_2025_BTC_n30_r1_e15_x30_c1500
READ_ONLY_RESULT:volratio_2026_BTC_n30_r1_e15_x30_c1500
{"completed": "vol_filter_middle_2025_btcN30r1_ethS30_b0.01_btc0.75", "return1_pct": 42.89332257486498, "return3_pct": 40.658735587779994, "DD3_pct": 16.46958660240403}
{"completed": "vol_filter_middle_2025_btcN30r1_ethS30_b0.0125_btc0.75", "return1_pct": 51.73049493716502, "return3_pct": 49.678633019930004, "DD3_pct": 13.34675149472183}
{"completed": "vol_filter_middle_2025_btcN30r1_ethS30_b0.015_btc0.75", "return1_pct": 51.73049493716502, "return3_pct": 49.678633019930004, "DD3_pct": 13.34675149472183}
READ_ONLY_RESULT:vol_filter_fast_2025_btcN30r1_ethS35_b0.01_btc0.75
READ_ONLY_RESULT:vol_filter_refine_2025_btcN30r1_ethS35_b0.0125_btc0.75
READ_ONLY_RESULT:vol_filter_refine_2025_btcN30r1_ethS35_b0.015_btc0.75
{"completed": "vol_filter_middle_2025_btcN30r1_ethS40_b0.01_btc0.75", "return1_pct": 49.162425666415, "return3_pct": 47.138258586780005, "DD3_pct": 13.267977679945309}
{"completed": "vol_filter_middle_2025_btcN30r1_ethS40_b0.0125_btc0.75", "return1_pct": 49.162425666415, "return3_pct": 47.138258586780005, "DD3_pct": 13.267977679945309}
{"completed": "vol_filter_middle_2025_btcN30r1_ethS40_b0.015_btc0.75", "return1_pct": 49.162425666415, "return3_pct": 47.138258586780005, "DD3_pct": 13.267977679945309}
{"completed": "vol_filter_middle_2026_btcN30r1_ethS30_b0.01_btc0.75", "return1_pct": 29.223065111360015, "return3_pct": 27.86717267126, "DD3_pct": 12.269269393791937}
{"completed": "vol_filter_middle_2026_btcN30r1_ethS30_b0.0125_btc0.75", "return1_pct": 29.223065111360015, "return3_pct": 27.86717267126, "DD3_pct": 12.269269393791937}
{"completed": "vol_filter_middle_2026_btcN30r1_ethS30_b0.015_btc0.75", "return1_pct": 29.223065111360015, "return3_pct": 27.86717267126, "DD3_pct": 12.269269393791937}
READ_ONLY_RESULT:vol_filter_fast_2026_btcN30r1_ethS35_b0.01_btc0.75
READ_ONLY_RESULT:vol_filter_refine_2026_btcN30r1_ethS35_b0.0125_btc0.75
READ_ONLY_RESULT:vol_filter_refine_2026_btcN30r1_ethS35_b0.015_btc0.75
{"completed": "vol_filter_middle_2026_btcN30r1_ethS40_b0.01_btc0.75", "return1_pct": 26.89360860716001, "return3_pct": 25.395941378060005, "DD3_pct": 13.0258477182705}
{"completed": "vol_filter_middle_2026_btcN30r1_ethS40_b0.0125_btc0.75", "return1_pct": 26.603178626659997, "return3_pct": 25.10566220621, "DD3_pct": 13.207146889049104}
{"completed": "vol_filter_middle_2026_btcN30r1_ethS40_b0.015_btc0.75", "return1_pct": 27.84451235815999, "return3_pct": 26.50686804611, "DD3_pct": 13.1076520872334}
{"new_configs": 24, "new_component_configs": 12, "new_combination_configs": 12, "new_cost_scenes": 72, "new_minute_NAV_points": 18675504, "old_component_configs_read_only": 8, "old_component_cost_scenes_read_only": 24, "old_combination_configs_read_only": 6, "old_combination_cost_scenes_read_only": 18, "positive_1x": 24, "positive_3x": 24, "passed": ["confirm_middle_2025_ETH_s30_b0.0125_e15_x30_c500", "confirm_middle_2025_ETH_s30_b0.015_e15_x30_c500", "confirm_middle_2025_ETH_s40_b0.01_e15_x30_c500", "confirm_middle_2025_ETH_s40_b0.0125_e15_x30_c500", "confirm_middle_2025_ETH_s40_b0.015_e15_x30_c500", "vol_filter_middle_2025_btcN30r1_ethS30_b0.0125_btc0.75", "vol_filter_middle_2025_btcN30r1_ethS30_b0.015_btc0.75", "vol_filter_middle_2025_btcN30r1_ethS40_b0.01_btc0.75", "vol_filter_middle_2025_btcN30r1_ethS40_b0.0125_btc0.75", "vol_filter_middle_2025_btcN30r1_ethS40_b0.015_btc0.75", "vol_filter_middle_2026_btcN30r1_ethS30_b0.01_btc0.75", "vol_filter_middle_2026_btcN30r1_ethS30_b0.0125_btc0.75", "vol_filter_middle_2026_btcN30r1_ethS30_b0.015_btc0.75", "vol_filter_middle_2026_btcN30r1_ethS40_b0.01_btc0.75", "vol_filter_middle_2026_btcN30r1_ethS40_b0.0125_btc0.75", "vol_filter_middle_2026_btcN30r1_ethS40_b0.015_btc0.75"], "rejected": ["confirm_middle_2025_ETH_s30_b0.01_e15_x30_c500", "confirm_middle_2026_ETH_s30_b0.01_e15_x30_c500", "confirm_middle_2026_ETH_s30_b0.0125_e15_x30_c500", "confirm_middle_2026_ETH_s30_b0.015_e15_x30_c500", "confirm_middle_2026_ETH_s40_b0.01_e15_x30_c500", "confirm_middle_2026_ETH_s40_b0.0125_e15_x30_c500", "confirm_middle_2026_ETH_s40_b0.015_e15_x30_c500", "vol_filter_middle_2025_btcN30r1_ethS30_b0.01_btc0.75"], "new_both_periods_passed_combination_pairs": [["vol_filter_middle_2025_btcN30r1_ethS30_b0.0125_btc0.75", "vol_filter_middle_2026_btcN30r1_ethS30_b0.0125_btc0.75"], ["vol_filter_middle_2025_btcN30r1_ethS30_b0.015_btc0.75", "vol_filter_middle_2026_btcN30r1_ethS30_b0.015_btc0.75"], ["vol_filter_middle_2025_btcN30r1_ethS40_b0.01_btc0.75", "vol_filter_middle_2026_btcN30r1_ethS40_b0.01_btc0.75"], ["vol_filter_middle_2025_btcN30r1_ethS40_b0.0125_btc0.75", "vol_filter_middle_2026_btcN30r1_ethS40_b0.0125_btc0.75"], ["vol_filter_middle_2025_btcN30r1_ethS40_b0.015_btc0.75", "vol_filter_middle_2026_btcN30r1_ethS40_b0.015_btc0.75"]], "both_periods_passed_combination_pairs": [["vol_filter_middle_2025_btcN30r1_ethS30_b0.0125_btc0.75", "vol_filter_middle_2026_btcN30r1_ethS30_b0.0125_btc0.75"], ["vol_filter_middle_2025_btcN30r1_ethS30_b0.015_btc0.75", "vol_filter_middle_2026_btcN30r1_ethS30_b0.015_btc0.75"], ["vol_filter_fast_2025_btcN30r1_ethS35_b0.01_btc0.75", "vol_filter_fast_2026_btcN30r1_ethS35_b0.01_btc0.75"], ["vol_filter_refine_2025_btcN30r1_ethS35_b0.0125_btc0.75", "vol_filter_refine_2026_btcN30r1_ethS35_b0.0125_btc0.75"], ["vol_filter_refine_2025_btcN30r1_ethS35_b0.015_btc0.75", "vol_filter_refine_2026_btcN30r1_ethS35_b0.015_btc0.75"], ["vol_filter_middle_2025_btcN30r1_ethS40_b0.01_btc0.75", "vol_filter_middle_2026_btcN30r1_ethS40_b0.01_btc0.75"], ["vol_filter_middle_2025_btcN30r1_ethS40_b0.0125_btc0.75", "vol_filter_middle_2026_btcN30r1_ethS40_b0.0125_btc0.75"], ["vol_filter_middle_2025_btcN30r1_ethS40_b0.015_btc0.75", "vol_filter_middle_2026_btcN30r1_ethS40_b0.015_btc0.75"]], "new_component_fills": 162, "read_only_component_fills": 102, "new_live_orders": 0}
