{"completed": "filtered_exit_2025_BTC_e10_x20_s50_c1350", "return1": 7.280075323251856, "return3": 4.511581990896296, "minute_DD3": 19.965239801707657}
READ_ONLY_RESULT:filtered_alloc_2025_BTC_e10_s50_c1350
{"completed": "filtered_exit_2025_BTC_e10_x40_s50_c1350", "return1": 20.63925038320742, "return3": 18.76103885096296, "minute_DD3": 12.415094039381824}
{"completed": "filtered_exit_2025_BTC_e15_x20_s50_c1350", "return1": 5.587204569622228, "return3": 2.8586166813481473, "minute_DD3": 20.676498608193462}
READ_ONLY_RESULT:filtered_alloc_2025_BTC_e15_s50_c1350
{"completed": "filtered_exit_2025_BTC_e15_x40_s50_c1350", "return1": 19.564938072696304, "return3": 17.703668284970362, "minute_DD3": 13.194058949215126}
{"completed": "filtered_exit_2025_BTC_e20_x20_s50_c1350", "return1": 14.614405650851857, "return3": 12.243976607540752, "minute_DD3": 13.6064506025396}
READ_ONLY_RESULT:filtered_alloc_2025_BTC_e20_s50_c1350
{"completed": "filtered_exit_2025_BTC_e20_x40_s50_c1350", "return1": 18.486866063014816, "return3": 16.642181945481482, "minute_DD3": 12.130775550801431}
{"completed": "filtered_exit_2025_ETH_e10_x20_s50_c650", "return1": 76.93241030769231, "return3": 74.17284929184615, "minute_DD3": 26.039827149725802}
READ_ONLY_RESULT:filtered_alloc_2025_ETH_e10_s50_c650
{"completed": "filtered_exit_2025_ETH_e10_x40_s50_c650", "return1": 96.85534020923076, "return3": 94.78204126415386, "minute_DD3": 20.245376429741558}
{"completed": "filtered_exit_2025_ETH_e15_x20_s50_c650", "return1": 68.60052080046152, "return3": 65.95563255230769, "minute_DD3": 29.525948616353404}
READ_ONLY_RESULT:filtered_alloc_2025_ETH_e15_s50_c650
{"completed": "filtered_exit_2025_ETH_e15_x40_s50_c650", "return1": 96.85534020923076, "return3": 94.78204126415386, "minute_DD3": 20.245376429741558}
{"completed": "filtered_exit_2025_ETH_e20_x20_s50_c650", "return1": 67.37223473076924, "return3": 64.73931975876923, "minute_DD3": 30.042559560020432}
READ_ONLY_RESULT:filtered_alloc_2025_ETH_e20_s50_c650
{"completed": "filtered_exit_2025_ETH_e20_x40_s50_c650", "return1": 95.41640795076924, "return3": 93.35297299984614, "minute_DD3": 20.829950329720415}
{"completed": "filtered_exit_2025_combo_e10_x20_s50_btc0.675", "return1": 29.91708419319501, "return3": 27.15149386370499, "minute_DD3": 20.3013373206583}
READ_ONLY_RESULT:filtered_alloc_2025_combo_e10_s50_btc0.675
{"completed": "filtered_exit_2025_combo_e10_x40_s50_btc0.675", "return1": 45.40947957666499, "return3": 43.46786463525001, "minute_DD3": 12.800481783550122}
{"completed": "filtered_exit_2025_combo_e15_x20_s50_btc0.675", "return1": 26.066532344644997, "return3": 23.365146839410002, "minute_DD3": 21.966046308651734}
READ_ONLY_RESULT:filtered_alloc_2025_combo_e15_s50_btc0.675
{"completed": "filtered_exit_2025_combo_e15_x40_s50_btc0.675", "return1": 44.684318767069996, "return3": 42.75413950320499, "minute_DD3": 13.329094771121873}
{"completed": "filtered_exit_2025_combo_e20_x20_s50_btc0.675", "return1": 31.76070010182499, "return3": 29.30496313169002, "minute_DD3": 16.769724776900986}
READ_ONLY_RESULT:filtered_alloc_2025_combo_e20_s50_btc0.675
{"completed": "filtered_exit_2025_combo_e20_x40_s50_btc0.675", "return1": 43.48896717653501, "return3": 41.57318903814999, "minute_DD3": 13.818288767941356}
{"completed": "filtered_exit_2026_BTC_e10_x20_s50_c1350", "return1": 10.229283245444453, "return3": 8.512638975674069, "minute_DD3": 14.599630388337037}
READ_ONLY_RESULT:filtered_alloc_2026_BTC_e10_s50_c1350
{"completed": "filtered_exit_2026_BTC_e10_x40_s50_c1350", "return1": 10.500154155244434, "return3": 8.779319386355544, "minute_DD3": 14.599630388337037}
{"completed": "filtered_exit_2026_BTC_e15_x20_s50_c1350", "return1": 10.229283245444453, "return3": 8.512638975674069, "minute_DD3": 14.599630388337037}
READ_ONLY_RESULT:filtered_alloc_2026_BTC_e15_s50_c1350
{"completed": "filtered_exit_2026_BTC_e15_x40_s50_c1350", "return1": 10.500154155244434, "return3": 8.779319386355544, "minute_DD3": 14.599630388337037}
{"completed": "filtered_exit_2026_BTC_e20_x20_s50_c1350", "return1": 10.229283245444453, "return3": 8.512638975674069, "minute_DD3": 14.599630388337037}
READ_ONLY_RESULT:filtered_alloc_2026_BTC_e20_s50_c1350
{"completed": "filtered_exit_2026_BTC_e20_x40_s50_c1350", "return1": 10.500154155244434, "return3": 8.779319386355544, "minute_DD3": 14.599630388337037}
{"completed": "filtered_exit_2026_ETH_e10_x20_s50_c650", "return1": 29.08306621969232, "return3": 27.74093280215384, "minute_DD3": 14.502708338498493}
READ_ONLY_RESULT:filtered_alloc_2026_ETH_e10_s50_c650
{"completed": "filtered_exit_2026_ETH_e10_x40_s50_c650", "return1": 29.08306621969232, "return3": 27.74093280215384, "minute_DD3": 14.502708338498493}
{"completed": "filtered_exit_2026_ETH_e15_x20_s50_c650", "return1": 29.08306621969232, "return3": 27.74093280215384, "minute_DD3": 14.502708338498493}
READ_ONLY_RESULT:filtered_alloc_2026_ETH_e15_s50_c650
{"completed": "filtered_exit_2026_ETH_e15_x40_s50_c650", "return1": 29.08306621969232, "return3": 27.74093280215384, "minute_DD3": 14.502708338498493}
{"completed": "filtered_exit_2026_ETH_e20_x20_s50_c650", "return1": 29.08306621969232, "return3": 27.74093280215384, "minute_DD3": 14.502708338498493}
READ_ONLY_RESULT:filtered_alloc_2026_ETH_e20_s50_c650
{"completed": "filtered_exit_2026_ETH_e20_x40_s50_c650", "return1": 29.08306621969232, "return3": 27.74093280215384, "minute_DD3": 14.502708338498493}
{"completed": "filtered_exit_2026_combo_e10_x20_s50_btc0.675", "return1": 16.356762712075003, "return3": 14.76183446927999, "minute_DD3": 13.219116978395373}
READ_ONLY_RESULT:filtered_alloc_2026_combo_e10_s50_btc0.675
{"completed": "filtered_exit_2026_combo_e10_x40_s50_btc0.675", "return1": 16.539600576189994, "return3": 14.94184374648999, "minute_DD3": 13.219116978395373}
{"completed": "filtered_exit_2026_combo_e15_x20_s50_btc0.675", "return1": 16.356762712075003, "return3": 14.76183446927999, "minute_DD3": 13.219116978395373}
READ_ONLY_RESULT:filtered_alloc_2026_combo_e15_s50_btc0.675
{"completed": "filtered_exit_2026_combo_e15_x40_s50_btc0.675", "return1": 16.539600576189994, "return3": 14.94184374648999, "minute_DD3": 13.219116978395373}
{"completed": "filtered_exit_2026_combo_e20_x20_s50_btc0.675", "return1": 16.356762712075003, "return3": 14.76183446927999, "minute_DD3": 13.219116978395373}
READ_ONLY_RESULT:filtered_alloc_2026_combo_e20_s50_btc0.675
{"completed": "filtered_exit_2026_combo_e20_x40_s50_btc0.675", "return1": 16.539600576189994, "return3": 14.94184374648999, "minute_DD3": 13.219116978395373}
{"new_configs": 36, "new_component_configs": 24, "new_combination_configs": 12, "new_cost_scenes": 108, "new_minute_NAV_points": 28013256, "reused_grid_configs": 18, "reused_cost_scenes": 54, "grid_configs": 54, "grid_cost_scenes": 162, "positive_1x": 36, "positive_3x": 36, "grid_positive_1x": 54, "grid_positive_3x": 54, "passed": ["filtered_exit_2025_BTC_e10_x40_s50_c1350", "filtered_exit_2025_BTC_e15_x40_s50_c1350", "filtered_exit_2025_BTC_e20_x40_s50_c1350", "filtered_exit_2025_ETH_e10_x40_s50_c650", "filtered_exit_2025_ETH_e15_x40_s50_c650", "filtered_exit_2025_ETH_e20_x40_s50_c650", "filtered_exit_2025_combo_e10_x40_s50_btc0.675", "filtered_exit_2025_combo_e15_x40_s50_btc0.675", "filtered_exit_2025_combo_e20_x40_s50_btc0.675", "filtered_exit_2026_combo_e10_x20_s50_btc0.675", "filtered_exit_2026_combo_e10_x40_s50_btc0.675", "filtered_exit_2026_combo_e15_x20_s50_btc0.675", "filtered_exit_2026_combo_e15_x40_s50_btc0.675", "filtered_exit_2026_combo_e20_x20_s50_btc0.675", "filtered_exit_2026_combo_e20_x40_s50_btc0.675"], "rejected": ["filtered_exit_2025_BTC_e10_x20_s50_c1350", "filtered_exit_2025_BTC_e15_x20_s50_c1350", "filtered_exit_2025_BTC_e20_x20_s50_c1350", "filtered_exit_2025_ETH_e10_x20_s50_c650", "filtered_exit_2025_ETH_e15_x20_s50_c650", "filtered_exit_2025_ETH_e20_x20_s50_c650", "filtered_exit_2025_combo_e10_x20_s50_btc0.675", "filtered_exit_2025_combo_e15_x20_s50_btc0.675", "filtered_exit_2025_combo_e20_x20_s50_btc0.675", "filtered_exit_2026_BTC_e10_x20_s50_c1350", "filtered_exit_2026_BTC_e10_x40_s50_c1350", "filtered_exit_2026_BTC_e15_x20_s50_c1350", "filtered_exit_2026_BTC_e15_x40_s50_c1350", "filtered_exit_2026_BTC_e20_x20_s50_c1350", "filtered_exit_2026_BTC_e20_x40_s50_c1350", "filtered_exit_2026_ETH_e10_x20_s50_c650", "filtered_exit_2026_ETH_e10_x40_s50_c650", "filtered_exit_2026_ETH_e15_x20_s50_c650", "filtered_exit_2026_ETH_e15_x40_s50_c650", "filtered_exit_2026_ETH_e20_x20_s50_c650", "filtered_exit_2026_ETH_e20_x40_s50_c650"], "grid_passed": ["filtered_alloc_2025_BTC_e10_s50_c1350", "filtered_exit_2025_BTC_e10_x40_s50_c1350", "filtered_alloc_2025_BTC_e15_s50_c1350", "filtered_exit_2025_BTC_e15_x40_s50_c1350", "filtered_alloc_2025_BTC_e20_s50_c1350", "filtered_exit_2025_BTC_e20_x40_s50_c1350", "filtered_alloc_2025_ETH_e10_s50_c650", "filtered_exit_2025_ETH_e10_x40_s50_c650", "filtered_alloc_2025_ETH_e15_s50_c650", "filtered_exit_2025_ETH_e15_x40_s50_c650", "filtered_alloc_2025_ETH_e20_s50_c650", "filtered_exit_2025_ETH_e20_x40_s50_c650", "filtered_alloc_2025_combo_e10_s50_btc0.675", "filtered_exit_2025_combo_e10_x40_s50_btc0.675", "filtered_alloc_2025_combo_e15_s50_btc0.675", "filtered_exit_2025_combo_e15_x40_s50_btc0.675", "filtered_alloc_2025_combo_e20_s50_btc0.675", "filtered_exit_2025_combo_e20_x40_s50_btc0.675", "filtered_exit_2026_combo_e10_x20_s50_btc0.675", "filtered_alloc_2026_combo_e10_s50_btc0.675", "filtered_exit_2026_combo_e10_x40_s50_btc0.675", "filtered_exit_2026_combo_e15_x20_s50_btc0.675", "filtered_alloc_2026_combo_e15_s50_btc0.675", "filtered_exit_2026_combo_e15_x40_s50_btc0.675", "filtered_exit_2026_combo_e20_x20_s50_btc0.675", "filtered_alloc_2026_combo_e20_s50_btc0.675", "filtered_exit_2026_combo_e20_x40_s50_btc0.675"], "both_periods_passed_combination_pairs": [["filtered_alloc_2025_combo_e10_s50_btc0.675", "filtered_alloc_2026_combo_e10_s50_btc0.675"], ["filtered_exit_2025_combo_e10_x40_s50_btc0.675", "filtered_exit_2026_combo_e10_x40_s50_btc0.675"], ["filtered_alloc_2025_combo_e15_s50_btc0.675", "filtered_alloc_2026_combo_e15_s50_btc0.675"], ["filtered_exit_2025_combo_e15_x40_s50_btc0.675", "filtered_exit_2026_combo_e15_x40_s50_btc0.675"], ["filtered_alloc_2025_combo_e20_s50_btc0.675", "filtered_alloc_2026_combo_e20_s50_btc0.675"], ["filtered_exit_2025_combo_e20_x40_s50_btc0.675", "filtered_exit_2026_combo_e20_x40_s50_btc0.675"]], "new_both_periods_passed_combination_pairs": [["filtered_exit_2025_combo_e10_x40_s50_btc0.675", "filtered_exit_2026_combo_e10_x40_s50_btc0.675"], ["filtered_exit_2025_combo_e15_x40_s50_btc0.675", "filtered_exit_2026_combo_e15_x40_s50_btc0.675"], ["filtered_exit_2025_combo_e20_x40_s50_btc0.675", "filtered_exit_2026_combo_e20_x40_s50_btc0.675"]], "actual_component_fills": 408, "audited_component_fills": 588, "reused_ledger_records_untouched": true, "new_live_orders": 0}
