filtered_exit_2025_BTC_e10_x20_s50_c1350 0 920b11d95062e4b30482504f48f79ee5455acd3156590104eeea5db9b543f421
READ_ONLY_EXACT filtered_alloc_2025_BTC_e10_s50_c1350
filtered_exit_2025_BTC_e10_x40_s50_c1350 0 e5b03dd43508a67a9836c1f8cb5051a8a289eb1766e17575ed6e5297ce1230e0
filtered_exit_2025_BTC_e15_x20_s50_c1350 0 419d01132208146c7f807b54a5bac73a3aca10ebb74bbdc7dbb101ab4e9aa871
READ_ONLY_EXACT filtered_alloc_2025_BTC_e15_s50_c1350
filtered_exit_2025_BTC_e15_x40_s50_c1350 0 d707d369b25f4179497867062fb99155a8c2792e7026776845e2c5b9084e7dae
filtered_exit_2025_BTC_e20_x20_s50_c1350 0 2b4744529a47eb0a0c4f477622a3101688c1a9c0b63a7a60587c9fa95aa70b4c
READ_ONLY_EXACT filtered_alloc_2025_BTC_e20_s50_c1350
filtered_exit_2025_BTC_e20_x40_s50_c1350 0 0e1ef38c46246d9510bd821451f9a317ae4af402cbb7ad9d137c21ad4b4c955e
filtered_exit_2025_ETH_e10_x20_s50_c650 0 ac8f3433d0be8d2b50517135b176e774d1b1c8f8c17305943bca915de2410253
READ_ONLY_EXACT filtered_alloc_2025_ETH_e10_s50_c650
filtered_exit_2025_ETH_e10_x40_s50_c650 0 b349ef06ecf744bdcc12f189c9664eda5304a2be18334a3e87b076b4baa00767
filtered_exit_2025_ETH_e15_x20_s50_c650 0 53d6d4e8a678539416fe8aec5bd818c821d41856b26ac9728496390a5ae22f2c
READ_ONLY_EXACT filtered_alloc_2025_ETH_e15_s50_c650
filtered_exit_2025_ETH_e15_x40_s50_c650 0 41316785e9040fa5169fdf05d92145de3e8ff40bab9139fe78e5cc2871ba488f
filtered_exit_2025_ETH_e20_x20_s50_c650 0 b8b5aa62488080be25d751a61600d5772ca6e3000af97fea46da291a8f045103
READ_ONLY_EXACT filtered_alloc_2025_ETH_e20_s50_c650
filtered_exit_2025_ETH_e20_x40_s50_c650 0 a196e76351c2db64d4deb96c9407aa90eb0f45ca801fbba8dbae95b97846c896
filtered_exit_2025_combo_e10_x20_s50_btc0.675 0 5a32e0a5c0be2bed47a8a62be6fed85d3877c6def995efd251dd902e3ae35d74
READ_ONLY_EXACT filtered_alloc_2025_combo_e10_s50_btc0.675
filtered_exit_2025_combo_e10_x40_s50_btc0.675 0 2dcf4ba2ff76eb0f16059d7d6a838f0b40113c5f93db0d23036093516cada2b8
filtered_exit_2025_combo_e15_x20_s50_btc0.675 0 19b98bc707722e3aa7d70a7e1d57afe09fa836971e9bcf304e2b8af282e88fcc
READ_ONLY_EXACT filtered_alloc_2025_combo_e15_s50_btc0.675
filtered_exit_2025_combo_e15_x40_s50_btc0.675 0 efeb4a49471ad673062e226ed230d959bc8be9d9fb42e1276b5a03eea93bb2b8
filtered_exit_2025_combo_e20_x20_s50_btc0.675 0 abf96dd63d09b1c1bf9c4a93d00cb655b4ba77558013696761261eb47f356ecd
READ_ONLY_EXACT filtered_alloc_2025_combo_e20_s50_btc0.675
filtered_exit_2025_combo_e20_x40_s50_btc0.675 0 a36e5537cbff9fdcbf36648005b7ece6d5e334afb6c66acd03083e4736cd3f4e
filtered_exit_2026_BTC_e10_x20_s50_c1350 0 c447aa10eab5e90d25227119226b5d0e5a0e1aed5eeb45fb55cd71a92b66b1a0
READ_ONLY_EXACT filtered_alloc_2026_BTC_e10_s50_c1350
filtered_exit_2026_BTC_e10_x40_s50_c1350 0 985c07198fde2dc05c146e477789d8a76c0f2e4ae8652e07120d2e2ddbd020dc
filtered_exit_2026_BTC_e15_x20_s50_c1350 0 1295d3f9b50c2554a0e03d95e49ee62cd1da1c45eed0e8aeb50d491230bd3b83
READ_ONLY_EXACT filtered_alloc_2026_BTC_e15_s50_c1350
filtered_exit_2026_BTC_e15_x40_s50_c1350 0 a9ccb613c2091cbb7d00ad7caa7b95488071b15691e8bb4a943c94221b70a693
filtered_exit_2026_BTC_e20_x20_s50_c1350 0 1562eaa620df53027c26346ac67d3a201e3e562ed179aec1b2a454864b55bda8
READ_ONLY_EXACT filtered_alloc_2026_BTC_e20_s50_c1350
filtered_exit_2026_BTC_e20_x40_s50_c1350 0 73bf392192b7aa1f65f0f7d53ba1b5da318d28e572fcac8a68ab2f67949525d0
filtered_exit_2026_ETH_e10_x20_s50_c650 0 05d9f9bab8aaff5d64233d78d2fb4739ac1acaf29db9e9a106a2433e369360db
READ_ONLY_EXACT filtered_alloc_2026_ETH_e10_s50_c650
filtered_exit_2026_ETH_e10_x40_s50_c650 0 d74b3f4b6e6b75bd833a91618c2143c85c7331c785f0db038b44a51fc747ecd3
filtered_exit_2026_ETH_e15_x20_s50_c650 0 4f6e0e08a32d535e7901943a52a5312ee2fdbbd9bc0a1e1ffff3bce57ef0fa19
READ_ONLY_EXACT filtered_alloc_2026_ETH_e15_s50_c650
filtered_exit_2026_ETH_e15_x40_s50_c650 0 3ca6c325c84a13da2a000f3df3492541e60cb4b43f24ca4548162561f99f7dd2
filtered_exit_2026_ETH_e20_x20_s50_c650 0 22a88aeb9f8444a566b481580cfedfa15be80946c4d29c7d3394c97c6222ad4c
READ_ONLY_EXACT filtered_alloc_2026_ETH_e20_s50_c650
filtered_exit_2026_ETH_e20_x40_s50_c650 0 1d10b78573717a4bd06facb189a2ed640ea52ba4f99fa5215f9eafed72d2af6f
filtered_exit_2026_combo_e10_x20_s50_btc0.675 0 d84b4aa9c67f98b3aa35bd8326c3f0d537b1dea126140851e03d113b72409a32
READ_ONLY_EXACT filtered_alloc_2026_combo_e10_s50_btc0.675
filtered_exit_2026_combo_e10_x40_s50_btc0.675 0 ab0dd6b1bca5e7d481fce00893f7987bf4b83397300895043f675c3c1c64fd58
filtered_exit_2026_combo_e15_x20_s50_btc0.675 0 c9732b5e15ec3ef9202382fe084d41d8f1f7ed379da69c8f676a92cab7928363
READ_ONLY_EXACT filtered_alloc_2026_combo_e15_s50_btc0.675
filtered_exit_2026_combo_e15_x40_s50_btc0.675 0 541ec17aac0dd87997ffb010b4a51e3c8f88d549a530deaa1a80550e580aa1fb
filtered_exit_2026_combo_e20_x20_s50_btc0.675 0 a341c2ecee3af1c8859b4ffb9c1834d338a52d1d0dd627f77001b989121f12bc
READ_ONLY_EXACT filtered_alloc_2026_combo_e20_s50_btc0.675
filtered_exit_2026_combo_e20_x40_s50_btc0.675 0 8ad8f1f205444ea3eb41d702cb51a11e4eab1256efe956b58e320948721e6ae0
forward_snapshot_BTC 0 1bcf9a294207c643e49558229bd332a1c8d5fb05b242c20fc018634c9f6dd9f6
forward_snapshot_ETH 0 60ee3cac71516d50c09bb5a147103fc6ac210c946d437ace344dc1a6004ab481
forward_snapshot_combo 0 945cc04c4f2a9a5c68252900e07c95c537fbf8ccd20d9907f8957f6b496e10a6
PASS:36new actual-capital historical and3new cutoff configurations reserved;18existingexit30 exact definitions read-only.
