{"completed": "volratio_2025_BTC_n20_r0.9_c1000", "return1_pct": 7.4162909358399975, "return3_pct": 5.190684152159997, "DD3_pct": 12.765972745577503}
READ_ONLY_RESULT:volspan_2025_BTC_n20_r1_c1000
{"completed": "volratio_2025_BTC_n20_r1.1_c1000", "return1_pct": 7.4162909358399975, "return3_pct": 5.190684152159997, "DD3_pct": 12.765972745577503}
{"completed": "volratio_2025_BTC_n30_r0.9_c1000", "return1_pct": 7.4162909358399975, "return3_pct": 5.190684152159997, "DD3_pct": 12.765972745577503}
READ_ONLY_RESULT:fundalloc_2025_BTC_vol30_r1_c1000
{"completed": "volratio_2025_BTC_n30_r1.1_c1000", "return1_pct": 20.165019473910007, "return3_pct": 18.309281224249997, "DD3_pct": 12.1325889711004}
{"completed": "volratio_2025_BTC_n40_r0.9_c1000", "return1_pct": 7.4162909358399975, "return3_pct": 5.190684152159997, "DD3_pct": 12.765972745577503}
READ_ONLY_RESULT:volspan_2025_BTC_n40_r1_c1000
{"completed": "volratio_2025_BTC_n40_r1.1_c1000", "return1_pct": 20.165019473910007, "return3_pct": 18.309281224249997, "DD3_pct": 12.1325889711004}
READ_ONLY_RESULT:fundalloc_2025_ETH_s30_b0.0125_c1000
{"completed": "volratio_2026_BTC_n20_r0.9_c1000", "return1_pct": 25.243138345920002, "return3_pct": 23.93480770545, "DD3_pct": 13.064338280311604}
READ_ONLY_RESULT:volspan_2026_BTC_n20_r1_c1000
{"completed": "volratio_2026_BTC_n20_r1.1_c1000", "return1_pct": 25.243138345920002, "return3_pct": 23.93480770545, "DD3_pct": 13.064338280311604}
{"completed": "volratio_2026_BTC_n30_r0.9_c1000", "return1_pct": 25.243138345920002, "return3_pct": 23.93480770545, "DD3_pct": 13.064338280311604}
READ_ONLY_RESULT:fundalloc_2026_BTC_vol30_r1_c1000
{"completed": "volratio_2026_BTC_n30_r1.1_c1000", "return1_pct": 25.243138345920002, "return3_pct": 23.93480770545, "DD3_pct": 13.064338280311604}
{"completed": "volratio_2026_BTC_n40_r0.9_c1000", "return1_pct": 25.243138345920002, "return3_pct": 23.93480770545, "DD3_pct": 13.064338280311604}
READ_ONLY_RESULT:volspan_2026_BTC_n40_r1_c1000
{"completed": "volratio_2026_BTC_n40_r1.1_c1000", "return1_pct": 23.351711274810015, "return3_pct": 22.061236638219995, "DD3_pct": 13.343185324527196}
READ_ONLY_RESULT:fundalloc_2026_ETH_s30_b0.0125_c1000
{"completed": "volratio_2025_btcN20_r0.9_ethS30_b0.0125_btc0.5", "return1_pct": 76.90959163756999, "return3_pct": 74.51075727358003, "DD3_pct": 16.197227048143226}
READ_ONLY_RESULT:volspan_2025_btcN20_ethS30_b0.0125_btc0.5
{"completed": "volratio_2025_btcN20_r1.1_ethS30_b0.0125_btc0.5", "return1_pct": 76.90959163756999, "return3_pct": 74.51075727358003, "DD3_pct": 16.197227048143226}
{"completed": "volratio_2025_btcN30_r0.9_ethS30_b0.0125_btc0.5", "return1_pct": 76.90959163756999, "return3_pct": 74.51075727358003, "DD3_pct": 16.197227048143226}
READ_ONLY_RESULT:fundalloc_2025_btc0.5_ethS30_b0.0125
{"completed": "volratio_2025_btcN30_r1.1_ethS30_b0.0125_btc0.5", "return1_pct": 83.28395590660497, "return3_pct": 81.070055809625, "DD3_pct": 15.914267053505082}
{"completed": "volratio_2025_btcN40_r0.9_ethS30_b0.0125_btc0.5", "return1_pct": 76.90959163756999, "return3_pct": 74.51075727358003, "DD3_pct": 16.197227048143226}
READ_ONLY_RESULT:volspan_2025_btcN40_ethS30_b0.0125_btc0.5
{"completed": "volratio_2025_btcN40_r1.1_ethS30_b0.0125_btc0.5", "return1_pct": 83.28395590660497, "return3_pct": 81.070055809625, "DD3_pct": 15.914267053505082}
{"completed": "volratio_2026_btcN20_r0.9_ethS30_b0.0125_btc0.5", "return1_pct": 33.19974195461, "return3_pct": 31.809822013824984, "DD3_pct": 11.453399297972599}
READ_ONLY_RESULT:volspan_2026_btcN20_ethS30_b0.0125_btc0.5
{"completed": "volratio_2026_btcN20_r1.1_ethS30_b0.0125_btc0.5", "return1_pct": 33.19974195461, "return3_pct": 31.809822013824984, "DD3_pct": 11.453399297972599}
{"completed": "volratio_2026_btcN30_r0.9_ethS30_b0.0125_btc0.5", "return1_pct": 33.19974195461, "return3_pct": 31.809822013824984, "DD3_pct": 11.453399297972599}
READ_ONLY_RESULT:fundalloc_2026_btc0.5_ethS30_b0.0125
{"completed": "volratio_2026_btcN30_r1.1_ethS30_b0.0125_btc0.5", "return1_pct": 33.19974195461, "return3_pct": 31.809822013824984, "DD3_pct": 11.453399297972599}
{"completed": "volratio_2026_btcN40_r0.9_ethS30_b0.0125_btc0.5", "return1_pct": 33.19974195461, "return3_pct": 31.809822013824984, "DD3_pct": 11.453399297972599}
READ_ONLY_RESULT:volspan_2026_btcN40_ethS30_b0.0125_btc0.5
{"completed": "volratio_2026_btcN40_r1.1_ethS30_b0.0125_btc0.5", "return1_pct": 32.254028419055025, "return3_pct": 30.873036480210004, "DD3_pct": 9.460673384602424}
{"new_configs": 24, "new_component_configs": 12, "new_combination_configs": 12, "new_cost_scenes": 72, "new_minute_NAV_points": 18675504, "old_component_configs_read_only": 8, "old_component_cost_scenes_read_only": 24, "old_combination_configs_read_only": 6, "old_combination_cost_scenes_read_only": 18, "positive_1x": 24, "positive_3x": 24, "passed": ["volratio_2025_BTC_n20_r0.9_c1000", "volratio_2025_BTC_n20_r1.1_c1000", "volratio_2025_BTC_n30_r0.9_c1000", "volratio_2025_BTC_n30_r1.1_c1000", "volratio_2025_BTC_n40_r0.9_c1000", "volratio_2025_BTC_n40_r1.1_c1000", "volratio_2026_BTC_n20_r0.9_c1000", "volratio_2026_BTC_n20_r1.1_c1000", "volratio_2026_BTC_n30_r0.9_c1000", "volratio_2026_BTC_n30_r1.1_c1000", "volratio_2026_BTC_n40_r0.9_c1000", "volratio_2025_btcN20_r0.9_ethS30_b0.0125_btc0.5", "volratio_2025_btcN20_r1.1_ethS30_b0.0125_btc0.5", "volratio_2025_btcN30_r0.9_ethS30_b0.0125_btc0.5", "volratio_2025_btcN30_r1.1_ethS30_b0.0125_btc0.5", "volratio_2025_btcN40_r0.9_ethS30_b0.0125_btc0.5", "volratio_2025_btcN40_r1.1_ethS30_b0.0125_btc0.5", "volratio_2026_btcN20_r0.9_ethS30_b0.0125_btc0.5", "volratio_2026_btcN20_r1.1_ethS30_b0.0125_btc0.5", "volratio_2026_btcN30_r0.9_ethS30_b0.0125_btc0.5", "volratio_2026_btcN30_r1.1_ethS30_b0.0125_btc0.5", "volratio_2026_btcN40_r0.9_ethS30_b0.0125_btc0.5", "volratio_2026_btcN40_r1.1_ethS30_b0.0125_btc0.5"], "rejected": ["volratio_2026_BTC_n40_r1.1_c1000"], "new_both_periods_passed_combination_pairs": [["volratio_2025_btcN20_r0.9_ethS30_b0.0125_btc0.5", "volratio_2026_btcN20_r0.9_ethS30_b0.0125_btc0.5"], ["volratio_2025_btcN20_r1.1_ethS30_b0.0125_btc0.5", "volratio_2026_btcN20_r1.1_ethS30_b0.0125_btc0.5"], ["volratio_2025_btcN30_r0.9_ethS30_b0.0125_btc0.5", "volratio_2026_btcN30_r0.9_ethS30_b0.0125_btc0.5"], ["volratio_2025_btcN30_r1.1_ethS30_b0.0125_btc0.5", "volratio_2026_btcN30_r1.1_ethS30_b0.0125_btc0.5"], ["volratio_2025_btcN40_r0.9_ethS30_b0.0125_btc0.5", "volratio_2026_btcN40_r0.9_ethS30_b0.0125_btc0.5"], ["volratio_2025_btcN40_r1.1_ethS30_b0.0125_btc0.5", "volratio_2026_btcN40_r1.1_ethS30_b0.0125_btc0.5"]], "both_periods_passed_combination_pairs": [["volratio_2025_btcN20_r0.9_ethS30_b0.0125_btc0.5", "volratio_2026_btcN20_r0.9_ethS30_b0.0125_btc0.5"], ["volspan_2025_btcN20_ethS30_b0.0125_btc0.5", "volspan_2026_btcN20_ethS30_b0.0125_btc0.5"], ["volratio_2025_btcN20_r1.1_ethS30_b0.0125_btc0.5", "volratio_2026_btcN20_r1.1_ethS30_b0.0125_btc0.5"], ["volratio_2025_btcN30_r0.9_ethS30_b0.0125_btc0.5", "volratio_2026_btcN30_r0.9_ethS30_b0.0125_btc0.5"], ["fundalloc_2025_btc0.5_ethS30_b0.0125", "fundalloc_2026_btc0.5_ethS30_b0.0125"], ["volratio_2025_btcN30_r1.1_ethS30_b0.0125_btc0.5", "volratio_2026_btcN30_r1.1_ethS30_b0.0125_btc0.5"], ["volratio_2025_btcN40_r0.9_ethS30_b0.0125_btc0.5", "volratio_2026_btcN40_r0.9_ethS30_b0.0125_btc0.5"], ["volspan_2025_btcN40_ethS30_b0.0125_btc0.5", "volspan_2026_btcN40_ethS30_b0.0125_btc0.5"], ["volratio_2025_btcN40_r1.1_ethS30_b0.0125_btc0.5", "volratio_2026_btcN40_r1.1_ethS30_b0.0125_btc0.5"]], "new_component_fills": 204, "read_only_component_fills": 126, "new_live_orders": 0}
