volratio_2025_BTC_n20_r0.9_c1000 passed 0 dfb16048d648383d7dff640cb1b10e27a328e55b494308fdbe047ab82990dcfd
volratio_2025_BTC_n20_r1.1_c1000 passed 0 89eebb87852cf68486f00fa29fc36231efcacd566ee6a8c547b25014b8744f96
volratio_2025_BTC_n30_r0.9_c1000 passed 0 618e6729922292405fecdb3e8459e4e7a04c333626e44672a0d074f652ab4a2b
volratio_2025_BTC_n30_r1.1_c1000 passed 0 04d6ff75feb06c49a1d8d6e5ed1b28fc9e9e214898e31d196cc9ac81f69ed070
volratio_2025_BTC_n40_r0.9_c1000 passed 0 41f6aac101df45df4c75b20b4b1b1422efa0c4f7204c3f00b9fdbe6af40451e7
volratio_2025_BTC_n40_r1.1_c1000 passed 0 76141724ba52cea5393f3849f59ab0162a31dc061675003298ac52f586b48192
volratio_2026_BTC_n20_r0.9_c1000 passed 0 41c52023fd383f05d256714e4d9a5d7c8ff6fee3f5249e37d8a0b4a85a827ef0
volratio_2026_BTC_n20_r1.1_c1000 passed 0 d824551ee9a21dcc9c577f415c3e38360df73c7eb05f6cdd0a0183b3454ed72b
volratio_2026_BTC_n30_r0.9_c1000 passed 0 7f5eb1b941e98a45f11fc1ba9630baf8f053c42a104dd5f0a1a14e17e7e6974c
volratio_2026_BTC_n30_r1.1_c1000 passed 0 b54626fbb159346f6cd1338cf0eb41bdab7561168a1ac6d24b826e80fbb6a5e0
volratio_2026_BTC_n40_r0.9_c1000 passed 0 a4e70c7720f78f2550c8077d6ea9c3d8605cd1e868354aced5c1f72fec5e6656
volratio_2026_BTC_n40_r1.1_c1000 rejected 0 13c8779c81af8d145131d0cbb61d89529ceb409ecf1aa0a042aa3b2a51585163
volratio_2025_btcN20_r0.9_ethS30_b0.0125_btc0.5 passed 0 2f63a32f2fb72031bd3b179def68892daca63736c2fc8c7bdca47ff2343ec4e4
volratio_2025_btcN20_r1.1_ethS30_b0.0125_btc0.5 passed 0 3988cbed136697ab5d4c3daf864d33f354ea92f2a076427747e95f98ce385d9b
volratio_2025_btcN30_r0.9_ethS30_b0.0125_btc0.5 passed 0 56a72f1649b4d835836a9ad210f1e9f1a388e712458d7414694e3dce52374f18
volratio_2025_btcN30_r1.1_ethS30_b0.0125_btc0.5 passed 0 15dae60f2ecc75f032523d939a1656df6082aac4dab064d04a729997f4188626
volratio_2025_btcN40_r0.9_ethS30_b0.0125_btc0.5 passed 0 eafe513fe95bca35db8ead91d2a1eb3c08c69f6dece8ff1a228de7b756ad2fa5
volratio_2025_btcN40_r1.1_ethS30_b0.0125_btc0.5 passed 0 860a2d5a4b8bae4c9b459f1cb08bfd9ef3917679180a36fa3775e7d8d9e8b59c
volratio_2026_btcN20_r0.9_ethS30_b0.0125_btc0.5 passed 0 da99d2fff43ccd8b3289e7602b2e4ec83d5a785336317ff9678ca7aabb29b804
volratio_2026_btcN20_r1.1_ethS30_b0.0125_btc0.5 passed 0 e874acb5aca50fe2d939c40aafb21292c7578e22cbaab6ef634032799ad52c1f
volratio_2026_btcN30_r0.9_ethS30_b0.0125_btc0.5 passed 0 9e633a07818d7fc76ea8a8fa254101dfdbd9ad3e4436a25a8ef4e239b841127c
volratio_2026_btcN30_r1.1_ethS30_b0.0125_btc0.5 passed 0 c66029f94e9ba69829f3f288a6ff5d66d57eab737141da5971469fa93e87f762
volratio_2026_btcN40_r0.9_ethS30_b0.0125_btc0.5 passed 0 748bc27a823b94c7c128b90897f7d185c840781ff0282ae4722451a2675ee783
volratio_2026_btcN40_r1.1_ethS30_b0.0125_btc0.5 passed 0 6cce0802c0590012eb25e0ad2a3744ef3395c0d75cbaec4dda18656e81752edf
forward_snapshot_BTC rejected 0 1933660f8d801efd34bf9f8c50522086543edd865add226b57baa60305f03ab6
forward_snapshot_ETH rejected 0 11a5065d2b5a59cfac1b216c7f78e614a7425b4fc7bb7c2f3b18dfad8ef490f5
forward_snapshot_combo rejected 0 63fc83d6dff4fe15b0d6c1d66c5ae67cef765f9010959b595a5f62881d3f0664
