{"completed": "filtered_span_2025_BTC_e10_b0.03_x30_s30_c1350", "return1": 18.14167422451851, "return3": 16.911713555096284, "minute_DD3": 12.484678105222324}
READ_ONLY_RESULT:filtered_band_2025_BTC_e10_b0.03_x30_s50_c1350
{"completed": "filtered_span_2025_BTC_e10_b0.03_x30_s70_c1350", "return1": 11.938892308451843, "return3": 10.192572313674075, "minute_DD3": 12.410478514961376}
{"completed": "filtered_span_2025_BTC_e15_b0.03_x30_s30_c1350", "return1": 18.14167422451851, "return3": 16.911713555096284, "minute_DD3": 12.484678105222324}
READ_ONLY_RESULT:filtered_band_2025_BTC_e15_b0.03_x30_s50_c1350
{"completed": "filtered_span_2025_BTC_e15_b0.03_x30_s70_c1350", "return1": 10.942414089481467, "return3": 9.21234568964444, "minute_DD3": 13.189577336593661}
{"completed": "filtered_span_2025_BTC_e20_b0.03_x30_s30_c1350", "return1": 18.14167422451851, "return3": 16.911713555096284, "minute_DD3": 12.484678105222324}
READ_ONLY_RESULT:filtered_band_2025_BTC_e20_b0.03_x30_s50_c1350
{"completed": "filtered_span_2025_BTC_e20_b0.03_x30_s70_c1350", "return1": 10.351041916059266, "return3": 8.632786815340744, "minute_DD3": 12.126160323404555}
{"completed": "filtered_span_2025_ETH_e10_b0.03_x30_s30_c650", "return1": 141.6658664707692, "return3": 139.1258949186154, "minute_DD3": 20.247568835254793}
READ_ONLY_RESULT:filtered_band_2025_ETH_e10_b0.03_x30_s50_c650
{"completed": "filtered_span_2025_ETH_e10_b0.03_x30_s70_c650", "return1": 96.85534020923076, "return3": 94.78204126415386, "minute_DD3": 20.245376429741558}
{"completed": "filtered_span_2025_ETH_e15_b0.03_x30_s30_c650", "return1": 141.6658664707692, "return3": 139.1258949186154, "minute_DD3": 20.247568835254793}
READ_ONLY_RESULT:filtered_band_2025_ETH_e15_b0.03_x30_s50_c650
{"completed": "filtered_span_2025_ETH_e15_b0.03_x30_s70_c650", "return1": 96.85534020923076, "return3": 94.78204126415386, "minute_DD3": 20.245376429741558}
{"completed": "filtered_span_2025_ETH_e20_b0.03_x30_s30_c650", "return1": 136.43359568892305, "return3": 133.96100647461543, "minute_DD3": 20.83268977675088}
READ_ONLY_RESULT:filtered_band_2025_ETH_e20_b0.03_x30_s50_c650
{"completed": "filtered_span_2025_ETH_e20_b0.03_x30_s70_c650", "return1": 95.41640795076924, "return3": 93.35297299984614, "minute_DD3": 20.829950329720415}
{"completed": "filtered_span_2025_combo_e10_b0.03_x30_s30_btc0.675", "return1": 58.28703670455, "return3": 56.63132249824001, "minute_DD3": 14.429730230764005}
READ_ONLY_RESULT:filtered_band_2025_combo_e10_b0.03_x30_s50_btc0.675
{"completed": "filtered_span_2025_combo_e10_b0.03_x30_s70_btc0.675", "return1": 39.536737876204995, "return3": 37.68414972258001, "minute_DD3": 12.923035488092271}
{"completed": "filtered_span_2025_combo_e15_b0.03_x30_s30_btc0.675", "return1": 58.28703670455, "return3": 56.63132249824001, "minute_DD3": 14.429730230764005}
READ_ONLY_RESULT:filtered_band_2025_combo_e15_b0.03_x30_s50_btc0.675
{"completed": "filtered_span_2025_combo_e15_b0.03_x30_s70_btc0.675", "return1": 38.864115078399976, "return3": 37.02249675136, "minute_DD3": 13.450209508945488}
{"completed": "filtered_span_2025_combo_e20_b0.03_x30_s30_btc0.675", "return1": 56.58654870044999, "return3": 54.95273375393999, "minute_DD3": 14.618535745122696}
READ_ONLY_RESULT:filtered_band_2025_combo_e20_b0.03_x30_s50_btc0.675
{"completed": "filtered_span_2025_combo_e20_b0.03_x30_s70_btc0.675", "return1": 37.99728587734001, "return3": 36.16684732530497, "minute_DD3": 13.965965423911175}
{"completed": "filtered_span_2026_BTC_e10_b0.03_x30_s30_c1350", "return1": 20.55285734837038, "return3": 19.30300531167408, "minute_DD3": 15.310774781791359}
READ_ONLY_RESULT:filtered_band_2026_BTC_e10_b0.03_x30_s50_c1350
{"completed": "filtered_span_2026_BTC_e10_b0.03_x30_s70_c1350", "return1": 11.183708643540747, "return3": 10.026147911844463, "minute_DD3": 10.178372284069571}
{"completed": "filtered_span_2026_BTC_e15_b0.03_x30_s30_c1350", "return1": 20.55285734837038, "return3": 19.30300531167408, "minute_DD3": 15.310774781791359}
READ_ONLY_RESULT:filtered_band_2026_BTC_e15_b0.03_x30_s50_c1350
{"completed": "filtered_span_2026_BTC_e15_b0.03_x30_s70_c1350", "return1": 11.183708643540747, "return3": 10.026147911844463, "minute_DD3": 10.178372284069571}
{"completed": "filtered_span_2026_BTC_e20_b0.03_x30_s30_c1350", "return1": 20.55285734837038, "return3": 19.30300531167408, "minute_DD3": 15.310774781791359}
READ_ONLY_RESULT:filtered_band_2026_BTC_e20_b0.03_x30_s50_c1350
{"completed": "filtered_span_2026_BTC_e20_b0.03_x30_s70_c1350", "return1": 11.183708643540747, "return3": 10.026147911844463, "minute_DD3": 10.178372284069571}
{"completed": "filtered_span_2026_ETH_e10_b0.03_x30_s30_c650", "return1": 37.205802107076934, "return3": 35.7659081446154, "minute_DD3": 13.698554641397664}
READ_ONLY_RESULT:filtered_band_2026_ETH_e10_b0.03_x30_s50_c650
{"completed": "filtered_span_2026_ETH_e10_b0.03_x30_s70_c650", "return1": 20.2449952843077, "return3": 18.987348029076912, "minute_DD3": 15.75428495262059}
{"completed": "filtered_span_2026_ETH_e15_b0.03_x30_s30_c650", "return1": 37.205802107076934, "return3": 35.7659081446154, "minute_DD3": 13.698554641397664}
READ_ONLY_RESULT:filtered_band_2026_ETH_e15_b0.03_x30_s50_c650
{"completed": "filtered_span_2026_ETH_e15_b0.03_x30_s70_c650", "return1": 20.2449952843077, "return3": 18.987348029076912, "minute_DD3": 15.75428495262059}
{"completed": "filtered_span_2026_ETH_e20_b0.03_x30_s30_c650", "return1": 35.65443142384615, "return3": 34.238054465846155, "minute_DD3": 14.672445026180835}
READ_ONLY_RESULT:filtered_band_2026_ETH_e20_b0.03_x30_s50_c650
{"completed": "filtered_span_2026_ETH_e20_b0.03_x30_s70_c650", "return1": 20.2449952843077, "return3": 18.987348029076912, "minute_DD3": 15.75428495262059}
{"completed": "filtered_span_2026_combo_e10_b0.03_x30_s30_btc0.675", "return1": 25.965064394950012, "return3": 24.65344873238, "minute_DD3": 12.577629495298748}
READ_ONLY_RESULT:filtered_band_2026_combo_e10_b0.03_x30_s50_btc0.675
{"completed": "filtered_span_2026_combo_e10_b0.03_x30_s70_btc0.675", "return1": 14.128626801790013, "return3": 12.938537949944994, "minute_DD3": 10.78501918955338}
{"completed": "filtered_span_2026_combo_e15_b0.03_x30_s30_btc0.675", "return1": 25.965064394950012, "return3": 24.65344873238, "minute_DD3": 12.577629495298748}
READ_ONLY_RESULT:filtered_band_2026_combo_e15_b0.03_x30_s50_btc0.675
{"completed": "filtered_span_2026_combo_e15_b0.03_x30_s70_btc0.675", "return1": 14.128626801790013, "return3": 12.938537949944994, "minute_DD3": 10.78501918955338}
{"completed": "filtered_span_2026_combo_e20_b0.03_x30_s30_btc0.675", "return1": 25.460868922900005, "return3": 24.156896286780018, "minute_DD3": 12.904980272485645}
READ_ONLY_RESULT:filtered_band_2026_combo_e20_b0.03_x30_s50_btc0.675
{"completed": "filtered_span_2026_combo_e20_b0.03_x30_s70_btc0.675", "return1": 14.128626801790013, "return3": 12.938537949944994, "minute_DD3": 10.78501918955338}
{"new_configs": 36, "new_component_configs": 24, "new_combination_configs": 12, "new_cost_scenes": 108, "new_minute_NAV_points": 28013256, "reused_grid_configs": 18, "reused_cost_scenes": 54, "grid_configs": 54, "grid_cost_scenes": 162, "positive_1x": 36, "positive_3x": 36, "grid_positive_1x": 54, "grid_positive_3x": 54, "passed": ["filtered_span_2025_BTC_e10_b0.03_x30_s30_c1350", "filtered_span_2025_BTC_e10_b0.03_x30_s70_c1350", "filtered_span_2025_BTC_e15_b0.03_x30_s30_c1350", "filtered_span_2025_BTC_e15_b0.03_x30_s70_c1350", "filtered_span_2025_BTC_e20_b0.03_x30_s30_c1350", "filtered_span_2025_BTC_e20_b0.03_x30_s70_c1350", "filtered_span_2025_ETH_e10_b0.03_x30_s30_c650", "filtered_span_2025_ETH_e10_b0.03_x30_s70_c650", "filtered_span_2025_ETH_e15_b0.03_x30_s30_c650", "filtered_span_2025_ETH_e15_b0.03_x30_s70_c650", "filtered_span_2025_ETH_e20_b0.03_x30_s30_c650", "filtered_span_2025_ETH_e20_b0.03_x30_s70_c650", "filtered_span_2025_combo_e10_b0.03_x30_s30_btc0.675", "filtered_span_2025_combo_e10_b0.03_x30_s70_btc0.675", "filtered_span_2025_combo_e15_b0.03_x30_s30_btc0.675", "filtered_span_2025_combo_e15_b0.03_x30_s70_btc0.675", "filtered_span_2025_combo_e20_b0.03_x30_s30_btc0.675", "filtered_span_2025_combo_e20_b0.03_x30_s70_btc0.675", "filtered_span_2026_combo_e10_b0.03_x30_s30_btc0.675", "filtered_span_2026_combo_e15_b0.03_x30_s30_btc0.675", "filtered_span_2026_combo_e20_b0.03_x30_s30_btc0.675"], "rejected": ["filtered_span_2026_BTC_e10_b0.03_x30_s30_c1350", "filtered_span_2026_BTC_e10_b0.03_x30_s70_c1350", "filtered_span_2026_BTC_e15_b0.03_x30_s30_c1350", "filtered_span_2026_BTC_e15_b0.03_x30_s70_c1350", "filtered_span_2026_BTC_e20_b0.03_x30_s30_c1350", "filtered_span_2026_BTC_e20_b0.03_x30_s70_c1350", "filtered_span_2026_ETH_e10_b0.03_x30_s30_c650", "filtered_span_2026_ETH_e10_b0.03_x30_s70_c650", "filtered_span_2026_ETH_e15_b0.03_x30_s30_c650", "filtered_span_2026_ETH_e15_b0.03_x30_s70_c650", "filtered_span_2026_ETH_e20_b0.03_x30_s30_c650", "filtered_span_2026_ETH_e20_b0.03_x30_s70_c650", "filtered_span_2026_combo_e10_b0.03_x30_s70_btc0.675", "filtered_span_2026_combo_e15_b0.03_x30_s70_btc0.675", "filtered_span_2026_combo_e20_b0.03_x30_s70_btc0.675"], "grid_passed": ["filtered_span_2025_BTC_e10_b0.03_x30_s30_c1350", "filtered_band_2025_BTC_e10_b0.03_x30_s50_c1350", "filtered_span_2025_BTC_e10_b0.03_x30_s70_c1350", "filtered_span_2025_BTC_e15_b0.03_x30_s30_c1350", "filtered_band_2025_BTC_e15_b0.03_x30_s50_c1350", "filtered_span_2025_BTC_e15_b0.03_x30_s70_c1350", "filtered_span_2025_BTC_e20_b0.03_x30_s30_c1350", "filtered_band_2025_BTC_e20_b0.03_x30_s50_c1350", "filtered_span_2025_BTC_e20_b0.03_x30_s70_c1350", "filtered_span_2025_ETH_e10_b0.03_x30_s30_c650", "filtered_band_2025_ETH_e10_b0.03_x30_s50_c650", "filtered_span_2025_ETH_e10_b0.03_x30_s70_c650", "filtered_span_2025_ETH_e15_b0.03_x30_s30_c650", "filtered_band_2025_ETH_e15_b0.03_x30_s50_c650", "filtered_span_2025_ETH_e15_b0.03_x30_s70_c650", "filtered_span_2025_ETH_e20_b0.03_x30_s30_c650", "filtered_band_2025_ETH_e20_b0.03_x30_s50_c650", "filtered_span_2025_ETH_e20_b0.03_x30_s70_c650", "filtered_span_2025_combo_e10_b0.03_x30_s30_btc0.675", "filtered_band_2025_combo_e10_b0.03_x30_s50_btc0.675", "filtered_span_2025_combo_e10_b0.03_x30_s70_btc0.675", "filtered_span_2025_combo_e15_b0.03_x30_s30_btc0.675", "filtered_band_2025_combo_e15_b0.03_x30_s50_btc0.675", "filtered_span_2025_combo_e15_b0.03_x30_s70_btc0.675", "filtered_span_2025_combo_e20_b0.03_x30_s30_btc0.675", "filtered_band_2025_combo_e20_b0.03_x30_s50_btc0.675", "filtered_span_2025_combo_e20_b0.03_x30_s70_btc0.675", "filtered_span_2026_combo_e10_b0.03_x30_s30_btc0.675", "filtered_band_2026_combo_e10_b0.03_x30_s50_btc0.675", "filtered_span_2026_combo_e15_b0.03_x30_s30_btc0.675", "filtered_band_2026_combo_e15_b0.03_x30_s50_btc0.675", "filtered_span_2026_combo_e20_b0.03_x30_s30_btc0.675", "filtered_band_2026_combo_e20_b0.03_x30_s50_btc0.675"], "both_periods_passed_combination_pairs": [["filtered_span_2025_combo_e10_b0.03_x30_s30_btc0.675", "filtered_span_2026_combo_e10_b0.03_x30_s30_btc0.675"], ["filtered_band_2025_combo_e10_b0.03_x30_s50_btc0.675", "filtered_band_2026_combo_e10_b0.03_x30_s50_btc0.675"], ["filtered_span_2025_combo_e15_b0.03_x30_s30_btc0.675", "filtered_span_2026_combo_e15_b0.03_x30_s30_btc0.675"], ["filtered_band_2025_combo_e15_b0.03_x30_s50_btc0.675", "filtered_band_2026_combo_e15_b0.03_x30_s50_btc0.675"], ["filtered_span_2025_combo_e20_b0.03_x30_s30_btc0.675", "filtered_span_2026_combo_e20_b0.03_x30_s30_btc0.675"], ["filtered_band_2025_combo_e20_b0.03_x30_s50_btc0.675", "filtered_band_2026_combo_e20_b0.03_x30_s50_btc0.675"]], "new_both_periods_passed_combination_pairs": [["filtered_span_2025_combo_e10_b0.03_x30_s30_btc0.675", "filtered_span_2026_combo_e10_b0.03_x30_s30_btc0.675"], ["filtered_span_2025_combo_e15_b0.03_x30_s30_btc0.675", "filtered_span_2026_combo_e15_b0.03_x30_s30_btc0.675"], ["filtered_span_2025_combo_e20_b0.03_x30_s30_btc0.675", "filtered_span_2026_combo_e20_b0.03_x30_s30_btc0.675"]], "actual_component_fills": 306, "audited_component_fills": 450, "reused_ledger_records_untouched": true, "new_live_orders": 0}
