filtered_span_2025_BTC_e10_b0.03_x30_s30_c1350 0 b8f495cee1ed279510908e1bb840e2bad7f79827298fd14254e06f7c1930b0ee
READ_ONLY_EXACT filtered_band_2025_BTC_e10_b0.03_x30_s50_c1350
filtered_span_2025_BTC_e10_b0.03_x30_s70_c1350 0 70c239c37444dd82fed9176cedbce4d3450a3d802dea0fb17056aec582e10449
filtered_span_2025_BTC_e15_b0.03_x30_s30_c1350 0 4a345743fb7a875ec813ed2f612ec887134ac33660d8103372344724487dd403
READ_ONLY_EXACT filtered_band_2025_BTC_e15_b0.03_x30_s50_c1350
filtered_span_2025_BTC_e15_b0.03_x30_s70_c1350 0 e2c407d904f75080142705b928fefda1028fe7c010dde4790a9cd61cf7de5317
filtered_span_2025_BTC_e20_b0.03_x30_s30_c1350 0 6bcb4a76cb89f39f3fbf39a32c66fa7a1c81728a99c23b4041fba3369929d4f3
READ_ONLY_EXACT filtered_band_2025_BTC_e20_b0.03_x30_s50_c1350
filtered_span_2025_BTC_e20_b0.03_x30_s70_c1350 0 bf1af97d07d74236797a3da9bdc2858f96ef72b12499fd82e9500830d8944549
filtered_span_2025_ETH_e10_b0.03_x30_s30_c650 0 9986170e49c6b48eeb9bcd591f7c168a85b3d297e4728cb4075f34c59906248b
READ_ONLY_EXACT filtered_band_2025_ETH_e10_b0.03_x30_s50_c650
filtered_span_2025_ETH_e10_b0.03_x30_s70_c650 0 4acebeeb6e819fa2ad8ba193d71ddda8c729057b78a908163533954050df0994
filtered_span_2025_ETH_e15_b0.03_x30_s30_c650 0 1aebfb6003e38828a803f1236bf7a5bd8fd987f0d28b890cb6afd66fb9993f1d
READ_ONLY_EXACT filtered_band_2025_ETH_e15_b0.03_x30_s50_c650
filtered_span_2025_ETH_e15_b0.03_x30_s70_c650 0 d940f1f95cc0fa2e3b95426626380014c3623c06ec6525e58d9299a2ec05b69e
filtered_span_2025_ETH_e20_b0.03_x30_s30_c650 0 3c28537428037f59d8f49542f480949e7796922766acaebabd963cbe01ff01e7
READ_ONLY_EXACT filtered_band_2025_ETH_e20_b0.03_x30_s50_c650
filtered_span_2025_ETH_e20_b0.03_x30_s70_c650 0 bd9a918bdd87d3009a797fd2774257aeaa82e92ca20616b505370043d1230c28
filtered_span_2025_combo_e10_b0.03_x30_s30_btc0.675 0 9686e83eaf29cdc9976b358b0d7af0f4b03b022f9e198df550576f4311aa1361
READ_ONLY_EXACT filtered_band_2025_combo_e10_b0.03_x30_s50_btc0.675
filtered_span_2025_combo_e10_b0.03_x30_s70_btc0.675 0 ca6fe1774475c5169b9e7447b4e5624b1a8b84a667048de6be5fe437e56631dc
filtered_span_2025_combo_e15_b0.03_x30_s30_btc0.675 0 1425d7500855f8cd340d6e58eb53da39a72f539ff417d963a66f96d267108af6
READ_ONLY_EXACT filtered_band_2025_combo_e15_b0.03_x30_s50_btc0.675
filtered_span_2025_combo_e15_b0.03_x30_s70_btc0.675 0 06e351a63ed6dbd639c3276862b713e5d54348f8bea3c6e94a13a98d2e176828
filtered_span_2025_combo_e20_b0.03_x30_s30_btc0.675 0 031a41d4aaa13337462c5ab74bcb3a96d69585c324b2653b3adf9895deb2f2f1
READ_ONLY_EXACT filtered_band_2025_combo_e20_b0.03_x30_s50_btc0.675
filtered_span_2025_combo_e20_b0.03_x30_s70_btc0.675 0 1b7b57eaa5ce3243ed0cc8717544529efafef212d94b57cd555efc88dd91995c
filtered_span_2026_BTC_e10_b0.03_x30_s30_c1350 0 c004e910968b3591b804b1b176e03707ab71ac6f0cbc36b5b9dcab25c0b5bd10
READ_ONLY_EXACT filtered_band_2026_BTC_e10_b0.03_x30_s50_c1350
filtered_span_2026_BTC_e10_b0.03_x30_s70_c1350 0 208b57c15c6be052d424f8b7e7f34f914633e83afda0b65fad3d5e7497c180bc
filtered_span_2026_BTC_e15_b0.03_x30_s30_c1350 0 01fd247c5cb1625677d3b820cff52196966ff5c98523c426ef21c4412381dd01
READ_ONLY_EXACT filtered_band_2026_BTC_e15_b0.03_x30_s50_c1350
filtered_span_2026_BTC_e15_b0.03_x30_s70_c1350 0 2c6baa00a3f0a2f574f9e6575d6bb63dadeb7e730b3a4896d6e22ead73d58c19
filtered_span_2026_BTC_e20_b0.03_x30_s30_c1350 0 94582ef73718d8e8974284f11eb1664506299a3eb678b2f8252eed75a3fcc7f9
READ_ONLY_EXACT filtered_band_2026_BTC_e20_b0.03_x30_s50_c1350
filtered_span_2026_BTC_e20_b0.03_x30_s70_c1350 0 d0626f57180dd31074dd21ef5775d5d9b510372e7ad95763ca007632d38325ba
filtered_span_2026_ETH_e10_b0.03_x30_s30_c650 0 258032ccb34914df2f4d74356afa3d029136b067b0aa32a6c96c9bcd11f2b13e
READ_ONLY_EXACT filtered_band_2026_ETH_e10_b0.03_x30_s50_c650
filtered_span_2026_ETH_e10_b0.03_x30_s70_c650 0 b63062041e940434a323500c1a995c14c303c2102c17fec3d59f5aae0ddcc855
filtered_span_2026_ETH_e15_b0.03_x30_s30_c650 0 b1827acaad3d7f3b6f80720d74ddfa17cbe8711bf663444c4af5367eab918298
READ_ONLY_EXACT filtered_band_2026_ETH_e15_b0.03_x30_s50_c650
filtered_span_2026_ETH_e15_b0.03_x30_s70_c650 0 ec2425dfedc9c22fde410d7b7b5d52ec32a1c8fd78a8520ed581e2b7ea19a19f
filtered_span_2026_ETH_e20_b0.03_x30_s30_c650 0 10978183d8b520b27ee1a6b19b132e99ea91eb4db8868d6ddfe767366d3cd9d6
READ_ONLY_EXACT filtered_band_2026_ETH_e20_b0.03_x30_s50_c650
filtered_span_2026_ETH_e20_b0.03_x30_s70_c650 0 ba3d47183e24a2a218eda0becedb414598a4aae8d490e9ef6d6dd82f711cd580
filtered_span_2026_combo_e10_b0.03_x30_s30_btc0.675 0 f986f43aa736a919da2cf1b7163026248ef230d6890ad94792e3d46f47f350f1
READ_ONLY_EXACT filtered_band_2026_combo_e10_b0.03_x30_s50_btc0.675
filtered_span_2026_combo_e10_b0.03_x30_s70_btc0.675 0 aedf6d4d4549dedd7d3cf268feb69c81644db987316fdc447e477830fefea2a9
filtered_span_2026_combo_e15_b0.03_x30_s30_btc0.675 0 b28b8bc1c0da8e42952b7b21db88438afd56dd1eddac3580ba6c6782307756a1
READ_ONLY_EXACT filtered_band_2026_combo_e15_b0.03_x30_s50_btc0.675
filtered_span_2026_combo_e15_b0.03_x30_s70_btc0.675 0 03655154b843c7a4609426f5ec790bcfda46cf5159ce95c5cc36443a3aff37e4
filtered_span_2026_combo_e20_b0.03_x30_s30_btc0.675 0 fa5d603730f20e466a92984d44ae807a37272cc2845532b7f827e9ffba5393c9
READ_ONLY_EXACT filtered_band_2026_combo_e20_b0.03_x30_s50_btc0.675
filtered_span_2026_combo_e20_b0.03_x30_s70_btc0.675 0 25cf9e12ceb624beb3126bb0008155d48ec411b4b653e1726b6b496e0f3a003a
forward_snapshot_BTC 0 8fd2428c7594bbb29f481021a79700713bc620e6a7e04460c565ef16b473dca2
forward_snapshot_ETH 0 8d736b7060a157fc8cfdb0d0bdc51bf472b5647df05c5a79af532c861cf45557
forward_snapshot_combo 0 12249a4f14e873029a73c634f96cf9ccdebcef8edf99769d3971a790bfe0f531
PASS:36new actual-capital historical and3new cutoff configurations reserved;18existing EMAspan50/band3percent exact definitions read-only.
