READ_ONLY_RESULT:filtered_alloc_2025_BTC_e10_s50_c1250
{"completed": "filtered_alloc_2025_BTC_e10_s50_c1350", "return1": 20.63925038320742, "return3": 18.76103885096296, "minute_DD3": 12.415094039381824}
{"completed": "filtered_alloc_2025_BTC_e10_s50_c1450", "return1": 20.638767108137923, "return3": 18.76199872222759, "minute_DD3": 12.41619241404347}
READ_ONLY_RESULT:filtered_alloc_2025_BTC_e15_s50_c1250
{"completed": "filtered_alloc_2025_BTC_e15_s50_c1350", "return1": 19.564938072696304, "return3": 17.703668284970362, "minute_DD3": 13.194058949215126}
{"completed": "filtered_alloc_2025_BTC_e15_s50_c1450", "return1": 19.56426857585516, "return3": 17.70464180960001, "minute_DD3": 13.195007402442338}
READ_ONLY_RESULT:filtered_alloc_2025_BTC_e20_s50_c1250
{"completed": "filtered_alloc_2025_BTC_e20_s50_c1350", "return1": 18.486866063014816, "return3": 16.642181945481482, "minute_DD3": 12.130775550801431}
{"completed": "filtered_alloc_2025_BTC_e20_s50_c1450", "return1": 18.487770461903462, "return3": 16.644524038924136, "minute_DD3": 12.132070403637696}
READ_ONLY_RESULT:filtered_alloc_2025_ETH_e10_s50_c750
{"completed": "filtered_alloc_2025_ETH_e10_s50_c650", "return1": 96.85534020923076, "return3": 94.78204126415386, "minute_DD3": 20.245376429741558}
{"completed": "filtered_alloc_2025_ETH_e10_s50_c550", "return1": 96.86769992690907, "return3": 94.78083698545454, "minute_DD3": 20.243701010152815}
READ_ONLY_RESULT:filtered_alloc_2025_ETH_e15_s50_c750
{"completed": "filtered_alloc_2025_ETH_e15_s50_c650", "return1": 96.85534020923076, "return3": 94.78204126415386, "minute_DD3": 20.245376429741558}
{"completed": "filtered_alloc_2025_ETH_e15_s50_c550", "return1": 96.86769992690907, "return3": 94.78083698545454, "minute_DD3": 20.243701010152815}
READ_ONLY_RESULT:filtered_alloc_2025_ETH_e20_s50_c750
{"completed": "filtered_alloc_2025_ETH_e20_s50_c650", "return1": 95.41640795076924, "return3": 93.35297299984614, "minute_DD3": 20.829950329720415}
{"completed": "filtered_alloc_2025_ETH_e20_s50_c550", "return1": 95.42534873127273, "return3": 93.34892610145454, "minute_DD3": 20.828124438565652}
READ_ONLY_RESULT:filtered_alloc_2025_combo_e10_s50_btc0.625
{"completed": "filtered_alloc_2025_combo_e10_s50_btc0.675", "return1": 45.40947957666499, "return3": 43.46786463525001, "minute_DD3": 12.800481783550122}
{"completed": "filtered_alloc_2025_combo_e10_s50_btc0.725", "return1": 41.60172363329997, "return3": 39.667179244615, "minute_DD3": 12.553193392107287}
READ_ONLY_RESULT:filtered_alloc_2025_combo_e15_s50_btc0.625
{"completed": "filtered_alloc_2025_combo_e15_s50_btc0.675", "return1": 44.684318767069996, "return3": 42.75413950320499, "minute_DD3": 13.329094771121873}
{"completed": "filtered_alloc_2025_combo_e15_s50_btc0.725", "return1": 40.82271219739499, "return3": 38.900595482959986, "minute_DD3": 13.12161555792416}
READ_ONLY_RESULT:filtered_alloc_2025_combo_e20_s50_btc0.625
{"completed": "filtered_alloc_2025_combo_e20_s50_btc0.675", "return1": 43.48896717653501, "return3": 41.57318903814999, "minute_DD3": 13.818288767941356}
{"completed": "filtered_alloc_2025_combo_e20_s50_btc0.725", "return1": 39.64560448598, "return3": 37.73823460612, "minute_DD3": 13.339055757735007}
READ_ONLY_RESULT:filtered_alloc_2026_BTC_e10_s50_c1250
{"completed": "filtered_alloc_2026_BTC_e10_s50_c1350", "return1": 10.500154155244434, "return3": 8.779319386355544, "minute_DD3": 14.599630388337037}
{"completed": "filtered_alloc_2026_BTC_e10_s50_c1450", "return1": 10.500998780413795, "return3": 8.777051347400011, "minute_DD3": 14.598655433794171}
READ_ONLY_RESULT:filtered_alloc_2026_BTC_e15_s50_c1250
{"completed": "filtered_alloc_2026_BTC_e15_s50_c1350", "return1": 10.500154155244434, "return3": 8.779319386355544, "minute_DD3": 14.599630388337037}
{"completed": "filtered_alloc_2026_BTC_e15_s50_c1450", "return1": 10.500998780413795, "return3": 8.777051347400011, "minute_DD3": 14.598655433794171}
READ_ONLY_RESULT:filtered_alloc_2026_BTC_e20_s50_c1250
{"completed": "filtered_alloc_2026_BTC_e20_s50_c1350", "return1": 10.500154155244434, "return3": 8.779319386355544, "minute_DD3": 14.599630388337037}
{"completed": "filtered_alloc_2026_BTC_e20_s50_c1450", "return1": 10.500998780413795, "return3": 8.777051347400011, "minute_DD3": 14.598655433794171}
READ_ONLY_RESULT:filtered_alloc_2026_ETH_e10_s50_c750
{"completed": "filtered_alloc_2026_ETH_e10_s50_c650", "return1": 29.08306621969232, "return3": 27.74093280215384, "minute_DD3": 14.502708338498493}
{"completed": "filtered_alloc_2026_ETH_e10_s50_c550", "return1": 29.081481369999995, "return3": 27.740520247272737, "minute_DD3": 14.500820100272971}
READ_ONLY_RESULT:filtered_alloc_2026_ETH_e15_s50_c750
{"completed": "filtered_alloc_2026_ETH_e15_s50_c650", "return1": 29.08306621969232, "return3": 27.74093280215384, "minute_DD3": 14.502708338498493}
{"completed": "filtered_alloc_2026_ETH_e15_s50_c550", "return1": 29.081481369999995, "return3": 27.740520247272737, "minute_DD3": 14.500820100272971}
READ_ONLY_RESULT:filtered_alloc_2026_ETH_e20_s50_c750
{"completed": "filtered_alloc_2026_ETH_e20_s50_c650", "return1": 29.08306621969232, "return3": 27.74093280215384, "minute_DD3": 14.502708338498493}
{"completed": "filtered_alloc_2026_ETH_e20_s50_c550", "return1": 29.081481369999995, "return3": 27.740520247272737, "minute_DD3": 14.500820100272971}
READ_ONLY_RESULT:filtered_alloc_2026_combo_e10_s50_btc0.625
{"completed": "filtered_alloc_2026_combo_e10_s50_btc0.675", "return1": 16.539600576189994, "return3": 14.94184374648999, "minute_DD3": 13.219116978395373}
{"completed": "filtered_alloc_2026_combo_e10_s50_btc0.725", "return1": 15.61063149255002, "return3": 13.992005294864995, "minute_DD3": 13.288276543840682}
READ_ONLY_RESULT:filtered_alloc_2026_combo_e15_s50_btc0.625
{"completed": "filtered_alloc_2026_combo_e15_s50_btc0.675", "return1": 16.539600576189994, "return3": 14.94184374648999, "minute_DD3": 13.219116978395373}
{"completed": "filtered_alloc_2026_combo_e15_s50_btc0.725", "return1": 15.61063149255002, "return3": 13.992005294864995, "minute_DD3": 13.288276543840682}
READ_ONLY_RESULT:filtered_alloc_2026_combo_e20_s50_btc0.625
{"completed": "filtered_alloc_2026_combo_e20_s50_btc0.675", "return1": 16.539600576189994, "return3": 14.94184374648999, "minute_DD3": 13.219116978395373}
{"completed": "filtered_alloc_2026_combo_e20_s50_btc0.725", "return1": 15.61063149255002, "return3": 13.992005294864995, "minute_DD3": 13.288276543840682}
{"new_configs": 36, "new_component_configs": 24, "new_combination_configs": 12, "new_cost_scenes": 108, "new_minute_NAV_points": 28013256, "reused_grid_configs": 18, "reused_cost_scenes": 54, "grid_configs": 54, "grid_cost_scenes": 162, "positive_1x": 36, "positive_3x": 36, "grid_positive_1x": 54, "grid_positive_3x": 54, "passed": ["filtered_alloc_2025_BTC_e10_s50_c1350", "filtered_alloc_2025_BTC_e10_s50_c1450", "filtered_alloc_2025_BTC_e15_s50_c1350", "filtered_alloc_2025_BTC_e15_s50_c1450", "filtered_alloc_2025_BTC_e20_s50_c1350", "filtered_alloc_2025_BTC_e20_s50_c1450", "filtered_alloc_2025_ETH_e10_s50_c650", "filtered_alloc_2025_ETH_e10_s50_c550", "filtered_alloc_2025_ETH_e15_s50_c650", "filtered_alloc_2025_ETH_e15_s50_c550", "filtered_alloc_2025_ETH_e20_s50_c650", "filtered_alloc_2025_ETH_e20_s50_c550", "filtered_alloc_2025_combo_e10_s50_btc0.675", "filtered_alloc_2025_combo_e10_s50_btc0.725", "filtered_alloc_2025_combo_e15_s50_btc0.675", "filtered_alloc_2025_combo_e15_s50_btc0.725", "filtered_alloc_2025_combo_e20_s50_btc0.675", "filtered_alloc_2025_combo_e20_s50_btc0.725", "filtered_alloc_2026_combo_e10_s50_btc0.675", "filtered_alloc_2026_combo_e10_s50_btc0.725", "filtered_alloc_2026_combo_e15_s50_btc0.675", "filtered_alloc_2026_combo_e15_s50_btc0.725", "filtered_alloc_2026_combo_e20_s50_btc0.675", "filtered_alloc_2026_combo_e20_s50_btc0.725"], "rejected": ["filtered_alloc_2026_BTC_e10_s50_c1350", "filtered_alloc_2026_BTC_e10_s50_c1450", "filtered_alloc_2026_BTC_e15_s50_c1350", "filtered_alloc_2026_BTC_e15_s50_c1450", "filtered_alloc_2026_BTC_e20_s50_c1350", "filtered_alloc_2026_BTC_e20_s50_c1450", "filtered_alloc_2026_ETH_e10_s50_c650", "filtered_alloc_2026_ETH_e10_s50_c550", "filtered_alloc_2026_ETH_e15_s50_c650", "filtered_alloc_2026_ETH_e15_s50_c550", "filtered_alloc_2026_ETH_e20_s50_c650", "filtered_alloc_2026_ETH_e20_s50_c550"], "grid_passed": ["filtered_alloc_2025_BTC_e10_s50_c1250", "filtered_alloc_2025_BTC_e10_s50_c1350", "filtered_alloc_2025_BTC_e10_s50_c1450", "filtered_alloc_2025_BTC_e15_s50_c1250", "filtered_alloc_2025_BTC_e15_s50_c1350", "filtered_alloc_2025_BTC_e15_s50_c1450", "filtered_alloc_2025_BTC_e20_s50_c1250", "filtered_alloc_2025_BTC_e20_s50_c1350", "filtered_alloc_2025_BTC_e20_s50_c1450", "filtered_alloc_2025_ETH_e10_s50_c750", "filtered_alloc_2025_ETH_e10_s50_c650", "filtered_alloc_2025_ETH_e10_s50_c550", "filtered_alloc_2025_ETH_e15_s50_c750", "filtered_alloc_2025_ETH_e15_s50_c650", "filtered_alloc_2025_ETH_e15_s50_c550", "filtered_alloc_2025_ETH_e20_s50_c750", "filtered_alloc_2025_ETH_e20_s50_c650", "filtered_alloc_2025_ETH_e20_s50_c550", "filtered_alloc_2025_combo_e10_s50_btc0.625", "filtered_alloc_2025_combo_e10_s50_btc0.675", "filtered_alloc_2025_combo_e10_s50_btc0.725", "filtered_alloc_2025_combo_e15_s50_btc0.625", "filtered_alloc_2025_combo_e15_s50_btc0.675", "filtered_alloc_2025_combo_e15_s50_btc0.725", "filtered_alloc_2025_combo_e20_s50_btc0.625", "filtered_alloc_2025_combo_e20_s50_btc0.675", "filtered_alloc_2025_combo_e20_s50_btc0.725", "filtered_alloc_2026_combo_e10_s50_btc0.625", "filtered_alloc_2026_combo_e10_s50_btc0.675", "filtered_alloc_2026_combo_e10_s50_btc0.725", "filtered_alloc_2026_combo_e15_s50_btc0.625", "filtered_alloc_2026_combo_e15_s50_btc0.675", "filtered_alloc_2026_combo_e15_s50_btc0.725", "filtered_alloc_2026_combo_e20_s50_btc0.625", "filtered_alloc_2026_combo_e20_s50_btc0.675", "filtered_alloc_2026_combo_e20_s50_btc0.725"], "both_periods_passed_combination_pairs": [["filtered_alloc_2025_combo_e10_s50_btc0.625", "filtered_alloc_2026_combo_e10_s50_btc0.625"], ["filtered_alloc_2025_combo_e10_s50_btc0.675", "filtered_alloc_2026_combo_e10_s50_btc0.675"], ["filtered_alloc_2025_combo_e10_s50_btc0.725", "filtered_alloc_2026_combo_e10_s50_btc0.725"], ["filtered_alloc_2025_combo_e15_s50_btc0.625", "filtered_alloc_2026_combo_e15_s50_btc0.625"], ["filtered_alloc_2025_combo_e15_s50_btc0.675", "filtered_alloc_2026_combo_e15_s50_btc0.675"], ["filtered_alloc_2025_combo_e15_s50_btc0.725", "filtered_alloc_2026_combo_e15_s50_btc0.725"], ["filtered_alloc_2025_combo_e20_s50_btc0.625", "filtered_alloc_2026_combo_e20_s50_btc0.625"], ["filtered_alloc_2025_combo_e20_s50_btc0.675", "filtered_alloc_2026_combo_e20_s50_btc0.675"], ["filtered_alloc_2025_combo_e20_s50_btc0.725", "filtered_alloc_2026_combo_e20_s50_btc0.725"]], "new_both_periods_passed_combination_pairs": [["filtered_alloc_2025_combo_e10_s50_btc0.675", "filtered_alloc_2026_combo_e10_s50_btc0.675"], ["filtered_alloc_2025_combo_e10_s50_btc0.725", "filtered_alloc_2026_combo_e10_s50_btc0.725"], ["filtered_alloc_2025_combo_e15_s50_btc0.675", "filtered_alloc_2026_combo_e15_s50_btc0.675"], ["filtered_alloc_2025_combo_e15_s50_btc0.725", "filtered_alloc_2026_combo_e15_s50_btc0.725"], ["filtered_alloc_2025_combo_e20_s50_btc0.675", "filtered_alloc_2026_combo_e20_s50_btc0.675"], ["filtered_alloc_2025_combo_e20_s50_btc0.725", "filtered_alloc_2026_combo_e20_s50_btc0.725"]], "actual_component_fills": 360, "audited_component_fills": 540, "reused_ledger_records_untouched": true, "new_live_orders": 0}
