PASS:all9 cumulative forward scenes exactly reproduced including2712point prefix/time axis and nextstate;noHTTP or ledger write
READ_ONLY_RESULT:filtered_alloc_2025_BTC_e10_s50_c1250
{"completed": "filtered_alloc_2025_BTC_e10_s50_c1350", "return1": 20.63925038320742, "return3": 18.76103885096296, "minute_DD3": 12.415094039381824}
{"completed": "filtered_alloc_2025_BTC_e10_s50_c1450", "return1": 20.638767108137923, "return3": 18.76199872222759, "minute_DD3": 12.41619241404347}
READ_ONLY_RESULT:filtered_alloc_2025_BTC_e15_s50_c1250
{"completed": "filtered_alloc_2025_BTC_e15_s50_c1350", "return1": 19.564938072696304, "return3": 17.703668284970362, "minute_DD3": 13.194058949215126}
{"completed": "filtered_alloc_2025_BTC_e15_s50_c1450", "return1": 19.56426857585516, "return3": 17.70464180960001, "minute_DD3": 13.195007402442338}
READ_ONLY_RESULT:filtered_alloc_2025_BTC_e20_s50_c1250
{"completed": "filtered_alloc_2025_BTC_e20_s50_c1350", "return1": 18.486866063014816, "return3": 16.642181945481482, "minute_DD3": 12.130775550801431}
{"completed": "filtered_alloc_2025_BTC_e20_s50_c1450", "return1": 18.487770461903462, "return3": 16.644524038924136, "minute_DD3": 12.132070403637696}
READ_ONLY_RESULT:filtered_alloc_2025_ETH_e10_s50_c750
{"completed": "filtered_alloc_2025_ETH_e10_s50_c650", "return1": 96.85534020923076, "return3": 94.78204126415386, "minute_DD3": 20.245376429741558}
{"completed": "filtered_alloc_2025_ETH_e10_s50_c550", "return1": 96.86769992690907, "return3": 94.78083698545454, "minute_DD3": 20.243701010152815}
READ_ONLY_RESULT:filtered_alloc_2025_ETH_e15_s50_c750
{"completed": "filtered_alloc_2025_ETH_e15_s50_c650", "return1": 96.85534020923076, "return3": 94.78204126415386, "minute_DD3": 20.245376429741558}
{"completed": "filtered_alloc_2025_ETH_e15_s50_c550", "return1": 96.86769992690907, "return3": 94.78083698545454, "minute_DD3": 20.243701010152815}
READ_ONLY_RESULT:filtered_alloc_2025_ETH_e20_s50_c750
{"completed": "filtered_alloc_2025_ETH_e20_s50_c650", "return1": 95.41640795076924, "return3": 93.35297299984614, "minute_DD3": 20.829950329720415}
{"completed": "filtered_alloc_2025_ETH_e20_s50_c550", "return1": 95.42534873127273, "return3": 93.34892610145454, "minute_DD3": 20.828124438565652}
READ_ONLY_RESULT:filtered_alloc_2025_combo_e10_s50_btc0.625
{"completed": "filtered_alloc_2025_combo_e10_s50_btc0.675", "return1": 45.40947957666499, "return3": 43.46786463525001, "minute_DD3": 12.800481783550122}
{"completed": "filtered_alloc_2025_combo_e10_s50_btc0.725", "return1": 41.60172363329997, "return3": 39.667179244615, "minute_DD3": 12.553193392107287}
READ_ONLY_RESULT:filtered_alloc_2025_combo_e15_s50_btc0.625
{"completed": "filtered_alloc_2025_combo_e15_s50_btc0.675", "return1": 44.684318767069996, "return3": 42.75413950320499, "minute_DD3": 13.329094771121873}
{"completed": "filtered_alloc_2025_combo_e15_s50_btc0.725", "return1": 40.82271219739499, "return3": 38.900595482959986, "minute_DD3": 13.12161555792416}
READ_ONLY_RESULT:filtered_alloc_2025_combo_e20_s50_btc0.625
{"completed": "filtered_alloc_2025_combo_e20_s50_btc0.675", "return1": 43.48896717653501, "return3": 41.57318903814999, "minute_DD3": 13.818288767941356}
{"completed": "filtered_alloc_2025_combo_e20_s50_btc0.725", "return1": 39.64560448598, "return3": 37.73823460612, "minute_DD3": 13.339055757735007}
READ_ONLY_RESULT:filtered_alloc_2026_BTC_e10_s50_c1250
{"completed": "filtered_alloc_2026_BTC_e10_s50_c1350", "return1": 10.500154155244434, "return3": 8.779319386355544, "minute_DD3": 14.599630388337037}
{"completed": "filtered_alloc_2026_BTC_e10_s50_c1450", "return1": 10.500998780413795, "return3": 8.777051347400011, "minute_DD3": 14.598655433794171}
READ_ONLY_RESULT:filtered_alloc_2026_BTC_e15_s50_c1250
{"completed": "filtered_alloc_2026_BTC_e15_s50_c1350", "return1": 10.500154155244434, "return3": 8.779319386355544, "minute_DD3": 14.599630388337037}
{"completed": "filtered_alloc_2026_BTC_e15_s50_c1450", "return1": 10.500998780413795, "return3": 8.777051347400011, "minute_DD3": 14.598655433794171}
READ_ONLY_RESULT:filtered_alloc_2026_BTC_e20_s50_c1250
{"completed": "filtered_alloc_2026_BTC_e20_s50_c1350", "return1": 10.500154155244434, "return3": 8.779319386355544, "minute_DD3": 14.599630388337037}
{"completed": "filtered_alloc_2026_BTC_e20_s50_c1450", "return1": 10.500998780413795, "return3": 8.777051347400011, "minute_DD3": 14.598655433794171}
READ_ONLY_RESULT:filtered_alloc_2026_ETH_e10_s50_c750
{"completed": "filtered_alloc_2026_ETH_e10_s50_c650", "return1": 29.08306621969232, "return3": 27.74093280215384, "minute_DD3": 14.502708338498493}
{"completed": "filtered_alloc_2026_ETH_e10_s50_c550", "return1": 29.081481369999995, "return3": 27.740520247272737, "minute_DD3": 14.500820100272971}
READ_ONLY_RESULT:filtered_alloc_2026_ETH_e15_s50_c750
{"completed": "filtered_alloc_2026_ETH_e15_s50_c650", "return1": 29.08306621969232, "return3": 27.74093280215384, "minute_DD3": 14.502708338498493}
{"completed": "filtered_alloc_2026_ETH_e15_s50_c550", "return1": 29.081481369999995, "return3": 27.740520247272737, "minute_DD3": 14.500820100272971}
READ_ONLY_RESULT:filtered_alloc_2026_ETH_e20_s50_c750
{"completed": "filtered_alloc_2026_ETH_e20_s50_c650", "return1": 29.08306621969232, "return3": 27.74093280215384, "minute_DD3": 14.502708338498493}
{"completed": "filtered_alloc_2026_ETH_e20_s50_c550", "return1": 29.081481369999995, "return3": 27.740520247272737, "minute_DD3": 14.500820100272971}
READ_ONLY_RESULT:filtered_alloc_2026_combo_e10_s50_btc0.625
{"completed": "filtered_alloc_2026_combo_e10_s50_btc0.675", "return1": 16.539600576189994, "return3": 14.94184374648999, "minute_DD3": 13.219116978395373}
{"completed": "filtered_alloc_2026_combo_e10_s50_btc0.725", "return1": 15.61063149255002, "return3": 13.992005294864995, "minute_DD3": 13.288276543840682}
READ_ONLY_RESULT:filtered_alloc_2026_combo_e15_s50_btc0.625
{"completed": "filtered_alloc_2026_combo_e15_s50_btc0.675", "return1": 16.539600576189994, "return3": 14.94184374648999, "minute_DD3": 13.219116978395373}
{"completed": "filtered_alloc_2026_combo_e15_s50_btc0.725", "return1": 15.61063149255002, "return3": 13.992005294864995, "minute_DD3": 13.288276543840682}
READ_ONLY_RESULT:filtered_alloc_2026_combo_e20_s50_btc0.625
{"completed": "filtered_alloc_2026_combo_e20_s50_btc0.675", "return1": 16.539600576189994, "return3": 14.94184374648999, "minute_DD3": 13.219116978395373}
{"completed": "filtered_alloc_2026_combo_e20_s50_btc0.725", "return1": 15.61063149255002, "return3": 13.992005294864995, "minute_DD3": 13.288276543840682}
PASS:all108 NEW scenes exactly reproduced and54 EXISTING scenes read-only verified;full54-cell report reproduced;ledger unchanged
{"passed": true, "all_scenes_audited": 162, "new_scenes": 108, "existing_scenes_read_only_audited": 54, "current_or_future_close_perturbations": 72, "NAV_points_audited": 42019884, "joint_channel_pandasEMA_causal_decisions": 19440, "Decimal_fills_independently_checked": 540, "new_actual_fills": 360, "real_minute_data_hashes": 4, "report_sha256": "28646ab881ec3083dc4b487e1531a2444373d2f341681e3dbc75acbd569a5843", "forward_plan_unchanged": true, "pandas_version": "2.2.3"}
{"passed": true, "forward_scenes": 9, "new_closed_marks_per_asset": 240, "cumulative_minutes": 2709, "complete_days": 1, "NAV_points_per_scene": 2712, "original_NAV_prefix": 2472, "new_daily_decisions": 0, "new_reference_points": 0, "new_executions": 0, "original_cash_units_desired_trades_costs_unchanged": true, "next_daily_decision_utc": "2026-10-04T00:01:00Z", "report_sha256": "949c6e9ff1daaff2e7f7f3f2c709a12f69fe0a87dc8af1412b075170030792de"}
PASS: new parameters/weights and missing-result retries are allowed; exact/reordered completed trials stay blocked
