READ_ONLY_EXACT filtered_alloc_2025_BTC_e10_s50_c1250
filtered_alloc_2025_BTC_e10_s50_c1350 0 41c4241daeb29ecc83cd3d367d364ca30793a244eedffaeff9b2f02d9d954f8c
filtered_alloc_2025_BTC_e10_s50_c1450 0 e22b62a5f04c144984f7508fea6ecebbaf6c72a14eebccaa9d3f971763025359
READ_ONLY_EXACT filtered_alloc_2025_BTC_e15_s50_c1250
filtered_alloc_2025_BTC_e15_s50_c1350 0 fc58d0a6e4460337cff6d429e91de1cddded488b6275ae4d77d8399ca81312dd
filtered_alloc_2025_BTC_e15_s50_c1450 0 a25f81fbb138492abdbac770e61b35e447100f9a1742eebab1a43844fdfe009c
READ_ONLY_EXACT filtered_alloc_2025_BTC_e20_s50_c1250
filtered_alloc_2025_BTC_e20_s50_c1350 0 1664d79ca39ba65df96402357ea14e680a9eb2902a10758136983a14ef9e2fcd
filtered_alloc_2025_BTC_e20_s50_c1450 0 5624868b70f5efefc458876be5917e43f312b9f011ca6a39c4f3cde37ee11301
READ_ONLY_EXACT filtered_alloc_2025_ETH_e10_s50_c750
filtered_alloc_2025_ETH_e10_s50_c650 0 e8ee1c3de3d21bd4133e4ce7b22a7d33ec97d7fcb5edfdd86416a9380778978d
filtered_alloc_2025_ETH_e10_s50_c550 0 9618c810bc2156e4da42fe10d2bd679f46d04563553057d1a9ab74165f811adf
READ_ONLY_EXACT filtered_alloc_2025_ETH_e15_s50_c750
filtered_alloc_2025_ETH_e15_s50_c650 0 9658fdbe4ace0cf848255a07505b3ae58e530b49833a248dc427a260e14fa78c
filtered_alloc_2025_ETH_e15_s50_c550 0 acbbfaf80402c8bee9a3a4dd40807080d38a0bdfeba283ba88e2e6c704e99a8d
READ_ONLY_EXACT filtered_alloc_2025_ETH_e20_s50_c750
filtered_alloc_2025_ETH_e20_s50_c650 0 8858d7a18ffcf9c1c0a281218783a3d14eb97784c2c0e9b17d82e5ba541d3666
filtered_alloc_2025_ETH_e20_s50_c550 0 b17ead4b180c65aaf4bb908b127fc07ab33a9557c861a3c5f988de7b512530db
READ_ONLY_EXACT filtered_alloc_2025_combo_e10_s50_btc0.625
filtered_alloc_2025_combo_e10_s50_btc0.675 0 5dfc5dcdb0207e8309437aae4dd1945dbaa91c9aa7cb90109096580e67e8757a
filtered_alloc_2025_combo_e10_s50_btc0.725 0 d464c98dde9d9ff8ee3a584a9d05abf301ce1f551f3c223b76f83805571d6ac2
READ_ONLY_EXACT filtered_alloc_2025_combo_e15_s50_btc0.625
filtered_alloc_2025_combo_e15_s50_btc0.675 0 3231ea1048ee4314477919bdadcd123444b309c67a9d965b9e63a08800e860ec
filtered_alloc_2025_combo_e15_s50_btc0.725 0 b271e94335088335e219bc70e8b9dd4363beac96a6ec0f17ac0224e9d7523e66
READ_ONLY_EXACT filtered_alloc_2025_combo_e20_s50_btc0.625
filtered_alloc_2025_combo_e20_s50_btc0.675 0 4511c2b88f3603e7f74b9f0f917c4c208de7dcddf55057c77483153990b5fcca
filtered_alloc_2025_combo_e20_s50_btc0.725 0 7c9397a7aea8c93eedc3e459042c04785dab9f0ee1f884d55b8349a8533f0176
READ_ONLY_EXACT filtered_alloc_2026_BTC_e10_s50_c1250
filtered_alloc_2026_BTC_e10_s50_c1350 0 d9795a9c78e145546df5857a2a4e6d2f7cfe2e5c36ab96e7c37a600b9e88b398
filtered_alloc_2026_BTC_e10_s50_c1450 0 01bf5da6091e72d39571cfd12873ce61c333adca6c8ccaf7e539d2c267a26565
READ_ONLY_EXACT filtered_alloc_2026_BTC_e15_s50_c1250
filtered_alloc_2026_BTC_e15_s50_c1350 0 0dc87319a7a00959ccb2832a808847bb14ced399701a61c84fc4924760c39473
filtered_alloc_2026_BTC_e15_s50_c1450 0 7e75fb2821ee922a3d71c6bd63d694fbeba18b7bd9c09e16f0092464b26af717
READ_ONLY_EXACT filtered_alloc_2026_BTC_e20_s50_c1250
filtered_alloc_2026_BTC_e20_s50_c1350 0 94193f3b4a40d567aa556124a606700bf38851bbf3d90a7f4e1b9903c1a52890
filtered_alloc_2026_BTC_e20_s50_c1450 0 dc17a74c77d09a74cab2b760ace075da97dc42ca63c82ed73dc0d85c24dd5aaf
READ_ONLY_EXACT filtered_alloc_2026_ETH_e10_s50_c750
filtered_alloc_2026_ETH_e10_s50_c650 0 4292eeff222808d5f4aa938b0d8b1dace4c5d1cab862dc6bfc8c4eee6cb12297
filtered_alloc_2026_ETH_e10_s50_c550 0 1b35288dd7ae8e1ee6636ad032b4a6cbfcf0100a2cdc25651d53802ea1e682db
READ_ONLY_EXACT filtered_alloc_2026_ETH_e15_s50_c750
filtered_alloc_2026_ETH_e15_s50_c650 0 4fca2f5089c7249e2ae96e6667630f30d7e5415621a42a5fc1973c334b182503
filtered_alloc_2026_ETH_e15_s50_c550 0 f2addcee31f2aaadeb979f909320c93a53f10221589f10765ed046a944fda883
READ_ONLY_EXACT filtered_alloc_2026_ETH_e20_s50_c750
filtered_alloc_2026_ETH_e20_s50_c650 0 f166d0b9b50457cbfe860771d8cd335cf79536f964a2af52436da664a4eeed1f
filtered_alloc_2026_ETH_e20_s50_c550 0 92e5a2ef9fb9320a34f6957160e12dd7b77c501550a11353102862b94fb68097
READ_ONLY_EXACT filtered_alloc_2026_combo_e10_s50_btc0.625
filtered_alloc_2026_combo_e10_s50_btc0.675 0 23ac6418d5ff29d63d6a66738bbbe2dc3f8b0b7774500d9feddf5677f9c2573c
filtered_alloc_2026_combo_e10_s50_btc0.725 0 e8993a8621a6b2d9f68ebbb16c9534afe5fcc34250866e5cc5454cb1a2eeb739
READ_ONLY_EXACT filtered_alloc_2026_combo_e15_s50_btc0.625
filtered_alloc_2026_combo_e15_s50_btc0.675 0 b44079c62175f88eb4ae786a0215c075c6398bb8d2eb5cd7c5acc1e451561f5e
filtered_alloc_2026_combo_e15_s50_btc0.725 0 7eeb7277b0ea2f8597fb37983084f2707e335b48787611c61f336213c22a62b3
READ_ONLY_EXACT filtered_alloc_2026_combo_e20_s50_btc0.625
filtered_alloc_2026_combo_e20_s50_btc0.675 0 517d3af4537ee19b21cc923b4ce49c1dfdccf23fc4bffca95549f988a9c264ff
filtered_alloc_2026_combo_e20_s50_btc0.725 0 fe6cd290a392ac778e81a0d47976df60e163598a0d11470020a20ff12fb155de
forward_snapshot_BTC 0 0d534a3e6d46f392317591ed0bf30f0491bcaa591c1db429583730d3b0acc965
forward_snapshot_ETH 0 a04fe67e1cf646090dbd9786deaa77c3bb6973c2b112962fa61f784909b32324
forward_snapshot_combo 0 096a9f7342f06ab43b2cc7e18f36f68375fd3de6c86ff67f59bf7391307f1565
PASS:36new actual-capital historical and3new cutoff configurations reserved;18existing60/40 exact definitions read-only.
