{"completed": "filtered_alloc_2025_BTC_e10_s50_c1230", "return1": 20.639499441430907, "return3": 18.754632459642284, "minute_DD3": 12.411150817968608}
READ_ONLY_RESULT:filtered_alloc_2025_BTC_e10_s50_c1350
{"completed": "filtered_alloc_2025_BTC_e10_s50_c1470", "return1": 20.63901802896597, "return3": 18.754900889013616, "minute_DD3": 12.412497951998125}
{"completed": "filtered_alloc_2025_BTC_e15_s50_c1230", "return1": 19.5644148944065, "return3": 17.699987289065035, "minute_DD3": 13.191682370168822}
READ_ONLY_RESULT:filtered_alloc_2025_BTC_e15_s50_c1350
{"completed": "filtered_alloc_2025_BTC_e15_s50_c1470", "return1": 19.56533821328572, "return3": 17.69772916214285, "minute_DD3": 13.191640031734252}
{"completed": "filtered_alloc_2025_BTC_e20_s50_c1230", "return1": 18.48724271708131, "return3": 16.63915744699187, "minute_DD3": 12.127584077170894}
READ_ONLY_RESULT:filtered_alloc_2025_BTC_e20_s50_c1350
{"completed": "filtered_alloc_2025_BTC_e20_s50_c1470", "return1": 18.48906671519728, "return3": 16.638232040741485, "minute_DD3": 12.127752322330076}
{"completed": "filtered_alloc_2025_ETH_e10_s50_c770", "return1": 96.85893802857144, "return3": 94.78763434272727, "minute_DD3": 20.245683120832446}
READ_ONLY_RESULT:filtered_alloc_2025_ETH_e10_s50_c650
{"completed": "filtered_alloc_2025_ETH_e10_s50_c530", "return1": 96.84597843792453, "return3": 94.81298325226413, "minute_DD3": 20.24676151432091}
{"completed": "filtered_alloc_2025_ETH_e15_s50_c770", "return1": 96.85893802857144, "return3": 94.78763434272727, "minute_DD3": 20.245683120832446}
READ_ONLY_RESULT:filtered_alloc_2025_ETH_e15_s50_c650
{"completed": "filtered_alloc_2025_ETH_e15_s50_c530", "return1": 96.84597843792453, "return3": 94.81298325226413, "minute_DD3": 20.24676151432091}
{"completed": "filtered_alloc_2025_ETH_e20_s50_c770", "return1": 95.41127269818183, "return3": 93.37690539753247, "minute_DD3": 20.83119907714065}
READ_ONLY_RESULT:filtered_alloc_2025_ETH_e20_s50_c650
{"completed": "filtered_alloc_2025_ETH_e20_s50_c530", "return1": 95.41869848207547, "return3": 93.35691019320753, "minute_DD3": 20.830241656189287}
{"completed": "filtered_alloc_2025_combo_e10_s50_btc0.615", "return1": 49.983983297480016, "return3": 48.02733818463001, "minute_DD3": 13.432599803805601}
READ_ONLY_RESULT:filtered_alloc_2025_combo_e10_s50_btc0.675
{"completed": "filtered_alloc_2025_combo_e10_s50_btc0.735", "return1": 40.83386253734, "return3": 38.910292715275, "minute_DD3": 12.501839772290701}
{"completed": "filtered_alloc_2025_combo_e15_s50_btc0.615", "return1": 49.322806301060005, "return3": 47.378731404724995, "minute_DD3": 13.923278832929709}
READ_ONLY_RESULT:filtered_alloc_2025_combo_e15_s50_btc0.675
{"completed": "filtered_alloc_2025_combo_e15_s50_btc0.735", "return1": 40.044707872814996, "return3": 38.13327149602501, "minute_DD3": 13.078474982650501}
{"completed": "filtered_alloc_2025_combo_e20_s50_btc0.615", "return1": 48.10299425980502, "return3": 46.18319040795, "minute_DD3": 14.444179611065744}
READ_ONLY_RESULT:filtered_alloc_2025_combo_e20_s50_btc0.675
{"completed": "filtered_alloc_2025_combo_e20_s50_btc0.735", "return1": 38.87541913342001, "return3": 36.968681751145006, "minute_DD3": 13.242029473076311}
{"completed": "filtered_alloc_2026_BTC_e10_s50_c1230", "return1": 10.504933754349599, "return3": 8.780745252512201, "minute_DD3": 14.595713340515836}
READ_ONLY_RESULT:filtered_alloc_2026_BTC_e10_s50_c1350
{"completed": "filtered_alloc_2026_BTC_e10_s50_c1470", "return1": 10.501375647585043, "return3": 8.780662799619044, "minute_DD3": 14.599818237872864}
{"completed": "filtered_alloc_2026_BTC_e15_s50_c1230", "return1": 10.504933754349599, "return3": 8.780745252512201, "minute_DD3": 14.595713340515836}
READ_ONLY_RESULT:filtered_alloc_2026_BTC_e15_s50_c1350
{"completed": "filtered_alloc_2026_BTC_e15_s50_c1470", "return1": 10.501375647585043, "return3": 8.780662799619044, "minute_DD3": 14.599818237872864}
{"completed": "filtered_alloc_2026_BTC_e20_s50_c1230", "return1": 10.504933754349599, "return3": 8.780745252512201, "minute_DD3": 14.595713340515836}
READ_ONLY_RESULT:filtered_alloc_2026_BTC_e20_s50_c1350
{"completed": "filtered_alloc_2026_BTC_e20_s50_c1470", "return1": 10.501375647585043, "return3": 8.780662799619044, "minute_DD3": 14.599818237872864}
{"completed": "filtered_alloc_2026_ETH_e10_s50_c770", "return1": 29.088420635714286, "return3": 27.735663062337657, "minute_DD3": 14.504661601882173}
READ_ONLY_RESULT:filtered_alloc_2026_ETH_e10_s50_c650
{"completed": "filtered_alloc_2026_ETH_e10_s50_c530", "return1": 29.08546797622642, "return3": 27.73531993056604, "minute_DD3": 14.502855314955877}
{"completed": "filtered_alloc_2026_ETH_e15_s50_c770", "return1": 29.088420635714286, "return3": 27.735663062337657, "minute_DD3": 14.504661601882173}
READ_ONLY_RESULT:filtered_alloc_2026_ETH_e15_s50_c650
{"completed": "filtered_alloc_2026_ETH_e15_s50_c530", "return1": 29.08546797622642, "return3": 27.73531993056604, "minute_DD3": 14.502855314955877}
{"completed": "filtered_alloc_2026_ETH_e20_s50_c770", "return1": 29.088420635714286, "return3": 27.735663062337657, "minute_DD3": 14.504661601882173}
READ_ONLY_RESULT:filtered_alloc_2026_ETH_e20_s50_c650
{"completed": "filtered_alloc_2026_ETH_e20_s50_c530", "return1": 29.08546797622642, "return3": 27.73531993056604, "minute_DD3": 14.502855314955877}
{"completed": "filtered_alloc_2026_combo_e10_s50_btc0.615", "return1": 17.659576203674998, "return3": 16.078388609295004, "minute_DD3": 13.13210085282055}
READ_ONLY_RESULT:filtered_alloc_2026_combo_e10_s50_btc0.675
{"completed": "filtered_alloc_2026_combo_e10_s50_btc0.735", "return1": 15.426160114675014, "return3": 13.803646939319991, "minute_DD3": 13.303440792330324}
{"completed": "filtered_alloc_2026_combo_e15_s50_btc0.615", "return1": 17.659576203674998, "return3": 16.078388609295004, "minute_DD3": 13.13210085282055}
READ_ONLY_RESULT:filtered_alloc_2026_combo_e15_s50_btc0.675
{"completed": "filtered_alloc_2026_combo_e15_s50_btc0.735", "return1": 15.426160114675014, "return3": 13.803646939319991, "minute_DD3": 13.303440792330324}
{"completed": "filtered_alloc_2026_combo_e20_s50_btc0.615", "return1": 17.659576203674998, "return3": 16.078388609295004, "minute_DD3": 13.13210085282055}
READ_ONLY_RESULT:filtered_alloc_2026_combo_e20_s50_btc0.675
{"completed": "filtered_alloc_2026_combo_e20_s50_btc0.735", "return1": 15.426160114675014, "return3": 13.803646939319991, "minute_DD3": 13.303440792330324}
{"new_configs": 36, "new_component_configs": 24, "new_combination_configs": 12, "new_cost_scenes": 108, "new_minute_NAV_points": 28013256, "reused_grid_configs": 18, "reused_cost_scenes": 54, "grid_configs": 54, "grid_cost_scenes": 162, "positive_1x": 36, "positive_3x": 36, "grid_positive_1x": 54, "grid_positive_3x": 54, "passed": ["filtered_alloc_2025_BTC_e10_s50_c1230", "filtered_alloc_2025_BTC_e10_s50_c1470", "filtered_alloc_2025_BTC_e15_s50_c1230", "filtered_alloc_2025_BTC_e15_s50_c1470", "filtered_alloc_2025_BTC_e20_s50_c1230", "filtered_alloc_2025_BTC_e20_s50_c1470", "filtered_alloc_2025_ETH_e10_s50_c770", "filtered_alloc_2025_ETH_e10_s50_c530", "filtered_alloc_2025_ETH_e15_s50_c770", "filtered_alloc_2025_ETH_e15_s50_c530", "filtered_alloc_2025_ETH_e20_s50_c770", "filtered_alloc_2025_ETH_e20_s50_c530", "filtered_alloc_2025_combo_e10_s50_btc0.615", "filtered_alloc_2025_combo_e10_s50_btc0.735", "filtered_alloc_2025_combo_e15_s50_btc0.615", "filtered_alloc_2025_combo_e15_s50_btc0.735", "filtered_alloc_2025_combo_e20_s50_btc0.615", "filtered_alloc_2025_combo_e20_s50_btc0.735", "filtered_alloc_2026_combo_e10_s50_btc0.615", "filtered_alloc_2026_combo_e10_s50_btc0.735", "filtered_alloc_2026_combo_e15_s50_btc0.615", "filtered_alloc_2026_combo_e15_s50_btc0.735", "filtered_alloc_2026_combo_e20_s50_btc0.615", "filtered_alloc_2026_combo_e20_s50_btc0.735"], "rejected": ["filtered_alloc_2026_BTC_e10_s50_c1230", "filtered_alloc_2026_BTC_e10_s50_c1470", "filtered_alloc_2026_BTC_e15_s50_c1230", "filtered_alloc_2026_BTC_e15_s50_c1470", "filtered_alloc_2026_BTC_e20_s50_c1230", "filtered_alloc_2026_BTC_e20_s50_c1470", "filtered_alloc_2026_ETH_e10_s50_c770", "filtered_alloc_2026_ETH_e10_s50_c530", "filtered_alloc_2026_ETH_e15_s50_c770", "filtered_alloc_2026_ETH_e15_s50_c530", "filtered_alloc_2026_ETH_e20_s50_c770", "filtered_alloc_2026_ETH_e20_s50_c530"], "grid_passed": ["filtered_alloc_2025_BTC_e10_s50_c1230", "filtered_alloc_2025_BTC_e10_s50_c1350", "filtered_alloc_2025_BTC_e10_s50_c1470", "filtered_alloc_2025_BTC_e15_s50_c1230", "filtered_alloc_2025_BTC_e15_s50_c1350", "filtered_alloc_2025_BTC_e15_s50_c1470", "filtered_alloc_2025_BTC_e20_s50_c1230", "filtered_alloc_2025_BTC_e20_s50_c1350", "filtered_alloc_2025_BTC_e20_s50_c1470", "filtered_alloc_2025_ETH_e10_s50_c770", "filtered_alloc_2025_ETH_e10_s50_c650", "filtered_alloc_2025_ETH_e10_s50_c530", "filtered_alloc_2025_ETH_e15_s50_c770", "filtered_alloc_2025_ETH_e15_s50_c650", "filtered_alloc_2025_ETH_e15_s50_c530", "filtered_alloc_2025_ETH_e20_s50_c770", "filtered_alloc_2025_ETH_e20_s50_c650", "filtered_alloc_2025_ETH_e20_s50_c530", "filtered_alloc_2025_combo_e10_s50_btc0.615", "filtered_alloc_2025_combo_e10_s50_btc0.675", "filtered_alloc_2025_combo_e10_s50_btc0.735", "filtered_alloc_2025_combo_e15_s50_btc0.615", "filtered_alloc_2025_combo_e15_s50_btc0.675", "filtered_alloc_2025_combo_e15_s50_btc0.735", "filtered_alloc_2025_combo_e20_s50_btc0.615", "filtered_alloc_2025_combo_e20_s50_btc0.675", "filtered_alloc_2025_combo_e20_s50_btc0.735", "filtered_alloc_2026_combo_e10_s50_btc0.615", "filtered_alloc_2026_combo_e10_s50_btc0.675", "filtered_alloc_2026_combo_e10_s50_btc0.735", "filtered_alloc_2026_combo_e15_s50_btc0.615", "filtered_alloc_2026_combo_e15_s50_btc0.675", "filtered_alloc_2026_combo_e15_s50_btc0.735", "filtered_alloc_2026_combo_e20_s50_btc0.615", "filtered_alloc_2026_combo_e20_s50_btc0.675", "filtered_alloc_2026_combo_e20_s50_btc0.735"], "both_periods_passed_combination_pairs": [["filtered_alloc_2025_combo_e10_s50_btc0.615", "filtered_alloc_2026_combo_e10_s50_btc0.615"], ["filtered_alloc_2025_combo_e10_s50_btc0.675", "filtered_alloc_2026_combo_e10_s50_btc0.675"], ["filtered_alloc_2025_combo_e10_s50_btc0.735", "filtered_alloc_2026_combo_e10_s50_btc0.735"], ["filtered_alloc_2025_combo_e15_s50_btc0.615", "filtered_alloc_2026_combo_e15_s50_btc0.615"], ["filtered_alloc_2025_combo_e15_s50_btc0.675", "filtered_alloc_2026_combo_e15_s50_btc0.675"], ["filtered_alloc_2025_combo_e15_s50_btc0.735", "filtered_alloc_2026_combo_e15_s50_btc0.735"], ["filtered_alloc_2025_combo_e20_s50_btc0.615", "filtered_alloc_2026_combo_e20_s50_btc0.615"], ["filtered_alloc_2025_combo_e20_s50_btc0.675", "filtered_alloc_2026_combo_e20_s50_btc0.675"], ["filtered_alloc_2025_combo_e20_s50_btc0.735", "filtered_alloc_2026_combo_e20_s50_btc0.735"]], "new_both_periods_passed_combination_pairs": [["filtered_alloc_2025_combo_e10_s50_btc0.615", "filtered_alloc_2026_combo_e10_s50_btc0.615"], ["filtered_alloc_2025_combo_e10_s50_btc0.735", "filtered_alloc_2026_combo_e10_s50_btc0.735"], ["filtered_alloc_2025_combo_e15_s50_btc0.615", "filtered_alloc_2026_combo_e15_s50_btc0.615"], ["filtered_alloc_2025_combo_e15_s50_btc0.735", "filtered_alloc_2026_combo_e15_s50_btc0.735"], ["filtered_alloc_2025_combo_e20_s50_btc0.615", "filtered_alloc_2026_combo_e20_s50_btc0.615"], ["filtered_alloc_2025_combo_e20_s50_btc0.735", "filtered_alloc_2026_combo_e20_s50_btc0.735"]], "actual_component_fills": 360, "audited_component_fills": 540, "reused_ledger_records_untouched": true, "new_live_orders": 0}
