PASS:all9 cumulative forward scenes exactly reproduced including4273point prefix/time axis and nextstate;noHTTP or ledger write
{"completed": "filtered_alloc_2025_BTC_e10_s50_c1230", "return1": 20.639499441430907, "return3": 18.754632459642284, "minute_DD3": 12.411150817968608}
READ_ONLY_RESULT:filtered_alloc_2025_BTC_e10_s50_c1350
{"completed": "filtered_alloc_2025_BTC_e10_s50_c1470", "return1": 20.63901802896597, "return3": 18.754900889013616, "minute_DD3": 12.412497951998125}
{"completed": "filtered_alloc_2025_BTC_e15_s50_c1230", "return1": 19.5644148944065, "return3": 17.699987289065035, "minute_DD3": 13.191682370168822}
READ_ONLY_RESULT:filtered_alloc_2025_BTC_e15_s50_c1350
{"completed": "filtered_alloc_2025_BTC_e15_s50_c1470", "return1": 19.56533821328572, "return3": 17.69772916214285, "minute_DD3": 13.191640031734252}
{"completed": "filtered_alloc_2025_BTC_e20_s50_c1230", "return1": 18.48724271708131, "return3": 16.63915744699187, "minute_DD3": 12.127584077170894}
READ_ONLY_RESULT:filtered_alloc_2025_BTC_e20_s50_c1350
{"completed": "filtered_alloc_2025_BTC_e20_s50_c1470", "return1": 18.48906671519728, "return3": 16.638232040741485, "minute_DD3": 12.127752322330076}
{"completed": "filtered_alloc_2025_ETH_e10_s50_c770", "return1": 96.85893802857144, "return3": 94.78763434272727, "minute_DD3": 20.245683120832446}
READ_ONLY_RESULT:filtered_alloc_2025_ETH_e10_s50_c650
{"completed": "filtered_alloc_2025_ETH_e10_s50_c530", "return1": 96.84597843792453, "return3": 94.81298325226413, "minute_DD3": 20.24676151432091}
{"completed": "filtered_alloc_2025_ETH_e15_s50_c770", "return1": 96.85893802857144, "return3": 94.78763434272727, "minute_DD3": 20.245683120832446}
READ_ONLY_RESULT:filtered_alloc_2025_ETH_e15_s50_c650
{"completed": "filtered_alloc_2025_ETH_e15_s50_c530", "return1": 96.84597843792453, "return3": 94.81298325226413, "minute_DD3": 20.24676151432091}
{"completed": "filtered_alloc_2025_ETH_e20_s50_c770", "return1": 95.41127269818183, "return3": 93.37690539753247, "minute_DD3": 20.83119907714065}
READ_ONLY_RESULT:filtered_alloc_2025_ETH_e20_s50_c650
{"completed": "filtered_alloc_2025_ETH_e20_s50_c530", "return1": 95.41869848207547, "return3": 93.35691019320753, "minute_DD3": 20.830241656189287}
{"completed": "filtered_alloc_2025_combo_e10_s50_btc0.615", "return1": 49.983983297480016, "return3": 48.02733818463001, "minute_DD3": 13.432599803805601}
READ_ONLY_RESULT:filtered_alloc_2025_combo_e10_s50_btc0.675
{"completed": "filtered_alloc_2025_combo_e10_s50_btc0.735", "return1": 40.83386253734, "return3": 38.910292715275, "minute_DD3": 12.501839772290701}
{"completed": "filtered_alloc_2025_combo_e15_s50_btc0.615", "return1": 49.322806301060005, "return3": 47.378731404724995, "minute_DD3": 13.923278832929709}
READ_ONLY_RESULT:filtered_alloc_2025_combo_e15_s50_btc0.675
{"completed": "filtered_alloc_2025_combo_e15_s50_btc0.735", "return1": 40.044707872814996, "return3": 38.13327149602501, "minute_DD3": 13.078474982650501}
{"completed": "filtered_alloc_2025_combo_e20_s50_btc0.615", "return1": 48.10299425980502, "return3": 46.18319040795, "minute_DD3": 14.444179611065744}
READ_ONLY_RESULT:filtered_alloc_2025_combo_e20_s50_btc0.675
{"completed": "filtered_alloc_2025_combo_e20_s50_btc0.735", "return1": 38.87541913342001, "return3": 36.968681751145006, "minute_DD3": 13.242029473076311}
{"completed": "filtered_alloc_2026_BTC_e10_s50_c1230", "return1": 10.504933754349599, "return3": 8.780745252512201, "minute_DD3": 14.595713340515836}
READ_ONLY_RESULT:filtered_alloc_2026_BTC_e10_s50_c1350
{"completed": "filtered_alloc_2026_BTC_e10_s50_c1470", "return1": 10.501375647585043, "return3": 8.780662799619044, "minute_DD3": 14.599818237872864}
{"completed": "filtered_alloc_2026_BTC_e15_s50_c1230", "return1": 10.504933754349599, "return3": 8.780745252512201, "minute_DD3": 14.595713340515836}
READ_ONLY_RESULT:filtered_alloc_2026_BTC_e15_s50_c1350
{"completed": "filtered_alloc_2026_BTC_e15_s50_c1470", "return1": 10.501375647585043, "return3": 8.780662799619044, "minute_DD3": 14.599818237872864}
{"completed": "filtered_alloc_2026_BTC_e20_s50_c1230", "return1": 10.504933754349599, "return3": 8.780745252512201, "minute_DD3": 14.595713340515836}
READ_ONLY_RESULT:filtered_alloc_2026_BTC_e20_s50_c1350
{"completed": "filtered_alloc_2026_BTC_e20_s50_c1470", "return1": 10.501375647585043, "return3": 8.780662799619044, "minute_DD3": 14.599818237872864}
{"completed": "filtered_alloc_2026_ETH_e10_s50_c770", "return1": 29.088420635714286, "return3": 27.735663062337657, "minute_DD3": 14.504661601882173}
READ_ONLY_RESULT:filtered_alloc_2026_ETH_e10_s50_c650
{"completed": "filtered_alloc_2026_ETH_e10_s50_c530", "return1": 29.08546797622642, "return3": 27.73531993056604, "minute_DD3": 14.502855314955877}
{"completed": "filtered_alloc_2026_ETH_e15_s50_c770", "return1": 29.088420635714286, "return3": 27.735663062337657, "minute_DD3": 14.504661601882173}
READ_ONLY_RESULT:filtered_alloc_2026_ETH_e15_s50_c650
{"completed": "filtered_alloc_2026_ETH_e15_s50_c530", "return1": 29.08546797622642, "return3": 27.73531993056604, "minute_DD3": 14.502855314955877}
{"completed": "filtered_alloc_2026_ETH_e20_s50_c770", "return1": 29.088420635714286, "return3": 27.735663062337657, "minute_DD3": 14.504661601882173}
READ_ONLY_RESULT:filtered_alloc_2026_ETH_e20_s50_c650
{"completed": "filtered_alloc_2026_ETH_e20_s50_c530", "return1": 29.08546797622642, "return3": 27.73531993056604, "minute_DD3": 14.502855314955877}
{"completed": "filtered_alloc_2026_combo_e10_s50_btc0.615", "return1": 17.659576203674998, "return3": 16.078388609295004, "minute_DD3": 13.13210085282055}
READ_ONLY_RESULT:filtered_alloc_2026_combo_e10_s50_btc0.675
{"completed": "filtered_alloc_2026_combo_e10_s50_btc0.735", "return1": 15.426160114675014, "return3": 13.803646939319991, "minute_DD3": 13.303440792330324}
{"completed": "filtered_alloc_2026_combo_e15_s50_btc0.615", "return1": 17.659576203674998, "return3": 16.078388609295004, "minute_DD3": 13.13210085282055}
READ_ONLY_RESULT:filtered_alloc_2026_combo_e15_s50_btc0.675
{"completed": "filtered_alloc_2026_combo_e15_s50_btc0.735", "return1": 15.426160114675014, "return3": 13.803646939319991, "minute_DD3": 13.303440792330324}
{"completed": "filtered_alloc_2026_combo_e20_s50_btc0.615", "return1": 17.659576203674998, "return3": 16.078388609295004, "minute_DD3": 13.13210085282055}
READ_ONLY_RESULT:filtered_alloc_2026_combo_e20_s50_btc0.675
{"completed": "filtered_alloc_2026_combo_e20_s50_btc0.735", "return1": 15.426160114675014, "return3": 13.803646939319991, "minute_DD3": 13.303440792330324}
PASS:all108 NEW scenes exactly reproduced and54 EXISTING scenes read-only verified;full54-cell report reproduced;ledger unchanged
{"passed": true, "all_scenes_audited": 162, "new_scenes": 108, "existing_scenes_read_only_audited": 54, "current_or_future_close_perturbations": 72, "NAV_points_audited": 42019884, "joint_channel_pandasEMA_causal_decisions": 19440, "Decimal_fills_independently_checked": 540, "new_actual_fills": 360, "real_minute_data_hashes": 4, "report_sha256": "499980bec45ed4cb9a13aa4a572d76e15f05b0e669b7201d58978ce656d82f32", "forward_plan_unchanged": true, "pandas_version": "2.2.3"}
{"passed": true, "forward_scenes": 9, "new_closed_marks_per_asset": 120, "cumulative_minutes": 4269, "complete_days": 2, "NAV_points_per_scene": 4273, "original_NAV_prefix": 4153, "new_daily_decisions": 0, "new_reference_points": 0, "new_executions": 0, "original_cash_units_desired_trades_costs_unchanged": true, "next_daily_decision_utc": "2026-10-05T00:01:00Z", "report_sha256": "cb3de304890e298f86d0e5f7a7bf3815d2ff1671fb49ca0013e3394e37cd56c6"}
PASS: new parameters/weights and missing-result retries are allowed; exact/reordered completed trials stay blocked
