filtered_alloc_2025_BTC_e10_s50_c1230 0 0129d78b465553f8328613abf18f5335e6770f1b86bd44697869df7631116b4d
READ_ONLY_EXACT filtered_alloc_2025_BTC_e10_s50_c1350
filtered_alloc_2025_BTC_e10_s50_c1470 0 d3ff85a20e04863d869328dc69ead447b24192bfdbba216258a0321b1db925e1
filtered_alloc_2025_BTC_e15_s50_c1230 0 7bfd7e919638731179326145de7b8f900ba1b22bb0474cf9a317770736d71015
READ_ONLY_EXACT filtered_alloc_2025_BTC_e15_s50_c1350
filtered_alloc_2025_BTC_e15_s50_c1470 0 f81c3f7202435c32e9eccabeba37a29527a6369fd3a08c5c380b8694d7160dea
filtered_alloc_2025_BTC_e20_s50_c1230 0 823b945bd93d31f1d789ef38931874a2a0a5a9e1b8a04e7f4ae5c76334e179ab
READ_ONLY_EXACT filtered_alloc_2025_BTC_e20_s50_c1350
filtered_alloc_2025_BTC_e20_s50_c1470 0 63d71deec136110d63a8d21179254b20dd46bc009cecafae26b8b7fad85fca13
filtered_alloc_2025_ETH_e10_s50_c770 0 49619d13d068a4a93513dd82d3162c1d7c4bbd892fe79e32bf69ff6717783cb3
READ_ONLY_EXACT filtered_alloc_2025_ETH_e10_s50_c650
filtered_alloc_2025_ETH_e10_s50_c530 0 9300ef78037f2d9a9ccac7e8ad6dc016efb081a63a548e0c30d2e972a573208c
filtered_alloc_2025_ETH_e15_s50_c770 0 2b1c048fdb331fe823af7650e5278fea64646382600f917a32ee2a3c93cf20e0
READ_ONLY_EXACT filtered_alloc_2025_ETH_e15_s50_c650
filtered_alloc_2025_ETH_e15_s50_c530 0 20016754392a978029223ca3d0f99db59d7ac7e6c2b9e0be87e2a982be04e281
filtered_alloc_2025_ETH_e20_s50_c770 0 07e2b427ec40f46d6b23589806b47088bd5aec29eb30fe3e5c67db8cbd30e10d
READ_ONLY_EXACT filtered_alloc_2025_ETH_e20_s50_c650
filtered_alloc_2025_ETH_e20_s50_c530 0 0acf05505fc296bfe42ee89f21a11c822fc3d98caf9f7fe413a6c56615f96b05
filtered_alloc_2025_combo_e10_s50_btc0.615 0 4069becd01ef27394bf5fd95e5aeb886800fc1ba1b8c209268a260a2fc493fa1
READ_ONLY_EXACT filtered_alloc_2025_combo_e10_s50_btc0.675
filtered_alloc_2025_combo_e10_s50_btc0.735 0 b349366e88c822c082ef4db7c3e58c5d28ff2f43bf8e404b12d383b745830c2c
filtered_alloc_2025_combo_e15_s50_btc0.615 0 78f97f61d1863edb310fbfe186e4cb3be79024d1660459159b1d53b987ba04dc
READ_ONLY_EXACT filtered_alloc_2025_combo_e15_s50_btc0.675
filtered_alloc_2025_combo_e15_s50_btc0.735 0 40e7dbfb306cb008b0ff1e0e9f6cf0c25a58ab152847bda75619aed2f39764bb
filtered_alloc_2025_combo_e20_s50_btc0.615 0 775bdec88571b5ccfa4cd49c8020be318a9d433694ef9787fe8cb3434c2c15ba
READ_ONLY_EXACT filtered_alloc_2025_combo_e20_s50_btc0.675
filtered_alloc_2025_combo_e20_s50_btc0.735 0 931452f3d68364bce7af74793cc41b045c48a9496834b076ba834e673c3f6b74
filtered_alloc_2026_BTC_e10_s50_c1230 0 86939e7f1508feb0a7e4e67bd7a401980ddda98f7a104a659e58fed890464ade
READ_ONLY_EXACT filtered_alloc_2026_BTC_e10_s50_c1350
filtered_alloc_2026_BTC_e10_s50_c1470 0 a8d93c0fe981761d0c11f523a73d89b971c8d4e9086d5f0aaa27dca91621851f
filtered_alloc_2026_BTC_e15_s50_c1230 0 56e96db885aa586559a48d2a13bf8a6c70dcaab60f05c173aea51ea82a78772e
READ_ONLY_EXACT filtered_alloc_2026_BTC_e15_s50_c1350
filtered_alloc_2026_BTC_e15_s50_c1470 0 e5e6fea895318ef3d6c6ec94796df448b8f32af5ed9172f8655ff193771f8dbc
filtered_alloc_2026_BTC_e20_s50_c1230 0 df2c33cf6d62bf94bb5454501d561afc6e6ad702437e3f104cfe4c41812fd406
READ_ONLY_EXACT filtered_alloc_2026_BTC_e20_s50_c1350
filtered_alloc_2026_BTC_e20_s50_c1470 0 b03020272b89fa87a2281083185581c48a0c98851dd76e664fce097ed580c73f
filtered_alloc_2026_ETH_e10_s50_c770 0 3efb3040d346a80a49af9cd014efbe1865f050b2a72a4be5b75871424d62bb64
READ_ONLY_EXACT filtered_alloc_2026_ETH_e10_s50_c650
filtered_alloc_2026_ETH_e10_s50_c530 0 89e6fb79b946e321904807b1f78af5a48d7265b6a8f99eb16743cc79282ebf1e
filtered_alloc_2026_ETH_e15_s50_c770 0 4079ec4a13a19a8e0cf820c4013fd31f64b07d921a0b44dfdfcfd1ce41d14f00
READ_ONLY_EXACT filtered_alloc_2026_ETH_e15_s50_c650
filtered_alloc_2026_ETH_e15_s50_c530 0 b4595c0538981a85616534dc4a0550ed334837ca9e86d5c6787c4e5e63636125
filtered_alloc_2026_ETH_e20_s50_c770 0 2b3229de0e5dabc943b136420440c0dac0e329b2c9e3406acc4b667e7e7e2b87
READ_ONLY_EXACT filtered_alloc_2026_ETH_e20_s50_c650
filtered_alloc_2026_ETH_e20_s50_c530 0 9c4497af9efd9f46a2760cdadce48f7a493af5419033686bc8f26ae5d4b3bde8
filtered_alloc_2026_combo_e10_s50_btc0.615 0 641359ebcdee6db2a453ec8768c89b581b320a76f41e9de998d5ad2b64dadbd1
READ_ONLY_EXACT filtered_alloc_2026_combo_e10_s50_btc0.675
filtered_alloc_2026_combo_e10_s50_btc0.735 0 068aa78c71ae3d3f77c44cd3de41b48179af07821d114d0d4dcf8d9941363e15
filtered_alloc_2026_combo_e15_s50_btc0.615 0 e76436946ff654ff5cb24fb885af3df2fd1d6d53e98223ddb581884ef3400765
READ_ONLY_EXACT filtered_alloc_2026_combo_e15_s50_btc0.675
filtered_alloc_2026_combo_e15_s50_btc0.735 0 d1534d057e85a6e77986d8ed63382f2c40e91f2b907c8745932f4cef6c258b83
filtered_alloc_2026_combo_e20_s50_btc0.615 0 372851fca027ec866d002b48731b9a0d96185ea1f79cd70356dc46d66688697f
READ_ONLY_EXACT filtered_alloc_2026_combo_e20_s50_btc0.675
filtered_alloc_2026_combo_e20_s50_btc0.735 0 9f6f257adf503818b7048dfca39671749a067a8aba8690f2b963fbf3d06cb0da
forward_snapshot_BTC 0 186efb04d9791472c9fa9c0444e6ea23d81ee3fd2691d2dd11cad8142a66b473
forward_snapshot_ETH 0 d180ce540199c9498635727cee78b69cc8a81cefba938827c054769765ee65eb
forward_snapshot_combo 0 987c74545767ce81ad73d7320149514fc052d6d659495d598cdb004d92873d8c
PASS:36new actual-capital historical and3new cutoff configurations reserved;18existing67.5/32.5 exact definitions read-only.
