READ_ONLY_RESULT:filtered_band_2025_BTC_e10_b0.03_x30_s50_c1350
{"completed": "filtered_band_2025_BTC_e10_b0.05_x30_s50_c1350", "return1": 8.357475069703701, "return3": 7.22794300855556, "minute_DD3": 12.126160323404555}
{"completed": "filtered_band_2025_BTC_e10_b0.07_x30_s50_c1350", "return1": 3.9118018309999947, "return3": 2.829012773644446, "minute_DD3": 13.724167878093219}
READ_ONLY_RESULT:filtered_band_2025_BTC_e15_b0.03_x30_s50_c1350
{"completed": "filtered_band_2025_BTC_e15_b0.05_x30_s50_c1350", "return1": 8.357475069703701, "return3": 7.22794300855556, "minute_DD3": 12.126160323404555}
{"completed": "filtered_band_2025_BTC_e15_b0.07_x30_s50_c1350", "return1": 3.9118018309999947, "return3": 2.829012773644446, "minute_DD3": 13.724167878093219}
READ_ONLY_RESULT:filtered_band_2025_BTC_e20_b0.03_x30_s50_c1350
{"completed": "filtered_band_2025_BTC_e20_b0.05_x30_s50_c1350", "return1": 8.357475069703701, "return3": 7.22794300855556, "minute_DD3": 12.126160323404555}
{"completed": "filtered_band_2025_BTC_e20_b0.07_x30_s50_c1350", "return1": 3.9118018309999947, "return3": 2.829012773644446, "minute_DD3": 13.724167878093219}
READ_ONLY_RESULT:filtered_band_2025_ETH_e10_b0.03_x30_s50_c650
{"completed": "filtered_band_2025_ETH_e10_b0.05_x30_s50_c650", "return1": 96.85534020923076, "return3": 94.78204126415386, "minute_DD3": 20.245376429741558}
{"completed": "filtered_band_2025_ETH_e10_b0.07_x30_s50_c650", "return1": 82.87182363923078, "return3": 80.95926643030771, "minute_DD3": 17.479620935572303}
READ_ONLY_RESULT:filtered_band_2025_ETH_e15_b0.03_x30_s50_c650
{"completed": "filtered_band_2025_ETH_e15_b0.05_x30_s50_c650", "return1": 96.85534020923076, "return3": 94.78204126415386, "minute_DD3": 20.245376429741558}
{"completed": "filtered_band_2025_ETH_e15_b0.07_x30_s50_c650", "return1": 82.87182363923078, "return3": 80.95926643030771, "minute_DD3": 17.479620935572303}
READ_ONLY_RESULT:filtered_band_2025_ETH_e20_b0.03_x30_s50_c650
{"completed": "filtered_band_2025_ETH_e20_b0.05_x30_s50_c650", "return1": 95.41640795076924, "return3": 93.35297299984614, "minute_DD3": 20.829950329720415}
{"completed": "filtered_band_2025_ETH_e20_b0.07_x30_s50_c650", "return1": 82.87182363923078, "return3": 80.95926643030771, "minute_DD3": 17.479620935572303}
READ_ONLY_RESULT:filtered_band_2025_combo_e10_b0.03_x30_s50_btc0.675
{"completed": "filtered_band_2025_combo_e10_b0.05_x30_s50_btc0.675", "return1": 37.11928124004999, "return3": 35.683024941624986, "minute_DD3": 12.689452573242288}
{"completed": "filtered_band_2025_combo_e10_b0.07_x30_s50_btc0.675", "return1": 29.573808918675006, "return3": 28.22134521206001, "minute_DD3": 12.689452573242288}
READ_ONLY_RESULT:filtered_band_2025_combo_e15_b0.03_x30_s50_btc0.675
{"completed": "filtered_band_2025_combo_e15_b0.05_x30_s50_btc0.675", "return1": 37.11928124004999, "return3": 35.683024941624986, "minute_DD3": 12.689452573242288}
{"completed": "filtered_band_2025_combo_e15_b0.07_x30_s50_btc0.675", "return1": 29.573808918675006, "return3": 28.22134521206001, "minute_DD3": 12.689452573242288}
READ_ONLY_RESULT:filtered_band_2025_combo_e20_b0.03_x30_s50_btc0.675
{"completed": "filtered_band_2025_combo_e20_b0.05_x30_s50_btc0.675", "return1": 36.651628256049996, "return3": 35.218577755724986, "minute_DD3": 12.848605155747883}
{"completed": "filtered_band_2025_combo_e20_b0.07_x30_s50_btc0.675", "return1": 29.573808918675006, "return3": 28.22134521206001, "minute_DD3": 12.689452573242288}
READ_ONLY_RESULT:filtered_band_2026_BTC_e10_b0.03_x30_s50_c1350
{"completed": "filtered_band_2026_BTC_e10_b0.05_x30_s50_c1350", "return1": 11.183708643540747, "return3": 10.026147911844463, "minute_DD3": 10.178372284069571}
{"completed": "filtered_band_2026_BTC_e10_b0.07_x30_s50_c1350", "return1": 7.879025683911123, "return3": 6.753103870325927, "minute_DD3": 10.18018269592369}
READ_ONLY_RESULT:filtered_band_2026_BTC_e15_b0.03_x30_s50_c1350
{"completed": "filtered_band_2026_BTC_e15_b0.05_x30_s50_c1350", "return1": 11.183708643540747, "return3": 10.026147911844463, "minute_DD3": 10.178372284069571}
{"completed": "filtered_band_2026_BTC_e15_b0.07_x30_s50_c1350", "return1": 7.879025683911123, "return3": 6.753103870325927, "minute_DD3": 10.18018269592369}
READ_ONLY_RESULT:filtered_band_2026_BTC_e20_b0.03_x30_s50_c1350
{"completed": "filtered_band_2026_BTC_e20_b0.05_x30_s50_c1350", "return1": 11.183708643540747, "return3": 10.026147911844463, "minute_DD3": 10.178372284069571}
{"completed": "filtered_band_2026_BTC_e20_b0.07_x30_s50_c1350", "return1": 7.879025683911123, "return3": 6.753103870325927, "minute_DD3": 10.18018269592369}
READ_ONLY_RESULT:filtered_band_2026_ETH_e10_b0.03_x30_s50_c650
{"completed": "filtered_band_2026_ETH_e10_b0.05_x30_s50_c650", "return1": 24.98752586076922, "return3": 23.680303291692304, "minute_DD3": 15.75366412222885}
{"completed": "filtered_band_2026_ETH_e10_b0.07_x30_s50_c650", "return1": 2.412607391999999, "return3": 1.3413117336922964, "minute_DD3": 11.642818942117339}
READ_ONLY_RESULT:filtered_band_2026_ETH_e15_b0.03_x30_s50_c650
{"completed": "filtered_band_2026_ETH_e15_b0.05_x30_s50_c650", "return1": 24.98752586076922, "return3": 23.680303291692304, "minute_DD3": 15.75366412222885}
{"completed": "filtered_band_2026_ETH_e15_b0.07_x30_s50_c650", "return1": 2.412607391999999, "return3": 1.3413117336922964, "minute_DD3": 11.642818942117339}
READ_ONLY_RESULT:filtered_band_2026_ETH_e20_b0.03_x30_s50_c650
{"completed": "filtered_band_2026_ETH_e20_b0.05_x30_s50_c650", "return1": 24.98752586076922, "return3": 23.680303291692304, "minute_DD3": 15.75366412222885}
{"completed": "filtered_band_2026_ETH_e20_b0.07_x30_s50_c650", "return1": 2.412607391999999, "return3": 1.3413117336922964, "minute_DD3": 11.642818942117339}
READ_ONLY_RESULT:filtered_band_2026_combo_e10_b0.03_x30_s50_btc0.675
{"completed": "filtered_band_2026_combo_e10_b0.05_x30_s50_btc0.675", "return1": 15.66994923913998, "return3": 14.463748410295008, "minute_DD3": 10.827625428140951}
{"completed": "filtered_band_2026_combo_e10_b0.07_x30_s50_btc0.675", "return1": 6.102439739040011, "return3": 4.994271425919994, "minute_DD3": 10.179160702064216}
READ_ONLY_RESULT:filtered_band_2026_combo_e15_b0.03_x30_s50_btc0.675
{"completed": "filtered_band_2026_combo_e15_b0.05_x30_s50_btc0.675", "return1": 15.66994923913998, "return3": 14.463748410295008, "minute_DD3": 10.827625428140951}
{"completed": "filtered_band_2026_combo_e15_b0.07_x30_s50_btc0.675", "return1": 6.102439739040011, "return3": 4.994271425919994, "minute_DD3": 10.179160702064216}
READ_ONLY_RESULT:filtered_band_2026_combo_e20_b0.03_x30_s50_btc0.675
{"completed": "filtered_band_2026_combo_e20_b0.05_x30_s50_btc0.675", "return1": 15.66994923913998, "return3": 14.463748410295008, "minute_DD3": 10.827625428140951}
{"completed": "filtered_band_2026_combo_e20_b0.07_x30_s50_btc0.675", "return1": 6.102439739040011, "return3": 4.994271425919994, "minute_DD3": 10.179160702064216}
{"new_configs": 36, "new_component_configs": 24, "new_combination_configs": 12, "new_cost_scenes": 108, "new_minute_NAV_points": 28013256, "reused_grid_configs": 18, "reused_cost_scenes": 54, "grid_configs": 54, "grid_cost_scenes": 162, "positive_1x": 36, "positive_3x": 36, "grid_positive_1x": 54, "grid_positive_3x": 54, "passed": ["filtered_band_2025_BTC_e10_b0.05_x30_s50_c1350", "filtered_band_2025_BTC_e15_b0.05_x30_s50_c1350", "filtered_band_2025_BTC_e20_b0.05_x30_s50_c1350", "filtered_band_2025_ETH_e10_b0.05_x30_s50_c650", "filtered_band_2025_ETH_e10_b0.07_x30_s50_c650", "filtered_band_2025_ETH_e15_b0.05_x30_s50_c650", "filtered_band_2025_ETH_e15_b0.07_x30_s50_c650", "filtered_band_2025_ETH_e20_b0.05_x30_s50_c650", "filtered_band_2025_ETH_e20_b0.07_x30_s50_c650", "filtered_band_2025_combo_e10_b0.05_x30_s50_btc0.675", "filtered_band_2025_combo_e15_b0.05_x30_s50_btc0.675", "filtered_band_2025_combo_e20_b0.05_x30_s50_btc0.675"], "rejected": ["filtered_band_2025_BTC_e10_b0.07_x30_s50_c1350", "filtered_band_2025_BTC_e15_b0.07_x30_s50_c1350", "filtered_band_2025_BTC_e20_b0.07_x30_s50_c1350", "filtered_band_2025_combo_e10_b0.07_x30_s50_btc0.675", "filtered_band_2025_combo_e15_b0.07_x30_s50_btc0.675", "filtered_band_2025_combo_e20_b0.07_x30_s50_btc0.675", "filtered_band_2026_BTC_e10_b0.05_x30_s50_c1350", "filtered_band_2026_BTC_e10_b0.07_x30_s50_c1350", "filtered_band_2026_BTC_e15_b0.05_x30_s50_c1350", "filtered_band_2026_BTC_e15_b0.07_x30_s50_c1350", "filtered_band_2026_BTC_e20_b0.05_x30_s50_c1350", "filtered_band_2026_BTC_e20_b0.07_x30_s50_c1350", "filtered_band_2026_ETH_e10_b0.05_x30_s50_c650", "filtered_band_2026_ETH_e10_b0.07_x30_s50_c650", "filtered_band_2026_ETH_e15_b0.05_x30_s50_c650", "filtered_band_2026_ETH_e15_b0.07_x30_s50_c650", "filtered_band_2026_ETH_e20_b0.05_x30_s50_c650", "filtered_band_2026_ETH_e20_b0.07_x30_s50_c650", "filtered_band_2026_combo_e10_b0.05_x30_s50_btc0.675", "filtered_band_2026_combo_e10_b0.07_x30_s50_btc0.675", "filtered_band_2026_combo_e15_b0.05_x30_s50_btc0.675", "filtered_band_2026_combo_e15_b0.07_x30_s50_btc0.675", "filtered_band_2026_combo_e20_b0.05_x30_s50_btc0.675", "filtered_band_2026_combo_e20_b0.07_x30_s50_btc0.675"], "grid_passed": ["filtered_band_2025_BTC_e10_b0.03_x30_s50_c1350", "filtered_band_2025_BTC_e10_b0.05_x30_s50_c1350", "filtered_band_2025_BTC_e15_b0.03_x30_s50_c1350", "filtered_band_2025_BTC_e15_b0.05_x30_s50_c1350", "filtered_band_2025_BTC_e20_b0.03_x30_s50_c1350", "filtered_band_2025_BTC_e20_b0.05_x30_s50_c1350", "filtered_band_2025_ETH_e10_b0.03_x30_s50_c650", "filtered_band_2025_ETH_e10_b0.05_x30_s50_c650", "filtered_band_2025_ETH_e10_b0.07_x30_s50_c650", "filtered_band_2025_ETH_e15_b0.03_x30_s50_c650", "filtered_band_2025_ETH_e15_b0.05_x30_s50_c650", "filtered_band_2025_ETH_e15_b0.07_x30_s50_c650", "filtered_band_2025_ETH_e20_b0.03_x30_s50_c650", "filtered_band_2025_ETH_e20_b0.05_x30_s50_c650", "filtered_band_2025_ETH_e20_b0.07_x30_s50_c650", "filtered_band_2025_combo_e10_b0.03_x30_s50_btc0.675", "filtered_band_2025_combo_e10_b0.05_x30_s50_btc0.675", "filtered_band_2025_combo_e15_b0.03_x30_s50_btc0.675", "filtered_band_2025_combo_e15_b0.05_x30_s50_btc0.675", "filtered_band_2025_combo_e20_b0.03_x30_s50_btc0.675", "filtered_band_2025_combo_e20_b0.05_x30_s50_btc0.675", "filtered_band_2026_combo_e10_b0.03_x30_s50_btc0.675", "filtered_band_2026_combo_e15_b0.03_x30_s50_btc0.675", "filtered_band_2026_combo_e20_b0.03_x30_s50_btc0.675"], "both_periods_passed_combination_pairs": [["filtered_band_2025_combo_e10_b0.03_x30_s50_btc0.675", "filtered_band_2026_combo_e10_b0.03_x30_s50_btc0.675"], ["filtered_band_2025_combo_e15_b0.03_x30_s50_btc0.675", "filtered_band_2026_combo_e15_b0.03_x30_s50_btc0.675"], ["filtered_band_2025_combo_e20_b0.03_x30_s50_btc0.675", "filtered_band_2026_combo_e20_b0.03_x30_s50_btc0.675"]], "new_both_periods_passed_combination_pairs": [], "actual_component_fills": 288, "audited_component_fills": 432, "reused_ledger_records_untouched": true, "new_live_orders": 0}
