PASS:all9 cumulative forward scenes exactly reproduced including5234point prefix/time axis and nextstate;noHTTP or ledger write
READ_ONLY_RESULT:filtered_band_2025_BTC_e10_b0.03_x30_s50_c1350
{"completed": "filtered_band_2025_BTC_e10_b0.05_x30_s50_c1350", "return1": 8.357475069703701, "return3": 7.22794300855556, "minute_DD3": 12.126160323404555}
{"completed": "filtered_band_2025_BTC_e10_b0.07_x30_s50_c1350", "return1": 3.9118018309999947, "return3": 2.829012773644446, "minute_DD3": 13.724167878093219}
READ_ONLY_RESULT:filtered_band_2025_BTC_e15_b0.03_x30_s50_c1350
{"completed": "filtered_band_2025_BTC_e15_b0.05_x30_s50_c1350", "return1": 8.357475069703701, "return3": 7.22794300855556, "minute_DD3": 12.126160323404555}
{"completed": "filtered_band_2025_BTC_e15_b0.07_x30_s50_c1350", "return1": 3.9118018309999947, "return3": 2.829012773644446, "minute_DD3": 13.724167878093219}
READ_ONLY_RESULT:filtered_band_2025_BTC_e20_b0.03_x30_s50_c1350
{"completed": "filtered_band_2025_BTC_e20_b0.05_x30_s50_c1350", "return1": 8.357475069703701, "return3": 7.22794300855556, "minute_DD3": 12.126160323404555}
{"completed": "filtered_band_2025_BTC_e20_b0.07_x30_s50_c1350", "return1": 3.9118018309999947, "return3": 2.829012773644446, "minute_DD3": 13.724167878093219}
READ_ONLY_RESULT:filtered_band_2025_ETH_e10_b0.03_x30_s50_c650
{"completed": "filtered_band_2025_ETH_e10_b0.05_x30_s50_c650", "return1": 96.85534020923076, "return3": 94.78204126415386, "minute_DD3": 20.245376429741558}
{"completed": "filtered_band_2025_ETH_e10_b0.07_x30_s50_c650", "return1": 82.87182363923078, "return3": 80.95926643030771, "minute_DD3": 17.479620935572303}
READ_ONLY_RESULT:filtered_band_2025_ETH_e15_b0.03_x30_s50_c650
{"completed": "filtered_band_2025_ETH_e15_b0.05_x30_s50_c650", "return1": 96.85534020923076, "return3": 94.78204126415386, "minute_DD3": 20.245376429741558}
{"completed": "filtered_band_2025_ETH_e15_b0.07_x30_s50_c650", "return1": 82.87182363923078, "return3": 80.95926643030771, "minute_DD3": 17.479620935572303}
READ_ONLY_RESULT:filtered_band_2025_ETH_e20_b0.03_x30_s50_c650
{"completed": "filtered_band_2025_ETH_e20_b0.05_x30_s50_c650", "return1": 95.41640795076924, "return3": 93.35297299984614, "minute_DD3": 20.829950329720415}
{"completed": "filtered_band_2025_ETH_e20_b0.07_x30_s50_c650", "return1": 82.87182363923078, "return3": 80.95926643030771, "minute_DD3": 17.479620935572303}
READ_ONLY_RESULT:filtered_band_2025_combo_e10_b0.03_x30_s50_btc0.675
{"completed": "filtered_band_2025_combo_e10_b0.05_x30_s50_btc0.675", "return1": 37.11928124004999, "return3": 35.683024941624986, "minute_DD3": 12.689452573242288}
{"completed": "filtered_band_2025_combo_e10_b0.07_x30_s50_btc0.675", "return1": 29.573808918675006, "return3": 28.22134521206001, "minute_DD3": 12.689452573242288}
READ_ONLY_RESULT:filtered_band_2025_combo_e15_b0.03_x30_s50_btc0.675
{"completed": "filtered_band_2025_combo_e15_b0.05_x30_s50_btc0.675", "return1": 37.11928124004999, "return3": 35.683024941624986, "minute_DD3": 12.689452573242288}
{"completed": "filtered_band_2025_combo_e15_b0.07_x30_s50_btc0.675", "return1": 29.573808918675006, "return3": 28.22134521206001, "minute_DD3": 12.689452573242288}
READ_ONLY_RESULT:filtered_band_2025_combo_e20_b0.03_x30_s50_btc0.675
{"completed": "filtered_band_2025_combo_e20_b0.05_x30_s50_btc0.675", "return1": 36.651628256049996, "return3": 35.218577755724986, "minute_DD3": 12.848605155747883}
{"completed": "filtered_band_2025_combo_e20_b0.07_x30_s50_btc0.675", "return1": 29.573808918675006, "return3": 28.22134521206001, "minute_DD3": 12.689452573242288}
READ_ONLY_RESULT:filtered_band_2026_BTC_e10_b0.03_x30_s50_c1350
{"completed": "filtered_band_2026_BTC_e10_b0.05_x30_s50_c1350", "return1": 11.183708643540747, "return3": 10.026147911844463, "minute_DD3": 10.178372284069571}
{"completed": "filtered_band_2026_BTC_e10_b0.07_x30_s50_c1350", "return1": 7.879025683911123, "return3": 6.753103870325927, "minute_DD3": 10.18018269592369}
READ_ONLY_RESULT:filtered_band_2026_BTC_e15_b0.03_x30_s50_c1350
{"completed": "filtered_band_2026_BTC_e15_b0.05_x30_s50_c1350", "return1": 11.183708643540747, "return3": 10.026147911844463, "minute_DD3": 10.178372284069571}
{"completed": "filtered_band_2026_BTC_e15_b0.07_x30_s50_c1350", "return1": 7.879025683911123, "return3": 6.753103870325927, "minute_DD3": 10.18018269592369}
READ_ONLY_RESULT:filtered_band_2026_BTC_e20_b0.03_x30_s50_c1350
{"completed": "filtered_band_2026_BTC_e20_b0.05_x30_s50_c1350", "return1": 11.183708643540747, "return3": 10.026147911844463, "minute_DD3": 10.178372284069571}
{"completed": "filtered_band_2026_BTC_e20_b0.07_x30_s50_c1350", "return1": 7.879025683911123, "return3": 6.753103870325927, "minute_DD3": 10.18018269592369}
READ_ONLY_RESULT:filtered_band_2026_ETH_e10_b0.03_x30_s50_c650
{"completed": "filtered_band_2026_ETH_e10_b0.05_x30_s50_c650", "return1": 24.98752586076922, "return3": 23.680303291692304, "minute_DD3": 15.75366412222885}
{"completed": "filtered_band_2026_ETH_e10_b0.07_x30_s50_c650", "return1": 2.412607391999999, "return3": 1.3413117336922964, "minute_DD3": 11.642818942117339}
READ_ONLY_RESULT:filtered_band_2026_ETH_e15_b0.03_x30_s50_c650
{"completed": "filtered_band_2026_ETH_e15_b0.05_x30_s50_c650", "return1": 24.98752586076922, "return3": 23.680303291692304, "minute_DD3": 15.75366412222885}
{"completed": "filtered_band_2026_ETH_e15_b0.07_x30_s50_c650", "return1": 2.412607391999999, "return3": 1.3413117336922964, "minute_DD3": 11.642818942117339}
READ_ONLY_RESULT:filtered_band_2026_ETH_e20_b0.03_x30_s50_c650
{"completed": "filtered_band_2026_ETH_e20_b0.05_x30_s50_c650", "return1": 24.98752586076922, "return3": 23.680303291692304, "minute_DD3": 15.75366412222885}
{"completed": "filtered_band_2026_ETH_e20_b0.07_x30_s50_c650", "return1": 2.412607391999999, "return3": 1.3413117336922964, "minute_DD3": 11.642818942117339}
READ_ONLY_RESULT:filtered_band_2026_combo_e10_b0.03_x30_s50_btc0.675
{"completed": "filtered_band_2026_combo_e10_b0.05_x30_s50_btc0.675", "return1": 15.66994923913998, "return3": 14.463748410295008, "minute_DD3": 10.827625428140951}
{"completed": "filtered_band_2026_combo_e10_b0.07_x30_s50_btc0.675", "return1": 6.102439739040011, "return3": 4.994271425919994, "minute_DD3": 10.179160702064216}
READ_ONLY_RESULT:filtered_band_2026_combo_e15_b0.03_x30_s50_btc0.675
{"completed": "filtered_band_2026_combo_e15_b0.05_x30_s50_btc0.675", "return1": 15.66994923913998, "return3": 14.463748410295008, "minute_DD3": 10.827625428140951}
{"completed": "filtered_band_2026_combo_e15_b0.07_x30_s50_btc0.675", "return1": 6.102439739040011, "return3": 4.994271425919994, "minute_DD3": 10.179160702064216}
READ_ONLY_RESULT:filtered_band_2026_combo_e20_b0.03_x30_s50_btc0.675
{"completed": "filtered_band_2026_combo_e20_b0.05_x30_s50_btc0.675", "return1": 15.66994923913998, "return3": 14.463748410295008, "minute_DD3": 10.827625428140951}
{"completed": "filtered_band_2026_combo_e20_b0.07_x30_s50_btc0.675", "return1": 6.102439739040011, "return3": 4.994271425919994, "minute_DD3": 10.179160702064216}
PASS:all108 NEW scenes exactly reproduced and54 EXISTING scenes read-only verified;full54-cell report reproduced;ledger unchanged
{"passed": true, "all_scenes_audited": 162, "new_scenes": 108, "existing_scenes_read_only_audited": 54, "current_or_future_close_perturbations": 72, "NAV_points_audited": 42019884, "joint_channel_pandasEMA_causal_decisions": 19440, "Decimal_fills_independently_checked": 432, "new_actual_fills": 288, "real_minute_data_hashes": 4, "report_sha256": "09260bdf4dfd84cf962207cf6f742b12d5029c3b4fc7c84841909bedbb3770bd", "forward_plan_unchanged": true, "pandas_version": "2.2.3"}
{"passed": true, "forward_scenes": 9, "new_closed_marks_per_asset": 120, "cumulative_minutes": 5229, "complete_days": 3, "NAV_points_per_scene": 5234, "original_NAV_prefix": 5114, "new_daily_decisions": 0, "new_reference_points": 0, "new_executions": 0, "original_cash_units_desired_trades_costs_unchanged": true, "next_daily_decision_utc": "2026-10-06T00:01:00Z", "report_sha256": "246b6083ef564c4e42df742f349760b1cc3212f0234a1f05bba9a56241e5271a"}
PASS: new parameters/weights and missing-result retries are allowed; exact/reordered completed trials stay blocked
