rounded_BTC_n60_c1300 rejected 0 79da0bf3d7fa88c13b5af4c9e53dd9cbdf88ca46c559511b0df5c0c169411632
rounded_BTC_n60_c1500 rejected 0 08ff49c410461808441098c6db9a4740d6d57834237c7455d1672b0a7e57a06f
rounded_BTC_n60_c1700 rejected 0 cf1cb976b276db5aecc06b9516dbdd204fcbb467316d02f59745978b69fa8075
rounded_BTC_n65_c1300 rejected 0 46d4720d22eb7634f4fa672fd627f25d85684bb3512dc6102d9f8605f1f81aa9
rounded_BTC_n65_c1500 rejected 0 c6c4002b5a7dea517aef07773064ed79cb662f0e170712d6aeb63a8194c6bd3f
rounded_BTC_n65_c1700 rejected 0 994ab7ae3509cea47946346e7075ac4c447ce6206d07024ceb6dbfa435b646f8
rounded_BTC_n70_c1300 rejected 0 987a90b67fb8ce4e8684137bafb980ff3277fee8dddb886cac80a89e11bc205f
rounded_BTC_n70_c1500 rejected 0 f23c06761578e3421bdf9c843659ba0553b0e03fb6c457d32d8234144937cdcb
rounded_BTC_n70_c1700 rejected 0 802dc0ac7758a7ae48818beace55d631de10e87c9fd1738bf10d6ba6cdeff875
rounded_ETH_n60_c700 rejected 0 15bafa713a39d6dcd8b3b784ac621b8e7188370e8013e50e8a6927f7b110baaf
rounded_ETH_n60_c500 rejected 0 79921fae613bb77b2d4d7579fc465550e185e8358b3a3d13422aead7de466fac
rounded_ETH_n60_c300 rejected 0 90dde3d65961614d0ef1da0c39e1c7b08afb5ce07f16dc1545d365674a6f04aa
rounded_ETH_n65_c700 rejected 0 1259815127546e9458e4405365db2c342d9b788ee466bc550f83b85402dc9c86
rounded_ETH_n65_c500 rejected 0 858d44445df942e5e22e2c0635b4a68b50afff2e544a1bfee42986bd1d880ff3
rounded_ETH_n65_c300 rejected 0 486f726627524d848976bdb4f95e909211b0557a5bedba7e375eb370fe4ac70c
rounded_ETH_n70_c700 rejected 0 dbbd8ed71a9088360948b28a6ee6fcc97bd6ddd7c409d6669ff869c287cc8dca
rounded_ETH_n70_c500 rejected 0 c5374c4923ccdd489cf0a844c2fde1581031f051fe74b5c36b6e7d46442d16ea
rounded_ETH_n70_c300 rejected 0 07889c0842ffa7b88292ef77bcc49c3703be1b77a7c61f466e2331ac3d092c05
rounded_hold_BTC_c1000 rejected 0 f90a143b330d1d38f7fa6b0eca37ff891e4d837aa027e3cf81f0a07b2b00c4fa
rounded_hold_ETH_c1000 rejected 0 fcb035698f03a20806874214730cb2f6f1dc18ce3ff178ef52f001078e00c26f
rounded_combo_n60_btc0.65 passed 0 da5274abe012813c2566dcdf42a305fbbb267cfda38d9de15524e10ac1ccee89
rounded_combo_n60_btc0.75 passed 0 a225eadd7af8e5c7fa82943684c8ba46258d34e546095cca1b3e4487d6b1ff89
rounded_combo_n60_btc0.85 passed 0 565e49944dde3a8ae349cbf394917b0bdf586f7e38faabe715b4ca4c560532fd
rounded_combo_n65_btc0.65 passed 0 d30a0fe141d91e31fc524fa703c3c796abedd548613a68a59e513f2e52c01409
rounded_combo_n65_btc0.75 passed 0 2dca7fd833e92a6e964d6fb14fe508bd4273dde73191a7d59510c35c6885de8e
rounded_combo_n65_btc0.85 passed 0 836ea387414e14a2dd65fcdf8e24e6254a1fd053b0df35d3e82a76944c7e568e
rounded_combo_n70_btc0.65 rejected 0 a46d7731f1266dce4a6c95336faddb24008041baac7e3a8d9cbad8f332940d37
rounded_combo_n70_btc0.75 rejected 0 65b9333efa16c492b04c23b031f3d82afbcc1cb22c4a64cfbbfd862a8fa0704a
rounded_combo_n70_btc0.85 rejected 0 1c9fda9bb6a37e64914369f0f26de42826fe748769eba205938b6bc024b6372c
rounded_hold_equal2000 rejected 0 de41d1519bdabd965ad51c0931845c7b84651366b0616b3072f8444a4c5bfdcc
PASS:30 real configurations finished individually;6 research passed,21 research rejected,3 comparators rejected by scope
