{"completed": "rounded_BTC_n60_c1300", "return1": 18.97447715284617, "return3": 17.732603908469223, "minute_DD3": 16.41719462224611}
{"completed": "rounded_BTC_n60_c1500", "return1": 18.97488647522001, "return3": 17.73501598824001, "minute_DD3": 16.41968924519809}
{"completed": "rounded_BTC_n60_c1700", "return1": 18.973781905982356, "return3": 17.73668000392352, "minute_DD3": 16.421681324310278}
{"completed": "rounded_BTC_n65_c1300", "return1": 21.092789005546166, "return3": 19.831329696061538, "minute_DD3": 14.553547051610005}
{"completed": "rounded_BTC_n65_c1500", "return1": 21.088669633306665, "return3": 19.830033033280014, "minute_DD3": 14.554852041143818}
{"completed": "rounded_BTC_n65_c1700", "return1": 21.091627913011777, "return3": 19.828908350347074, "minute_DD3": 14.555891723299174}
{"completed": "rounded_BTC_n70_c1300", "return1": 20.63400606016923, "return3": 19.3768593729154, "minute_DD3": 14.87498303690672}
{"completed": "rounded_BTC_n70_c1500", "return1": 20.639629291520013, "return3": 19.37732715812668, "minute_DD3": 14.876618416004128}
{"completed": "rounded_BTC_n70_c1700", "return1": 20.636030562905884, "return3": 19.37755192330588, "minute_DD3": 14.87791084927509}
{"completed": "rounded_ETH_n60_c700", "return1": 21.264253781285714, "return3": 18.739875618142875, "minute_DD3": 16.09543611492792}
{"completed": "rounded_ETH_n60_c500", "return1": 21.2598794414, "return3": 18.75108445, "minute_DD3": 16.097759836605587}
{"completed": "rounded_ETH_n60_c300", "return1": 21.27038158300001, "return3": 18.7521574, "minute_DD3": 16.093791997270014}
{"completed": "rounded_ETH_n65_c700", "return1": 28.797967099142863, "return3": 26.789104252857143, "minute_DD3": 16.09861657453221}
{"completed": "rounded_ETH_n65_c500", "return1": 28.80476091359998, "return3": 26.79282896120001, "minute_DD3": 16.09623613511285}
{"completed": "rounded_ETH_n65_c300", "return1": 28.798790736, "return3": 26.799119618666655, "minute_DD3": 16.091340870657366}
{"completed": "rounded_ETH_n70_c700", "return1": 22.54912048014286, "return3": 20.636995112714285, "minute_DD3": 18.454017569780333}
{"completed": "rounded_ETH_n70_c500", "return1": 22.550683005599993, "return3": 20.638837249199995, "minute_DD3": 18.454788929470535}
{"completed": "rounded_ETH_n70_c300", "return1": 22.547979014000006, "return3": 20.644925683333337, "minute_DD3": 18.44823607622582}
{"completed": "rounded_hold_BTC_c1000", "return1": 3.661519072500008, "return3": 3.121690913490016, "minute_DD3": 30.11801446850487}
{"completed": "rounded_hold_ETH_c1000", "return1": 6.547541371200016, "return3": 5.988071104799997, "minute_DD3": 38.627472116990205}
{"completed": "rounded_combo_n60_btc0.65", "return1": 19.775898972799986, "return3": 18.085149006855005, "minute_DD3": 15.535309416142319}
{"completed": "rounded_combo_n60_btc0.75", "return1": 19.546134716765007, "return3": 17.989033103680008, "minute_DD3": 15.773457292209148}
{"completed": "rounded_combo_n60_btc0.85", "return1": 19.31827185753501, "return3": 17.889001613334997, "minute_DD3": 16.029032140593223}
{"completed": "rounded_combo_n65_btc0.65", "return1": 23.789601338305012, "return3": 22.26655079094, "minute_DD3": 13.65115848185221}
{"completed": "rounded_combo_n65_btc0.75", "return1": 23.01769245338001, "return3": 21.570732015260006, "minute_DD3": 13.912796439420704}
{"completed": "rounded_combo_n65_btc0.85", "return1": 22.24770233646001, "return3": 20.874440040594997, "minute_DD3": 14.171854012267094}
{"completed": "rounded_combo_n70_btc0.65", "return1": 21.304296107160003, "return3": 19.817906881845015, "minute_DD3": 14.983936292695855}
{"completed": "rounded_combo_n70_btc0.75", "return1": 21.117392720039984, "return3": 19.692704680895012, "minute_DD3": 14.953704127775659}
{"completed": "rounded_combo_n70_btc0.85", "return1": 20.92282283057001, "return3": 19.567657987310017, "minute_DD3": 14.922793960563574}
{"completed": "rounded_hold_equal2000", "return1": 5.104530221850023, "return3": 4.554881009144984, "minute_DD3": 33.38795111682995}
PASS:all90 actual scene archives, complete NAV vectors and frozen report exactly reproduced; no new ledger mutations
