PASS:all9 cumulative forward scenes exactly reproduced from archived new minutes and old positions;no fresh request or ledger write
{"completed": "channel_asma_2025_BTC_CHANNEL_ETH_ASMA_e0.0125_d10", "return3_pct": 32.0394633826, "minute_DD3_pct": 14.802196503803112}
{"completed": "channel_asma_2025_BTC_CHANNEL_ETH_ASMA_e0.0125_d15", "return3_pct": 29.417387384070004, "minute_DD3_pct": 15.13932391802758}
{"completed": "channel_asma_2025_BTC_CHANNEL_ETH_ASMA_e0.0125_d20", "return3_pct": 35.24035066122999, "minute_DD3_pct": 14.556625343449658}
{"completed": "channel_asma_2025_BTC_CHANNEL_ETH_ASMA_e0.015_d10", "return3_pct": 32.0394633826, "minute_DD3_pct": 14.802196503803112}
{"completed": "channel_asma_2025_BTC_CHANNEL_ETH_ASMA_e0.015_d15", "return3_pct": 29.417387384070004, "minute_DD3_pct": 15.13932391802758}
{"completed": "channel_asma_2025_BTC_CHANNEL_ETH_ASMA_e0.015_d20", "return3_pct": 35.24035066122999, "minute_DD3_pct": 14.556625343449658}
{"completed": "channel_asma_2025_BTC_CHANNEL_ETH_ASMA_e0.02_d10", "return3_pct": 32.0394633826, "minute_DD3_pct": 14.802196503803112}
{"completed": "channel_asma_2025_BTC_CHANNEL_ETH_ASMA_e0.02_d15", "return3_pct": 29.417387384070004, "minute_DD3_pct": 15.13932391802758}
{"completed": "channel_asma_2025_BTC_CHANNEL_ETH_ASMA_e0.02_d20", "return3_pct": 35.24035066122999, "minute_DD3_pct": 14.556625343449658}
{"completed": "channel_asma_2025_BTC_ASMA_ETH_CHANNEL_e0.0125_d10", "return3_pct": 41.58412517932, "minute_DD3_pct": 12.311770533812894}
{"completed": "channel_asma_2025_BTC_ASMA_ETH_CHANNEL_e0.0125_d15", "return3_pct": 40.97674369351998, "minute_DD3_pct": 12.298905826973217}
{"completed": "channel_asma_2025_BTC_ASMA_ETH_CHANNEL_e0.0125_d20", "return3_pct": 46.32531691327, "minute_DD3_pct": 12.408783552778358}
{"completed": "channel_asma_2025_BTC_ASMA_ETH_CHANNEL_e0.015_d10", "return3_pct": 41.58412517932, "minute_DD3_pct": 12.311770533812894}
{"completed": "channel_asma_2025_BTC_ASMA_ETH_CHANNEL_e0.015_d15", "return3_pct": 40.97674369351998, "minute_DD3_pct": 12.298905826973217}
{"completed": "channel_asma_2025_BTC_ASMA_ETH_CHANNEL_e0.015_d20", "return3_pct": 46.32531691327, "minute_DD3_pct": 12.408783552778358}
{"completed": "channel_asma_2025_BTC_ASMA_ETH_CHANNEL_e0.02_d10", "return3_pct": 35.85352415546499, "minute_DD3_pct": 12.38432551812858}
{"completed": "channel_asma_2025_BTC_ASMA_ETH_CHANNEL_e0.02_d15", "return3_pct": 35.24614266966501, "minute_DD3_pct": 12.371057617637693}
{"completed": "channel_asma_2025_BTC_ASMA_ETH_CHANNEL_e0.02_d20", "return3_pct": 40.59471588941501, "minute_DD3_pct": 12.484077155454044}
{"completed": "channel_asma_2026_BTC_CHANNEL_ETH_ASMA_e0.0125_d10", "return3_pct": 22.146535276010006, "minute_DD3_pct": 16.92431224832587}
{"completed": "channel_asma_2026_BTC_CHANNEL_ETH_ASMA_e0.0125_d15", "return3_pct": 24.64440825516001, "minute_DD3_pct": 12.400744699935784}
{"completed": "channel_asma_2026_BTC_CHANNEL_ETH_ASMA_e0.0125_d20", "return3_pct": 23.247903104020008, "minute_DD3_pct": 13.406455403090956}
{"completed": "channel_asma_2026_BTC_CHANNEL_ETH_ASMA_e0.015_d10", "return3_pct": 23.677090348709996, "minute_DD3_pct": 16.850253662880665}
{"completed": "channel_asma_2026_BTC_CHANNEL_ETH_ASMA_e0.015_d15", "return3_pct": 26.174963327860002, "minute_DD3_pct": 12.414500357035896}
{"completed": "channel_asma_2026_BTC_CHANNEL_ETH_ASMA_e0.015_d20", "return3_pct": 24.778458176719997, "minute_DD3_pct": 13.411231845553463}
{"completed": "channel_asma_2026_BTC_CHANNEL_ETH_ASMA_e0.02_d10", "return3_pct": 23.677090348709996, "minute_DD3_pct": 16.850253662880665}
{"completed": "channel_asma_2026_BTC_CHANNEL_ETH_ASMA_e0.02_d15", "return3_pct": 26.174963327860002, "minute_DD3_pct": 12.414500357035896}
{"completed": "channel_asma_2026_BTC_CHANNEL_ETH_ASMA_e0.02_d20", "return3_pct": 24.778458176719997, "minute_DD3_pct": 13.411231845553463}
{"completed": "channel_asma_2026_BTC_ASMA_ETH_CHANNEL_e0.0125_d10", "return3_pct": 17.801127379260006, "minute_DD3_pct": 14.56270493612174}
{"completed": "channel_asma_2026_BTC_ASMA_ETH_CHANNEL_e0.0125_d15", "return3_pct": 22.372975277960006, "minute_DD3_pct": 11.465064348142528}
{"completed": "channel_asma_2026_BTC_ASMA_ETH_CHANNEL_e0.0125_d20", "return3_pct": 21.59676395876, "minute_DD3_pct": 11.990936505208772}
{"completed": "channel_asma_2026_BTC_ASMA_ETH_CHANNEL_e0.015_d10", "return3_pct": 17.801127379260006, "minute_DD3_pct": 14.56270493612174}
{"completed": "channel_asma_2026_BTC_ASMA_ETH_CHANNEL_e0.015_d15", "return3_pct": 22.372975277960006, "minute_DD3_pct": 11.465064348142528}
{"completed": "channel_asma_2026_BTC_ASMA_ETH_CHANNEL_e0.015_d20", "return3_pct": 21.59676395876, "minute_DD3_pct": 11.990936505208772}
{"completed": "channel_asma_2026_BTC_ASMA_ETH_CHANNEL_e0.02_d10", "return3_pct": 11.66555391105999, "minute_DD3_pct": 14.252947704954444}
{"completed": "channel_asma_2026_BTC_ASMA_ETH_CHANNEL_e0.02_d15", "return3_pct": 16.23740180976001, "minute_DD3_pct": 11.192062029344873}
{"completed": "channel_asma_2026_BTC_ASMA_ETH_CHANNEL_e0.02_d20", "return3_pct": 15.461190490560007, "minute_DD3_pct": 11.711692786197403}
PASS:all108 channel/ASMA archives,minute NAV and full frozen report exactly reproduced;ledger unchanged
{"passed": true, "source_component_scenes_rebuilt": 72, "channel_ASMA_cost_scenes_audited": 108, "channel_ASMA_NAV_points_audited": 28013256, "report_sha256": "32deab460f2309b7994be474c30ea2971f3a426d33a1e4801b3331944bb40c0b", "forward_report_sha256": "8fb4bc60b422464fb280d52c24f245be617fef9e962cf46ada8726cc26e92609", "frozen_forward_plan_unchanged": true}
{"passed": true, "forward_scenes": 9, "new_closed_marks_per_asset": 120, "cumulative_minutes": 1179, "prior_NAV_prefix_and_positions_unchanged": true, "new_executions": 0, "report_sha256": "8fb4bc60b422464fb280d52c24f245be617fef9e962cf46ada8726cc26e92609"}
PASS: new parameters/weights and missing-result retries are allowed; exact/reordered completed trials stay blocked
