channel_asma_2025_BTC_CHANNEL_ETH_ASMA_e0.0125_d10 0 0acbaa3c495d3aae0d395eff3f82531e889c01cce38392534df0fc513f5de258
channel_asma_2025_BTC_CHANNEL_ETH_ASMA_e0.0125_d15 0 c289d0f8429832c05c57fb7edf87e6cd7d2ea5508556e382b66cb0633745591c
channel_asma_2025_BTC_CHANNEL_ETH_ASMA_e0.0125_d20 0 95a72d63a310982c9edb0fff5a99d28152be8f101271e4cce16fddc19ac03cc9
channel_asma_2025_BTC_CHANNEL_ETH_ASMA_e0.015_d10 0 5b2e40b575881fb3cda5c1b9598e17cbd76f976f464d840211292153fc23cb5b
channel_asma_2025_BTC_CHANNEL_ETH_ASMA_e0.015_d15 0 40c6bf631ba3ef4ad2df448284cb6037e51da300c2ce4ea83ca831633891d63e
channel_asma_2025_BTC_CHANNEL_ETH_ASMA_e0.015_d20 0 90ad9aa8ff3abafb75897ce4ebb9587f5ac89201472d4bb3042327952be27089
channel_asma_2025_BTC_CHANNEL_ETH_ASMA_e0.02_d10 0 2ff177ba1e49d0294fa121769dbc6c7b4c9c38bb7b6ed474acadc4b31a22e2e1
channel_asma_2025_BTC_CHANNEL_ETH_ASMA_e0.02_d15 0 895222622a148f42be8ede09e925cc40f1c8486fc1a065be314ff1a21521b418
channel_asma_2025_BTC_CHANNEL_ETH_ASMA_e0.02_d20 0 05777eceb7eda97ce40afce5a9187a859b65e9d3b27004b3c2bfa39918a9517e
channel_asma_2025_BTC_ASMA_ETH_CHANNEL_e0.0125_d10 0 ffcb9d12228ab9a137733d54785b6e88ea55ec012e11d629370e3f654fed9ddd
channel_asma_2025_BTC_ASMA_ETH_CHANNEL_e0.0125_d15 0 84fe45773517ae271e4bda8655b321481a091e9ada1d944778c3066be7907656
channel_asma_2025_BTC_ASMA_ETH_CHANNEL_e0.0125_d20 0 45c57d3e998b1e991a03239408a99bb496b3a1ad6918ecaa66979f5062d2c004
channel_asma_2025_BTC_ASMA_ETH_CHANNEL_e0.015_d10 0 fa2c0b870fc5da6b424ca8f899f622c72a544e171eb807912c653ab0fbe47a96
channel_asma_2025_BTC_ASMA_ETH_CHANNEL_e0.015_d15 0 fcf887010e215be9330a4f5382426e0f5f69456c10899214af71173c021e71ce
channel_asma_2025_BTC_ASMA_ETH_CHANNEL_e0.015_d20 0 da6eee3fb26ff083c405cf75ad972bb08ee3907a2c3508343cbecddb28f5020e
channel_asma_2025_BTC_ASMA_ETH_CHANNEL_e0.02_d10 0 db6b560cadb34c9b13a5b97d0082000270ae3b3adfc6b9f6f2c073d68a25e951
channel_asma_2025_BTC_ASMA_ETH_CHANNEL_e0.02_d15 0 972619a7c09f7318e91da4f0f3f89dac77abcb3c4d19ccaa87c800e478bae600
channel_asma_2025_BTC_ASMA_ETH_CHANNEL_e0.02_d20 0 8b858e494f657ff8fa099f125e1e1ed11dca8a52cdb64e239f9abd8ed22e3882
channel_asma_2026_BTC_CHANNEL_ETH_ASMA_e0.0125_d10 0 3dee17d55610e534543bbf7b8469d1ed2c88e0153f562d2488dcae32a5a477a2
channel_asma_2026_BTC_CHANNEL_ETH_ASMA_e0.0125_d15 0 f2b04bbd00347a281aa8cdcd8437b9f8b53e6cbdb445b19c3c6f2dd2966e7096
channel_asma_2026_BTC_CHANNEL_ETH_ASMA_e0.0125_d20 0 e09490d31d4be290ce181ffa2b75111dbd49cf81d85c06bb77f769db316ca55f
channel_asma_2026_BTC_CHANNEL_ETH_ASMA_e0.015_d10 0 00b3abaaef8402f68a7e61e93bc03f55e0293e80cb3564237cb0b820dd2b09cb
channel_asma_2026_BTC_CHANNEL_ETH_ASMA_e0.015_d15 0 38fd0718cd97255be15322ceda4040debf0c92a80ec9a7ed26985ff6b4707323
channel_asma_2026_BTC_CHANNEL_ETH_ASMA_e0.015_d20 0 213b04c6aaac4736d42a1aa173287d5fdd1c8c779d8ca74f7f740a2efbf7063a
channel_asma_2026_BTC_CHANNEL_ETH_ASMA_e0.02_d10 0 878169b325adef51f9b3fa8693328916d349a514e19d6326e792ed6c14752228
channel_asma_2026_BTC_CHANNEL_ETH_ASMA_e0.02_d15 0 c41ff91e5a923f3216549b3e88382586fd51217d9faa841a54887b2deb5d0c8d
channel_asma_2026_BTC_CHANNEL_ETH_ASMA_e0.02_d20 0 ebcf94f8465b2e3f375e1e47a3c51e97835bd3cc76d00ac95850dffa441109b9
channel_asma_2026_BTC_ASMA_ETH_CHANNEL_e0.0125_d10 0 327420147a7541f2e234f40b1a00a8b211a6df683cb3930aedcee637525f234f
channel_asma_2026_BTC_ASMA_ETH_CHANNEL_e0.0125_d15 0 5104d07473c68fa3dc9996bfa7561f6e731d8fa2caeb832f1e15b4a23f7f600d
channel_asma_2026_BTC_ASMA_ETH_CHANNEL_e0.0125_d20 0 4b37bdfeb66aa5fddf99ca90407451fc9a3d7fdbae4055bdc18571d84cb975f4
channel_asma_2026_BTC_ASMA_ETH_CHANNEL_e0.015_d10 0 c263d14165206bfe39338eb61fcbe43132dce604ee528ccafc0ec2593f605a58
channel_asma_2026_BTC_ASMA_ETH_CHANNEL_e0.015_d15 0 3866c82eefaa56e505845da1683d1cfbc8f2338a5e9d0a3f18de2b5dda60daf2
channel_asma_2026_BTC_ASMA_ETH_CHANNEL_e0.015_d20 0 7310e11e3d445741e7a9ed4b9bab445d9941b6a843e4dc9ee11fea0af925d11b
channel_asma_2026_BTC_ASMA_ETH_CHANNEL_e0.02_d10 0 3dbefad2bc329bbf2c3517755481a1792ff5626aec400898bf0ee29b118a0807
channel_asma_2026_BTC_ASMA_ETH_CHANNEL_e0.02_d15 0 ab428385fd616bbc4201291bf0af46092ea550bb6287fc70f9eba7949cbad402
channel_asma_2026_BTC_ASMA_ETH_CHANNEL_e0.02_d20 0 084f184c29b4ce8a538869860415c51d1fedf2c8624ae511f64e475cfaf6a900
forward_snapshot_BTC 0 fcef7be36085c109918bf7f0195e33e52c32b26347829511a150e9d26ff02adf
forward_snapshot_ETH 0 0ac64afab66ddb3ebd91edaf64c2f810dc40cd1b1b0fe3112e9f05958010f25c
forward_snapshot_combo 0 482131763e3c514f07e788c291cd2551ab0f97d026533a3f782e99b7f432dfd9
PASS:36 new combinations and3 new cutoff snapshots reserved before calculation;24 actual-result size-matched components only reused.
