{"new_backtests": 0, "readonly_scenes_verified": 54, "missing_files_restored": 0}
PASS:all9 cumulative forward scenes exactly reproduced including9427point complete time axis and nextstate;noHTTP or ledger write
READ_ONLY_RESULT:filtered_band_2025_combo_e15_b0.01_x30_s50_btc0.675
{"completed": "mixed_ema_bands_2025_btc0.01_eth0.03_e15_x30_s50_btc0.675", "return3_pct": 42.75413950320499, "minute_DD3_pct": 13.329094771121873}
{"completed": "mixed_ema_bands_2025_btc0.01_eth0.05_e15_x30_s50_btc0.675", "return3_pct": 42.75413950320499, "minute_DD3_pct": 13.329094771121873}
{"completed": "mixed_ema_bands_2025_btc0.03_eth0.01_e15_x30_s50_btc0.675", "return3_pct": 37.66073542716, "minute_DD3_pct": 13.450209508945488}
READ_ONLY_RESULT:filtered_band_2025_combo_e15_b0.03_x30_s50_btc0.675
{"completed": "mixed_ema_bands_2025_btc0.03_eth0.05_e15_x30_s50_btc0.675", "return3_pct": 37.66073542716, "minute_DD3_pct": 13.450209508945488}
{"completed": "mixed_ema_bands_2025_btc0.05_eth0.01_e15_x30_s50_btc0.675", "return3_pct": 35.683024941624986, "minute_DD3_pct": 12.689452573242288}
{"completed": "mixed_ema_bands_2025_btc0.05_eth0.03_e15_x30_s50_btc0.675", "return3_pct": 35.683024941624986, "minute_DD3_pct": 12.689452573242288}
READ_ONLY_RESULT:filtered_band_2025_combo_e15_b0.05_x30_s50_btc0.675
READ_ONLY_RESULT:filtered_band_2026_combo_e15_b0.01_x30_s50_btc0.675
{"completed": "mixed_ema_bands_2026_btc0.01_eth0.03_e15_x30_s50_btc0.675", "return3_pct": 15.367387890000007, "minute_DD3_pct": 12.874069777673835}
{"completed": "mixed_ema_bands_2026_btc0.01_eth0.05_e15_x30_s50_btc0.675", "return3_pct": 14.047683299100001, "minute_DD3_pct": 13.272307360215429}
{"completed": "mixed_ema_bands_2026_btc0.03_eth0.01_e15_x30_s50_btc0.675", "return3_pct": 17.68008424612999, "minute_DD3_pct": 10.420228673909747}
READ_ONLY_RESULT:filtered_band_2026_combo_e15_b0.03_x30_s50_btc0.675
{"completed": "mixed_ema_bands_2026_btc0.03_eth0.05_e15_x30_s50_btc0.675", "return3_pct": 16.360379655230005, "minute_DD3_pct": 10.800159471390225}
{"completed": "mixed_ema_bands_2026_btc0.05_eth0.01_e15_x30_s50_btc0.675", "return3_pct": 15.783453001194992, "minute_DD3_pct": 10.440943244188228}
{"completed": "mixed_ema_bands_2026_btc0.05_eth0.03_e15_x30_s50_btc0.675", "return3_pct": 15.783453001194992, "minute_DD3_pct": 10.440943244188228}
READ_ONLY_RESULT:filtered_band_2026_combo_e15_b0.05_x30_s50_btc0.675
PASS:all36 NEW mixed-EMA-bands cost scenes exactly reproduced;18 EXISTING scenes read-only verified;full report reproduced;ledger unchanged
{"passed": true, "source_component_scenes_rebuilt": 36, "mixed_channel_cost_scenes_audited": 54, "mixed_channel_NAV_points_audited": 14006628, "report_sha256": "4058d8674ccb947e47ad68d5ecdc176c5d45f0366d2a98d4f338d3d6e6ab69fc", "forward_report_sha256": "f52c50b54ab3928015c63dc8f4eaa76bf1bcf8d7f8dc04df51c41c00c61721b4", "frozen_forward_plan_unchanged": true}
{"passed": true, "forward_scenes": 9, "new_closed_marks_per_asset": 120, "cumulative_minutes": 9419, "complete_days": 6, "NAV_points_per_scene": 9427, "original_NAV_prefix": 9307, "new_daily_decisions": 0, "new_reference_points": 0, "new_executions": 0, "original_cash_units_desired_trades_costs_unchanged": true, "next_daily_decision_utc": "2026-10-09T00:01:00Z", "report_sha256": "f52c50b54ab3928015c63dc8f4eaa76bf1bcf8d7f8dc04df51c41c00c61721b4"}
PASS: new parameters/weights and missing-result retries are allowed; exact/reordered completed trials stay blocked
