{"completed": "fundalloc_2025_BTC_vol30_r1_c1200", "return1_pct": 20.177384651291685, "return3_pct": 18.301713857908332, "DD3_pct": 12.128430558820913}
{"completed": "fundalloc_2025_ETH_s30_b0.0125_c800", "return1_pct": 146.41132519725, "return3_pct": 143.83619448387498, "DD3_pct": 20.248256779919704}
{"completed": "fundalloc_2025_ETH_s33_b0.0125_c800", "return1_pct": 141.67913132874997, "return3_pct": 139.13545528275, "DD3_pct": 20.24851569700814}
{"completed": "fundalloc_2025_ETH_s35_b0.0125_c800", "return1_pct": 141.67913132874997, "return3_pct": 139.13545528275, "DD3_pct": 20.24851569700814}
{"completed": "fundalloc_2025_BTC_vol30_r1_c1350", "return1_pct": 20.176285083874077, "return3_pct": 18.30421599585186, "DD3_pct": 12.130775550801431}
{"completed": "fundalloc_2025_ETH_s30_b0.0125_c650", "return1_pct": 146.40625283446153, "return3_pct": 143.83517139969234, "DD3_pct": 20.248327781680263}
{"completed": "fundalloc_2025_ETH_s33_b0.0125_c650", "return1_pct": 141.6658664707692, "return3_pct": 139.1258949186154, "DD3_pct": 20.247568835254793}
{"completed": "fundalloc_2025_ETH_s35_b0.0125_c650", "return1_pct": 141.6658664707692, "return3_pct": 139.1258949186154, "DD3_pct": 20.247568835254793}
READ_ONLY_RESULT:volratio_2025_BTC_n30_r1_e15_x30_c1500
READ_ONLY_RESULT:confirm_middle_2025_ETH_s30_b0.0125_e15_x30_c500
READ_ONLY_RESULT:confirm_local_2025_ETH_s33_b0.0125_e15_x30_c500
READ_ONLY_RESULT:confirm_refine_2025_ETH_s35_b0.0125_e15_x30_c500
{"completed": "fundalloc_2026_BTC_vol30_r1_c1200", "return1_pct": 25.236890442333326, "return3_pct": 23.93630878994999, "DD3_pct": 13.066056661575509}
{"completed": "fundalloc_2026_ETH_s30_b0.0125_c800", "return1_pct": 41.161338300875, "return3_pct": 39.68379522375001, "DD3_pct": 11.21245127308821}
{"completed": "fundalloc_2026_ETH_s33_b0.0125_c800", "return1_pct": 41.161338300875, "return3_pct": 39.68379522375001, "DD3_pct": 11.21245127308821}
{"completed": "fundalloc_2026_ETH_s35_b0.0125_c800", "return1_pct": 39.547923774124996, "return3_pct": 38.08395437524999, "DD3_pct": 12.228359780901721}
{"completed": "fundalloc_2026_BTC_vol30_r1_c1350", "return1_pct": 25.23867034756295, "return3_pct": 23.928458999496293, "DD3_pct": 13.066329780047859}
{"completed": "fundalloc_2026_ETH_s30_b0.0125_c650", "return1_pct": 41.162763578769244, "return3_pct": 39.68986075784615, "DD3_pct": 11.210764411854257}
{"completed": "fundalloc_2026_ETH_s33_b0.0125_c650", "return1_pct": 41.162763578769244, "return3_pct": 39.68986075784615, "DD3_pct": 11.210764411854257}
{"completed": "fundalloc_2026_ETH_s35_b0.0125_c650", "return1_pct": 39.54132816830771, "return3_pct": 38.092506579076925, "DD3_pct": 12.227046165706568}
READ_ONLY_RESULT:volratio_2026_BTC_n30_r1_e15_x30_c1500
READ_ONLY_RESULT:confirm_middle_2026_ETH_s30_b0.0125_e15_x30_c500
READ_ONLY_RESULT:confirm_local_2026_ETH_s33_b0.0125_e15_x30_c500
READ_ONLY_RESULT:confirm_refine_2026_ETH_s35_b0.0125_e15_x30_c500
{"completed": "fundalloc_2025_btc0.6_ethS30_b0.0125", "return1_pct": 70.67096086967499, "return3_pct": 68.515506108295, "DD3_pct": 14.910577398960456}
{"completed": "fundalloc_2025_btc0.6_ethS33_b0.0125", "return1_pct": 68.778083322275, "return3_pct": 66.63521042784501, "DD3_pct": 14.862825086129439}
{"completed": "fundalloc_2025_btc0.6_ethS35_b0.0125", "return1_pct": 68.778083322275, "return3_pct": 66.63521042784501, "DD3_pct": 14.862825086129439}
{"completed": "fundalloc_2025_btc0.675_ethS30_b0.0125", "return1_pct": 61.201024602815004, "return3_pct": 59.1017765021, "DD3_pct": 14.126038815835917}
{"completed": "fundalloc_2025_btc0.675_ethS33_b0.0125", "return1_pct": 59.66039903461502, "return3_pct": 57.57126164575001, "DD3_pct": 14.080187262970789}
{"completed": "fundalloc_2025_btc0.675_ethS35_b0.0125", "return1_pct": 59.66039903461502, "return3_pct": 57.57126164575001, "DD3_pct": 14.080187262970789}
READ_ONLY_RESULT:vol_filter_middle_2025_btcN30r1_ethS30_b0.0125_btc0.75
READ_ONLY_RESULT:vol_filter_local_2025_btcN30r1_ethS33_b0.0125_btc0.75
READ_ONLY_RESULT:vol_filter_refine_2025_btcN30r1_ethS35_b0.0125_btc0.75
{"completed": "fundalloc_2026_btc0.6_ethS30_b0.0125", "return1_pct": 31.60666958575, "return3_pct": 30.235303363469978, "DD3_pct": 11.78381279196017}
{"completed": "fundalloc_2026_btc0.6_ethS33_b0.0125", "return1_pct": 31.60666958575, "return3_pct": 30.235303363469978, "DD3_pct": 11.78381279196017}
{"completed": "fundalloc_2026_btc0.6_ethS35_b0.0125", "return1_pct": 30.96130377505002, "return3_pct": 29.595367024069997, "DD3_pct": 12.181137418861198}
{"completed": "fundalloc_2026_btc0.675_ethS30_b0.0125", "return1_pct": 30.41400064770501, "return3_pct": 29.050914570960007, "DD3_pct": 12.028148123200456}
{"completed": "fundalloc_2026_btc0.675_ethS33_b0.0125", "return1_pct": 30.41400064770501, "return3_pct": 29.050914570960007, "DD3_pct": 12.028148123200456}
{"completed": "fundalloc_2026_btc0.675_ethS35_b0.0125", "return1_pct": 29.887034139305, "return3_pct": 28.531774462859993, "DD3_pct": 12.349551249923007}
READ_ONLY_RESULT:vol_filter_middle_2026_btcN30r1_ethS30_b0.0125_btc0.75
READ_ONLY_RESULT:vol_filter_local_2026_btcN30r1_ethS33_b0.0125_btc0.75
READ_ONLY_RESULT:vol_filter_refine_2026_btcN30r1_ethS35_b0.0125_btc0.75
{"new_configs": 28, "new_component_configs": 16, "new_combination_configs": 12, "new_cost_scenes": 84, "new_minute_NAV_points": 21788088, "old_component_configs_read_only": 8, "old_component_cost_scenes_read_only": 24, "old_combination_configs_read_only": 6, "old_combination_cost_scenes_read_only": 18, "positive_1x": 28, "positive_3x": 28, "passed": ["fundalloc_2025_BTC_vol30_r1_c1200", "fundalloc_2025_ETH_s30_b0.0125_c800", "fundalloc_2025_ETH_s33_b0.0125_c800", "fundalloc_2025_ETH_s35_b0.0125_c800", "fundalloc_2025_BTC_vol30_r1_c1350", "fundalloc_2025_ETH_s30_b0.0125_c650", "fundalloc_2025_ETH_s33_b0.0125_c650", "fundalloc_2025_ETH_s35_b0.0125_c650", "fundalloc_2026_BTC_vol30_r1_c1200", "fundalloc_2026_BTC_vol30_r1_c1350", "fundalloc_2025_btc0.6_ethS30_b0.0125", "fundalloc_2025_btc0.6_ethS33_b0.0125", "fundalloc_2025_btc0.6_ethS35_b0.0125", "fundalloc_2025_btc0.675_ethS30_b0.0125", "fundalloc_2025_btc0.675_ethS33_b0.0125", "fundalloc_2025_btc0.675_ethS35_b0.0125", "fundalloc_2026_btc0.6_ethS30_b0.0125", "fundalloc_2026_btc0.6_ethS33_b0.0125", "fundalloc_2026_btc0.6_ethS35_b0.0125", "fundalloc_2026_btc0.675_ethS30_b0.0125", "fundalloc_2026_btc0.675_ethS33_b0.0125", "fundalloc_2026_btc0.675_ethS35_b0.0125"], "rejected": ["fundalloc_2026_ETH_s30_b0.0125_c800", "fundalloc_2026_ETH_s33_b0.0125_c800", "fundalloc_2026_ETH_s35_b0.0125_c800", "fundalloc_2026_ETH_s30_b0.0125_c650", "fundalloc_2026_ETH_s33_b0.0125_c650", "fundalloc_2026_ETH_s35_b0.0125_c650"], "new_both_periods_passed_combination_pairs": [["fundalloc_2025_btc0.6_ethS30_b0.0125", "fundalloc_2026_btc0.6_ethS30_b0.0125"], ["fundalloc_2025_btc0.6_ethS33_b0.0125", "fundalloc_2026_btc0.6_ethS33_b0.0125"], ["fundalloc_2025_btc0.6_ethS35_b0.0125", "fundalloc_2026_btc0.6_ethS35_b0.0125"], ["fundalloc_2025_btc0.675_ethS30_b0.0125", "fundalloc_2026_btc0.675_ethS30_b0.0125"], ["fundalloc_2025_btc0.675_ethS33_b0.0125", "fundalloc_2026_btc0.675_ethS33_b0.0125"], ["fundalloc_2025_btc0.675_ethS35_b0.0125", "fundalloc_2026_btc0.675_ethS35_b0.0125"]], "both_periods_passed_combination_pairs": [["fundalloc_2025_btc0.6_ethS30_b0.0125", "fundalloc_2026_btc0.6_ethS30_b0.0125"], ["fundalloc_2025_btc0.6_ethS33_b0.0125", "fundalloc_2026_btc0.6_ethS33_b0.0125"], ["fundalloc_2025_btc0.6_ethS35_b0.0125", "fundalloc_2026_btc0.6_ethS35_b0.0125"], ["fundalloc_2025_btc0.675_ethS30_b0.0125", "fundalloc_2026_btc0.675_ethS30_b0.0125"], ["fundalloc_2025_btc0.675_ethS33_b0.0125", "fundalloc_2026_btc0.675_ethS33_b0.0125"], ["fundalloc_2025_btc0.675_ethS35_b0.0125", "fundalloc_2026_btc0.675_ethS35_b0.0125"], ["vol_filter_middle_2025_btcN30r1_ethS30_b0.0125_btc0.75", "vol_filter_middle_2026_btcN30r1_ethS30_b0.0125_btc0.75"], ["vol_filter_local_2025_btcN30r1_ethS33_b0.0125_btc0.75", "vol_filter_local_2026_btcN30r1_ethS33_b0.0125_btc0.75"], ["vol_filter_refine_2025_btcN30r1_ethS35_b0.0125_btc0.75", "vol_filter_refine_2026_btcN30r1_ethS35_b0.0125_btc0.75"]], "new_component_fills": 204, "read_only_component_fills": 102, "new_live_orders": 0}
