fundalloc_2025_BTC_vol30_r1_c1200 passed 0 47f25f1c116ff66f223af2548af703b3fc44128b86cc0471354f828f91abe14c
fundalloc_2025_ETH_s30_b0.0125_c800 passed 0 8f3717e2f6905c35f15f9accd1b4fe74439706525ae5328f6c5ea81e0ace23c6
fundalloc_2025_ETH_s33_b0.0125_c800 passed 0 64d488a504091577617c778cac84793f3b571a91c533d30842363898d7c13f0b
fundalloc_2025_ETH_s35_b0.0125_c800 passed 0 416040761c1e24b71ce7b3d9774e74caacbe2fd80d48125075603edbc34608ef
fundalloc_2025_BTC_vol30_r1_c1350 passed 0 862b265a6c6a97406a49a4321b413742588b68c52e1e6890da87c6e743bb9774
fundalloc_2025_ETH_s30_b0.0125_c650 passed 0 25e45abf5dbab500d3340ff27022e0417d32c5d5fcd535d171433c43e1ea61d0
fundalloc_2025_ETH_s33_b0.0125_c650 passed 0 d0f8058b9800ffcd00f2e44ae2afcd58b6c747520e7d206ac088afd697209625
fundalloc_2025_ETH_s35_b0.0125_c650 passed 0 d68e685145e31e7e433212185c9e9a73f0c984edc0e7f800f5abaeea508fd701
fundalloc_2026_BTC_vol30_r1_c1200 passed 0 1b4cb23fc46e49284501424e517d97978b63dd53ae7b8b0620bf94f69ee0ef08
fundalloc_2026_ETH_s30_b0.0125_c800 rejected 0 5a3757159211946c2baf960862547b08cd9297e287f858128507557f72fbe3ba
fundalloc_2026_ETH_s33_b0.0125_c800 rejected 0 53e0eae407e1f96e423c76ae072486b5d4ea8f3d3d934f214fab95574f5241d5
fundalloc_2026_ETH_s35_b0.0125_c800 rejected 0 dd94effaa4572356f0ac805e9ea9e07edd3fc60f016d97abaab6f21fc946282e
fundalloc_2026_BTC_vol30_r1_c1350 passed 0 e4995b97eb7b045b3eb5bdc3363d0a6264a4d8044a7cfa1a80b0242c231b2136
fundalloc_2026_ETH_s30_b0.0125_c650 rejected 0 b1760190972a441c1620fee69e7b1e9ea5ffc66f1b392fbd7848f5e1750b7f76
fundalloc_2026_ETH_s33_b0.0125_c650 rejected 0 84a4869f4f5da1aa9cad7b1313067be85ba469baf4b9e1273e31b49214b7e01a
fundalloc_2026_ETH_s35_b0.0125_c650 rejected 0 61b9a7c7d386135bf3323baa44aefb31d49bbddef6198ebdc3306e8e6aedb8c0
fundalloc_2025_btc0.6_ethS30_b0.0125 passed 0 1fca1ada1cda859972d4246a2939b3bbcefcc96fe3fca48c823b2d2553e2c055
fundalloc_2025_btc0.6_ethS33_b0.0125 passed 0 a7897d313a642fba5851210864fb9e8e31457104a43638f3b0f71458521099ef
fundalloc_2025_btc0.6_ethS35_b0.0125 passed 0 321f1cdc5efc400a0fd954a1553f35a520a3e51b71c4355f4129a5857bc14ea6
fundalloc_2025_btc0.675_ethS30_b0.0125 passed 0 3f4d4b987fe3384d81cc49f89635ea62241af9c5bb869da8a8815a8246c94f3c
fundalloc_2025_btc0.675_ethS33_b0.0125 passed 0 4799e7174fe888cc54af7ba9d831fa6f15dbae4df503e43a97cdea662f3e9b93
fundalloc_2025_btc0.675_ethS35_b0.0125 passed 0 a210bc003785e5559ad50d2384425c10f238f917e10f4be829579dd6290415f0
fundalloc_2026_btc0.6_ethS30_b0.0125 passed 0 562c3b31984a772690be05fb73ab9fb051d76d51cb9b7deb22e8aad0ba71b92c
fundalloc_2026_btc0.6_ethS33_b0.0125 passed 0 40ec16f3193a1a2228140dc8890775ecc8f8151b32aa9e62e4cf109ebe21e0e2
fundalloc_2026_btc0.6_ethS35_b0.0125 passed 0 db9f60be34b9e41efb9f8679a0f401425d5166069315d48ad7c9510c0528a2cd
fundalloc_2026_btc0.675_ethS30_b0.0125 passed 0 b5c676a75a0055537241404835f67b34a22209e691675aecf43acb12502ecddb
fundalloc_2026_btc0.675_ethS33_b0.0125 passed 0 e27579316eda3321ffadb3d65a39a8c798639266cb2999f27bc18382f11c8fd5
fundalloc_2026_btc0.675_ethS35_b0.0125 passed 0 2f690587f0fef780109960026a3b81d7e52f87628588b5d31a307ac729454b16
forward_snapshot_BTC rejected 0 079946680eea0db4dbb6af945c96263255e406bf665af2c0b0a02a73a52f5b3b
forward_snapshot_ETH rejected 0 45cc4f1c007023ad73a1e9bae5f22ab875784820a3e607f11c3806c0088d5267
forward_snapshot_combo rejected 0 84576b2a25a0d2f61714ff3b446234d809c3b50e99f866d9b321ff2c0a5115f3
