{"completed": "filtered_alloc_2025_BTC_e10_s50_c1340", "return1": 20.63226377271643, "return3": 18.754174300343273, "minute_DD3": 12.411384906438471}
READ_ONLY_RESULT:filtered_alloc_2025_BTC_e10_s50_c1350
{"completed": "filtered_alloc_2025_BTC_e10_s50_c1360", "return1": 20.63263139888971, "return3": 18.755481942250007, "minute_DD3": 12.412346544509745}
{"completed": "filtered_alloc_2025_BTC_e15_s50_c1340", "return1": 19.557832777574635, "return3": 17.69643411540298, "minute_DD3": 13.189993056190385}
READ_ONLY_RESULT:filtered_alloc_2025_BTC_e15_s50_c1350
{"completed": "filtered_alloc_2025_BTC_e15_s50_c1360", "return1": 19.56228676988234, "return3": 17.6983528303456, "minute_DD3": 13.191212320381906}
{"completed": "filtered_alloc_2025_BTC_e20_s50_c1340", "return1": 18.482506565858216, "return3": 16.637397413194034, "minute_DD3": 12.126887033524191}
READ_ONLY_RESULT:filtered_alloc_2025_BTC_e20_s50_c1350
{"completed": "filtered_alloc_2025_BTC_e20_s50_c1360", "return1": 18.4842706387794, "return3": 16.639971535000008, "minute_DD3": 12.128451202454515}
{"completed": "filtered_alloc_2025_ETH_e10_s50_c660", "return1": 96.84714424136362, "return3": 94.78490359121214, "minute_DD3": 20.244763254954478}
READ_ONLY_RESULT:filtered_alloc_2025_ETH_e10_s50_c650
{"completed": "filtered_alloc_2025_ETH_e10_s50_c640", "return1": 96.86075883562499, "return3": 94.77954272000002, "minute_DD3": 20.24593817813587}
{"completed": "filtered_alloc_2025_ETH_e15_s50_c660", "return1": 96.84714424136362, "return3": 94.78490359121214, "minute_DD3": 20.244763254954478}
READ_ONLY_RESULT:filtered_alloc_2025_ETH_e15_s50_c650
{"completed": "filtered_alloc_2025_ETH_e15_s50_c640", "return1": 96.86075883562499, "return3": 94.77954272000002, "minute_DD3": 20.24593817813587}
{"completed": "filtered_alloc_2025_ETH_e20_s50_c660", "return1": 95.41791098681817, "return3": 93.36534792909093, "minute_DD3": 20.82982484893856}
READ_ONLY_RESULT:filtered_alloc_2025_ETH_e20_s50_c650
{"completed": "filtered_alloc_2025_ETH_e20_s50_c640", "return1": 95.41182447937501, "return3": 93.37265099312499, "minute_DD3": 20.831533363773126}
{"completed": "filtered_alloc_2025_combo_e10_s50_btc0.67", "return1": 45.78317432736998, "return3": 43.84431496633001, "minute_DD3": 12.822792218047462}
READ_ONLY_RESULT:filtered_alloc_2025_combo_e10_s50_btc0.675
{"completed": "filtered_alloc_2025_combo_e10_s50_btc0.68", "return1": 45.02563217864499, "return3": 43.08318139113001, "minute_DD3": 12.774347159290878}
{"completed": "filtered_alloc_2025_combo_e15_s50_btc0.67", "return1": 45.06330556062499, "return3": 43.13562904242001, "minute_DD3": 13.349692829809069}
READ_ONLY_RESULT:filtered_alloc_2025_combo_e15_s50_btc0.675
{"completed": "filtered_alloc_2025_combo_e15_s50_btc0.68", "return1": 44.29779783091998, "return3": 42.36433359503502, "minute_DD3": 13.306865648820976}
{"completed": "filtered_alloc_2025_combo_e20_s50_btc0.67", "return1": 43.871190024775, "return3": 41.95762108344001, "minute_DD3": 13.864836675679527}
READ_ONLY_RESULT:filtered_alloc_2025_combo_e20_s50_btc0.675
{"completed": "filtered_alloc_2025_combo_e20_s50_btc0.68", "return1": 43.101087867770005, "return3": 41.194428961599996, "minute_DD3": 13.770345914373927}
{"completed": "filtered_alloc_2026_BTC_e10_s50_c1340", "return1": 10.50297546252985, "return3": 8.781126926417905, "minute_DD3": 14.598189722971512}
READ_ONLY_RESULT:filtered_alloc_2026_BTC_e10_s50_c1350
{"completed": "filtered_alloc_2026_BTC_e10_s50_c1360", "return1": 10.503053460492652, "return3": 8.777774309742647, "minute_DD3": 14.595036111619287}
{"completed": "filtered_alloc_2026_BTC_e15_s50_c1340", "return1": 10.50297546252985, "return3": 8.781126926417905, "minute_DD3": 14.598189722971512}
READ_ONLY_RESULT:filtered_alloc_2026_BTC_e15_s50_c1350
{"completed": "filtered_alloc_2026_BTC_e15_s50_c1360", "return1": 10.503053460492652, "return3": 8.777774309742647, "minute_DD3": 14.595036111619287}
{"completed": "filtered_alloc_2026_BTC_e20_s50_c1340", "return1": 10.50297546252985, "return3": 8.781126926417905, "minute_DD3": 14.598189722971512}
READ_ONLY_RESULT:filtered_alloc_2026_BTC_e20_s50_c1350
{"completed": "filtered_alloc_2026_BTC_e20_s50_c1360", "return1": 10.503053460492652, "return3": 8.777774309742647, "minute_DD3": 14.595036111619287}
{"completed": "filtered_alloc_2026_ETH_e10_s50_c660", "return1": 29.09042458636364, "return3": 27.742423980757568, "minute_DD3": 14.504892624163668}
READ_ONLY_RESULT:filtered_alloc_2026_ETH_e10_s50_c650
{"completed": "filtered_alloc_2026_ETH_e10_s50_c640", "return1": 29.084947142968744, "return3": 27.73880103718749, "minute_DD3": 14.50357216697954}
{"completed": "filtered_alloc_2026_ETH_e15_s50_c660", "return1": 29.09042458636364, "return3": 27.742423980757568, "minute_DD3": 14.504892624163668}
READ_ONLY_RESULT:filtered_alloc_2026_ETH_e15_s50_c650
{"completed": "filtered_alloc_2026_ETH_e15_s50_c640", "return1": 29.084947142968744, "return3": 27.73880103718749, "minute_DD3": 14.50357216697954}
{"completed": "filtered_alloc_2026_ETH_e20_s50_c660", "return1": 29.09042458636364, "return3": 27.742423980757568, "minute_DD3": 14.504892624163668}
READ_ONLY_RESULT:filtered_alloc_2026_ETH_e20_s50_c650
{"completed": "filtered_alloc_2026_ETH_e20_s50_c640", "return1": 29.084947142968744, "return3": 27.73880103718749, "minute_DD3": 14.50357216697954}
{"completed": "filtered_alloc_2026_combo_e10_s50_btc0.67", "return1": 16.63683367339499, "return3": 15.038354954349998, "minute_DD3": 13.211588190513645}
READ_ONLY_RESULT:filtered_alloc_2026_combo_e10_s50_btc0.675
{"completed": "filtered_alloc_2026_combo_e10_s50_btc0.68", "return1": 16.449259438885, "return3": 14.845302862524989, "minute_DD3": 13.223230704103306}
{"completed": "filtered_alloc_2026_combo_e15_s50_btc0.67", "return1": 16.63683367339499, "return3": 15.038354954349998, "minute_DD3": 13.211588190513645}
READ_ONLY_RESULT:filtered_alloc_2026_combo_e15_s50_btc0.675
{"completed": "filtered_alloc_2026_combo_e15_s50_btc0.68", "return1": 16.449259438885, "return3": 14.845302862524989, "minute_DD3": 13.223230704103306}
{"completed": "filtered_alloc_2026_combo_e20_s50_btc0.67", "return1": 16.63683367339499, "return3": 15.038354954349998, "minute_DD3": 13.211588190513645}
READ_ONLY_RESULT:filtered_alloc_2026_combo_e20_s50_btc0.675
{"completed": "filtered_alloc_2026_combo_e20_s50_btc0.68", "return1": 16.449259438885, "return3": 14.845302862524989, "minute_DD3": 13.223230704103306}
{"new_configs": 36, "new_component_configs": 24, "new_combination_configs": 12, "new_cost_scenes": 108, "new_minute_NAV_points": 28013256, "reused_grid_configs": 18, "reused_cost_scenes": 54, "grid_configs": 54, "grid_cost_scenes": 162, "positive_1x": 36, "positive_3x": 36, "grid_positive_1x": 54, "grid_positive_3x": 54, "passed": ["filtered_alloc_2025_BTC_e10_s50_c1340", "filtered_alloc_2025_BTC_e10_s50_c1360", "filtered_alloc_2025_BTC_e15_s50_c1340", "filtered_alloc_2025_BTC_e15_s50_c1360", "filtered_alloc_2025_BTC_e20_s50_c1340", "filtered_alloc_2025_BTC_e20_s50_c1360", "filtered_alloc_2025_ETH_e10_s50_c660", "filtered_alloc_2025_ETH_e10_s50_c640", "filtered_alloc_2025_ETH_e15_s50_c660", "filtered_alloc_2025_ETH_e15_s50_c640", "filtered_alloc_2025_ETH_e20_s50_c660", "filtered_alloc_2025_ETH_e20_s50_c640", "filtered_alloc_2025_combo_e10_s50_btc0.67", "filtered_alloc_2025_combo_e10_s50_btc0.68", "filtered_alloc_2025_combo_e15_s50_btc0.67", "filtered_alloc_2025_combo_e15_s50_btc0.68", "filtered_alloc_2025_combo_e20_s50_btc0.67", "filtered_alloc_2025_combo_e20_s50_btc0.68", "filtered_alloc_2026_combo_e10_s50_btc0.67", "filtered_alloc_2026_combo_e10_s50_btc0.68", "filtered_alloc_2026_combo_e15_s50_btc0.67", "filtered_alloc_2026_combo_e15_s50_btc0.68", "filtered_alloc_2026_combo_e20_s50_btc0.67", "filtered_alloc_2026_combo_e20_s50_btc0.68"], "rejected": ["filtered_alloc_2026_BTC_e10_s50_c1340", "filtered_alloc_2026_BTC_e10_s50_c1360", "filtered_alloc_2026_BTC_e15_s50_c1340", "filtered_alloc_2026_BTC_e15_s50_c1360", "filtered_alloc_2026_BTC_e20_s50_c1340", "filtered_alloc_2026_BTC_e20_s50_c1360", "filtered_alloc_2026_ETH_e10_s50_c660", "filtered_alloc_2026_ETH_e10_s50_c640", "filtered_alloc_2026_ETH_e15_s50_c660", "filtered_alloc_2026_ETH_e15_s50_c640", "filtered_alloc_2026_ETH_e20_s50_c660", "filtered_alloc_2026_ETH_e20_s50_c640"], "grid_passed": ["filtered_alloc_2025_BTC_e10_s50_c1340", "filtered_alloc_2025_BTC_e10_s50_c1350", "filtered_alloc_2025_BTC_e10_s50_c1360", "filtered_alloc_2025_BTC_e15_s50_c1340", "filtered_alloc_2025_BTC_e15_s50_c1350", "filtered_alloc_2025_BTC_e15_s50_c1360", "filtered_alloc_2025_BTC_e20_s50_c1340", "filtered_alloc_2025_BTC_e20_s50_c1350", "filtered_alloc_2025_BTC_e20_s50_c1360", "filtered_alloc_2025_ETH_e10_s50_c660", "filtered_alloc_2025_ETH_e10_s50_c650", "filtered_alloc_2025_ETH_e10_s50_c640", "filtered_alloc_2025_ETH_e15_s50_c660", "filtered_alloc_2025_ETH_e15_s50_c650", "filtered_alloc_2025_ETH_e15_s50_c640", "filtered_alloc_2025_ETH_e20_s50_c660", "filtered_alloc_2025_ETH_e20_s50_c650", "filtered_alloc_2025_ETH_e20_s50_c640", "filtered_alloc_2025_combo_e10_s50_btc0.67", "filtered_alloc_2025_combo_e10_s50_btc0.675", "filtered_alloc_2025_combo_e10_s50_btc0.68", "filtered_alloc_2025_combo_e15_s50_btc0.67", "filtered_alloc_2025_combo_e15_s50_btc0.675", "filtered_alloc_2025_combo_e15_s50_btc0.68", "filtered_alloc_2025_combo_e20_s50_btc0.67", "filtered_alloc_2025_combo_e20_s50_btc0.675", "filtered_alloc_2025_combo_e20_s50_btc0.68", "filtered_alloc_2026_combo_e10_s50_btc0.67", "filtered_alloc_2026_combo_e10_s50_btc0.675", "filtered_alloc_2026_combo_e10_s50_btc0.68", "filtered_alloc_2026_combo_e15_s50_btc0.67", "filtered_alloc_2026_combo_e15_s50_btc0.675", "filtered_alloc_2026_combo_e15_s50_btc0.68", "filtered_alloc_2026_combo_e20_s50_btc0.67", "filtered_alloc_2026_combo_e20_s50_btc0.675", "filtered_alloc_2026_combo_e20_s50_btc0.68"], "both_periods_passed_combination_pairs": [["filtered_alloc_2025_combo_e10_s50_btc0.67", "filtered_alloc_2026_combo_e10_s50_btc0.67"], ["filtered_alloc_2025_combo_e10_s50_btc0.675", "filtered_alloc_2026_combo_e10_s50_btc0.675"], ["filtered_alloc_2025_combo_e10_s50_btc0.68", "filtered_alloc_2026_combo_e10_s50_btc0.68"], ["filtered_alloc_2025_combo_e15_s50_btc0.67", "filtered_alloc_2026_combo_e15_s50_btc0.67"], ["filtered_alloc_2025_combo_e15_s50_btc0.675", "filtered_alloc_2026_combo_e15_s50_btc0.675"], ["filtered_alloc_2025_combo_e15_s50_btc0.68", "filtered_alloc_2026_combo_e15_s50_btc0.68"], ["filtered_alloc_2025_combo_e20_s50_btc0.67", "filtered_alloc_2026_combo_e20_s50_btc0.67"], ["filtered_alloc_2025_combo_e20_s50_btc0.675", "filtered_alloc_2026_combo_e20_s50_btc0.675"], ["filtered_alloc_2025_combo_e20_s50_btc0.68", "filtered_alloc_2026_combo_e20_s50_btc0.68"]], "new_both_periods_passed_combination_pairs": [["filtered_alloc_2025_combo_e10_s50_btc0.67", "filtered_alloc_2026_combo_e10_s50_btc0.67"], ["filtered_alloc_2025_combo_e10_s50_btc0.68", "filtered_alloc_2026_combo_e10_s50_btc0.68"], ["filtered_alloc_2025_combo_e15_s50_btc0.67", "filtered_alloc_2026_combo_e15_s50_btc0.67"], ["filtered_alloc_2025_combo_e15_s50_btc0.68", "filtered_alloc_2026_combo_e15_s50_btc0.68"], ["filtered_alloc_2025_combo_e20_s50_btc0.67", "filtered_alloc_2026_combo_e20_s50_btc0.67"], ["filtered_alloc_2025_combo_e20_s50_btc0.68", "filtered_alloc_2026_combo_e20_s50_btc0.68"]], "actual_component_fills": 360, "audited_component_fills": 540, "reused_ledger_records_untouched": true, "new_live_orders": 0}
