{"completed": "filtered_alloc_2025_BTC_e10_s50_c1000", "return1": 20.630971589259993, "return3": 18.762917856500017, "minute_DD3": 12.414346118511643}
{"completed": "filtered_alloc_2025_BTC_e10_s50_c1100", "return1": 20.643123728236358, "return3": 18.752900785963632, "minute_DD3": 12.409721942880036}
READ_ONLY_RESULT:filtered_alloc_2025_BTC_e10_s50_c1200
{"completed": "filtered_alloc_2025_BTC_e15_s50_c1000", "return1": 19.554904572059996, "return3": 17.708196953199984, "minute_DD3": 13.194538157967406}
{"completed": "filtered_alloc_2025_BTC_e15_s50_c1100", "return1": 19.56694250050002, "return3": 17.69790429758182, "minute_DD3": 13.189756876996583}
READ_ONLY_RESULT:filtered_alloc_2025_BTC_e15_s50_c1200
{"completed": "filtered_alloc_2025_BTC_e20_s50_c1000", "return1": 18.476698033530003, "return3": 16.646421565509996, "minute_DD3": 12.1325889711004}
{"completed": "filtered_alloc_2025_BTC_e20_s50_c1100", "return1": 18.490849574836353, "return3": 16.637981167490913, "minute_DD3": 12.126514721010029}
READ_ONLY_RESULT:filtered_alloc_2025_BTC_e20_s50_c1200
{"completed": "filtered_alloc_2025_ETH_e10_s50_c1000", "return1": 96.8528561579, "return3": 94.7941428542, "minute_DD3": 20.249007121103013}
{"completed": "filtered_alloc_2025_ETH_e10_s50_c900", "return1": 96.86002245244445, "return3": 94.79526220211112, "minute_DD3": 20.248292687667767}
READ_ONLY_RESULT:filtered_alloc_2025_ETH_e10_s50_c800
{"completed": "filtered_alloc_2025_ETH_e15_s50_c1000", "return1": 96.8528561579, "return3": 94.7941428542, "minute_DD3": 20.249007121103013}
{"completed": "filtered_alloc_2025_ETH_e15_s50_c900", "return1": 96.86002245244445, "return3": 94.79526220211112, "minute_DD3": 20.248292687667767}
READ_ONLY_RESULT:filtered_alloc_2025_ETH_e15_s50_c800
{"completed": "filtered_alloc_2025_ETH_e20_s50_c1000", "return1": 95.40875391770001, "return3": 93.3602222782, "minute_DD3": 20.83345370755023}
{"completed": "filtered_alloc_2025_ETH_e20_s50_c900", "return1": 95.41356105766666, "return3": 93.3590640018889, "minute_DD3": 20.832632005303108}
READ_ONLY_RESULT:filtered_alloc_2025_ETH_e20_s50_c800
{"completed": "filtered_alloc_2025_combo_e10_s50_btc0.5", "return1": 58.74191387358001, "return3": 56.778530355349986, "minute_DD3": 14.727997520669799}
{"completed": "filtered_alloc_2025_combo_e10_s50_btc0.55", "return1": 54.94072815413, "return3": 52.97196342323001, "minute_DD3": 14.165267847311991}
READ_ONLY_RESULT:filtered_alloc_2025_combo_e10_s50_btc0.6
{"completed": "filtered_alloc_2025_combo_e15_s50_btc0.5", "return1": 58.20388036498001, "return3": 56.2511699037, "minute_DD3": 15.125055056589687}
{"completed": "filtered_alloc_2025_combo_e15_s50_btc0.55", "return1": 54.348828478875014, "return3": 52.39171535462002, "minute_DD3": 14.602838628673565}
READ_ONLY_RESULT:filtered_alloc_2025_combo_e15_s50_btc0.6
{"completed": "filtered_alloc_2025_combo_e20_s50_btc0.5", "return1": 56.942725975615005, "return3": 55.003321921855, "minute_DD3": 15.65744437081471}
{"completed": "filtered_alloc_2025_combo_e20_s50_btc0.55", "return1": 53.10606974211001, "return3": 51.16246844296999, "minute_DD3": 15.130332202581743}
READ_ONLY_RESULT:filtered_alloc_2025_combo_e20_s50_btc0.6
{"completed": "filtered_alloc_2026_BTC_e10_s50_c1000", "return1": 10.499305294600013, "return3": 8.784074089740002, "minute_DD3": 14.594443368228694}
{"completed": "filtered_alloc_2026_BTC_e10_s50_c1100", "return1": 10.497518077372714, "return3": 8.78098300418182, "minute_DD3": 14.593436653134063}
READ_ONLY_RESULT:filtered_alloc_2026_BTC_e10_s50_c1200
{"completed": "filtered_alloc_2026_BTC_e15_s50_c1000", "return1": 10.499305294600013, "return3": 8.784074089740002, "minute_DD3": 14.594443368228694}
{"completed": "filtered_alloc_2026_BTC_e15_s50_c1100", "return1": 10.497518077372714, "return3": 8.78098300418182, "minute_DD3": 14.593436653134063}
READ_ONLY_RESULT:filtered_alloc_2026_BTC_e15_s50_c1200
{"completed": "filtered_alloc_2026_BTC_e20_s50_c1000", "return1": 10.499305294600013, "return3": 8.784074089740002, "minute_DD3": 14.594443368228694}
{"completed": "filtered_alloc_2026_BTC_e20_s50_c1100", "return1": 10.497518077372714, "return3": 8.78098300418182, "minute_DD3": 14.593436653134063}
READ_ONLY_RESULT:filtered_alloc_2026_BTC_e20_s50_c1200
{"completed": "filtered_alloc_2026_ETH_e10_s50_c1000", "return1": 29.08475940220001, "return3": 27.734432113499995, "minute_DD3": 14.503999967299318}
{"completed": "filtered_alloc_2026_ETH_e10_s50_c900", "return1": 29.08414450822223, "return3": 27.733318504444448, "minute_DD3": 14.505302837278089}
READ_ONLY_RESULT:filtered_alloc_2026_ETH_e10_s50_c800
{"completed": "filtered_alloc_2026_ETH_e15_s50_c1000", "return1": 29.08475940220001, "return3": 27.734432113499995, "minute_DD3": 14.503999967299318}
{"completed": "filtered_alloc_2026_ETH_e15_s50_c900", "return1": 29.08414450822223, "return3": 27.733318504444448, "minute_DD3": 14.505302837278089}
READ_ONLY_RESULT:filtered_alloc_2026_ETH_e15_s50_c800
{"completed": "filtered_alloc_2026_ETH_e20_s50_c1000", "return1": 29.08475940220001, "return3": 27.734432113499995, "minute_DD3": 14.503999967299318}
{"completed": "filtered_alloc_2026_ETH_e20_s50_c900", "return1": 29.08414450822223, "return3": 27.733318504444448, "minute_DD3": 14.505302837278089}
READ_ONLY_RESULT:filtered_alloc_2026_ETH_e20_s50_c800
{"completed": "filtered_alloc_2026_combo_e10_s50_btc0.5", "return1": 19.792032348400014, "return3": 18.259253101620022, "minute_DD3": 12.967179703264197}
{"completed": "filtered_alloc_2026_combo_e10_s50_btc0.55", "return1": 18.861499971254993, "return3": 17.309533979299996, "minute_DD3": 13.0387230252912}
READ_ONLY_RESULT:filtered_alloc_2026_combo_e10_s50_btc0.6
{"completed": "filtered_alloc_2026_combo_e15_s50_btc0.5", "return1": 19.792032348400014, "return3": 18.259253101620022, "minute_DD3": 12.967179703264197}
{"completed": "filtered_alloc_2026_combo_e15_s50_btc0.55", "return1": 18.861499971254993, "return3": 17.309533979299996, "minute_DD3": 13.0387230252912}
READ_ONLY_RESULT:filtered_alloc_2026_combo_e15_s50_btc0.6
{"completed": "filtered_alloc_2026_combo_e20_s50_btc0.5", "return1": 19.792032348400014, "return3": 18.259253101620022, "minute_DD3": 12.967179703264197}
{"completed": "filtered_alloc_2026_combo_e20_s50_btc0.55", "return1": 18.861499971254993, "return3": 17.309533979299996, "minute_DD3": 13.0387230252912}
READ_ONLY_RESULT:filtered_alloc_2026_combo_e20_s50_btc0.6
{"new_configs": 36, "new_component_configs": 24, "new_combination_configs": 12, "new_cost_scenes": 108, "new_minute_NAV_points": 28013256, "reused_grid_configs": 18, "reused_cost_scenes": 54, "grid_configs": 54, "grid_cost_scenes": 162, "positive_1x": 36, "positive_3x": 36, "grid_positive_1x": 54, "grid_positive_3x": 54, "passed": ["filtered_alloc_2025_BTC_e10_s50_c1000", "filtered_alloc_2025_BTC_e10_s50_c1100", "filtered_alloc_2025_BTC_e15_s50_c1000", "filtered_alloc_2025_BTC_e15_s50_c1100", "filtered_alloc_2025_BTC_e20_s50_c1000", "filtered_alloc_2025_BTC_e20_s50_c1100", "filtered_alloc_2025_ETH_e10_s50_c1000", "filtered_alloc_2025_ETH_e10_s50_c900", "filtered_alloc_2025_ETH_e15_s50_c1000", "filtered_alloc_2025_ETH_e15_s50_c900", "filtered_alloc_2025_ETH_e20_s50_c1000", "filtered_alloc_2025_ETH_e20_s50_c900", "filtered_alloc_2025_combo_e10_s50_btc0.5", "filtered_alloc_2025_combo_e10_s50_btc0.55", "filtered_alloc_2025_combo_e15_s50_btc0.5", "filtered_alloc_2025_combo_e15_s50_btc0.55", "filtered_alloc_2025_combo_e20_s50_btc0.5", "filtered_alloc_2025_combo_e20_s50_btc0.55"], "rejected": ["filtered_alloc_2026_BTC_e10_s50_c1000", "filtered_alloc_2026_BTC_e10_s50_c1100", "filtered_alloc_2026_BTC_e15_s50_c1000", "filtered_alloc_2026_BTC_e15_s50_c1100", "filtered_alloc_2026_BTC_e20_s50_c1000", "filtered_alloc_2026_BTC_e20_s50_c1100", "filtered_alloc_2026_ETH_e10_s50_c1000", "filtered_alloc_2026_ETH_e10_s50_c900", "filtered_alloc_2026_ETH_e15_s50_c1000", "filtered_alloc_2026_ETH_e15_s50_c900", "filtered_alloc_2026_ETH_e20_s50_c1000", "filtered_alloc_2026_ETH_e20_s50_c900", "filtered_alloc_2026_combo_e10_s50_btc0.5", "filtered_alloc_2026_combo_e10_s50_btc0.55", "filtered_alloc_2026_combo_e15_s50_btc0.5", "filtered_alloc_2026_combo_e15_s50_btc0.55", "filtered_alloc_2026_combo_e20_s50_btc0.5", "filtered_alloc_2026_combo_e20_s50_btc0.55"], "grid_passed": ["filtered_alloc_2025_BTC_e10_s50_c1000", "filtered_alloc_2025_BTC_e10_s50_c1100", "filtered_alloc_2025_BTC_e10_s50_c1200", "filtered_alloc_2025_BTC_e15_s50_c1000", "filtered_alloc_2025_BTC_e15_s50_c1100", "filtered_alloc_2025_BTC_e15_s50_c1200", "filtered_alloc_2025_BTC_e20_s50_c1000", "filtered_alloc_2025_BTC_e20_s50_c1100", "filtered_alloc_2025_BTC_e20_s50_c1200", "filtered_alloc_2025_ETH_e10_s50_c1000", "filtered_alloc_2025_ETH_e10_s50_c900", "filtered_alloc_2025_ETH_e10_s50_c800", "filtered_alloc_2025_ETH_e15_s50_c1000", "filtered_alloc_2025_ETH_e15_s50_c900", "filtered_alloc_2025_ETH_e15_s50_c800", "filtered_alloc_2025_ETH_e20_s50_c1000", "filtered_alloc_2025_ETH_e20_s50_c900", "filtered_alloc_2025_ETH_e20_s50_c800", "filtered_alloc_2025_combo_e10_s50_btc0.5", "filtered_alloc_2025_combo_e10_s50_btc0.55", "filtered_alloc_2025_combo_e10_s50_btc0.6", "filtered_alloc_2025_combo_e15_s50_btc0.5", "filtered_alloc_2025_combo_e15_s50_btc0.55", "filtered_alloc_2025_combo_e15_s50_btc0.6", "filtered_alloc_2025_combo_e20_s50_btc0.5", "filtered_alloc_2025_combo_e20_s50_btc0.55", "filtered_alloc_2025_combo_e20_s50_btc0.6", "filtered_alloc_2026_combo_e10_s50_btc0.6", "filtered_alloc_2026_combo_e15_s50_btc0.6", "filtered_alloc_2026_combo_e20_s50_btc0.6"], "both_periods_passed_combination_pairs": [["filtered_alloc_2025_combo_e10_s50_btc0.6", "filtered_alloc_2026_combo_e10_s50_btc0.6"], ["filtered_alloc_2025_combo_e15_s50_btc0.6", "filtered_alloc_2026_combo_e15_s50_btc0.6"], ["filtered_alloc_2025_combo_e20_s50_btc0.6", "filtered_alloc_2026_combo_e20_s50_btc0.6"]], "new_both_periods_passed_combination_pairs": [], "actual_component_fills": 360, "audited_component_fills": 540, "reused_ledger_records_untouched": true, "new_live_orders": 0}
