PASS:all9 cumulative forward scenes exactly reproduced including2112point prefix/time axis and nextstate;noHTTP or ledger write
{"completed": "filtered_alloc_2025_BTC_e10_s50_c1000", "return1": 20.630971589259993, "return3": 18.762917856500017, "minute_DD3": 12.414346118511643}
{"completed": "filtered_alloc_2025_BTC_e10_s50_c1100", "return1": 20.643123728236358, "return3": 18.752900785963632, "minute_DD3": 12.409721942880036}
READ_ONLY_RESULT:filtered_alloc_2025_BTC_e10_s50_c1200
{"completed": "filtered_alloc_2025_BTC_e15_s50_c1000", "return1": 19.554904572059996, "return3": 17.708196953199984, "minute_DD3": 13.194538157967406}
{"completed": "filtered_alloc_2025_BTC_e15_s50_c1100", "return1": 19.56694250050002, "return3": 17.69790429758182, "minute_DD3": 13.189756876996583}
READ_ONLY_RESULT:filtered_alloc_2025_BTC_e15_s50_c1200
{"completed": "filtered_alloc_2025_BTC_e20_s50_c1000", "return1": 18.476698033530003, "return3": 16.646421565509996, "minute_DD3": 12.1325889711004}
{"completed": "filtered_alloc_2025_BTC_e20_s50_c1100", "return1": 18.490849574836353, "return3": 16.637981167490913, "minute_DD3": 12.126514721010029}
READ_ONLY_RESULT:filtered_alloc_2025_BTC_e20_s50_c1200
{"completed": "filtered_alloc_2025_ETH_e10_s50_c1000", "return1": 96.8528561579, "return3": 94.7941428542, "minute_DD3": 20.249007121103013}
{"completed": "filtered_alloc_2025_ETH_e10_s50_c900", "return1": 96.86002245244445, "return3": 94.79526220211112, "minute_DD3": 20.248292687667767}
READ_ONLY_RESULT:filtered_alloc_2025_ETH_e10_s50_c800
{"completed": "filtered_alloc_2025_ETH_e15_s50_c1000", "return1": 96.8528561579, "return3": 94.7941428542, "minute_DD3": 20.249007121103013}
{"completed": "filtered_alloc_2025_ETH_e15_s50_c900", "return1": 96.86002245244445, "return3": 94.79526220211112, "minute_DD3": 20.248292687667767}
READ_ONLY_RESULT:filtered_alloc_2025_ETH_e15_s50_c800
{"completed": "filtered_alloc_2025_ETH_e20_s50_c1000", "return1": 95.40875391770001, "return3": 93.3602222782, "minute_DD3": 20.83345370755023}
{"completed": "filtered_alloc_2025_ETH_e20_s50_c900", "return1": 95.41356105766666, "return3": 93.3590640018889, "minute_DD3": 20.832632005303108}
READ_ONLY_RESULT:filtered_alloc_2025_ETH_e20_s50_c800
{"completed": "filtered_alloc_2025_combo_e10_s50_btc0.5", "return1": 58.74191387358001, "return3": 56.778530355349986, "minute_DD3": 14.727997520669799}
{"completed": "filtered_alloc_2025_combo_e10_s50_btc0.55", "return1": 54.94072815413, "return3": 52.97196342323001, "minute_DD3": 14.165267847311991}
READ_ONLY_RESULT:filtered_alloc_2025_combo_e10_s50_btc0.6
{"completed": "filtered_alloc_2025_combo_e15_s50_btc0.5", "return1": 58.20388036498001, "return3": 56.2511699037, "minute_DD3": 15.125055056589687}
{"completed": "filtered_alloc_2025_combo_e15_s50_btc0.55", "return1": 54.348828478875014, "return3": 52.39171535462002, "minute_DD3": 14.602838628673565}
READ_ONLY_RESULT:filtered_alloc_2025_combo_e15_s50_btc0.6
{"completed": "filtered_alloc_2025_combo_e20_s50_btc0.5", "return1": 56.942725975615005, "return3": 55.003321921855, "minute_DD3": 15.65744437081471}
{"completed": "filtered_alloc_2025_combo_e20_s50_btc0.55", "return1": 53.10606974211001, "return3": 51.16246844296999, "minute_DD3": 15.130332202581743}
READ_ONLY_RESULT:filtered_alloc_2025_combo_e20_s50_btc0.6
{"completed": "filtered_alloc_2026_BTC_e10_s50_c1000", "return1": 10.499305294600013, "return3": 8.784074089740002, "minute_DD3": 14.594443368228694}
{"completed": "filtered_alloc_2026_BTC_e10_s50_c1100", "return1": 10.497518077372714, "return3": 8.78098300418182, "minute_DD3": 14.593436653134063}
READ_ONLY_RESULT:filtered_alloc_2026_BTC_e10_s50_c1200
{"completed": "filtered_alloc_2026_BTC_e15_s50_c1000", "return1": 10.499305294600013, "return3": 8.784074089740002, "minute_DD3": 14.594443368228694}
{"completed": "filtered_alloc_2026_BTC_e15_s50_c1100", "return1": 10.497518077372714, "return3": 8.78098300418182, "minute_DD3": 14.593436653134063}
READ_ONLY_RESULT:filtered_alloc_2026_BTC_e15_s50_c1200
{"completed": "filtered_alloc_2026_BTC_e20_s50_c1000", "return1": 10.499305294600013, "return3": 8.784074089740002, "minute_DD3": 14.594443368228694}
{"completed": "filtered_alloc_2026_BTC_e20_s50_c1100", "return1": 10.497518077372714, "return3": 8.78098300418182, "minute_DD3": 14.593436653134063}
READ_ONLY_RESULT:filtered_alloc_2026_BTC_e20_s50_c1200
{"completed": "filtered_alloc_2026_ETH_e10_s50_c1000", "return1": 29.08475940220001, "return3": 27.734432113499995, "minute_DD3": 14.503999967299318}
{"completed": "filtered_alloc_2026_ETH_e10_s50_c900", "return1": 29.08414450822223, "return3": 27.733318504444448, "minute_DD3": 14.505302837278089}
READ_ONLY_RESULT:filtered_alloc_2026_ETH_e10_s50_c800
{"completed": "filtered_alloc_2026_ETH_e15_s50_c1000", "return1": 29.08475940220001, "return3": 27.734432113499995, "minute_DD3": 14.503999967299318}
{"completed": "filtered_alloc_2026_ETH_e15_s50_c900", "return1": 29.08414450822223, "return3": 27.733318504444448, "minute_DD3": 14.505302837278089}
READ_ONLY_RESULT:filtered_alloc_2026_ETH_e15_s50_c800
{"completed": "filtered_alloc_2026_ETH_e20_s50_c1000", "return1": 29.08475940220001, "return3": 27.734432113499995, "minute_DD3": 14.503999967299318}
{"completed": "filtered_alloc_2026_ETH_e20_s50_c900", "return1": 29.08414450822223, "return3": 27.733318504444448, "minute_DD3": 14.505302837278089}
READ_ONLY_RESULT:filtered_alloc_2026_ETH_e20_s50_c800
{"completed": "filtered_alloc_2026_combo_e10_s50_btc0.5", "return1": 19.792032348400014, "return3": 18.259253101620022, "minute_DD3": 12.967179703264197}
{"completed": "filtered_alloc_2026_combo_e10_s50_btc0.55", "return1": 18.861499971254993, "return3": 17.309533979299996, "minute_DD3": 13.0387230252912}
READ_ONLY_RESULT:filtered_alloc_2026_combo_e10_s50_btc0.6
{"completed": "filtered_alloc_2026_combo_e15_s50_btc0.5", "return1": 19.792032348400014, "return3": 18.259253101620022, "minute_DD3": 12.967179703264197}
{"completed": "filtered_alloc_2026_combo_e15_s50_btc0.55", "return1": 18.861499971254993, "return3": 17.309533979299996, "minute_DD3": 13.0387230252912}
READ_ONLY_RESULT:filtered_alloc_2026_combo_e15_s50_btc0.6
{"completed": "filtered_alloc_2026_combo_e20_s50_btc0.5", "return1": 19.792032348400014, "return3": 18.259253101620022, "minute_DD3": 12.967179703264197}
{"completed": "filtered_alloc_2026_combo_e20_s50_btc0.55", "return1": 18.861499971254993, "return3": 17.309533979299996, "minute_DD3": 13.0387230252912}
READ_ONLY_RESULT:filtered_alloc_2026_combo_e20_s50_btc0.6
PASS:all108 NEW scenes exactly reproduced and54 EXISTING scenes read-only verified;full54-cell report reproduced;ledger unchanged
{"passed": true, "all_scenes_audited": 162, "new_scenes": 108, "existing_scenes_read_only_audited": 54, "current_or_future_close_perturbations": 72, "NAV_points_audited": 42019884, "joint_channel_pandasEMA_causal_decisions": 19440, "Decimal_fills_independently_checked": 540, "new_actual_fills": 360, "real_minute_data_hashes": 4, "report_sha256": "e9ca32cdbd27901f01d2eb55c6fd0eb8921bf9ca78d6c001b8d8ff3320687a52", "forward_plan_unchanged": true, "pandas_version": "2.2.3"}
{"passed": true, "forward_scenes": 9, "new_closed_marks_per_asset": 120, "cumulative_minutes": 2109, "complete_days": 1, "NAV_points_per_scene": 2112, "original_NAV_prefix": 1992, "new_daily_decisions": 0, "new_reference_points": 0, "new_executions": 0, "original_cash_units_desired_trades_costs_unchanged": true, "next_daily_decision_utc": "2026-10-04T00:01:00Z", "report_sha256": "b41d1b6acad6f2dcfe66d64a9b8f912d466f94c71f16d8fd907cf5527585c730"}
PASS: new parameters/weights and missing-result retries are allowed; exact/reordered completed trials stay blocked
