{"new_component": "guard_new_2025_BTC_e0.0125_v0.4_c1500", "return1_pct": 9.886075530060001, "return3_pct": 7.046416241133335, "DD3_pct": 14.389811255336449}
{"new_component": "guard_new_2025_BTC_e0.0125_v0.5_c1500", "return1_pct": 10.500451272873335, "return3_pct": 8.778489183226679, "DD3_pct": 14.390023100867088}
{"new_component": "guard_new_2026_BTC_e0.0125_v0.4_c1500", "return1_pct": 16.51574000214666, "return3_pct": 12.90799082773999, "DD3_pct": 14.342970140515376}
{"new_component": "guard_new_2026_BTC_e0.0125_v0.5_c1500", "return1_pct": 16.040191243866666, "return3_pct": 13.038608072680002, "DD3_pct": 14.343722379535128}
PASS:all12 NEW BTC component cost scenes and full component report reproduced;noHTTP/ledger write
{"new_backtests": 0, "readonly_scenes_verified": 24, "missing_files_restored": 0}
PASS:all9 cumulative forward scenes exactly reproduced including10508point complete time axis and nextstate;noHTTP or ledger write
{"completed": "guard_channel_2025_btc_v0.4_eth_e10_btc0.75", "return3_pct": 34.03350856759999, "minute_DD3_pct": 12.799328116335518}
{"completed": "guard_channel_2025_btc_v0.4_eth_e15_btc0.75", "return3_pct": 33.4261270818, "minute_DD3_pct": 12.80024192720851}
{"completed": "guard_channel_2025_btc_v0.4_eth_e20_btc0.75", "return3_pct": 38.77470030154999, "minute_DD3_pct": 12.784928746766811}
{"completed": "guard_channel_2025_btc_v0.5_eth_e10_btc0.75", "return3_pct": 35.332563274170006, "minute_DD3_pct": 12.391464155479802}
{"completed": "guard_channel_2025_btc_v0.5_eth_e15_btc0.75", "return3_pct": 34.72518178836999, "minute_DD3_pct": 12.378159671179978}
{"completed": "guard_channel_2025_btc_v0.5_eth_e20_btc0.75", "return3_pct": 40.07375500812, "minute_DD3_pct": 12.491461217381595}
{"completed": "guard_channel_2025_btc_v0.6_eth_e10_btc0.75", "return3_pct": 39.96914961809998, "minute_DD3_pct": 12.332946738518624}
{"completed": "guard_channel_2025_btc_v0.6_eth_e15_btc0.75", "return3_pct": 39.36176813229999, "minute_DD3_pct": 12.319974532598998}
{"completed": "guard_channel_2025_btc_v0.6_eth_e20_btc0.75", "return3_pct": 44.71034135205001, "minute_DD3_pct": 12.43068749871833}
{"completed": "guard_channel_2026_btc_v0.4_eth_e10_btc0.75", "return3_pct": 14.446023572554978, "minute_DD3_pct": 14.738901312504959}
{"completed": "guard_channel_2026_btc_v0.4_eth_e15_btc0.75", "return3_pct": 19.01787147125502, "minute_DD3_pct": 11.522374228767063}
{"completed": "guard_channel_2026_btc_v0.4_eth_e20_btc0.75", "return3_pct": 18.24166015205502, "minute_DD3_pct": 12.068429197943031}
{"completed": "guard_channel_2026_btc_v0.5_eth_e10_btc0.75", "return3_pct": 14.543986506259987, "minute_DD3_pct": 14.56270493612174}
{"completed": "guard_channel_2026_btc_v0.5_eth_e15_btc0.75", "return3_pct": 19.115834404960008, "minute_DD3_pct": 11.465064348142528}
{"completed": "guard_channel_2026_btc_v0.5_eth_e20_btc0.75", "return3_pct": 18.339623085760003, "minute_DD3_pct": 11.990936505208772}
{"completed": "guard_channel_2026_btc_v0.6_eth_e10_btc0.75", "return3_pct": 17.801127379260006, "minute_DD3_pct": 14.56270493612174}
{"completed": "guard_channel_2026_btc_v0.6_eth_e15_btc0.75", "return3_pct": 22.372975277960006, "minute_DD3_pct": 11.465064348142528}
{"completed": "guard_channel_2026_btc_v0.6_eth_e20_btc0.75", "return3_pct": 21.59676395876, "minute_DD3_pct": 11.990936505208772}
PASS:all54 NEW guarded-BTC/ETH-channel cost scenes exactly reproduced;matched controls read-only verified;full report reproduced;ledger unchanged
{"passed": true, "actual_scenes_audited": 12, "NAV_points_audited": 3112584, "Decimal_volatility_guard_causal_decisions": 2160, "Decimal_fills_independently_checked": 114, "real_minute_data_hashes": 4, "report_sha256": "bc458784b902148a6ead5672be22817469e29e8afba56fb821bf02c6524eb95a", "forward_plan_unchanged": true}
{"passed": true, "source_component_scenes_rebuilt": 36, "filtered_ASMA_cost_scenes_audited": 54, "filtered_ASMA_NAV_points_audited": 14006628, "report_sha256": "2d7c82277df12fcf2399f8aad50c1fdb149bf4678ed7545bbcf95f3cde781e39", "forward_report_sha256": "8d7572554583c57bff1be3d40714d62930064dff1a33a9aee6d408dfa7908fab", "frozen_forward_plan_unchanged": true}
{"passed": true, "forward_scenes": 9, "new_closed_marks_per_asset": 120, "cumulative_minutes": 10499, "complete_days": 7, "NAV_points_per_scene": 10508, "original_NAV_prefix": 10388, "new_daily_decisions": 0, "new_reference_points": 0, "new_executions": 0, "original_cash_units_desired_trades_costs_unchanged": true, "next_daily_decision_utc": "2026-10-10T00:01:00Z", "report_sha256": "8d7572554583c57bff1be3d40714d62930064dff1a33a9aee6d408dfa7908fab"}
PASS: new parameters/weights and missing-result retries are allowed; exact/reordered completed trials stay blocked
