guard_new_2025_BTC_e0.0125_v0.4_c1500 0 acbbd7ad68b03f4784114ae5d319e7c64397b5ea5cd69f6389f331a3aaae1fb4
guard_new_2025_BTC_e0.0125_v0.5_c1500 0 868801064107b5e9d8dcebd1f9e1a5bcf57912ab3bb718031dd54fb63fe61ea7
guard_new_2026_BTC_e0.0125_v0.4_c1500 0 b998845dec7e0cb36a862cf9a6677db79725bb223726d50d1e82c4c43fdb93fc
guard_new_2026_BTC_e0.0125_v0.5_c1500 0 86051472882692280f874d19f30de405380b6540042460d03bf1a621d12f39a4
guard_channel_2025_btc_v0.4_eth_e10_btc0.75 0 e04dc52c1019cdec501d535176d4b417b9e498b9c7e2b2aee60ddde4a17294ba
guard_channel_2025_btc_v0.4_eth_e15_btc0.75 0 c9dd49c6d5d09db10e79c2fe9383f02c6ce55a8a31db89cec98787240c6338fa
guard_channel_2025_btc_v0.4_eth_e20_btc0.75 0 ef1dcd4804e18f66fabb6b387f716a2f9d592d0081703f684adccf1b57c61c9d
guard_channel_2025_btc_v0.5_eth_e10_btc0.75 0 4ebd334cb5ad1711b0c696df588ef25fe01a62c73fff6e8d65b535c2d58803b6
guard_channel_2025_btc_v0.5_eth_e15_btc0.75 0 3864c43cc734096c4bc3f32bc3273b79a0c9bd71f71afb4fcc09e29379ef415a
guard_channel_2025_btc_v0.5_eth_e20_btc0.75 0 5458b4ffaf86136ef685937afd55bf991c562a40c900e2247fd3ffd50f52716e
guard_channel_2025_btc_v0.6_eth_e10_btc0.75 0 7b9dbc3bd3d58e06412f88c3d5d951a9b9dd7534c18d5eb4389cf3779153fa7f
guard_channel_2025_btc_v0.6_eth_e15_btc0.75 0 6170f62d8461da71c366b842115285f4d3c7b63382a32a5d3df63c6c37c08c38
guard_channel_2025_btc_v0.6_eth_e20_btc0.75 0 2cfe042739e3d3b7ee82907caa76e3269d1d534493685f245cc404e227642a25
guard_channel_2026_btc_v0.4_eth_e10_btc0.75 0 d4f8a1e49955527da90653acfd85d50ba9ff08ab7853566a586747f74f44cd5d
guard_channel_2026_btc_v0.4_eth_e15_btc0.75 0 701918317bf3fd63b0f1a3dc1ad9acf799274c8815475d9b3634a2b8d42cc66d
guard_channel_2026_btc_v0.4_eth_e20_btc0.75 0 760282ddc17480acea6b83c36e7262e7e5ad0b94e60d82b2b1084d1d436e4bfc
guard_channel_2026_btc_v0.5_eth_e10_btc0.75 0 541751df0cfe74ee2ea16ecfe840187eddd3c81b114e9fbf46a61491767560fa
guard_channel_2026_btc_v0.5_eth_e15_btc0.75 0 e0e11b6700e6712569b3e3b5781e8fb2a0c9ef2c4dafdbe082b6a180a5d94cb5
guard_channel_2026_btc_v0.5_eth_e20_btc0.75 0 80354d8ff8bff676d2c8e9c7059c6194b1133c213b07ad10048409e1b1f12160
guard_channel_2026_btc_v0.6_eth_e10_btc0.75 0 9161d2b678105bd1048ec416289582c37383ab74df42af7730e93c89487a0edb
guard_channel_2026_btc_v0.6_eth_e15_btc0.75 0 fc7b2e1f11a1ea8af09fdc32da07e75aaf5214ee3af89589d72eee33d0d3f933
guard_channel_2026_btc_v0.6_eth_e20_btc0.75 0 a274201780d84a83e7b7db5a61853b3237526f0556c52cc7c0ce848fdb4631d8
forward_snapshot_BTC 0 d300008191dc4ac0066ded2b0cd2d1d22efd31bb7a2c1b61f035216e6baa14d3
forward_snapshot_ETH 0 e2b4f9390c98c7177b5d134fb10a77590686340d4adbc8c54986b97df8417f58
forward_snapshot_combo 0 2238e9b65ba9851e852eb70413f8e015f948156e2f26fd3d2a11bfd99388e6e9
PASS:4newBTC components+18new portfolios+3legacy cutoffs reserved before any calculation;8old components read-only.
