{"completed": "transfer2025_rounded_BTC_n60_c1300", "return1": 18.97690327553847, "return3": 17.119877822646167, "minute_DD3": 14.389821805900915}
{"completed": "transfer2025_rounded_BTC_n60_c1500", "return1": 18.975425245166665, "return3": 17.113905056760004, "minute_DD3": 14.389317996951668}
{"completed": "transfer2025_rounded_BTC_n60_c1700", "return1": 18.974253239352954, "return3": 17.120514361011764, "minute_DD3": 14.392254071005862}
{"completed": "transfer2025_rounded_BTC_n65_c1300", "return1": 14.910325533784619, "return3": 13.120612573400003, "minute_DD3": 16.137193438419896}
{"completed": "transfer2025_rounded_BTC_n65_c1500", "return1": 14.910309308166681, "return3": 13.116434162826662, "minute_DD3": 16.135608415068013}
{"completed": "transfer2025_rounded_BTC_n65_c1700", "return1": 14.910244387470595, "return3": 13.119557430988227, "minute_DD3": 16.14120162316994}
{"completed": "transfer2025_rounded_BTC_n70_c1300", "return1": 17.12126121978461, "return3": 16.504489978692295, "minute_DD3": 12.187902771349668}
{"completed": "transfer2025_rounded_BTC_n70_c1500", "return1": 17.11860938865999, "return3": 16.507960337366654, "minute_DD3": 12.190148331093575}
{"completed": "transfer2025_rounded_BTC_n70_c1700", "return1": 17.11656023294117, "return3": 16.510525717647063, "minute_DD3": 12.19187015642671}
{"completed": "transfer2025_rounded_ETH_n60_c700", "return1": 87.841682825, "return3": 84.8989241962857, "minute_DD3": 24.300375934981457}
{"completed": "transfer2025_rounded_ETH_n60_c500", "return1": 87.8425951528, "return3": 84.87837930139999, "minute_DD3": 24.29599359727931}
{"completed": "transfer2025_rounded_ETH_n60_c300", "return1": 87.845015848, "return3": 84.89772504233335, "minute_DD3": 24.289114136457414}
{"completed": "transfer2025_rounded_ETH_n65_c700", "return1": 94.32047004085715, "return3": 92.28577124314286, "minute_DD3": 26.065634045490437}
{"completed": "transfer2025_rounded_ETH_n65_c500", "return1": 94.30891422740002, "return3": 92.295136403, "minute_DD3": 26.062917207378366}
{"completed": "transfer2025_rounded_ETH_n65_c300", "return1": 94.27981908933334, "return3": 92.31342384099999, "minute_DD3": 26.05672894337241}
{"completed": "transfer2025_rounded_ETH_n70_c700", "return1": 94.32047004085715, "return3": 92.28577124314286, "minute_DD3": 26.065634045490437}
{"completed": "transfer2025_rounded_ETH_n70_c500", "return1": 94.30891422740002, "return3": 92.295136403, "minute_DD3": 26.062917207378366}
{"completed": "transfer2025_rounded_ETH_n70_c300", "return1": 94.27981908933334, "return3": 92.31342384099999, "minute_DD3": 26.05672894337241}
{"completed": "transfer2025_rounded_hold_BTC_c1000", "return1": 37.67482445504, "return3": 36.92803243545, "minute_DD3": 15.907243655383008}
{"completed": "transfer2025_rounded_hold_ETH_c1000", "return1": 141.5043273831, "return3": 140.25149202880002, "minute_DD3": 33.883086634112246}
{"completed": "transfer2025_rounded_combo_n60_btc0.65", "return1": 43.07957611785, "return3": 40.842544053419985, "minute_DD3": 13.97664439590196}
{"completed": "transfer2025_rounded_combo_n60_btc0.75", "return1": 36.19221772207499, "return3": 34.055023617920014, "minute_DD3": 13.086433894288053}
{"completed": "transfer2025_rounded_combo_n60_btc0.85", "return1": 29.304867630650012, "return3": 27.287095963209996, "minute_DD3": 12.584098347864858}
{"completed": "transfer2025_rounded_combo_n65_btc0.65", "return1": 42.70387611126001, "return3": 40.828418107810016, "minute_DD3": 16.052913716166383}
{"completed": "transfer2025_rounded_combo_n65_btc0.75", "return1": 34.75996053797501, "return3": 32.911109722869995, "minute_DD3": 14.556625343449658}
{"completed": "transfer2025_rounded_combo_n65_btc0.85", "return1": 26.815680592750013, "return3": 24.998637392489997, "minute_DD3": 14.935339988959928}
{"completed": "transfer2025_rounded_combo_n70_btc0.65", "return1": 44.14098430715998, "return3": 43.02793842124999, "minute_DD3": 16.295769744757738}
{"completed": "transfer2025_rounded_combo_n70_btc0.75", "return1": 36.41618559834501, "return3": 35.45475435377501, "minute_DD3": 14.749006106963225}
{"completed": "transfer2025_rounded_combo_n70_btc0.85", "return1": 28.691049061400008, "return3": 27.880960436150005, "minute_DD3": 13.394490450941865}
{"completed": "transfer2025_rounded_hold_equal2000", "return1": 89.58957591907001, "return3": 88.589762232125, "minute_DD3": 24.91393250562899}
PASS:all90 actual scene archives, complete NAV vectors and frozen report exactly reproduced; no new ledger mutations
