transfer2025_rounded_BTC_n60_c1300 0 b1aa95e0ccc59c45c18f1734a8e3218a28de64ac47679b5c8701a56e77b99bfe
transfer2025_rounded_BTC_n60_c1500 0 04c62ffdf299e7c781dc20b33ff3c31120ba338cc011deae89e0c6a01354ef9d
transfer2025_rounded_BTC_n60_c1700 0 0049a0f6949eb3471e7a840d24ec3c766d1c93aad7d7d0e44ec5a3027dcabb9a
transfer2025_rounded_BTC_n65_c1300 0 c62c147e51cd67e4f2e524379ce6dfeeb90fc1d1efca7cdffc0c552fd3591d35
transfer2025_rounded_BTC_n65_c1500 0 306b96b0657d575ed906182d6cb05f1cd37b0dce40f4223ad9c4cbce44b5f0e8
transfer2025_rounded_BTC_n65_c1700 0 2b0fff8c8be1d1d47235e7e547436780bcb4d281d1f42c989590b9cc7023a3a4
transfer2025_rounded_BTC_n70_c1300 0 938157b93f76780785b7a5d747464a6d274e54e964354c11102183549f8b3029
transfer2025_rounded_BTC_n70_c1500 0 cee2c2fd67d6870e72ee2db9319a6082b2f505ef36e13438cda70e33ea922dd1
transfer2025_rounded_BTC_n70_c1700 0 6ee8e2acf589c54f012c5d13393b23cf19ce2321b7ef5b0d03dc5cddb5e10e24
transfer2025_rounded_ETH_n60_c700 0 2fe01c21637355b4f7687fefda85268f2313e7fe9eaa39def8ee8c68a9fcd60c
transfer2025_rounded_ETH_n60_c500 0 0255f9775b352f54b8013211efb5c2e9dd9aabcb16cd807a3afd8926ae8b6b3e
transfer2025_rounded_ETH_n60_c300 0 ee6d1eb3376b6dd26dc2694a19c85ae6411831cb7687e105e6a7b364cff6dc45
transfer2025_rounded_ETH_n65_c700 0 d9cfa94e566daab1255072148afd9d02d2bad957c8b97390b16a4059d95c71b8
transfer2025_rounded_ETH_n65_c500 0 9a98fdc9f94992c2eeadf78c826f1f267db81a04f294b9f2401405e814a19966
transfer2025_rounded_ETH_n65_c300 0 ec6d6c31f1b2a0e580771ab53864e027b5da296342beec8846fda91ddf4b58a6
transfer2025_rounded_ETH_n70_c700 0 a2df77103e286db1de124f30da06f447b3165aba72e1101688841f8ba5b4eddc
transfer2025_rounded_ETH_n70_c500 0 3a5701a491108ba075d2e68987b8f2cbb47ed38540fd19044f80ee3c003e145b
transfer2025_rounded_ETH_n70_c300 0 9a2ff13fa6543daea689425b512f14b44cac26524019d37fad8c33a4c18bc489
transfer2025_rounded_hold_BTC_c1000 0 f0fabbf99706164bb76c30e5f5ce1580d1c14bd5e0566ecdd7d02b604aa3bbcc
transfer2025_rounded_hold_ETH_c1000 0 f85d787c077645a683539883a19d7b8f60ccd975d0dcf89923aa60a6864a50fe
transfer2025_rounded_combo_n60_btc0.65 0 fb44386eb6a4784e6cffa1c3ab115be3d9a75349d42d1544974765ab4d45e03f
transfer2025_rounded_combo_n60_btc0.75 0 7d0bf86b650e84fcb70dd186da54d7437a62af9357b06e0b1b958e004934faf4
transfer2025_rounded_combo_n60_btc0.85 0 b44c964c0e8d4819a1e8655d3b8a2df79c2e449b31ea80b2b322c5b82ebbc5a0
transfer2025_rounded_combo_n65_btc0.65 0 8c3a9228c4b8770843cec63ce351fa64b402bcbfbcaebf0ba7fe2205102f7375
transfer2025_rounded_combo_n65_btc0.75 0 c923bf18d44e80d85c7344a69e72851ccabc9ca631d21a18ce007d57e7ff0da7
transfer2025_rounded_combo_n65_btc0.85 0 f5f7a64488aaba937f962a64d675687735c3b7650a59fe31aab42670508605d3
transfer2025_rounded_combo_n70_btc0.65 0 f9f1323c80d497a38684a7ec5c8400083b761dc69968bdea0d4f5809cf123ec0
transfer2025_rounded_combo_n70_btc0.75 0 9c3dba66d7100a85a84ea2475bf627aa129bca7a208f3bbf109a95a1002aca3f
transfer2025_rounded_combo_n70_btc0.85 0 1254ffd0d22f11ae78e0a0100635cf0792875870b93035af636d6d891523d18a
transfer2025_rounded_hold_equal2000 0 ea977c20a243c18931751a9fa4bfcfc66c94d43e69468ff831faef30e84efc85
PASS:30 transfer configurations reserved before new data/backtests;unchanged rule/grid/cost/gates,new2025dates
