{"completed": "confirm_local_2025_ETH_s27_b0.01_e15_x30_c500", "return1_pct": 120.4199271756, "return3_pct": 117.01640020479998, "DD3_pct": 26.384720816888517}
{"completed": "confirm_local_2025_ETH_s27_b0.0125_e15_x30_c500", "return1_pct": 111.05054210919998, "return3_pct": 107.7397813442, "DD3_pct": 29.52539022567705}
{"completed": "confirm_local_2025_ETH_s27_b0.015_e15_x30_c500", "return1_pct": 111.05054210919998, "return3_pct": 107.7397813442, "DD3_pct": 29.52539022567705}
READ_ONLY_RESULT:confirm_middle_2025_ETH_s30_b0.01_e15_x30_c500
READ_ONLY_RESULT:confirm_middle_2025_ETH_s30_b0.0125_e15_x30_c500
READ_ONLY_RESULT:confirm_middle_2025_ETH_s30_b0.015_e15_x30_c500
{"completed": "confirm_local_2025_ETH_s33_b0.01_e15_x30_c500", "return1_pct": 141.6568929462, "return3_pct": 139.14944114360003, "DD3_pct": 20.247963325835915}
{"completed": "confirm_local_2025_ETH_s33_b0.0125_e15_x30_c500", "return1_pct": 141.6568929462, "return3_pct": 139.14944114360003, "DD3_pct": 20.247963325835915}
{"completed": "confirm_local_2025_ETH_s33_b0.015_e15_x30_c500", "return1_pct": 141.6568929462, "return3_pct": 139.14944114360003, "DD3_pct": 20.247963325835915}
{"completed": "confirm_local_2026_ETH_s27_b0.01_e15_x30_c500", "return1_pct": 41.989593327200005, "return3_pct": 40.5155895914, "DD3_pct": 10.684853284312378}
{"completed": "confirm_local_2026_ETH_s27_b0.0125_e15_x30_c500", "return1_pct": 41.1653821784, "return3_pct": 39.68388662560001, "DD3_pct": 11.21153820760339}
{"completed": "confirm_local_2026_ETH_s27_b0.015_e15_x30_c500", "return1_pct": 41.1653821784, "return3_pct": 39.68388662560001, "DD3_pct": 11.21153820760339}
READ_ONLY_RESULT:confirm_middle_2026_ETH_s30_b0.01_e15_x30_c500
READ_ONLY_RESULT:confirm_middle_2026_ETH_s30_b0.0125_e15_x30_c500
READ_ONLY_RESULT:confirm_middle_2026_ETH_s30_b0.015_e15_x30_c500
{"completed": "confirm_local_2026_ETH_s33_b0.01_e15_x30_c500", "return1_pct": 41.1653821784, "return3_pct": 39.68388662560001, "DD3_pct": 11.21153820760339}
{"completed": "confirm_local_2026_ETH_s33_b0.0125_e15_x30_c500", "return1_pct": 41.1653821784, "return3_pct": 39.68388662560001, "DD3_pct": 11.21153820760339}
{"completed": "confirm_local_2026_ETH_s33_b0.015_e15_x30_c500", "return1_pct": 37.2093638248, "return3_pct": 35.77376938899999, "DD3_pct": 13.700359392168448}
READ_ONLY_RESULT:volratio_2025_BTC_n30_r1_e15_x30_c1500
READ_ONLY_RESULT:volratio_2026_BTC_n30_r1_e15_x30_c1500
{"completed": "vol_filter_local_2025_btcN30r1_ethS27_b0.01_btc0.75", "return1_pct": 45.235668841465014, "return3_pct": 42.97789030293, "DD3_pct": 15.548454512438937}
{"completed": "vol_filter_local_2025_btcN30r1_ethS27_b0.0125_btc0.75", "return1_pct": 42.89332257486498, "return3_pct": 40.658735587779994, "DD3_pct": 16.46958660240403}
{"completed": "vol_filter_local_2025_btcN30r1_ethS27_b0.015_btc0.75", "return1_pct": 42.89332257486498, "return3_pct": 40.658735587779994, "DD3_pct": 16.46958660240403}
READ_ONLY_RESULT:vol_filter_middle_2025_btcN30r1_ethS30_b0.01_btc0.75
READ_ONLY_RESULT:vol_filter_middle_2025_btcN30r1_ethS30_b0.0125_btc0.75
READ_ONLY_RESULT:vol_filter_middle_2025_btcN30r1_ethS30_b0.015_btc0.75
{"completed": "vol_filter_local_2025_btcN30r1_ethS33_b0.01_btc0.75", "return1_pct": 50.544910284115005, "return3_pct": 48.51115053763002, "DD3_pct": 13.311264642386956}
{"completed": "vol_filter_local_2025_btcN30r1_ethS33_b0.0125_btc0.75", "return1_pct": 50.544910284115005, "return3_pct": 48.51115053763002, "DD3_pct": 13.311264642386956}
{"completed": "vol_filter_local_2025_btcN30r1_ethS33_b0.015_btc0.75", "return1_pct": 50.544910284115005, "return3_pct": 48.51115053763002, "DD3_pct": 13.311264642386956}
{"completed": "vol_filter_local_2026_btcN30r1_ethS27_b0.01_btc0.75", "return1_pct": 29.429117898559998, "return3_pct": 28.07509841271001, "DD3_pct": 12.141741152416152}
{"completed": "vol_filter_local_2026_btcN30r1_ethS27_b0.0125_btc0.75", "return1_pct": 29.223065111360015, "return3_pct": 27.86717267126, "DD3_pct": 12.269269393791937}
{"completed": "vol_filter_local_2026_btcN30r1_ethS27_b0.015_btc0.75", "return1_pct": 29.223065111360015, "return3_pct": 27.86717267126, "DD3_pct": 12.269269393791937}
READ_ONLY_RESULT:vol_filter_middle_2026_btcN30r1_ethS30_b0.01_btc0.75
READ_ONLY_RESULT:vol_filter_middle_2026_btcN30r1_ethS30_b0.0125_btc0.75
READ_ONLY_RESULT:vol_filter_middle_2026_btcN30r1_ethS30_b0.015_btc0.75
{"completed": "vol_filter_local_2026_btcN30r1_ethS33_b0.01_btc0.75", "return1_pct": 29.223065111360015, "return3_pct": 27.86717267126, "DD3_pct": 12.269269393791937}
{"completed": "vol_filter_local_2026_btcN30r1_ethS33_b0.0125_btc0.75", "return1_pct": 29.223065111360015, "return3_pct": 27.86717267126, "DD3_pct": 12.269269393791937}
{"completed": "vol_filter_local_2026_btcN30r1_ethS33_b0.015_btc0.75", "return1_pct": 28.234060522960004, "return3_pct": 26.889643362109993, "DD3_pct": 12.871897216861406}
{"new_configs": 24, "new_component_configs": 12, "new_combination_configs": 12, "new_cost_scenes": 72, "new_minute_NAV_points": 18675504, "old_component_configs_read_only": 8, "old_component_cost_scenes_read_only": 24, "old_combination_configs_read_only": 6, "old_combination_cost_scenes_read_only": 18, "positive_1x": 24, "positive_3x": 24, "passed": ["confirm_local_2025_ETH_s33_b0.01_e15_x30_c500", "confirm_local_2025_ETH_s33_b0.0125_e15_x30_c500", "confirm_local_2025_ETH_s33_b0.015_e15_x30_c500", "vol_filter_local_2025_btcN30r1_ethS33_b0.01_btc0.75", "vol_filter_local_2025_btcN30r1_ethS33_b0.0125_btc0.75", "vol_filter_local_2025_btcN30r1_ethS33_b0.015_btc0.75", "vol_filter_local_2026_btcN30r1_ethS27_b0.01_btc0.75", "vol_filter_local_2026_btcN30r1_ethS27_b0.0125_btc0.75", "vol_filter_local_2026_btcN30r1_ethS27_b0.015_btc0.75", "vol_filter_local_2026_btcN30r1_ethS33_b0.01_btc0.75", "vol_filter_local_2026_btcN30r1_ethS33_b0.0125_btc0.75", "vol_filter_local_2026_btcN30r1_ethS33_b0.015_btc0.75"], "rejected": ["confirm_local_2025_ETH_s27_b0.01_e15_x30_c500", "confirm_local_2025_ETH_s27_b0.0125_e15_x30_c500", "confirm_local_2025_ETH_s27_b0.015_e15_x30_c500", "confirm_local_2026_ETH_s27_b0.01_e15_x30_c500", "confirm_local_2026_ETH_s27_b0.0125_e15_x30_c500", "confirm_local_2026_ETH_s27_b0.015_e15_x30_c500", "confirm_local_2026_ETH_s33_b0.01_e15_x30_c500", "confirm_local_2026_ETH_s33_b0.0125_e15_x30_c500", "confirm_local_2026_ETH_s33_b0.015_e15_x30_c500", "vol_filter_local_2025_btcN30r1_ethS27_b0.01_btc0.75", "vol_filter_local_2025_btcN30r1_ethS27_b0.0125_btc0.75", "vol_filter_local_2025_btcN30r1_ethS27_b0.015_btc0.75"], "new_both_periods_passed_combination_pairs": [["vol_filter_local_2025_btcN30r1_ethS33_b0.01_btc0.75", "vol_filter_local_2026_btcN30r1_ethS33_b0.01_btc0.75"], ["vol_filter_local_2025_btcN30r1_ethS33_b0.0125_btc0.75", "vol_filter_local_2026_btcN30r1_ethS33_b0.0125_btc0.75"], ["vol_filter_local_2025_btcN30r1_ethS33_b0.015_btc0.75", "vol_filter_local_2026_btcN30r1_ethS33_b0.015_btc0.75"]], "both_periods_passed_combination_pairs": [["vol_filter_middle_2025_btcN30r1_ethS30_b0.0125_btc0.75", "vol_filter_middle_2026_btcN30r1_ethS30_b0.0125_btc0.75"], ["vol_filter_middle_2025_btcN30r1_ethS30_b0.015_btc0.75", "vol_filter_middle_2026_btcN30r1_ethS30_b0.015_btc0.75"], ["vol_filter_local_2025_btcN30r1_ethS33_b0.01_btc0.75", "vol_filter_local_2026_btcN30r1_ethS33_b0.01_btc0.75"], ["vol_filter_local_2025_btcN30r1_ethS33_b0.0125_btc0.75", "vol_filter_local_2026_btcN30r1_ethS33_b0.0125_btc0.75"], ["vol_filter_local_2025_btcN30r1_ethS33_b0.015_btc0.75", "vol_filter_local_2026_btcN30r1_ethS33_b0.015_btc0.75"]], "new_component_fills": 162, "read_only_component_fills": 108, "new_live_orders": 0}
