confirm_local_2025_ETH_s27_b0.01_e15_x30_c500 rejected 0 e0929cb50944e5a53981dbd0ab86f9954343ae6d8724011874434f87f70b1948
confirm_local_2025_ETH_s27_b0.0125_e15_x30_c500 rejected 0 af1720fc3cf87ec71df3cb13cbd73d0ef464bbbe8eb3efb3f17a188ca0df9a83
confirm_local_2025_ETH_s27_b0.015_e15_x30_c500 rejected 0 0473fa4f31b6a1d263c0962e2a22a5690a09a6d799e054dc8e28638eb552efe1
confirm_local_2025_ETH_s33_b0.01_e15_x30_c500 passed 0 fad38efde40be42476eb7731b40706f1b5452c66f4f962c50ae5dac5fa42fa5f
confirm_local_2025_ETH_s33_b0.0125_e15_x30_c500 passed 0 9c56afee2401ab98a27ff952fa0e9022d5e0fcfe2f54811eda9f1aef1177ca1f
confirm_local_2025_ETH_s33_b0.015_e15_x30_c500 passed 0 73ab5d6c3597cd48292a91287f308f746bcd5815303a13e52c92989c0627ab01
confirm_local_2026_ETH_s27_b0.01_e15_x30_c500 rejected 0 8bce94383fea9dbf363216d7c44b44a3f3ba9ec930e3e070106b8b9514a342ff
confirm_local_2026_ETH_s27_b0.0125_e15_x30_c500 rejected 0 9da615fe4189a76acecb2bb5bdc5a33c6bd8b768bfc481ceb22fc1901994b322
confirm_local_2026_ETH_s27_b0.015_e15_x30_c500 rejected 0 40e1d0a6e9d051c18b8b51c10a2b54600e61188fc70a91c24f37d7c9b0ae84be
confirm_local_2026_ETH_s33_b0.01_e15_x30_c500 rejected 0 0d19cc156d3799a2c98df9dbb6fb06a1483551aec923056fa2166074fff63be6
confirm_local_2026_ETH_s33_b0.0125_e15_x30_c500 rejected 0 4ee8bd1e6b88770d0c231a5947ed290782eebbb4cf635bfa9347affe1b817b47
confirm_local_2026_ETH_s33_b0.015_e15_x30_c500 rejected 0 a7a025fb337373f1afcb4c47c2cfe796c2e1e29380db495776452b32d32f38b9
vol_filter_local_2025_btcN30r1_ethS27_b0.01_btc0.75 rejected 0 6442170695e497717870657be09ba1e3e6293b0ca45a5e4a4317e1727967940a
vol_filter_local_2025_btcN30r1_ethS27_b0.0125_btc0.75 rejected 0 73c887fba51bad6b9fa1d1565485f4668c00f47cee04f18d77d17029344ace28
vol_filter_local_2025_btcN30r1_ethS27_b0.015_btc0.75 rejected 0 42281a5b08bac5051ee9990966665d9cded552e579425a6f228a4b5bf338956a
vol_filter_local_2025_btcN30r1_ethS33_b0.01_btc0.75 passed 0 1b24a48927bcf34b9bded71aa4c9eec0fff90cd7b0305d201f26c1008c61b85c
vol_filter_local_2025_btcN30r1_ethS33_b0.0125_btc0.75 passed 0 589a83197f386ea131fc396432edbf7a4238af27aaac8dc5a067de159f96ae7f
vol_filter_local_2025_btcN30r1_ethS33_b0.015_btc0.75 passed 0 74d34d0f9dc69680dec66694c62d7134c127c6cbf8f0ab14ee6eb554a015f68f
vol_filter_local_2026_btcN30r1_ethS27_b0.01_btc0.75 passed 0 c002c674941f9b8bf1f8b4fc2aa5b1527262a53ac83e8180a453b1bcb7b6b005
vol_filter_local_2026_btcN30r1_ethS27_b0.0125_btc0.75 passed 0 411c0b10d2e8358cdff7d48b49878462e82450953eb4f94f3b68d683f3e94f3c
vol_filter_local_2026_btcN30r1_ethS27_b0.015_btc0.75 passed 0 593eb8cd9f4fcb1065dd5012e154e353b366667f03071d35d3800d21c97d4acf
vol_filter_local_2026_btcN30r1_ethS33_b0.01_btc0.75 passed 0 5495bd01a200260b67dc0ece48d9425361022ae0768e54bc31e9eb60dea8926d
vol_filter_local_2026_btcN30r1_ethS33_b0.0125_btc0.75 passed 0 80a617edaeea7cd026a366b2adfc873a6c4c0276f5c679767168ced6bf462cf6
vol_filter_local_2026_btcN30r1_ethS33_b0.015_btc0.75 passed 0 9bca6c1cf37f06849600459120e7e3188b905738aa1ab906de66068d34087699
forward_snapshot_BTC rejected 0 1574170ac0bae970604aa4f8682bcb3eaa441686e16c7a013777659ea1993b0e
forward_snapshot_ETH rejected 0 078a85892bf222836c2264a4048b77257037b46301eafdf9ed15f146bf566f89
forward_snapshot_combo rejected 0 561452960c8847c9f84c51a8deb06b3e09e4f96ff959af9ae8d50f3af7260204
