{"synthetic_fixture_checks": "PASS", "predeclared_parameter_cells": 9, "strict_prior_close_channel": true, "entry_and_either_exit": true, "current_future_close_unused": true, "not_performance_evidence": true}
{"new_backtests": 0, "source_components": 8, "read_only_portfolios": 6, "scenes_hash_verified": 42, "missing_cache_files_restored": [], "method": "Reconstruct exact old cash/coin minute NAV or sum1500/500same-funded sources,using same-SHA real prices;no old signals/trades,normalization or gate/status overwrite."}
PASS:all9 cumulative forward scenes exactly reproduced including12309point complete time axis and nextstate;noHTTP or ledger write
{"completed": "confirm_local_2025_ETH_s27_b0.01_e15_x30_c500", "return1_pct": 120.4199271756, "return3_pct": 117.01640020479998, "DD3_pct": 26.384720816888517}
{"completed": "confirm_local_2025_ETH_s27_b0.0125_e15_x30_c500", "return1_pct": 111.05054210919998, "return3_pct": 107.7397813442, "DD3_pct": 29.52539022567705}
{"completed": "confirm_local_2025_ETH_s27_b0.015_e15_x30_c500", "return1_pct": 111.05054210919998, "return3_pct": 107.7397813442, "DD3_pct": 29.52539022567705}
READ_ONLY_RESULT:confirm_middle_2025_ETH_s30_b0.01_e15_x30_c500
READ_ONLY_RESULT:confirm_middle_2025_ETH_s30_b0.0125_e15_x30_c500
READ_ONLY_RESULT:confirm_middle_2025_ETH_s30_b0.015_e15_x30_c500
{"completed": "confirm_local_2025_ETH_s33_b0.01_e15_x30_c500", "return1_pct": 141.6568929462, "return3_pct": 139.14944114360003, "DD3_pct": 20.247963325835915}
{"completed": "confirm_local_2025_ETH_s33_b0.0125_e15_x30_c500", "return1_pct": 141.6568929462, "return3_pct": 139.14944114360003, "DD3_pct": 20.247963325835915}
{"completed": "confirm_local_2025_ETH_s33_b0.015_e15_x30_c500", "return1_pct": 141.6568929462, "return3_pct": 139.14944114360003, "DD3_pct": 20.247963325835915}
{"completed": "confirm_local_2026_ETH_s27_b0.01_e15_x30_c500", "return1_pct": 41.989593327200005, "return3_pct": 40.5155895914, "DD3_pct": 10.684853284312378}
{"completed": "confirm_local_2026_ETH_s27_b0.0125_e15_x30_c500", "return1_pct": 41.1653821784, "return3_pct": 39.68388662560001, "DD3_pct": 11.21153820760339}
{"completed": "confirm_local_2026_ETH_s27_b0.015_e15_x30_c500", "return1_pct": 41.1653821784, "return3_pct": 39.68388662560001, "DD3_pct": 11.21153820760339}
READ_ONLY_RESULT:confirm_middle_2026_ETH_s30_b0.01_e15_x30_c500
READ_ONLY_RESULT:confirm_middle_2026_ETH_s30_b0.0125_e15_x30_c500
READ_ONLY_RESULT:confirm_middle_2026_ETH_s30_b0.015_e15_x30_c500
{"completed": "confirm_local_2026_ETH_s33_b0.01_e15_x30_c500", "return1_pct": 41.1653821784, "return3_pct": 39.68388662560001, "DD3_pct": 11.21153820760339}
{"completed": "confirm_local_2026_ETH_s33_b0.0125_e15_x30_c500", "return1_pct": 41.1653821784, "return3_pct": 39.68388662560001, "DD3_pct": 11.21153820760339}
{"completed": "confirm_local_2026_ETH_s33_b0.015_e15_x30_c500", "return1_pct": 37.2093638248, "return3_pct": 35.77376938899999, "DD3_pct": 13.700359392168448}
READ_ONLY_RESULT:volratio_2025_BTC_n30_r1_e15_x30_c1500
READ_ONLY_RESULT:volratio_2026_BTC_n30_r1_e15_x30_c1500
{"completed": "vol_filter_local_2025_btcN30r1_ethS27_b0.01_btc0.75", "return1_pct": 45.235668841465014, "return3_pct": 42.97789030293, "DD3_pct": 15.548454512438937}
{"completed": "vol_filter_local_2025_btcN30r1_ethS27_b0.0125_btc0.75", "return1_pct": 42.89332257486498, "return3_pct": 40.658735587779994, "DD3_pct": 16.46958660240403}
{"completed": "vol_filter_local_2025_btcN30r1_ethS27_b0.015_btc0.75", "return1_pct": 42.89332257486498, "return3_pct": 40.658735587779994, "DD3_pct": 16.46958660240403}
READ_ONLY_RESULT:vol_filter_middle_2025_btcN30r1_ethS30_b0.01_btc0.75
READ_ONLY_RESULT:vol_filter_middle_2025_btcN30r1_ethS30_b0.0125_btc0.75
READ_ONLY_RESULT:vol_filter_middle_2025_btcN30r1_ethS30_b0.015_btc0.75
{"completed": "vol_filter_local_2025_btcN30r1_ethS33_b0.01_btc0.75", "return1_pct": 50.544910284115005, "return3_pct": 48.51115053763002, "DD3_pct": 13.311264642386956}
{"completed": "vol_filter_local_2025_btcN30r1_ethS33_b0.0125_btc0.75", "return1_pct": 50.544910284115005, "return3_pct": 48.51115053763002, "DD3_pct": 13.311264642386956}
{"completed": "vol_filter_local_2025_btcN30r1_ethS33_b0.015_btc0.75", "return1_pct": 50.544910284115005, "return3_pct": 48.51115053763002, "DD3_pct": 13.311264642386956}
{"completed": "vol_filter_local_2026_btcN30r1_ethS27_b0.01_btc0.75", "return1_pct": 29.429117898559998, "return3_pct": 28.07509841271001, "DD3_pct": 12.141741152416152}
{"completed": "vol_filter_local_2026_btcN30r1_ethS27_b0.0125_btc0.75", "return1_pct": 29.223065111360015, "return3_pct": 27.86717267126, "DD3_pct": 12.269269393791937}
{"completed": "vol_filter_local_2026_btcN30r1_ethS27_b0.015_btc0.75", "return1_pct": 29.223065111360015, "return3_pct": 27.86717267126, "DD3_pct": 12.269269393791937}
READ_ONLY_RESULT:vol_filter_middle_2026_btcN30r1_ethS30_b0.01_btc0.75
READ_ONLY_RESULT:vol_filter_middle_2026_btcN30r1_ethS30_b0.0125_btc0.75
READ_ONLY_RESULT:vol_filter_middle_2026_btcN30r1_ethS30_b0.015_btc0.75
{"completed": "vol_filter_local_2026_btcN30r1_ethS33_b0.01_btc0.75", "return1_pct": 29.223065111360015, "return3_pct": 27.86717267126, "DD3_pct": 12.269269393791937}
{"completed": "vol_filter_local_2026_btcN30r1_ethS33_b0.0125_btc0.75", "return1_pct": 29.223065111360015, "return3_pct": 27.86717267126, "DD3_pct": 12.269269393791937}
{"completed": "vol_filter_local_2026_btcN30r1_ethS33_b0.015_btc0.75", "return1_pct": 28.234060522960004, "return3_pct": 26.889643362109993, "DD3_pct": 12.871897216861406}
PASS:all72 NEW ETHEMA-boundary scenes and full report exactly reproduced;42oldsource/portfolio scenes read-only verified,noHTTP/ledger write
{"passed": true, "actual_scenes_audited": 72, "NAV_points_audited": 18675504, "joint_channel_pandasEMA_causal_decisions": 6480, "Decimal_fills_independently_checked": 162, "real_minute_data_hashes": 4, "read_only_component_scenes": 24, "read_only_portfolio_scenes": 18, "report_sha256": "3e3c1648dacd029ebe47426ea29f84af80a7ef458a1c3ead9dd55dba1d1e44cf", "forward_plan_unchanged": true}
{"passed": true, "forward_scenes": 9, "new_closed_marks_per_asset": 120, "cumulative_minutes": 12299, "complete_days": 8, "NAV_points_per_scene": 12309, "original_NAV_prefix": 12189, "new_daily_decisions": 0, "new_reference_points": 0, "new_executions": 0, "original_cash_units_desired_trades_costs_unchanged": true, "next_daily_decision_utc": "2026-10-11T00:01:00Z", "report_sha256": "10b5fb1b9627c0b64482ffa9e87ae34cbda34737421c64a37f718a061f6441e3"}
PASS: new parameters/weights and missing-result retries are allowed; exact/reordered completed trials stay blocked
