hybrid_2025_BTC_SMA_ETH_EMA_n60_s50 passed 0 e6936a91e29309806074f099bcbb82a8ff7ce079aee73101475695dfbb01319c
hybrid_2025_BTC_SMA_ETH_EMA_n60_s65 passed 0 0d7fc89c3f74d21f23e15fb4323099b01d808be7f9a5c89bd7c055b186ae6c73
hybrid_2025_BTC_SMA_ETH_EMA_n60_s80 passed 0 62ee1758211867bb6ad602bfab33d2d59b948d6410bedfb4981853334a2c89cb
hybrid_2025_BTC_SMA_ETH_EMA_n65_s50 passed 0 42e9a61e99914bd697414447e828789f690fabe2e42fc80f3bf157dd8b681053
hybrid_2025_BTC_SMA_ETH_EMA_n65_s65 passed 0 0c548f29e6f084c87cd0e0938f40e3db4e12db6aa78fd6cb1285e0342ef19220
hybrid_2025_BTC_SMA_ETH_EMA_n65_s80 passed 0 293604a55c8d22f02391c7bbb350bc18ae0276bf78d5cad5ba209a65a23929c3
hybrid_2025_BTC_SMA_ETH_EMA_n70_s50 passed 0 a65c643e8f47b317acded904945802ab9cbc88dbcbb2bd76812f671abcbf808c
hybrid_2025_BTC_SMA_ETH_EMA_n70_s65 passed 0 bd20b91bd8d94625c718391155b149174315d6866567e402d57f7646206fb949
hybrid_2025_BTC_SMA_ETH_EMA_n70_s80 passed 0 6fe655dc857247cb2b2c74fd45b51ad5ac05aa9a7566eb88f3e43154659a17e9
hybrid_2025_BTC_EMA_ETH_SMA_n60_s50 passed 0 cd3ffeef787c305455da7eb310b59b4fcd9ecfa9bf5cece564899e86eafeda35
hybrid_2025_BTC_EMA_ETH_SMA_n60_s65 passed 0 a45b41c654a4ccc9a6af5b7621d424e3988ef3ac7598c2045db373b8cdacecf3
hybrid_2025_BTC_EMA_ETH_SMA_n60_s80 passed 0 faf608e4005bcb26e3823145cb64072ac9a1794af9b65eddc1c81d3d540afebc
hybrid_2025_BTC_EMA_ETH_SMA_n65_s50 passed 0 1fe13b930c348fe208cc015d65970d02aa2bc053944cf9b292a8470bf0690df1
hybrid_2025_BTC_EMA_ETH_SMA_n65_s65 passed 0 f4f0a63cc60fc4b5dd03bd12a078aaeca6b7ef86837fd75739e9a12d3938076d
hybrid_2025_BTC_EMA_ETH_SMA_n65_s80 passed 0 975011230b778118b3c6088cd693df747ac245836258df7708b7df3f19920a42
hybrid_2025_BTC_EMA_ETH_SMA_n70_s50 passed 0 792caec8d8bb46f43759f987157952580e80ad04818a4d3d17f531c3f0aff763
hybrid_2025_BTC_EMA_ETH_SMA_n70_s65 passed 0 d8d7c71f006dd49c233cfafa84209e0a9761f15944c15c4a163706641443a5d0
hybrid_2025_BTC_EMA_ETH_SMA_n70_s80 passed 0 01587757d8b19a5eec90644eecd967a298f4b0c5fb1eb6432a8b5a2ef2ec710c
hybrid_2026_BTC_SMA_ETH_EMA_n60_s50 passed 0 3c30fa66411712d3d27e24b3385d72befb47f43737eb1be4442f415a136eddda
hybrid_2026_BTC_SMA_ETH_EMA_n60_s65 passed 0 c52e6a479fba45f2ab133a4c383582cd979efdfb69feaa488c589536779d2957
hybrid_2026_BTC_SMA_ETH_EMA_n60_s80 rejected 0 eaa64d7fd00878dc6202f80d43f82e21a4f890ff219cc6a2b722623cf83fdb5e
hybrid_2026_BTC_SMA_ETH_EMA_n65_s50 passed 0 017e9da8c60bcaeccf9dabc15c14928377e0783f4b0ad05c41297badf0e235d5
hybrid_2026_BTC_SMA_ETH_EMA_n65_s65 passed 0 5a48c88a7bdc2bdc2970e23a6a930927ca601e2f1f2f2019faffbc4fcce104ee
hybrid_2026_BTC_SMA_ETH_EMA_n65_s80 rejected 0 7f40e71294d31fb925920521451de93b7fa3024d7ae4021ce38884092043b16e
hybrid_2026_BTC_SMA_ETH_EMA_n70_s50 passed 0 e40af8c79210d199e695a71c14ec98d5e4e951e608c1eb718672e5e0e162e60d
hybrid_2026_BTC_SMA_ETH_EMA_n70_s65 passed 0 1412ac8240f605e27694f621e4e73e61ac5e770d2980d1b72cde3dd625012578
hybrid_2026_BTC_SMA_ETH_EMA_n70_s80 rejected 0 6e4e958164cfbf87d6bfc8015c1f4862c64919cf229f9197befe71127395fbbf
hybrid_2026_BTC_EMA_ETH_SMA_n60_s50 passed 0 612e6ac77233201c262185ed1c9e4b5ab47fb38c7c8e9558742d0136432a027d
hybrid_2026_BTC_EMA_ETH_SMA_n60_s65 rejected 0 3d769c5fdeb78ff163395fc7b7ea6969469e2c9c042a105bf3667ddf928bd066
hybrid_2026_BTC_EMA_ETH_SMA_n60_s80 passed 0 d2c52391ff0b000d12eb1796ddfa13e636ab19a9aa59fa92dbe90fb955468827
hybrid_2026_BTC_EMA_ETH_SMA_n65_s50 passed 0 bf099ecfd5ce3ba5e7dbd2e8fbbdedeb27149e674de8cf6f61c2c65674916e90
hybrid_2026_BTC_EMA_ETH_SMA_n65_s65 rejected 0 948a96481b5e2ce3d82778db922bd22434e5b2b12c0e5f8ac2a60ff84658bc6e
hybrid_2026_BTC_EMA_ETH_SMA_n65_s80 passed 0 f1da723c8c9b95ac6ef868bcd3e95ebee5ceaed76b7ac826101e857913c21ef4
hybrid_2026_BTC_EMA_ETH_SMA_n70_s50 rejected 0 aacbebeec83cb9e190327c7143574ba3c1322aaca151366ab4c25e9e602319a5
hybrid_2026_BTC_EMA_ETH_SMA_n70_s65 rejected 0 2ed301497a4ad6d6a8499b70c6ea85f9a38e33e18e4ed01670f246764fa35c0f
hybrid_2026_BTC_EMA_ETH_SMA_n70_s80 rejected 0 6a3c1ac31efcfba9c20a629dc0dd1abe2f166b271dca9425a4dee9eb1317e36f
forward_snapshot_BTC rejected 0 dee8d6cd2e919624a60b7bc2254ea1a75fab9159b86adbe413aaed094ddbc161
forward_snapshot_ETH rejected 0 2c0453a1c6ca6620457955ccedfa04bdb41adef45bff992d51823d379e5fdda6
forward_snapshot_combo rejected 0 a0aa6494fc79eb89522429954a0b5db9d270d9855fb2883f9a3cb804030dc894
