PASS:all9 cumulative forward scenes exactly reproduced from archived new minutes and old positions;no fresh request or ledger write
{"completed": "asym_2025_BTC_e0.0125_x0.0025", "return1": 18.975425245166665, "return3": 17.113905056760004, "minute_DD3": 14.389317996951668}
{"completed": "asym_2025_BTC_e0.0125_x0.005", "return1": 18.975425245166665, "return3": 17.113905056760004, "minute_DD3": 14.389317996951668}
{"completed": "asym_2025_BTC_e0.0125_x0.0075", "return1": 14.910309308166681, "return3": 13.116434162826662, "minute_DD3": 16.135608415068013}
{"completed": "asym_2025_BTC_e0.015_x0.0025", "return1": 18.975425245166665, "return3": 17.113905056760004, "minute_DD3": 14.389317996951668}
{"completed": "asym_2025_BTC_e0.015_x0.005", "return1": 18.975425245166665, "return3": 17.113905056760004, "minute_DD3": 14.389317996951668}
{"completed": "asym_2025_BTC_e0.015_x0.0075", "return1": 14.910309308166681, "return3": 13.116434162826662, "minute_DD3": 16.135608415068013}
{"completed": "asym_2025_BTC_e0.02_x0.0025", "return1": 11.19908819872666, "return3": 9.47310369162, "minute_DD3": 14.391475882662618}
{"completed": "asym_2025_BTC_e0.02_x0.005", "return1": 11.19908819872666, "return3": 9.47310369162, "minute_DD3": 14.391475882662618}
{"completed": "asym_2025_BTC_e0.02_x0.0075", "return1": 7.404091627226661, "return3": 5.734480895726657, "minute_DD3": 16.1398702041197}
{"completed": "asym_2025_ETH_e0.0125_x0.0025", "return1": 87.8425951528, "return3": 84.87837930139999, "minute_DD3": 24.29599359727931}
{"completed": "asym_2025_ETH_e0.0125_x0.005", "return1": 94.30891422740002, "return3": 92.295136403, "minute_DD3": 26.062917207378366}
{"completed": "asym_2025_ETH_e0.0125_x0.0075", "return1": 94.30891422740002, "return3": 92.295136403, "minute_DD3": 26.062917207378366}
{"completed": "asym_2025_ETH_e0.015_x0.0025", "return1": 87.8425951528, "return3": 84.87837930139999, "minute_DD3": 24.29599359727931}
{"completed": "asym_2025_ETH_e0.015_x0.005", "return1": 94.30891422740002, "return3": 92.295136403, "minute_DD3": 26.062917207378366}
{"completed": "asym_2025_ETH_e0.015_x0.0075", "return1": 94.30891422740002, "return3": 92.295136403, "minute_DD3": 26.062917207378366}
{"completed": "asym_2025_ETH_e0.02_x0.0025", "return1": 87.8425951528, "return3": 84.87837930139999, "minute_DD3": 24.29599359727931}
{"completed": "asym_2025_ETH_e0.02_x0.005", "return1": 94.30891422740002, "return3": 92.295136403, "minute_DD3": 26.062917207378366}
{"completed": "asym_2025_ETH_e0.02_x0.0075", "return1": 94.30891422740002, "return3": 92.295136403, "minute_DD3": 26.062917207378366}
{"completed": "asym_2025_combo_e0.0125_x0.0025_btc0.75", "return1": 36.19221772207499, "return3": 34.055023617920014, "minute_DD3": 13.086433894288053}
{"completed": "asym_2025_combo_e0.0125_x0.005_btc0.75", "return1": 37.80879749072501, "return3": 35.90921289332001, "minute_DD3": 14.556625343449658}
{"completed": "asym_2025_combo_e0.0125_x0.0075_btc0.75", "return1": 34.75996053797501, "return3": 32.911109722869995, "minute_DD3": 14.556625343449658}
{"completed": "asym_2025_combo_e0.015_x0.0025_btc0.75", "return1": 36.19221772207499, "return3": 34.055023617920014, "minute_DD3": 13.086433894288053}
{"completed": "asym_2025_combo_e0.015_x0.005_btc0.75", "return1": 37.80879749072501, "return3": 35.90921289332001, "minute_DD3": 14.556625343449658}
{"completed": "asym_2025_combo_e0.015_x0.0075_btc0.75", "return1": 34.75996053797501, "return3": 32.911109722869995, "minute_DD3": 14.556625343449658}
{"completed": "asym_2025_combo_e0.02_x0.0025_btc0.75", "return1": 30.35996493724502, "return3": 28.32442259406498, "minute_DD3": 13.200602555172114}
{"completed": "asym_2025_combo_e0.02_x0.005_btc0.75", "return1": 31.976544705894995, "return3": 30.178611869465, "minute_DD3": 14.749006106963225}
{"completed": "asym_2025_combo_e0.02_x0.0075_btc0.75", "return1": 29.13029727727001, "return3": 27.37464477254501, "minute_DD3": 14.749006106963225}
{"completed": "asym_2026_BTC_e0.0125_x0.0025", "return1": 19.238117490293337, "return3": 17.38146257001334, "minute_DD3": 14.343722379535128}
{"completed": "asym_2026_BTC_e0.0125_x0.005", "return1": 19.238117490293337, "return3": 17.38146257001334, "minute_DD3": 14.343722379535128}
{"completed": "asym_2026_BTC_e0.0125_x0.0075", "return1": 19.238117490293337, "return3": 17.38146257001334, "minute_DD3": 14.343722379535128}
{"completed": "asym_2026_BTC_e0.015_x0.0025", "return1": 19.238117490293337, "return3": 17.38146257001334, "minute_DD3": 14.343722379535128}
{"completed": "asym_2026_BTC_e0.015_x0.005", "return1": 19.238117490293337, "return3": 17.38146257001334, "minute_DD3": 14.343722379535128}
{"completed": "asym_2026_BTC_e0.015_x0.0075", "return1": 19.238117490293337, "return3": 17.38146257001334, "minute_DD3": 14.343722379535128}
{"completed": "asym_2026_BTC_e0.02_x0.0025", "return1": 10.930324877146669, "return3": 9.200697945746672, "minute_DD3": 14.267817098130775}
{"completed": "asym_2026_BTC_e0.02_x0.005", "return1": 10.930324877146669, "return3": 9.200697945746672, "minute_DD3": 14.267817098130775}
{"completed": "asym_2026_BTC_e0.02_x0.0075", "return1": 10.930324877146669, "return3": 9.200697945746672, "minute_DD3": 14.267817098130775}
{"completed": "asym_2026_ETH_e0.0125_x0.0025", "return1": 28.80476091359998, "return3": 26.79282896120001, "minute_DD3": 16.09623613511285}
{"completed": "asym_2026_ETH_e0.0125_x0.005", "return1": 28.80476091359998, "return3": 26.79282896120001, "minute_DD3": 16.09623613511285}
{"completed": "asym_2026_ETH_e0.0125_x0.0075", "return1": 28.80476091359998, "return3": 26.79282896120001, "minute_DD3": 16.09623613511285}
{"completed": "asym_2026_ETH_e0.015_x0.0025", "return1": 34.3124342688, "return3": 32.915049251999996, "minute_DD3": 16.09438786261658}
{"completed": "asym_2026_ETH_e0.015_x0.005", "return1": 34.3124342688, "return3": 32.915049251999996, "minute_DD3": 16.09438786261658}
{"completed": "asym_2026_ETH_e0.015_x0.0075", "return1": 34.3124342688, "return3": 32.915049251999996, "minute_DD3": 16.09438786261658}
{"completed": "asym_2026_ETH_e0.02_x0.0025", "return1": 34.3124342688, "return3": 32.915049251999996, "minute_DD3": 16.09438786261658}
{"completed": "asym_2026_ETH_e0.02_x0.005", "return1": 34.3124342688, "return3": 32.915049251999996, "minute_DD3": 16.09438786261658}
{"completed": "asym_2026_ETH_e0.02_x0.0075", "return1": 34.3124342688, "return3": 32.915049251999996, "minute_DD3": 16.09438786261658}
{"completed": "asym_2026_combo_e0.0125_x0.0025_btc0.75", "return1": 21.629778346119988, "return3": 19.73430416780999, "minute_DD3": 13.488220077876733}
{"completed": "asym_2026_combo_e0.0125_x0.005_btc0.75", "return1": 21.629778346119988, "return3": 19.73430416780999, "minute_DD3": 13.488220077876733}
{"completed": "asym_2026_combo_e0.0125_x0.0075_btc0.75", "return1": 21.629778346119988, "return3": 19.73430416780999, "minute_DD3": 13.488220077876733}
{"completed": "asym_2026_combo_e0.015_x0.0025_btc0.75", "return1": 23.006696684920016, "return3": 21.264859240510003, "minute_DD3": 13.457301672689114}
{"completed": "asym_2026_combo_e0.015_x0.005_btc0.75", "return1": 23.006696684920016, "return3": 21.264859240510003, "minute_DD3": 13.457301672689114}
{"completed": "asym_2026_combo_e0.015_x0.0075_btc0.75", "return1": 23.006696684920016, "return3": 21.264859240510003, "minute_DD3": 13.457301672689114}
{"completed": "asym_2026_combo_e0.02_x0.0025_btc0.75", "return1": 16.775852225059996, "return3": 15.12928577231001, "minute_DD3": 13.179370653526679}
{"completed": "asym_2026_combo_e0.02_x0.005_btc0.75", "return1": 16.775852225059996, "return3": 15.12928577231001, "minute_DD3": 13.179370653526679}
{"completed": "asym_2026_combo_e0.02_x0.0075_btc0.75", "return1": 16.775852225059996, "return3": 15.12928577231001, "minute_DD3": 13.179370653526679}
PASS:all162 scene archives,full minute NAV and frozen report exactly reproduced;ledger unchanged
{"passed": true, "actual_scenes_audited": 162, "NAV_points_audited": 42019884, "Decimal_asymmetric_SMA_causal_decisions": 19440, "Decimal_fills_independently_checked": 576, "real_minute_data_hashes": 4, "report_sha256": "fc70394b4bb762d36d0d871cff1392eed944c72ddf38c77f810acdc9e273b4f5", "forward_plan_unchanged": true, "pandas_version": "2.2.3"}
{"passed": true, "forward_scenes": 9, "new_closed_marks_per_asset": 240, "cumulative_minutes": 579, "prior_NAV_prefix_and_positions_unchanged": true, "new_executions": 0, "report_sha256": "c79f6c625b494aa79cc26501ed70adf61b6a061112cc127423447886f386cbfb"}
PASS: new parameters/weights and missing-result retries are allowed; exact/reordered completed trials stay blocked
