asym_2025_BTC_e0.0125_x0.0025 0 ddbad5cf15397fb43ee44e3c05e4484bacdca65464fb42ec1ef515ec37d5b96a
asym_2025_BTC_e0.0125_x0.005 0 c15fe321f4121262b83a01eaad2dbb289f55d101269238e8628abded0302e772
asym_2025_BTC_e0.0125_x0.0075 0 4ef57d252a4e6f4675b61451bc34b0ae69b8a45c3804803cbabfb5ee88777e6f
asym_2025_BTC_e0.015_x0.0025 0 b402b6a7f3182316b02c2d4c8dd2ae9c8426bf83153c1f10c8e786076254d805
asym_2025_BTC_e0.015_x0.005 0 f675925333481c3fcc696541af454460596c13a47ec797b505299c66400a775f
asym_2025_BTC_e0.015_x0.0075 0 4eac3a1bd9d39b392f2f61877175a53b28c21a71d8d806ee9ca31cfe6059e5df
asym_2025_BTC_e0.02_x0.0025 0 23cd2a10a2fc998c4a9cd8fae20323f0a28c059ac421cca58bcfada1fd671ae7
asym_2025_BTC_e0.02_x0.005 0 c2c5637791dd5d9d85505a2551cde2368696e33d4a6b38e5fb42d1bac580a5ea
asym_2025_BTC_e0.02_x0.0075 0 bda9cf7c7c8cc24f9d5529fc585f43acb2ec40703eff07359012574b8ebbbaa6
asym_2025_ETH_e0.0125_x0.0025 0 193b50d6f5838f4d8f57027594c6b33e0fb1462f551f71c0ff35eeb6c0c74161
asym_2025_ETH_e0.0125_x0.005 0 2b2510c300aa0e2380f56ce889b6c10cabc15c06f5b697e4b577f33d0a1e969c
asym_2025_ETH_e0.0125_x0.0075 0 defb5b79769ef12014b5a143b76c3a7612e8f8729d489ba71d0619ca9e28dfbe
asym_2025_ETH_e0.015_x0.0025 0 eb450bb2ec20e8ddc213a4da02d50ee161574ffd2eaade9dfe51fc5afb9c0047
asym_2025_ETH_e0.015_x0.005 0 34cc2ff38238d5a1c36159cbf342e0af714e57087abcb32022d808274bc5d7c2
asym_2025_ETH_e0.015_x0.0075 0 c7bf63c9b97c1ec2c4a97cf28a74dd58aeb42ced233f61f781c02a9dedf44d23
asym_2025_ETH_e0.02_x0.0025 0 3291419c6132e94c4425e4d0c8166bd70f41a4f8c4fa871d490567fe5fdd558e
asym_2025_ETH_e0.02_x0.005 0 c88dd729ce7331e5ab8b4d1235624ae9208b0a9c6ab616b189e5c526f849721b
asym_2025_ETH_e0.02_x0.0075 0 1cbf44266f07aa8211e11872352f3777e9fe92af072976566f5e66e336895b8e
asym_2025_combo_e0.0125_x0.0025_btc0.75 0 290bfb981f278ebf12a4673bbc1992022d7030c0674169a5a28a43a1f1ec3a65
asym_2025_combo_e0.0125_x0.005_btc0.75 0 e975e2599113feb8045979c1a3bce21fa6805d26f1daff54ad1016e4d2e45b81
asym_2025_combo_e0.0125_x0.0075_btc0.75 0 dcded9b19f61ad69d4c49629d930b5de02132e720b0cce96e981880310a7b14a
asym_2025_combo_e0.015_x0.0025_btc0.75 0 c3d68bb2543e05005fcc829b895993a194dd3a001ebe163f612ac32afc31d932
asym_2025_combo_e0.015_x0.005_btc0.75 0 b84dbeda732a63b2ae9e0b1d0ab67648bd07a3123ac48143635757cdba334fc6
asym_2025_combo_e0.015_x0.0075_btc0.75 0 0c5ad6562cf4d97c43d8dfb8b54de0b6a7a8feb736122cc4094ce3372a87794a
asym_2025_combo_e0.02_x0.0025_btc0.75 0 3949c2988908f6a1059d359f85ba1f7068e4cc5010998cfd54d400ba31ca77f2
asym_2025_combo_e0.02_x0.005_btc0.75 0 ff0fa73a042afa312c11372b5988be1eb9a638936f5f7e8e54f2325622a59f64
asym_2025_combo_e0.02_x0.0075_btc0.75 0 823f3b85c4009f1a01552748ead3231cd207513606a8b5d9c2c1fd41a57c583d
asym_2026_BTC_e0.0125_x0.0025 0 b45deaadf505fbb1c7314477d672d0240621c1839a6074f82dbe76869044a9d8
asym_2026_BTC_e0.0125_x0.005 0 d139e1004d07c84636c310991479f8f7647af6c0ef4b988e8214d74e23440b5b
asym_2026_BTC_e0.0125_x0.0075 0 1086db6897e2a27ca0583036f4e3887bcef3ec410c8783d84abc79f51d3645d2
asym_2026_BTC_e0.015_x0.0025 0 6692e8aedd4a5a580926b458fba64bcb3ef639689abc30858ef03034748853a4
asym_2026_BTC_e0.015_x0.005 0 11605af1634b6a583d559c58e5d3925909167f7cbd3d618666579197413c1c3f
asym_2026_BTC_e0.015_x0.0075 0 6af47f4f327d408744bf86bc8e7d10f9a855f1e7720baff1b85c0964f5a7223b
asym_2026_BTC_e0.02_x0.0025 0 b894a935562081da7041d3e4912fce9eaf7dcb0a63c803a7989dc7faf2f7bc8a
asym_2026_BTC_e0.02_x0.005 0 435d260c2665286c688f5a926e2e7b83dcb84e872486e2bd4d1fc411ce6fe20c
asym_2026_BTC_e0.02_x0.0075 0 2ef36e8dcb3b428bdfa904951e1fc56032b91070c302cf56e922f61e17a4c194
asym_2026_ETH_e0.0125_x0.0025 0 523dbcbb55b9ac3342c038ea5f3d4574bd9d79cec0c365a6f0bb8f4cfdec84ef
asym_2026_ETH_e0.0125_x0.005 0 6373ebb65e7881237288461eec12e6fd0f1f2d2a852b5111c398202d6ece220b
asym_2026_ETH_e0.0125_x0.0075 0 562bfb2ff33080a3b6bf3bfa368f75737737ac749f82f2dd3eb3caf73d013ed1
asym_2026_ETH_e0.015_x0.0025 0 9e25ecef47e697ca65e80089e4de95e5f111723d1670c7c740bf2220df66d45f
asym_2026_ETH_e0.015_x0.005 0 290dd86ace6fbb0804e135b757f584932ef95faa72dc5d720f4b646785c06a8f
asym_2026_ETH_e0.015_x0.0075 0 21e1b97c98104ef4d262d36ab7de152e398053bbecd5d420667be8b311a5e106
asym_2026_ETH_e0.02_x0.0025 0 0b93c205c75a1e2e24b1fa5c300606c87f8a460ed8c6d1468afb2aff3c4dd61b
asym_2026_ETH_e0.02_x0.005 0 a40dd26279d3455aaacca6c8f4fe32488f636852b78f70227cb5615d5e5127e7
asym_2026_ETH_e0.02_x0.0075 0 0c2a56994f321f2227a28c1be6f658104557eb645a9ac52247b26ab080c17293
asym_2026_combo_e0.0125_x0.0025_btc0.75 0 3eab377839c7e460adfee4d1e8aaebcd74cdd2c71bb8b761b16adde92aa45ab9
asym_2026_combo_e0.0125_x0.005_btc0.75 0 bb1ae906b0899c6d928053763c576dc3ca26088ed3112dcd20724a47a42d426a
asym_2026_combo_e0.0125_x0.0075_btc0.75 0 c4633307e2dea49bb44b66893f90b41586374fa6293eef4128d83b7495a19324
asym_2026_combo_e0.015_x0.0025_btc0.75 0 a46783aaf7b2a42403e93e005aceba100840ebba807a1857f879765ab49dac07
asym_2026_combo_e0.015_x0.005_btc0.75 0 27d72efb68a1f80222d7684b61d9857ce442d88ce176a55816abe361d60dd86f
asym_2026_combo_e0.015_x0.0075_btc0.75 0 4e3e39a6e48d67fe2a3d0a8e8c02a7c96b8309063f8aba5b423dcaedb84c31e0
asym_2026_combo_e0.02_x0.0025_btc0.75 0 74c7c58699b62d36d5ff97c4a4d186a34d0d9618fd04ecde88679845561b004b
asym_2026_combo_e0.02_x0.005_btc0.75 0 dd7e61cc15352250c86d5b3fb8e8aa4464db75d21758f91a02d75f9ef1c1b819
asym_2026_combo_e0.02_x0.0075_btc0.75 0 040060075bfe183308fe5f1fbdd88ac36923fb7e376b7516f27884c7de541c96
forward_snapshot_BTC 0 93d08ca880c115da00ab0728b98e12ecc98b1b85578e696cbc06c2cc73df6fec
forward_snapshot_ETH 0 b25bfb97025374678ce532154b7010dc4227a51ea333dd29c763a831408da9fc
forward_snapshot_combo 0 673e1b9f22ff0f665c3be0a31a4ec926a3ddf8773ebff26ce4535815fa8f77cf
PASS:54 asymmetric configurations and3 continuous cutoff configurations reserved before any calculation
