PASS:all9 cumulative forward scenes exactly reproduced including1992point prefix/time axis and nextstate;noHTTP or ledger write
{"completed": "filtered_alloc_2025_BTC_e10_s50_c600", "return1": 20.628620996649992, "return3": 18.750353867299996, "minute_DD3": 12.404498567790744}
{"completed": "filtered_alloc_2025_BTC_e10_s50_c900", "return1": 20.630668617088887, "return3": 18.761041008988897, "minute_DD3": 12.412646306992992}
READ_ONLY_RESULT:filtered_alloc_2025_BTC_e10_s50_c1200
{"completed": "filtered_alloc_2025_BTC_e15_s50_c600", "return1": 19.553120552533333, "return3": 17.691370184883336, "minute_DD3": 13.182153311421219}
{"completed": "filtered_alloc_2025_BTC_e15_s50_c900", "return1": 19.55469034881112, "return3": 17.706638942233344, "minute_DD3": 13.193208751858998}
READ_ONLY_RESULT:filtered_alloc_2025_BTC_e15_s50_c1200
{"completed": "filtered_alloc_2025_BTC_e20_s50_c600", "return1": 18.479602908466664, "return3": 16.634649557349988, "minute_DD3": 12.121360566711791}
{"completed": "filtered_alloc_2025_BTC_e20_s50_c900", "return1": 18.47851581500002, "return3": 16.64614620004443, "minute_DD3": 12.130713596371878}
READ_ONLY_RESULT:filtered_alloc_2025_BTC_e20_s50_c1200
{"completed": "filtered_alloc_2025_ETH_e10_s50_c1400", "return1": 96.86204405285714, "return3": 94.7885909172857, "minute_DD3": 20.24941122971322}
{"completed": "filtered_alloc_2025_ETH_e10_s50_c1100", "return1": 96.86465074654545, "return3": 94.79301700354546, "minute_DD3": 20.24964420529014}
READ_ONLY_RESULT:filtered_alloc_2025_ETH_e10_s50_c800
{"completed": "filtered_alloc_2025_ETH_e15_s50_c1400", "return1": 96.86204405285714, "return3": 94.7885909172857, "minute_DD3": 20.24941122971322}
{"completed": "filtered_alloc_2025_ETH_e15_s50_c1100", "return1": 96.86465074654545, "return3": 94.79301700354546, "minute_DD3": 20.24964420529014}
READ_ONLY_RESULT:filtered_alloc_2025_ETH_e15_s50_c800
{"completed": "filtered_alloc_2025_ETH_e20_s50_c1400", "return1": 95.40898756335716, "return3": 93.36012034707142, "minute_DD3": 20.834471971582325}
{"completed": "filtered_alloc_2025_ETH_e20_s50_c1100", "return1": 95.42273160654544, "return3": 93.36096358227273, "minute_DD3": 20.834176543104952}
READ_ONLY_RESULT:filtered_alloc_2025_ETH_e20_s50_c800
{"completed": "filtered_alloc_2025_combo_e10_s50_btc0.3", "return1": 73.99201713599498, "return3": 71.97711980229, "minute_DD3": 16.959018078247002}
{"completed": "filtered_alloc_2025_combo_e10_s50_btc0.45", "return1": 62.55935878829, "return3": 60.57862780599501, "minute_DD3": 15.288321444765208}
READ_ONLY_RESULT:filtered_alloc_2025_combo_e10_s50_btc0.6
{"completed": "filtered_alloc_2025_combo_e15_s50_btc0.3", "return1": 73.66936700276001, "return3": 71.65942469756502, "minute_DD3": 17.195107695240917}
{"completed": "filtered_alloc_2025_combo_e15_s50_btc0.45", "return1": 62.07516856756499, "return3": 60.104146875955, "minute_DD3": 15.645054918830525}
READ_ONLY_RESULT:filtered_alloc_2025_combo_e15_s50_btc0.6
{"completed": "filtered_alloc_2025_combo_e20_s50_btc0.3", "return1": 72.33017216689, "return3": 70.34247911015501, "minute_DD3": 17.749379405542054}
{"completed": "filtered_alloc_2025_combo_e20_s50_btc0.45", "return1": 60.79783450034999, "return3": 58.839295760269984, "minute_DD3": 16.183147207341776}
READ_ONLY_RESULT:filtered_alloc_2025_combo_e20_s50_btc0.6
{"completed": "filtered_alloc_2026_BTC_e10_s50_c600", "return1": 10.494111642266656, "return3": 8.777714211949995, "minute_DD3": 14.589119558846031}
{"completed": "filtered_alloc_2026_BTC_e10_s50_c900", "return1": 10.509010532855555, "return3": 8.787706221077784, "minute_DD3": 14.595763356432434}
READ_ONLY_RESULT:filtered_alloc_2026_BTC_e10_s50_c1200
{"completed": "filtered_alloc_2026_BTC_e15_s50_c600", "return1": 10.494111642266656, "return3": 8.777714211949995, "minute_DD3": 14.589119558846031}
{"completed": "filtered_alloc_2026_BTC_e15_s50_c900", "return1": 10.509010532855555, "return3": 8.787706221077784, "minute_DD3": 14.595763356432434}
READ_ONLY_RESULT:filtered_alloc_2026_BTC_e15_s50_c1200
{"completed": "filtered_alloc_2026_BTC_e20_s50_c600", "return1": 10.494111642266656, "return3": 8.777714211949995, "minute_DD3": 14.589119558846031}
{"completed": "filtered_alloc_2026_BTC_e20_s50_c900", "return1": 10.509010532855555, "return3": 8.787706221077784, "minute_DD3": 14.595763356432434}
READ_ONLY_RESULT:filtered_alloc_2026_BTC_e20_s50_c1200
{"completed": "filtered_alloc_2026_ETH_e10_s50_c1400", "return1": 29.08492929435713, "return3": 27.73350638221428, "minute_DD3": 14.508074204275356}
{"completed": "filtered_alloc_2026_ETH_e10_s50_c1100", "return1": 29.084818033090908, "return3": 27.733883439272745, "minute_DD3": 14.505578536090901}
READ_ONLY_RESULT:filtered_alloc_2026_ETH_e10_s50_c800
{"completed": "filtered_alloc_2026_ETH_e15_s50_c1400", "return1": 29.08492929435713, "return3": 27.73350638221428, "minute_DD3": 14.508074204275356}
{"completed": "filtered_alloc_2026_ETH_e15_s50_c1100", "return1": 29.084818033090908, "return3": 27.733883439272745, "minute_DD3": 14.505578536090901}
READ_ONLY_RESULT:filtered_alloc_2026_ETH_e15_s50_c800
{"completed": "filtered_alloc_2026_ETH_e20_s50_c1400", "return1": 29.08492929435713, "return3": 27.73350638221428, "minute_DD3": 14.508074204275356}
{"completed": "filtered_alloc_2026_ETH_e20_s50_c1100", "return1": 29.084818033090908, "return3": 27.733883439272745, "minute_DD3": 14.505578536090901}
READ_ONLY_RESULT:filtered_alloc_2026_ETH_e20_s50_c800
{"completed": "filtered_alloc_2026_combo_e10_s50_btc0.3", "return1": 23.507683998730002, "return3": 22.046768731134982, "minute_DD3": 12.677044752580692}
{"completed": "filtered_alloc_2026_combo_e10_s50_btc0.45", "return1": 20.725704657984977, "return3": 19.20810369108501, "minute_DD3": 12.896501656812088}
READ_ONLY_RESULT:filtered_alloc_2026_combo_e10_s50_btc0.6
{"completed": "filtered_alloc_2026_combo_e15_s50_btc0.3", "return1": 23.507683998730002, "return3": 22.046768731134982, "minute_DD3": 12.677044752580692}
{"completed": "filtered_alloc_2026_combo_e15_s50_btc0.45", "return1": 20.725704657984977, "return3": 19.20810369108501, "minute_DD3": 12.896501656812088}
READ_ONLY_RESULT:filtered_alloc_2026_combo_e15_s50_btc0.6
{"completed": "filtered_alloc_2026_combo_e20_s50_btc0.3", "return1": 23.507683998730002, "return3": 22.046768731134982, "minute_DD3": 12.677044752580692}
{"completed": "filtered_alloc_2026_combo_e20_s50_btc0.45", "return1": 20.725704657984977, "return3": 19.20810369108501, "minute_DD3": 12.896501656812088}
READ_ONLY_RESULT:filtered_alloc_2026_combo_e20_s50_btc0.6
PASS:all108 NEW scenes exactly reproduced and54 EXISTING scenes read-only verified;full54-cell report reproduced;ledger unchanged
{"passed": true, "all_scenes_audited": 162, "new_scenes": 108, "existing_scenes_read_only_audited": 54, "current_or_future_close_perturbations": 72, "NAV_points_audited": 42019884, "joint_channel_pandasEMA_causal_decisions": 19440, "Decimal_fills_independently_checked": 540, "new_actual_fills": 360, "real_minute_data_hashes": 4, "report_sha256": "a0aeaf3a3c4b5304fd15fbd3dc03badcb00917df384fb809ea1d3c288c0e7bb2", "forward_plan_unchanged": true, "pandas_version": "2.2.3"}
{"passed": true, "forward_scenes": 9, "new_closed_marks_per_asset": 240, "cumulative_minutes": 1989, "complete_days": 1, "NAV_points_per_scene": 1992, "original_NAV_prefix": 1752, "new_daily_decisions": 0, "new_reference_points": 0, "new_executions": 0, "original_cash_units_desired_trades_costs_unchanged": true, "next_daily_decision_utc": "2026-10-04T00:01:00Z", "report_sha256": "b5126a9b79bc3db202bcb3c6a291801c8e5d75ba90836f02d275382845d4a923"}
PASS: new parameters/weights and missing-result retries are allowed; exact/reordered completed trials stay blocked
