filtered_alloc_2025_BTC_e10_s50_c600 0 c12119699fbe8bc9d1ac09da676fc7741b9e97a060801026b501175084a1f500
filtered_alloc_2025_BTC_e10_s50_c900 0 e57efdd0ebd45b139451a632a3ca9c2e84d498174ba5cdb9933b65831c345a64
READ_ONLY_EXACT filtered_alloc_2025_BTC_e10_s50_c1200
filtered_alloc_2025_BTC_e15_s50_c600 0 b9dd093d7a17e92f7aad35fd3503e4cc9fd70a2a23f8315d7c34cb3c7ff03591
filtered_alloc_2025_BTC_e15_s50_c900 0 2448e22c2ed38d6372225f442215d64055239902019902a027687adad396528e
READ_ONLY_EXACT filtered_alloc_2025_BTC_e15_s50_c1200
filtered_alloc_2025_BTC_e20_s50_c600 0 116ae38cf823f1b8fdbbb254f54562a8425a6384189373cce2dbd790bb6de395
filtered_alloc_2025_BTC_e20_s50_c900 0 5db5af771fc528a4e1e22482d15732f1260681ef2fbfff94fc64c9313a61e3b4
READ_ONLY_EXACT filtered_alloc_2025_BTC_e20_s50_c1200
filtered_alloc_2025_ETH_e10_s50_c1400 0 0e79f19303ce17e574ea785e0e36d572275bedd46362cdd5baa3041362e0dfdf
filtered_alloc_2025_ETH_e10_s50_c1100 0 bcc8c44b1fb6feb44e2d133520e1c30711ca37cc281f7429897dae7f38926a26
READ_ONLY_EXACT filtered_alloc_2025_ETH_e10_s50_c800
filtered_alloc_2025_ETH_e15_s50_c1400 0 e0b162830775c5fe1cb49321ad854d8a1ed66a5145a2b990cfe742e7e7520607
filtered_alloc_2025_ETH_e15_s50_c1100 0 a86a4af2ecb2b9fc63139ebbeff2b25642ebb22d6c87f8ee6fbbc95f12a2ae01
READ_ONLY_EXACT filtered_alloc_2025_ETH_e15_s50_c800
filtered_alloc_2025_ETH_e20_s50_c1400 0 0b566699e9f1ed6b98b3bc9317d0cc9db2c4d3da9e5faa6e3328caad47c17f89
filtered_alloc_2025_ETH_e20_s50_c1100 0 f3e1e8d3cffe1d4b097836ba3985e86d8fe53db533abe7564eb40d1f82673639
READ_ONLY_EXACT filtered_alloc_2025_ETH_e20_s50_c800
filtered_alloc_2025_combo_e10_s50_btc0.3 0 502cf8e0074fd95473adcde6d9f494e21e11a049584f695d161caa17929a6656
filtered_alloc_2025_combo_e10_s50_btc0.45 0 6ad553b505e42d8b77b51de94ca26aa54c76e1a80076004e2f256618f38a93eb
READ_ONLY_EXACT filtered_alloc_2025_combo_e10_s50_btc0.6
filtered_alloc_2025_combo_e15_s50_btc0.3 0 651f3f9f101f8dd7ae7ff15e7b3a9c9d221fc7b2c888827ad26ec82394389932
filtered_alloc_2025_combo_e15_s50_btc0.45 0 bbe80c67dc727500af06fd94a0841275b9fbc877154a3e79b47660459128305d
READ_ONLY_EXACT filtered_alloc_2025_combo_e15_s50_btc0.6
filtered_alloc_2025_combo_e20_s50_btc0.3 0 19bbd12e8844461e5f224ebda02197d6ead70b394a22195640fe70c24385f0b5
filtered_alloc_2025_combo_e20_s50_btc0.45 0 6d6826d98deaa70a56ab084fa8f9fa9deb4229ad1af558abeeb186032fcb59b8
READ_ONLY_EXACT filtered_alloc_2025_combo_e20_s50_btc0.6
filtered_alloc_2026_BTC_e10_s50_c600 0 838b97a0b9a53cc6ffe7d5a4d851dfa8dea2efa60985493dbe383ef3442ada14
filtered_alloc_2026_BTC_e10_s50_c900 0 6db6addbcc1534d84b4e4f16ac325431a154dbd6b3edad01bd323fac36a419cd
READ_ONLY_EXACT filtered_alloc_2026_BTC_e10_s50_c1200
filtered_alloc_2026_BTC_e15_s50_c600 0 e37356cc8c744df117a5aa5f3bdf9a8f3d0bde9311ac417fa3a9d99682beecb5
filtered_alloc_2026_BTC_e15_s50_c900 0 20476ed0ad000c98a8dae887835c6e63f131f02bad854b895df2db5261c3f23d
READ_ONLY_EXACT filtered_alloc_2026_BTC_e15_s50_c1200
filtered_alloc_2026_BTC_e20_s50_c600 0 22043359e09fce07696cdecf8814b3138ccdc2c3a710170fc880fe9754ea8a71
filtered_alloc_2026_BTC_e20_s50_c900 0 b932e8b426235b6edb528a58917e17bba36dd07d68eb7b1f2440c62beb8c9bb3
READ_ONLY_EXACT filtered_alloc_2026_BTC_e20_s50_c1200
filtered_alloc_2026_ETH_e10_s50_c1400 0 c79574151f4a5af1dd932d795f3f85f06a091846507873fa49487821bcb433a0
filtered_alloc_2026_ETH_e10_s50_c1100 0 9b4da6a3305f338c1d5491efbcdb1b2133c1b8cf28a2d88a2d2f32e459d5ecdc
READ_ONLY_EXACT filtered_alloc_2026_ETH_e10_s50_c800
filtered_alloc_2026_ETH_e15_s50_c1400 0 2ac15b6cb93e2fffd865dc7e3c1817a90dc503c1296619fbecfcb1390757acb5
filtered_alloc_2026_ETH_e15_s50_c1100 0 c748e9800fd6bc8d4c1a965515e7140b838860bf331927acbf541faf3b72b68c
READ_ONLY_EXACT filtered_alloc_2026_ETH_e15_s50_c800
filtered_alloc_2026_ETH_e20_s50_c1400 0 5fb010670715eec74538956943a165b251164b85ba6e4558e1334fb086e9b34e
filtered_alloc_2026_ETH_e20_s50_c1100 0 3a56319df87b885c4a1e4cca7f48ea948350ed135ff4b3ce39651e03709738d2
READ_ONLY_EXACT filtered_alloc_2026_ETH_e20_s50_c800
filtered_alloc_2026_combo_e10_s50_btc0.3 0 42dd97befd7f291c9b84453ad6b17988f24422d8e1c694dcef779cef886fa873
filtered_alloc_2026_combo_e10_s50_btc0.45 0 c2ba9892bbd081c1fdc8ed44ec1fc9e80ac45928cb4862beeb4face25a481c49
READ_ONLY_EXACT filtered_alloc_2026_combo_e10_s50_btc0.6
filtered_alloc_2026_combo_e15_s50_btc0.3 0 2c63ef0fe6f1e59f175e68ceb1fd37d6d44b5e5ec0e483a06bc5decd569db2c1
filtered_alloc_2026_combo_e15_s50_btc0.45 0 36ba7d10280a233b52202ff758f9a24a9e0905e962aff1a617e7078bd13e4fd1
READ_ONLY_EXACT filtered_alloc_2026_combo_e15_s50_btc0.6
filtered_alloc_2026_combo_e20_s50_btc0.3 0 0dba2b3cbb1ef8872a3f65bb3523736d3c4577f7ebaf87ba0d29a1249378a9b4
filtered_alloc_2026_combo_e20_s50_btc0.45 0 46cdf7e6787b33c782cb2d2b4ddf051bb4955a8619d1bef5cbdd2ef12d2c1e7d
READ_ONLY_EXACT filtered_alloc_2026_combo_e20_s50_btc0.6
forward_snapshot_BTC 0 c3c3e88c1b8ab49315cc9cf0b7767e6c312495302783d3c4b7033a0bd52a9108
forward_snapshot_ETH 0 abd7497cb129f3c38e7dbcf24bad05180e3622ccd332c34f6b19c67e4057fe9e
forward_snapshot_combo 0 f8817b826fe8ab4206e4ca2f68a37b2e87ec95f463bc21250fc4b08fef86cdd7
PASS:36new actual-capital historical and3new cutoff configurations reserved;18existing60/40 exact definitions read-only.
