{"new_backtests": 0, "readonly_scenes_verified": 54, "missing_files_restored": 0}
PASS:all9 cumulative forward scenes exactly reproduced including9667point complete time axis and nextstate;noHTTP or ledger write
READ_ONLY_RESULT:filtered_span_2025_combo_e15_b0.03_x30_s30_btc0.675
{"completed": "mixed_ema_spans_2025_btc30_eth50_e15_x30_b0.03_btc0.675", "return3_pct": 42.21957006054, "minute_DD3_pct": 13.999330157206957}
{"completed": "mixed_ema_spans_2025_btc30_eth70_e15_x30_b0.03_btc0.675", "return3_pct": 42.21957006054, "minute_DD3_pct": 13.999330157206957}
{"completed": "mixed_ema_spans_2025_btc50_eth30_e15_x30_b0.03_btc0.675", "return3_pct": 52.07248786486001, "minute_DD3_pct": 13.94849921059257}
READ_ONLY_RESULT:filtered_band_2025_combo_e15_b0.03_x30_s50_btc0.675
{"completed": "mixed_ema_spans_2025_btc50_eth70_e15_x30_b0.03_btc0.675", "return3_pct": 37.66073542716, "minute_DD3_pct": 13.450209508945488}
{"completed": "mixed_ema_spans_2025_btc70_eth30_e15_x30_b0.03_btc0.675", "return3_pct": 51.43424918906001, "minute_DD3_pct": 13.94849921059257}
{"completed": "mixed_ema_spans_2025_btc70_eth50_e15_x30_b0.03_btc0.675", "return3_pct": 37.02249675136, "minute_DD3_pct": 13.450209508945488}
READ_ONLY_RESULT:filtered_span_2025_combo_e15_b0.03_x30_s70_btc0.675
READ_ONLY_RESULT:filtered_span_2026_combo_e15_b0.03_x30_s30_btc0.675
{"completed": "mixed_ema_spans_2026_btc30_eth50_e15_x30_b0.03_btc0.675", "return3_pct": 22.04533174608001, "minute_DD3_pct": 14.294589533728264}
{"completed": "mixed_ema_spans_2026_btc30_eth70_e15_x30_b0.03_btc0.675", "return3_pct": 19.200416694830015, "minute_DD3_pct": 14.71479541813946}
{"completed": "mixed_ema_spans_2026_btc50_eth30_e15_x30_b0.03_btc0.675", "return3_pct": 20.288201232430005, "minute_DD3_pct": 10.163474401660144}
READ_ONLY_RESULT:filtered_band_2026_combo_e15_b0.03_x30_s50_btc0.675
{"completed": "mixed_ema_spans_2026_btc50_eth70_e15_x30_b0.03_btc0.675", "return3_pct": 14.835169194879994, "minute_DD3_pct": 10.757966412024533}
{"completed": "mixed_ema_spans_2026_btc70_eth30_e15_x30_b0.03_btc0.675", "return3_pct": 18.391569987495004, "minute_DD3_pct": 10.179729707985363}
{"completed": "mixed_ema_spans_2026_btc70_eth50_e15_x30_b0.03_btc0.675", "return3_pct": 15.783453001194992, "minute_DD3_pct": 10.440943244188228}
READ_ONLY_RESULT:filtered_span_2026_combo_e15_b0.03_x30_s70_btc0.675
PASS:all36 NEW mixed-EMA-spans cost scenes exactly reproduced;18 EXISTING scenes read-only verified;full report reproduced;ledger unchanged
{"passed": true, "source_component_scenes_rebuilt": 36, "mixed_channel_cost_scenes_audited": 54, "mixed_channel_NAV_points_audited": 14006628, "report_sha256": "6a51e856ab4580e08b61d90efec1f12db986dede36e3254ff8ed1a09cb553f48", "forward_report_sha256": "5030e12d7699211e4c69b32d73ae2cd392fc3f5b97082df06ef1d131ffd68633", "frozen_forward_plan_unchanged": true}
{"passed": true, "forward_scenes": 9, "new_closed_marks_per_asset": 120, "cumulative_minutes": 9659, "complete_days": 6, "NAV_points_per_scene": 9667, "original_NAV_prefix": 9547, "new_daily_decisions": 0, "new_reference_points": 0, "new_executions": 0, "original_cash_units_desired_trades_costs_unchanged": true, "next_daily_decision_utc": "2026-10-09T00:01:00Z", "report_sha256": "5030e12d7699211e4c69b32d73ae2cd392fc3f5b97082df06ef1d131ffd68633"}
PASS: new parameters/weights and missing-result retries are allowed; exact/reordered completed trials stay blocked
