READ_ONLY_EXACT filtered_span_2025_combo_e15_b0.03_x30_s30_btc0.675
mixed_ema_spans_2025_btc30_eth50_e15_x30_b0.03_btc0.675 0 c8f395afe130247fcbe969fa228d19ffd60058239e56383362df90742a89aa1a
mixed_ema_spans_2025_btc30_eth70_e15_x30_b0.03_btc0.675 0 a35df398a399ea96bf3fffeaef2ce19b6e57d843399ad95a4869eea9c577a614
mixed_ema_spans_2025_btc50_eth30_e15_x30_b0.03_btc0.675 0 95330f4c8fc1a725fe9891f47eda8cbf028e9ce64410c20453d9c3a4423efab3
READ_ONLY_EXACT filtered_band_2025_combo_e15_b0.03_x30_s50_btc0.675
mixed_ema_spans_2025_btc50_eth70_e15_x30_b0.03_btc0.675 0 e81480f309e1b372e9c13420db815560ca02aa889dcec28fc56f9498eff5d50b
mixed_ema_spans_2025_btc70_eth30_e15_x30_b0.03_btc0.675 0 09830b028f843af1a151a301d3fa2353cefc03d6dfaa49eaf4ad0bb1ce3896ca
mixed_ema_spans_2025_btc70_eth50_e15_x30_b0.03_btc0.675 0 30aa8e09af26a1b785acdc66ef42dd5efe2824c4565b4fb9fd657ca08d82991d
READ_ONLY_EXACT filtered_span_2025_combo_e15_b0.03_x30_s70_btc0.675
READ_ONLY_EXACT filtered_span_2026_combo_e15_b0.03_x30_s30_btc0.675
mixed_ema_spans_2026_btc30_eth50_e15_x30_b0.03_btc0.675 0 db87f18f69dc87fdb5f0e554c836c8a5fa78257d522159250a7ec783cf9cdec3
mixed_ema_spans_2026_btc30_eth70_e15_x30_b0.03_btc0.675 0 5e28ed5f5ec7dbac56f07bb1e70e177dde56e3eec09c88f4ebac83f918f64d7a
mixed_ema_spans_2026_btc50_eth30_e15_x30_b0.03_btc0.675 0 9febe365d7da50e12c919c829faddda409b84d634439b37f947e66a59c7b6001
READ_ONLY_EXACT filtered_band_2026_combo_e15_b0.03_x30_s50_btc0.675
mixed_ema_spans_2026_btc50_eth70_e15_x30_b0.03_btc0.675 0 6a554e8910935b78751d227d226ca75e48972be6648f2cb7683e0cf1f2839628
mixed_ema_spans_2026_btc70_eth30_e15_x30_b0.03_btc0.675 0 1d3e9123b0616fc39114e56ba7a5d4a3fb25658204dfa222d27f855c8f754d51
mixed_ema_spans_2026_btc70_eth50_e15_x30_b0.03_btc0.675 0 64998875866fcbe415e6cb3e768d2081d54283f342ea9be410d0dc378614cd7c
READ_ONLY_EXACT filtered_span_2026_combo_e15_b0.03_x30_s70_btc0.675
forward_snapshot_BTC 0 cd685f541ce8e05e50e73e1fe362f5dec76f2e0df202908bc63648d38748148d
forward_snapshot_ETH 0 db80e6257564a911af3dfda24a90e8aae589c181e17a09d27dcb640bbc716360
forward_snapshot_combo 0 09fe6a74c9a4d56cc8d607c4b6e8078cf2c8f2fc4e5c6a6abd6af28ba44917ae
PASS:12new portfolios+3legacy cutoffs reserved;6old diagonals and12funded components read-only.
