filtered_span_2025_BTC_e10_b0.03_x30_s24_c1350 0 efc7b184f281ed63343a89fa6c8ca3728be3b7ce259d9d657a9a3a2ce598fc58
READ_ONLY_EXACT filtered_band_2025_BTC_e10_b0.03_x30_s50_c1350
filtered_span_2025_BTC_e10_b0.03_x30_s76_c1350 0 728c4ee05e1337e9363ca93a6a68e2efe1b6dea06b954931671e3fb6e382cad0
filtered_span_2025_BTC_e15_b0.03_x30_s24_c1350 0 3e6e543f1558938056d35f76326b21d5373649a843a3c0f8ae65560de0eb8914
READ_ONLY_EXACT filtered_band_2025_BTC_e15_b0.03_x30_s50_c1350
filtered_span_2025_BTC_e15_b0.03_x30_s76_c1350 0 00cc358d62ee97e18687c5a7d5e14d00e0cceb0c2e5a823cd182e54078277f27
filtered_span_2025_BTC_e20_b0.03_x30_s24_c1350 0 2f70a32096f94b04c2ef15d18db1d410219a85771a1651c61625b2317a20d83d
READ_ONLY_EXACT filtered_band_2025_BTC_e20_b0.03_x30_s50_c1350
filtered_span_2025_BTC_e20_b0.03_x30_s76_c1350 0 25346a79f92bebba38fad27626bf4024e0f447a277290cae58f2f5378f98166b
filtered_span_2025_ETH_e10_b0.03_x30_s24_c650 0 aea38f46bab040ebc5699dcb378dd8e9507b9b027693304fa3242fed2c185444
READ_ONLY_EXACT filtered_band_2025_ETH_e10_b0.03_x30_s50_c650
filtered_span_2025_ETH_e10_b0.03_x30_s76_c650 0 64cb7615c63535c832f46d523048bcc8229362b3e9c8f5b5fe43d7245b7f2212
filtered_span_2025_ETH_e15_b0.03_x30_s24_c650 0 9afabc1e19a66fc3037d1cdff2e4b15dbc7e50791a02d29d0c85c5ee7dd14d41
READ_ONLY_EXACT filtered_band_2025_ETH_e15_b0.03_x30_s50_c650
filtered_span_2025_ETH_e15_b0.03_x30_s76_c650 0 ef884c654b25f808997fd226008d32d66ea86c91c17d55072c55ca7230457c42
filtered_span_2025_ETH_e20_b0.03_x30_s24_c650 0 257bc05568b34639753ba00f0fe24cffdb3dd8c4eef839e56ce01d32ac717d30
READ_ONLY_EXACT filtered_band_2025_ETH_e20_b0.03_x30_s50_c650
filtered_span_2025_ETH_e20_b0.03_x30_s76_c650 0 cd73be9a4ff48c989ba135a64513fd889e3d467db61a66f958e9c0668813ef1d
filtered_span_2025_combo_e10_b0.03_x30_s24_btc0.675 0 9ee2ec4b5731de531787ad01f3f70d7b5c8205be5a4bcc856c3b81bf00113c3e
READ_ONLY_EXACT filtered_band_2025_combo_e10_b0.03_x30_s50_btc0.675
filtered_span_2025_combo_e10_b0.03_x30_s76_btc0.675 0 d8c5ecc4d599a3270118fba2b79f5be6f70272cef05e70530505c6af43f7a2fc
filtered_span_2025_combo_e15_b0.03_x30_s24_btc0.675 0 5354556c0921e69c4b18408cded56a77248cde0614bec5011b66b026cb05c5f1
READ_ONLY_EXACT filtered_band_2025_combo_e15_b0.03_x30_s50_btc0.675
filtered_span_2025_combo_e15_b0.03_x30_s76_btc0.675 0 56bd8faae46ee3ed2eb103093d9e79a2d078a875744ec6a37bde64a66529938b
filtered_span_2025_combo_e20_b0.03_x30_s24_btc0.675 0 655a0f6ba251dbabb4c1f3b7f7aaf75b98060941c81607713897b9e7533dd571
READ_ONLY_EXACT filtered_band_2025_combo_e20_b0.03_x30_s50_btc0.675
filtered_span_2025_combo_e20_b0.03_x30_s76_btc0.675 0 8cf2242c3edbbabed90725fd1aab1dd4fceb6c761eeacb909cc8645a68460ee4
filtered_span_2026_BTC_e10_b0.03_x30_s24_c1350 0 06265f76589bf002c04fad512543432b52984bb00be0ec35009ea2aedff075dc
READ_ONLY_EXACT filtered_band_2026_BTC_e10_b0.03_x30_s50_c1350
filtered_span_2026_BTC_e10_b0.03_x30_s76_c1350 0 d7663b4c10778f1589639b6a353aba31a72f659cdaf8021e483f5245625c0137
filtered_span_2026_BTC_e15_b0.03_x30_s24_c1350 0 a56ec7a2bef29f3df025d3408c23658057213c75554cf2c5064da3e48ba2003a
READ_ONLY_EXACT filtered_band_2026_BTC_e15_b0.03_x30_s50_c1350
filtered_span_2026_BTC_e15_b0.03_x30_s76_c1350 0 afca5e824bffdbfa937dff0554a89e62667bf9630000ffa5af8349d8c936c966
filtered_span_2026_BTC_e20_b0.03_x30_s24_c1350 0 fa1d466413565fef76b70d795a95e1744da3d19f846b469d871958cdcc085ef0
READ_ONLY_EXACT filtered_band_2026_BTC_e20_b0.03_x30_s50_c1350
filtered_span_2026_BTC_e20_b0.03_x30_s76_c1350 0 94b470c67529e56d5804cfc86855ddee66e9944d31dc8c0fb1642ff39099a9d0
filtered_span_2026_ETH_e10_b0.03_x30_s24_c650 0 a1a6b2b0fc7a6d984f03471cfec9cadd9319df2340470b00413102900aacbfe3
READ_ONLY_EXACT filtered_band_2026_ETH_e10_b0.03_x30_s50_c650
filtered_span_2026_ETH_e10_b0.03_x30_s76_c650 0 9747d49e4c4c25d4316b2f0563b349d6c78f12df4a7391e71c0030dcf01fb300
filtered_span_2026_ETH_e15_b0.03_x30_s24_c650 0 2a1b3081c460aa5ac5238ca6ae304da9c196ab5abc963d179b0fe9235c2f0d65
READ_ONLY_EXACT filtered_band_2026_ETH_e15_b0.03_x30_s50_c650
filtered_span_2026_ETH_e15_b0.03_x30_s76_c650 0 1418aa6a07a9b5caa4b90f24d8690fdf25be7166ed97787349b83d8bfe30bb24
filtered_span_2026_ETH_e20_b0.03_x30_s24_c650 0 e39e95aa190cf06f020cc789363252679b331d1f2080be6a647d9190068f29d8
READ_ONLY_EXACT filtered_band_2026_ETH_e20_b0.03_x30_s50_c650
filtered_span_2026_ETH_e20_b0.03_x30_s76_c650 0 6ef9ec4dedaafb23b833991a7c3d0c5fd7ee32727120ab750db017663e3fa651
filtered_span_2026_combo_e10_b0.03_x30_s24_btc0.675 0 914c9241f0a88c684af02633de4e8934127f911560e091eb1c69b98f9020c620
READ_ONLY_EXACT filtered_band_2026_combo_e10_b0.03_x30_s50_btc0.675
filtered_span_2026_combo_e10_b0.03_x30_s76_btc0.675 0 f07b55020df176b8d7e77aaab4ff9ea5e08c07a5ffc9166740737c49566f6775
filtered_span_2026_combo_e15_b0.03_x30_s24_btc0.675 0 9308dcc72302675ea2ed7331f8206d2479d8fcf99714c24756d4c82b223ef5da
READ_ONLY_EXACT filtered_band_2026_combo_e15_b0.03_x30_s50_btc0.675
filtered_span_2026_combo_e15_b0.03_x30_s76_btc0.675 0 98ac0c3130fdb66013bfc38588d57e110f3ac269c43e8a5d282b56d5f84e35f7
filtered_span_2026_combo_e20_b0.03_x30_s24_btc0.675 0 76f8a2e6a292bf8d266127035639fe0233de03fabe756bb7c9d7273f062160f4
READ_ONLY_EXACT filtered_band_2026_combo_e20_b0.03_x30_s50_btc0.675
filtered_span_2026_combo_e20_b0.03_x30_s76_btc0.675 0 b65ba4361e44efcfc9b02ab411ce1b414a09b3f0a9ba9491b7ad7f811987ec75
forward_snapshot_BTC 0 a9fc531d29d5c83bd6a6048940ec65ea2b772b2baccaf6047e2135ba00b9d789
forward_snapshot_ETH 0 d25f24be43de0f2e4f78913e19b2c4ae07a428ec6df92d9fd84766654410c306
forward_snapshot_combo 0 bc2c75c7682e86374b4a26e790f6b3b041f0a3341159fad50c7109b46fdb39c3
PASS:36new actual-capital historical and3new cutoff configurations reserved;18existing EMAspan50/band3percent exact definitions read-only.
