PASS:all9 cumulative forward scenes exactly reproduced including6435point prefix/time axis and nextstate;noHTTP or ledger write
{"completed": "filtered_span_2025_BTC_e10_b0.03_x30_s24_c1350", "return1": 16.346376881896308, "return3": 15.134710209155555, "minute_DD3": 12.130775550801431}
READ_ONLY_RESULT:filtered_band_2025_BTC_e10_b0.03_x30_s50_c1350
{"completed": "filtered_span_2025_BTC_e10_b0.03_x30_s76_c1350", "return1": 11.938892308451843, "return3": 10.192572313674075, "minute_DD3": 12.410478514961376}
{"completed": "filtered_span_2025_BTC_e15_b0.03_x30_s24_c1350", "return1": 16.346376881896308, "return3": 15.134710209155555, "minute_DD3": 12.130775550801431}
READ_ONLY_RESULT:filtered_band_2025_BTC_e15_b0.03_x30_s50_c1350
{"completed": "filtered_span_2025_BTC_e15_b0.03_x30_s76_c1350", "return1": 10.942414089481467, "return3": 9.21234568964444, "minute_DD3": 13.189577336593661}
{"completed": "filtered_span_2025_BTC_e20_b0.03_x30_s24_c1350", "return1": 16.346376881896308, "return3": 15.134710209155555, "minute_DD3": 12.130775550801431}
READ_ONLY_RESULT:filtered_band_2025_BTC_e20_b0.03_x30_s50_c1350
{"completed": "filtered_span_2025_BTC_e20_b0.03_x30_s76_c1350", "return1": 10.351041916059266, "return3": 8.632786815340744, "minute_DD3": 12.126160323404555}
{"completed": "filtered_span_2025_ETH_e10_b0.03_x30_s24_c650", "return1": 146.40625283446153, "return3": 143.83517139969234, "minute_DD3": 20.248327781680263}
READ_ONLY_RESULT:filtered_band_2025_ETH_e10_b0.03_x30_s50_c650
{"completed": "filtered_span_2025_ETH_e10_b0.03_x30_s76_c650", "return1": 96.85534020923076, "return3": 94.78204126415386, "minute_DD3": 20.245376429741558}
{"completed": "filtered_span_2025_ETH_e15_b0.03_x30_s24_c650", "return1": 146.40625283446153, "return3": 143.83517139969234, "minute_DD3": 20.248327781680263}
READ_ONLY_RESULT:filtered_band_2025_ETH_e15_b0.03_x30_s50_c650
{"completed": "filtered_span_2025_ETH_e15_b0.03_x30_s76_c650", "return1": 96.85534020923076, "return3": 94.78204126415386, "minute_DD3": 20.245376429741558}
{"completed": "filtered_span_2025_ETH_e20_b0.03_x30_s24_c650", "return1": 136.43359568892305, "return3": 133.96100647461543, "minute_DD3": 20.83268977675088}
READ_ONLY_RESULT:filtered_band_2025_ETH_e20_b0.03_x30_s50_c650
{"completed": "filtered_span_2025_ETH_e20_b0.03_x30_s76_c650", "return1": 95.41640795076924, "return3": 93.35297299984614, "minute_DD3": 20.829950329720415}
{"completed": "filtered_span_2025_combo_e10_b0.03_x30_s24_btc0.675", "return1": 58.61583656648, "return3": 56.96236009608, "minute_DD3": 13.071431600252003}
READ_ONLY_RESULT:filtered_band_2025_combo_e10_b0.03_x30_s50_btc0.675
{"completed": "filtered_span_2025_combo_e10_b0.03_x30_s76_btc0.675", "return1": 39.536737876204995, "return3": 37.68414972258001, "minute_DD3": 12.923035488092271}
{"completed": "filtered_span_2025_combo_e15_b0.03_x30_s24_btc0.675", "return1": 58.61583656648, "return3": 56.96236009608, "minute_DD3": 13.071431600252003}
READ_ONLY_RESULT:filtered_band_2025_combo_e15_b0.03_x30_s50_btc0.675
{"completed": "filtered_span_2025_combo_e15_b0.03_x30_s76_btc0.675", "return1": 38.864115078399976, "return3": 37.02249675136, "minute_DD3": 13.450209508945488}
{"completed": "filtered_span_2025_combo_e20_b0.03_x30_s24_btc0.675", "return1": 55.374722994180004, "return3": 53.753256495430016, "minute_DD3": 13.198683928647615}
READ_ONLY_RESULT:filtered_band_2025_combo_e20_b0.03_x30_s50_btc0.675
{"completed": "filtered_span_2025_combo_e20_b0.03_x30_s76_btc0.675", "return1": 37.99728587734001, "return3": 36.16684732530497, "minute_DD3": 13.965965423911175}
{"completed": "filtered_span_2026_BTC_e10_b0.03_x30_s24_c1350", "return1": 20.55285734837038, "return3": 19.30300531167408, "minute_DD3": 15.310774781791359}
READ_ONLY_RESULT:filtered_band_2026_BTC_e10_b0.03_x30_s50_c1350
{"completed": "filtered_span_2026_BTC_e10_b0.03_x30_s76_c1350", "return1": 7.879025683911123, "return3": 6.753103870325927, "minute_DD3": 10.18018269592369}
{"completed": "filtered_span_2026_BTC_e15_b0.03_x30_s24_c1350", "return1": 20.55285734837038, "return3": 19.30300531167408, "minute_DD3": 15.310774781791359}
READ_ONLY_RESULT:filtered_band_2026_BTC_e15_b0.03_x30_s50_c1350
{"completed": "filtered_span_2026_BTC_e15_b0.03_x30_s76_c1350", "return1": 7.879025683911123, "return3": 6.753103870325927, "minute_DD3": 10.18018269592369}
{"completed": "filtered_span_2026_BTC_e20_b0.03_x30_s24_c1350", "return1": 20.55285734837038, "return3": 19.30300531167408, "minute_DD3": 15.310774781791359}
READ_ONLY_RESULT:filtered_band_2026_BTC_e20_b0.03_x30_s50_c1350
{"completed": "filtered_span_2026_BTC_e20_b0.03_x30_s76_c1350", "return1": 7.879025683911123, "return3": 6.753103870325927, "minute_DD3": 10.18018269592369}
{"completed": "filtered_span_2026_ETH_e10_b0.03_x30_s24_c650", "return1": 38.786190086307684, "return3": 37.343764620615374, "minute_DD3": 12.700104238191523}
READ_ONLY_RESULT:filtered_band_2026_ETH_e10_b0.03_x30_s50_c650
{"completed": "filtered_span_2026_ETH_e10_b0.03_x30_s76_c650", "return1": 18.154370467384616, "return3": 16.923169266923075, "minute_DD3": 16.398761904639827}
{"completed": "filtered_span_2026_ETH_e15_b0.03_x30_s24_c650", "return1": 38.786190086307684, "return3": 37.343764620615374, "minute_DD3": 12.700104238191523}
READ_ONLY_RESULT:filtered_band_2026_ETH_e15_b0.03_x30_s50_c650
{"completed": "filtered_span_2026_ETH_e15_b0.03_x30_s76_c650", "return1": 18.154370467384616, "return3": 16.923169266923075, "minute_DD3": 16.398761904639827}
{"completed": "filtered_span_2026_ETH_e20_b0.03_x30_s24_c650", "return1": 35.65443142384615, "return3": 34.238054465846155, "minute_DD3": 14.672445026180835}
READ_ONLY_RESULT:filtered_band_2026_ETH_e20_b0.03_x30_s50_c650
{"completed": "filtered_span_2026_ETH_e20_b0.03_x30_s76_c650", "return1": 18.154370467384616, "return3": 16.923169266923075, "minute_DD3": 16.398761904639827}
{"completed": "filtered_span_2026_combo_e10_b0.03_x30_s24_btc0.675", "return1": 26.478690488199994, "return3": 25.16625208708001, "minute_DD3": 12.241543810651045}
READ_ONLY_RESULT:filtered_band_2026_combo_e10_b0.03_x30_s50_btc0.675
{"completed": "filtered_span_2026_combo_e10_b0.03_x30_s76_btc0.675", "return1": 11.21851273854, "return3": 10.058375124219987, "minute_DD3": 11.025389801914065}
{"completed": "filtered_span_2026_combo_e15_b0.03_x30_s24_btc0.675", "return1": 26.478690488199994, "return3": 25.16625208708001, "minute_DD3": 12.241543810651045}
READ_ONLY_RESULT:filtered_band_2026_combo_e15_b0.03_x30_s50_btc0.675
{"completed": "filtered_span_2026_combo_e15_b0.03_x30_s76_btc0.675", "return1": 11.21851273854, "return3": 10.058375124219987, "minute_DD3": 11.025389801914065}
{"completed": "filtered_span_2026_combo_e20_b0.03_x30_s24_btc0.675", "return1": 25.460868922900005, "return3": 24.156896286780018, "minute_DD3": 12.904980272485645}
READ_ONLY_RESULT:filtered_band_2026_combo_e20_b0.03_x30_s50_btc0.675
{"completed": "filtered_span_2026_combo_e20_b0.03_x30_s76_btc0.675", "return1": 11.21851273854, "return3": 10.058375124219987, "minute_DD3": 11.025389801914065}
PASS:all108 NEW scenes exactly reproduced and54 EXISTING scenes read-only verified;full54-cell report reproduced;ledger unchanged
{"passed": true, "all_scenes_audited": 162, "new_scenes": 108, "existing_scenes_read_only_audited": 54, "current_or_future_close_perturbations": 72, "NAV_points_audited": 42019884, "joint_channel_pandasEMA_causal_decisions": 19440, "Decimal_fills_independently_checked": 450, "new_actual_fills": 306, "real_minute_data_hashes": 4, "report_sha256": "3eefacd4b5c8660c3ade8c38602d7d19c0e15df02282dba49e5782c9745fb02d", "forward_plan_unchanged": true, "pandas_version": "2.2.3"}
{"passed": true, "forward_scenes": 9, "new_closed_marks_per_asset": 360, "cumulative_minutes": 6429, "complete_days": 4, "NAV_points_per_scene": 6435, "original6435prefix": 6075, "new_daily_decisions": 0, "new_reference_points": 0, "new_executions": 0, "original_cash_units_desired_trades_costs_unchanged": true, "next_daily_decision_utc": "2026-10-07T00:01:00Z", "report_sha256": "f2531272d9e306a3e120d3c18e7c1c5f91633873bbab8fae911865bf1214f18b"}
PASS: new parameters/weights and missing-result retries are allowed; exact/reordered completed trials stay blocked
