{"completed": "channel_2025_BTC_e20_x10", "return1": 20.95675631887999, "return3": 18.445071533786674, "minute_DD3": 11.113436997783943}
{"completed": "channel_2025_BTC_e20_x20", "return1": 14.205556906860007, "return3": 11.839211800433326, "minute_DD3": 13.914977960475117}
{"completed": "channel_2025_BTC_e20_x30", "return1": 18.065019055839993, "return3": 16.222088747306664, "minute_DD3": 12.127073204350225}
{"completed": "channel_2025_BTC_e40_x10", "return1": 18.768946829879994, "return3": 16.9157085086, "minute_DD3": 10.97855333682386}
{"completed": "channel_2025_BTC_e40_x20", "return1": 12.14326337848668, "return3": 10.390743823780003, "minute_DD3": 13.389529676227829}
{"completed": "channel_2025_BTC_e40_x30", "return1": 15.932322515486664, "return3": 14.719605627160014, "minute_DD3": 12.127073204350225}
{"completed": "channel_2025_BTC_e60_x10", "return1": 5.344045431220001, "return3": 3.7060267056066687, "minute_DD3": 12.785814847611832}
{"completed": "channel_2025_BTC_e60_x20", "return1": -0.5336321811599931, "return3": -2.082507146720003, "minute_DD3": 16.94152228764121}
{"completed": "channel_2025_BTC_e60_x30", "return1": 2.826424938119998, "return3": 1.7563633595800043, "minute_DD3": 13.724937096880396}
{"completed": "channel_2025_ETH_e20_x10", "return1": 40.958932565000005, "return3": 37.31569344020001, "minute_DD3": 30.04598651806225}
{"completed": "channel_2025_ETH_e20_x20", "return1": 102.49888960839999, "return3": 99.34824884300002, "minute_DD3": 30.04598651806225}
{"completed": "channel_2025_ETH_e20_x30", "return1": 136.43146372360002, "return3": 133.95955248280004, "minute_DD3": 20.832217957779097}
{"completed": "channel_2025_ETH_e40_x10", "return1": 2.4062339948, "return3": -0.24572674959999485, "minute_DD3": 27.795376935649372}
{"completed": "channel_2025_ETH_e40_x20", "return1": 47.120439877200006, "return3": 44.80781905760001, "minute_DD3": 27.795376935649372}
{"completed": "channel_2025_ETH_e40_x30", "return1": 71.76027715979998, "return3": 69.98186624479999, "minute_DD3": 18.284837811783994}
{"completed": "channel_2025_ETH_e60_x10", "return1": 2.4062339948, "return3": -0.24572674959999485, "minute_DD3": 27.795376935649372}
{"completed": "channel_2025_ETH_e60_x20", "return1": 47.120439877200006, "return3": 44.80781905760001, "minute_DD3": 27.795376935649372}
{"completed": "channel_2025_ETH_e60_x30", "return1": 71.76027715979998, "return3": 69.98186624479999, "minute_DD3": 18.284837811783994}
{"completed": "channel_2025_combo_e20_x10_btc0.75", "return1": 25.957300380409997, "return3": 23.162727010389993, "minute_DD3": 14.466267741745842}
{"completed": "channel_2025_combo_e20_x20_btc0.75", "return1": 36.278890082244985, "return3": 33.716471061075005, "minute_DD3": 16.1099086960117}
{"completed": "channel_2025_combo_e20_x30_btc0.75", "return1": 47.656630222779995, "return3": 45.65645468118, "minute_DD3": 13.456898898495117}
{"completed": "channel_2025_combo_e40_x10_btc0.75", "return1": 14.678268621110014, "return3": 12.625349694050003, "minute_DD3": 12.212385360712618}
{"completed": "channel_2025_combo_e40_x20_btc0.75", "return1": 20.887557503165, "return3": 18.99501263223502, "minute_DD3": 13.955616852534746}
{"completed": "channel_2025_combo_e40_x30_btc0.75", "return1": 29.88931117656499, "return3": 28.535170781570017, "minute_DD3": 12.211114942668399}
{"completed": "channel_2025_combo_e60_x10_btc0.75", "return1": 4.6095925721149955, "return3": 2.718088341805025, "minute_DD3": 13.91457537377021}
{"completed": "channel_2025_combo_e60_x20_btc0.75", "return1": 11.379885833430015, "return3": 9.64007440435999, "minute_DD3": 14.49610077967799}
{"completed": "channel_2025_combo_e60_x30_btc0.75", "return1": 20.059887993539995, "return3": 18.81273908088501, "minute_DD3": 12.289790224310703}
{"completed": "channel_2026_BTC_e20_x10", "return1": 12.179866187146683, "return3": 9.848203722400006, "minute_DD3": 11.223649880223952}
{"completed": "channel_2026_BTC_e20_x20", "return1": 23.052227118153333, "return3": 21.76693394197333, "minute_DD3": 13.345935369194894}
{"completed": "channel_2026_BTC_e20_x30", "return1": 23.354745896553332, "return3": 22.066261151626666, "minute_DD3": 13.345935369194894}
{"completed": "channel_2026_BTC_e40_x10", "return1": 5.031710543686652, "return3": 2.853344965619997, "minute_DD3": 11.222732114674683}
{"completed": "channel_2026_BTC_e40_x20", "return1": 15.207159548720007, "return3": 14.004409130666673, "minute_DD3": 15.308041511682124}
{"completed": "channel_2026_BTC_e40_x30", "return1": 15.490340237899991, "return3": 14.284590410940012, "minute_DD3": 15.308041511682124}
{"completed": "channel_2026_BTC_e60_x10", "return1": 9.888873554626665, "return3": 8.17131241394, "minute_DD3": 11.223179962308016}
{"completed": "channel_2026_BTC_e60_x20", "return1": 10.481658135666683, "return3": 9.329471211780005, "minute_DD3": 10.1788737472593}
{"completed": "channel_2026_BTC_e60_x30", "return1": 10.753184737266675, "return3": 9.59813990706666, "minute_DD3": 10.1788737472593}
{"completed": "channel_2026_ETH_e20_x10", "return1": 6.577198229600012, "return3": 4.359852963400002, "minute_DD3": 13.46177668017371}
{"completed": "channel_2026_ETH_e20_x20", "return1": 35.65117116559999, "return3": 34.24266812500001, "minute_DD3": 14.674014595736029}
{"completed": "channel_2026_ETH_e20_x30", "return1": 35.65117116559999, "return3": 34.24266812500001, "minute_DD3": 14.674014595736029}
{"completed": "channel_2026_ETH_e40_x10", "return1": -4.125695632799998, "return3": -6.1184136218, "minute_DD3": 13.286807496211583}
{"completed": "channel_2026_ETH_e40_x20", "return1": 22.032225229400005, "return3": 20.75339747359999, "minute_DD3": 14.499542318307467}
{"completed": "channel_2026_ETH_e40_x30", "return1": 22.032225229400005, "return3": 20.75339747359999, "minute_DD3": 14.499542318307467}
{"completed": "channel_2026_ETH_e60_x10", "return1": -1.5091710108000034, "return3": -3.0495339190000026, "minute_DD3": 10.384537569488572}
{"completed": "channel_2026_ETH_e60_x20", "return1": 2.4136832238000006, "return3": 1.346344271400013, "minute_DD3": 11.638480855006483}
{"completed": "channel_2026_ETH_e60_x30", "return1": 2.4136832238000006, "return3": 1.346344271400013, "minute_DD3": 11.638480855006483}
{"completed": "channel_2026_combo_e20_x10_btc0.75", "return1": 10.779199197760004, "return3": 8.476116032649994, "minute_DD3": 10.496542530586495}
{"completed": "channel_2026_combo_e20_x20_btc0.75", "return1": 26.201963130014995, "return3": 24.885867487730007, "minute_DD3": 11.95188239121281}
{"completed": "channel_2026_combo_e20_x30_btc0.75", "return1": 26.428852213815013, "return3": 25.110362894970017, "minute_DD3": 11.95188239121281}
{"completed": "channel_2026_combo_e40_x10_btc0.75", "return1": 2.742358999565009, "return3": 0.6104053187649949, "minute_DD3": 10.51795129101195}
{"completed": "channel_2026_combo_e40_x20_btc0.75", "return1": 16.91342596888998, "return3": 15.691656216400007, "minute_DD3": 14.518356413183064}
{"completed": "channel_2026_combo_e40_x30_btc0.75", "return1": 17.12581148577501, "return3": 15.901792176604989, "minute_DD3": 14.518356413183064}
{"completed": "channel_2026_combo_e60_x10_btc0.75", "return1": 7.0393624132699895, "return3": 5.3661008307049896, "minute_DD3": 10.528181523203362}
{"completed": "channel_2026_combo_e60_x20_btc0.75", "return1": 8.464664407699996, "return3": 7.333689476685001, "minute_DD3": 10.177488545208602}
{"completed": "channel_2026_combo_e60_x30_btc0.75", "return1": 8.668309358899995, "return3": 7.53519099815001, "minute_DD3": 10.177488545208602}
{"configs": 54, "component_configs": 36, "combination_configs": 18, "cost_scenes": 162, "minute_NAV_points": 42019884, "positive_1x": 51, "positive_3x": 49, "passed": ["channel_2025_BTC_e20_x30", "channel_2025_BTC_e40_x30", "channel_2025_ETH_e20_x30", "channel_2025_ETH_e40_x30", "channel_2025_ETH_e60_x30", "channel_2025_combo_e20_x30_btc0.75", "channel_2025_combo_e40_x30_btc0.75", "channel_2026_combo_e20_x10_btc0.75", "channel_2026_combo_e20_x20_btc0.75", "channel_2026_combo_e20_x30_btc0.75"], "rejected": ["channel_2025_BTC_e20_x10", "channel_2025_BTC_e20_x20", "channel_2025_BTC_e40_x10", "channel_2025_BTC_e40_x20", "channel_2025_BTC_e60_x10", "channel_2025_BTC_e60_x20", "channel_2025_BTC_e60_x30", "channel_2025_ETH_e20_x10", "channel_2025_ETH_e20_x20", "channel_2025_ETH_e40_x10", "channel_2025_ETH_e40_x20", "channel_2025_ETH_e60_x10", "channel_2025_ETH_e60_x20", "channel_2025_combo_e20_x10_btc0.75", "channel_2025_combo_e20_x20_btc0.75", "channel_2025_combo_e40_x10_btc0.75", "channel_2025_combo_e40_x20_btc0.75", "channel_2025_combo_e60_x10_btc0.75", "channel_2025_combo_e60_x20_btc0.75", "channel_2025_combo_e60_x30_btc0.75", "channel_2026_BTC_e20_x10", "channel_2026_BTC_e20_x20", "channel_2026_BTC_e20_x30", "channel_2026_BTC_e40_x10", "channel_2026_BTC_e40_x20", "channel_2026_BTC_e40_x30", "channel_2026_BTC_e60_x10", "channel_2026_BTC_e60_x20", "channel_2026_BTC_e60_x30", "channel_2026_ETH_e20_x10", "channel_2026_ETH_e20_x20", "channel_2026_ETH_e20_x30", "channel_2026_ETH_e40_x10", "channel_2026_ETH_e40_x20", "channel_2026_ETH_e40_x30", "channel_2026_ETH_e60_x10", "channel_2026_ETH_e60_x20", "channel_2026_ETH_e60_x30", "channel_2026_combo_e40_x10_btc0.75", "channel_2026_combo_e40_x20_btc0.75", "channel_2026_combo_e40_x30_btc0.75", "channel_2026_combo_e60_x10_btc0.75", "channel_2026_combo_e60_x20_btc0.75", "channel_2026_combo_e60_x30_btc0.75"], "both_periods_passed_combination_pairs": [["channel_2025_combo_e20_x30_btc0.75", "channel_2026_combo_e20_x30_btc0.75"]], "actual_component_fills": 618, "new_live_orders": 0}
