channel_2025_BTC_e20_x10 0 5fcd03ee097a2f9d3193bf7ce3c164f33be2a3cc8125511bb73b7a6b027cd50a
channel_2025_BTC_e20_x20 0 95e86cdbfe2d48c50eddd074ca57348ea87454e2b1f48a926c408eee843197b8
channel_2025_BTC_e20_x30 0 d40837698953907f5f7f8c806210804997322135cd41445e61398478f9245f3a
channel_2025_BTC_e40_x10 0 6fe51d2dd9b8d76980b49441e6e4f7c07c4fc57b579e150cc19b8bda5b849537
channel_2025_BTC_e40_x20 0 9a87d31bbc1a2baf1fd7d2406b96f04d9bdb5c56d16e75329c2ca35410053351
channel_2025_BTC_e40_x30 0 365cc652f8755062b9ee80fb1a9ce4db90f6689e602d87b7b8037bb7e7674f2d
channel_2025_BTC_e60_x10 0 5b1cca83eb443c1deac213acff5d26351f0b10fdb716a8f86a125b28fa8b43ad
channel_2025_BTC_e60_x20 0 c36a4f0d495b6dc1e6437d6e8084a14fede091d8a9b1dfef7236c5c42a1ad129
channel_2025_BTC_e60_x30 0 7d9ed05df334319da113e892f7c46815b6a0535ffbf3dcb02f5b1590ce8f3100
channel_2025_ETH_e20_x10 0 15b457d1f3a028b1df7745c620f6a13ab4aa22a819292dde199d81500655e8ba
channel_2025_ETH_e20_x20 0 d13622d4c350f7ee892ff047dc2c051fa6f8b0241adb2377d57973d6f6184221
channel_2025_ETH_e20_x30 0 c9734d70b50ec3803eb6ad8f8ac0ace37355538df13e907253fa3750bf90a7ae
channel_2025_ETH_e40_x10 0 326e5ee507424bf3ab8bd6bcbf4cd3c167284c2b9a685616fa4f8a6ecc4e1051
channel_2025_ETH_e40_x20 0 410c477602d253722c610684fc844e34d7d79b61533ce11dfcfa816ac5056b4f
channel_2025_ETH_e40_x30 0 b207000f40f0cdcf7a7c81c3a6fc0bc2b48c111ab949a218ade1f76cc1326e35
channel_2025_ETH_e60_x10 0 06171fc2eb9228d3b44e3e5887bf444ccf45f63d6023c9264625dae2705a0a68
channel_2025_ETH_e60_x20 0 b9c7b4921ad0111bc771cbfe601c3f4b0f0b6d7e632c2ebf8cc4fa70a4922a7f
channel_2025_ETH_e60_x30 0 ef0a4788e88fb4a095946d3aec363d4f9b5ed70e99c2483be09ba1330302bfb5
channel_2025_combo_e20_x10_btc0.75 0 90d1ea11114863a42f99e0425aa9e6e3571208cbeedc37649de994c684c92bb8
channel_2025_combo_e20_x20_btc0.75 0 e74f3de08f0aacfe9235b1c9306265ed87e8e2432ea83570ec918b5ca6666682
channel_2025_combo_e20_x30_btc0.75 0 648c9487ad450da0271eb0ecd2b35e15ed1631a894ce3403d4935c5a59869a90
channel_2025_combo_e40_x10_btc0.75 0 f64f42776cd22f651d03efd44009639fd5a13d45e7c123f112ed6273aa9f4c7c
channel_2025_combo_e40_x20_btc0.75 0 0bc656a310973bf17f45e7049519f56aef3cc4cd197f64ee453709395e0b33f2
channel_2025_combo_e40_x30_btc0.75 0 068c82730e97e2bae8688ae315f65bc77edad16969be2fad9fa9d9148382bb8c
channel_2025_combo_e60_x10_btc0.75 0 5175a990a75d7e5ec997fb0fea4218f4ba53a2f30601637ecfb5fadc3c41ccff
channel_2025_combo_e60_x20_btc0.75 0 d146d4508b1479e1eab5ba558a4bf4a7cdd4b04ddd3d79105ee3f2fd161b2c21
channel_2025_combo_e60_x30_btc0.75 0 5dcc9e2fda4e5c00ccb0389e14e8417d6300e4702005de8bd35bbc2c291ad55b
channel_2026_BTC_e20_x10 0 d2d9e522249da3100eaa7a9e746c103bc33091637d130d349d7b66d2d5dde06d
channel_2026_BTC_e20_x20 0 58756f57b820161295110fac2ffd521622ea3aabd9eace6bdb390dca3379675c
channel_2026_BTC_e20_x30 0 6419771b4509dccbce9590a1707e8505f6bafe66c347df8abc959d52f0a71a58
channel_2026_BTC_e40_x10 0 e795de78528ebb89781d5931f03957629663b1b7530b096230d10fa949df7cf9
channel_2026_BTC_e40_x20 0 b4882b7d54c04524af72d79eaa019d2f0e3df7c90c757eeaa5a76d0ae031f6ae
channel_2026_BTC_e40_x30 0 2f40406fde6401c80d8bede4c130a4d890cb96eb8187ed307222045ad9bfd154
channel_2026_BTC_e60_x10 0 5a59dd84bc921fd5cc49b5abe6b87a5975f8cdf3547c7f075dee2776b929a856
channel_2026_BTC_e60_x20 0 78c2f8edfef18e244de770ed4c06f80761c390482b7a869b7c3ee7c52355c17d
channel_2026_BTC_e60_x30 0 034625c609dd8427f798a1d52d0d30fe429bee93a6f25d9b20b09e60dfea5cea
channel_2026_ETH_e20_x10 0 6a717a362deb20befa296d37d61beeb55616f430cac3230753a0587b9d0740f5
channel_2026_ETH_e20_x20 0 a1aa0ad67ed24546f8d753616b6533a17b705962d0ddcb592d5b435b289ddc67
channel_2026_ETH_e20_x30 0 952dcf42aaa9ebbce1c0a4ac7ba487163b08ca70d026638fb45f47e9b4624439
channel_2026_ETH_e40_x10 0 7f36c74fe5eef232399d72520fc7ff82f899ff54ff6990fd8918cf34169a7d09
channel_2026_ETH_e40_x20 0 2975600827ae1f21122eb04bd9a2fad620723810b0786b8efbaca4217439be37
channel_2026_ETH_e40_x30 0 4a8be14b75a36123e2730a3673718be1b46f7c704b679f2262c6967ca7dc752e
channel_2026_ETH_e60_x10 0 c8d2371ce733b8d905d7a103e918e374228cd81928855537c6d9784478da6a4b
channel_2026_ETH_e60_x20 0 cb6f3c499a94c4a112e95fcbf11bb249cc1be49347d9892198c6601d7e777e25
channel_2026_ETH_e60_x30 0 89ed23c51cc8b79dc557182f9b3ff48c34e08e9b2303628042fa3f95954213fe
channel_2026_combo_e20_x10_btc0.75 0 5ebfd44177174371534eb82431ac4059ec34eb7d4ddca8c9615b13d68f63f096
channel_2026_combo_e20_x20_btc0.75 0 ca80d4d031c4ee1361be699f83a0ffe06750654ffbb899351adf575bfc4cd69d
channel_2026_combo_e20_x30_btc0.75 0 4ff63fa67bfd45ec9827d5ee5de0917d090e7df37635f97c08d3cae27c8eaea4
channel_2026_combo_e40_x10_btc0.75 0 f591dbd61a5a28534ef38caaed8f3d54303f9fc17c3de82cf926552a30f9e892
channel_2026_combo_e40_x20_btc0.75 0 449fa63ec4ccf7cc8f13284e5395be8d07438506f3016c01d2303dad8e541029
channel_2026_combo_e40_x30_btc0.75 0 6514a025178913f1f04807af71bb38decf8c392b6a82b4947eacfb70857d75c1
channel_2026_combo_e60_x10_btc0.75 0 2a76a4da347ad9c53cbc1428bb1240bf00f5024f301a41a2e6065bb0250c773a
channel_2026_combo_e60_x20_btc0.75 0 d3061498c5f7c9daa3b9496b97dd049490b0bb750f5c6503d302e75f38aac914
channel_2026_combo_e60_x30_btc0.75 0 07edb5eb7b9bd61de22a95b542967936d7d08b168cf5de844fc32fa2423e2819
forward_snapshot_BTC 0 8fce5fb8dcbe9f8a657fa1b7a83a3962723e74d0a5ad9d085aa8aa8c2f997bf7
forward_snapshot_ETH 0 d52092bdcd9a8b897a5206d7cc69df7e63f915fd84f32ed1826430a94a57e39a
forward_snapshot_combo 0 a055c6b3c78dbe132344492668ecbafa47712e61ab3dd1564fc1191cd8d813e9
PASS:54 close-channel configurations and3 cumulative cutoff snapshots reserved before computation.
