PASS:all9 cumulative forward scenes exactly reproduced from archived new minutes and old positions;no fresh request or ledger write
{"completed": "volguard_2025_BTC_e0.0125_v0.6", "return1": 17.395062760446667, "return3": 14.960604308466664, "minute_DD3": 14.392229203717532}
{"completed": "volguard_2025_BTC_e0.0125_v0.8", "return1": 18.975425245166665, "return3": 17.113905056760004, "minute_DD3": 14.389317996951668}
{"completed": "volguard_2025_BTC_e0.0125_v1.0", "return1": 18.975425245166665, "return3": 17.113905056760004, "minute_DD3": 14.389317996951668}
{"completed": "volguard_2025_BTC_e0.015_v0.6", "return1": 17.395062760446667, "return3": 14.960604308466664, "minute_DD3": 14.392229203717532}
{"completed": "volguard_2025_BTC_e0.015_v0.8", "return1": 18.975425245166665, "return3": 17.113905056760004, "minute_DD3": 14.389317996951668}
{"completed": "volguard_2025_BTC_e0.015_v1.0", "return1": 18.975425245166665, "return3": 17.113905056760004, "minute_DD3": 14.389317996951668}
{"completed": "volguard_2025_BTC_e0.02_v0.6", "return1": 10.013218556353332, "return3": 8.29840523244001, "minute_DD3": 14.389187971556394}
{"completed": "volguard_2025_BTC_e0.02_v0.8", "return1": 11.19908819872666, "return3": 9.47310369162, "minute_DD3": 14.391475882662618}
{"completed": "volguard_2025_BTC_e0.02_v1.0", "return1": 11.19908819872666, "return3": 9.47310369162, "minute_DD3": 14.391475882662618}
{"completed": "volguard_2025_ETH_e0.0125_v0.6", "return1": 44.328659902400005, "return3": 39.87284994160001, "minute_DD3": 14.721549268656553}
{"completed": "volguard_2025_ETH_e0.0125_v0.8", "return1": 71.6307579036, "return3": 68.0864174114, "minute_DD3": 26.062923637182745}
{"completed": "volguard_2025_ETH_e0.0125_v1.0", "return1": 88.09778843940002, "return3": 83.176348847, "minute_DD3": 26.067606451122472}
{"completed": "volguard_2025_ETH_e0.015_v0.6", "return1": 44.328659902400005, "return3": 39.87284994160001, "minute_DD3": 14.721549268656553}
{"completed": "volguard_2025_ETH_e0.015_v0.8", "return1": 71.6307579036, "return3": 68.0864174114, "minute_DD3": 26.062923637182745}
{"completed": "volguard_2025_ETH_e0.015_v1.0", "return1": 88.09778843940002, "return3": 83.176348847, "minute_DD3": 26.067606451122472}
{"completed": "volguard_2025_ETH_e0.02_v0.6", "return1": 44.328659902400005, "return3": 39.87284994160001, "minute_DD3": 14.721549268656553}
{"completed": "volguard_2025_ETH_e0.02_v0.8", "return1": 71.6307579036, "return3": 68.0864174114, "minute_DD3": 26.062923637182745}
{"completed": "volguard_2025_ETH_e0.02_v1.0", "return1": 88.09778843940002, "return3": 83.176348847, "minute_DD3": 26.067606451122472}
{"completed": "volguard_2025_combo_e0.0125_v0.6_btc0.75", "return1": 24.128462045934995, "return3": 21.188665716749977, "minute_DD3": 10.739338769525874}
{"completed": "volguard_2025_combo_e0.0125_v0.8_btc0.75", "return1": 32.13925840977498, "return3": 29.857033145419987, "minute_DD3": 14.037347486649555}
{"completed": "volguard_2025_combo_e0.0125_v1.0_btc0.75", "return1": 36.25601604372499, "return3": 33.62951600432, "minute_DD3": 14.527693832334132}
{"completed": "volguard_2025_combo_e0.015_v0.6_btc0.75", "return1": 24.128462045934995, "return3": 21.188665716749977, "minute_DD3": 10.739338769525874}
{"completed": "volguard_2025_combo_e0.015_v0.8_btc0.75", "return1": 32.13925840977498, "return3": 29.857033145419987, "minute_DD3": 14.037347486649555}
{"completed": "volguard_2025_combo_e0.015_v1.0_btc0.75", "return1": 36.25601604372499, "return3": 33.62951600432, "minute_DD3": 14.527693832334132}
{"completed": "volguard_2025_combo_e0.02_v0.6_btc0.75", "return1": 18.592078892864983, "return3": 16.19201640973, "minute_DD3": 10.571887581110884}
{"completed": "volguard_2025_combo_e0.02_v0.8_btc0.75", "return1": 26.307005624945013, "return3": 24.126432121565, "minute_DD3": 14.21151493379067}
{"completed": "volguard_2025_combo_e0.02_v1.0_btc0.75", "return1": 30.423763258894997, "return3": 27.898914980464994, "minute_DD3": 14.719150253646573}
{"completed": "volguard_2026_BTC_e0.0125_v0.6", "return1": 19.238117490293337, "return3": 17.38146257001334, "minute_DD3": 14.343722379535128}
{"completed": "volguard_2026_BTC_e0.0125_v0.8", "return1": 19.238117490293337, "return3": 17.38146257001334, "minute_DD3": 14.343722379535128}
{"completed": "volguard_2026_BTC_e0.0125_v1.0", "return1": 19.238117490293337, "return3": 17.38146257001334, "minute_DD3": 14.343722379535128}
{"completed": "volguard_2026_BTC_e0.015_v0.6", "return1": 19.238117490293337, "return3": 17.38146257001334, "minute_DD3": 14.343722379535128}
{"completed": "volguard_2026_BTC_e0.015_v0.8", "return1": 19.238117490293337, "return3": 17.38146257001334, "minute_DD3": 14.343722379535128}
{"completed": "volguard_2026_BTC_e0.015_v1.0", "return1": 19.238117490293337, "return3": 17.38146257001334, "minute_DD3": 14.343722379535128}
{"completed": "volguard_2026_BTC_e0.02_v0.6", "return1": 10.930324877146669, "return3": 9.200697945746672, "minute_DD3": 14.267817098130775}
{"completed": "volguard_2026_BTC_e0.02_v0.8", "return1": 10.930324877146669, "return3": 9.200697945746672, "minute_DD3": 14.267817098130775}
{"completed": "volguard_2026_BTC_e0.02_v1.0", "return1": 10.930324877146669, "return3": 9.200697945746672, "minute_DD3": 14.267817098130775}
{"completed": "volguard_2026_ETH_e0.0125_v0.6", "return1": 15.852473583000016, "return3": 12.844469942799996, "minute_DD3": 20.64189282261878}
{"completed": "volguard_2026_ETH_e0.0125_v0.8", "return1": 26.25285875600001, "return3": 23.628410849199998, "minute_DD3": 16.09623613511285}
{"completed": "volguard_2026_ETH_e0.0125_v1.0", "return1": 28.80476091359998, "return3": 26.79282896120001, "minute_DD3": 16.09623613511285}
{"completed": "volguard_2026_ETH_e0.015_v0.6", "return1": 15.852473583000016, "return3": 12.844469942799996, "minute_DD3": 20.64189282261878}
{"completed": "volguard_2026_ETH_e0.015_v0.8", "return1": 31.651683640200012, "return3": 29.597900064000005, "minute_DD3": 16.09438786261658}
{"completed": "volguard_2026_ETH_e0.015_v1.0", "return1": 34.3124342688, "return3": 32.915049251999996, "minute_DD3": 16.09438786261658}
{"completed": "volguard_2026_ETH_e0.02_v0.6", "return1": 15.852473583000016, "return3": 12.844469942799996, "minute_DD3": 20.64189282261878}
{"completed": "volguard_2026_ETH_e0.02_v0.8", "return1": 31.651683640200012, "return3": 29.597900064000005, "minute_DD3": 16.09438786261658}
{"completed": "volguard_2026_ETH_e0.02_v1.0", "return1": 34.3124342688, "return3": 32.915049251999996, "minute_DD3": 16.09438786261658}
{"completed": "volguard_2026_combo_e0.0125_v0.6_btc0.75", "return1": 18.39170651347002, "return3": 16.24721441321, "minute_DD3": 13.494733335695852}
{"completed": "volguard_2026_combo_e0.0125_v0.8_btc0.75", "return1": 20.991802806720017, "return3": 18.943199639810015, "minute_DD3": 13.488220077876733}
{"completed": "volguard_2026_combo_e0.0125_v1.0_btc0.75", "return1": 21.629778346119988, "return3": 19.73430416780999, "minute_DD3": 13.488220077876733}
{"completed": "volguard_2026_combo_e0.015_v0.6_btc0.75", "return1": 18.39170651347002, "return3": 16.24721441321, "minute_DD3": 13.494733335695852}
{"completed": "volguard_2026_combo_e0.015_v0.8_btc0.75", "return1": 22.341509027770012, "return3": 20.435571943510023, "minute_DD3": 13.457301672689114}
{"completed": "volguard_2026_combo_e0.015_v1.0_btc0.75", "return1": 23.006696684920016, "return3": 21.264859240510003, "minute_DD3": 13.457301672689114}
{"completed": "volguard_2026_combo_e0.02_v0.6_btc0.75", "return1": 12.16086205361, "return3": 10.111640945010002, "minute_DD3": 13.197929048943113}
{"completed": "volguard_2026_combo_e0.02_v0.8_btc0.75", "return1": 16.110664567909993, "return3": 14.299998475310005, "minute_DD3": 13.179370653526679}
{"completed": "volguard_2026_combo_e0.02_v1.0_btc0.75", "return1": 16.775852225059996, "return3": 15.12928577231001, "minute_DD3": 13.179370653526679}
PASS:all162 scene archives,full minute NAV and frozen report exactly reproduced;ledger unchanged
{"passed": true, "actual_scenes_audited": 162, "NAV_points_audited": 42019884, "Decimal_volatility_guard_causal_decisions": 19440, "Decimal_fills_independently_checked": 798, "real_minute_data_hashes": 4, "report_sha256": "3a7f7df44d197bddded765badc9f45f94a6c3bfc05d4c9659dbb9667461aa448", "forward_plan_unchanged": true, "pandas_version": "2.2.3"}
{"passed": true, "forward_scenes": 9, "new_closed_marks_per_asset": 120, "cumulative_minutes": 819, "prior_NAV_prefix_and_positions_unchanged": true, "new_executions": 0, "report_sha256": "80d2063818c6597ee228b4fed60742b13b307f507653e91b8cc6d015051a8c0e"}
PASS: new parameters/weights and missing-result retries are allowed; exact/reordered completed trials stay blocked
