volguard_2025_BTC_e0.0125_v0.6 0 8902c135dd8685eec758a0532f6debfd424d94b4216cb76b056c666127221234
volguard_2025_BTC_e0.0125_v0.8 0 448dacc27daf7b02ea06711800d921b7b86a1c9c21208e1a7bac7d319588b2d9
volguard_2025_BTC_e0.0125_v1.0 0 a35e16a3222c4d2e620cb7b20a910e3f7fb244dc2cba189f4de04dd2d88fea8f
volguard_2025_BTC_e0.015_v0.6 0 2a74624330bbd034efc933937e32addb324f75ef02609827abcda1ebd2af2725
volguard_2025_BTC_e0.015_v0.8 0 b4bd5a065aa5096ad70242f219eada840f7f1311e2a3b1560ea43f8b26229cad
volguard_2025_BTC_e0.015_v1.0 0 a7b6ccea0742a42dab5f6b8689cf61c2397571c4a0168b56420f0534c6420316
volguard_2025_BTC_e0.02_v0.6 0 7b23aa3fb8a75a7d9acfb6e5247bc6727da1adf98582e04dfe615aa4eed0181c
volguard_2025_BTC_e0.02_v0.8 0 802b363face34681e5324a925e32c775a79d182370ed73d7e6755b12564c1588
volguard_2025_BTC_e0.02_v1.0 0 a10f47aa25235b480e3d5f5700cbe6393965cd4f5d09bb2bc84bcb0c8804019b
volguard_2025_ETH_e0.0125_v0.6 0 41a5d981325856928724e7a52f33125d5fe2d465c1932daa78f8c820488df02f
volguard_2025_ETH_e0.0125_v0.8 0 975eb12393c494ad7b99c9affc92b849dc0a620c53146582e9357d4f38e94220
volguard_2025_ETH_e0.0125_v1.0 0 80ab686911b3b31c7ade5f4e94a3e1409469bca470d9d496d1ec9dcae17bb493
volguard_2025_ETH_e0.015_v0.6 0 d04f8f5f9d5fa5442059bb748b4f842d35f40128b6ddf16c26d1b01c7141ce84
volguard_2025_ETH_e0.015_v0.8 0 952b421a57cc817bf54e438d5c7fa27a597ee272569b1f9e4e4edb17db0ae35a
volguard_2025_ETH_e0.015_v1.0 0 10caf7eee73e9b0e9b7504ad78b6d8de105a8f206cd849014e3c422829f55845
volguard_2025_ETH_e0.02_v0.6 0 39a3b6b52cebd6038bccf8fe8431150e1d6b9e4b5eaced286d2d53ca4945d424
volguard_2025_ETH_e0.02_v0.8 0 a6b2355b76e383f65e64dedd2d47c70269e1b3abcb0d7899c2d929930f2f67c2
volguard_2025_ETH_e0.02_v1.0 0 b9c80fca823c153128b11a404e4214ad20ff06dae79fd3c9ee75ef8c99251b34
volguard_2025_combo_e0.0125_v0.6_btc0.75 0 d996a4b1472e9bc6062d5f20d11dc549db148686d95c53bd2350b31d5423ae06
volguard_2025_combo_e0.0125_v0.8_btc0.75 0 c719e19ea6a3a4c916912180dacf2860d7506bed11bb12bd23250029bcc731f0
volguard_2025_combo_e0.0125_v1.0_btc0.75 0 4abd5580ccce2a68f28be9a4354d1445014c214d62a4a60c102754139fe580fb
volguard_2025_combo_e0.015_v0.6_btc0.75 0 a2f9381f53cb1776339ad65b7473a52be8d8b6abbb4ec100405b1bc53fb2c522
volguard_2025_combo_e0.015_v0.8_btc0.75 0 96743f0ec685e4692a99c2166ae36efbb5ac4b45184a237517294b2077380cdd
volguard_2025_combo_e0.015_v1.0_btc0.75 0 e59d176cfcee7e5515c474fef4a11578b213766e643eb1552004674eb763ec92
volguard_2025_combo_e0.02_v0.6_btc0.75 0 98b3d3902ae7276e6344fd7207b32bd8550f130f33b63220b7f20e30a36905af
volguard_2025_combo_e0.02_v0.8_btc0.75 0 ef0fe8c83d71360e6510d7acf3410c19fa5699052e60e858e4725b6d6aad6e3f
volguard_2025_combo_e0.02_v1.0_btc0.75 0 bdfa17e39202de9f3913d66d60dff275a5a06baf6ca0ec3331fbe3c7f8cb5985
volguard_2026_BTC_e0.0125_v0.6 0 329d240adcca34073633922e86991d02a9d1ac85723edccc38918844c5ba5d76
volguard_2026_BTC_e0.0125_v0.8 0 1ab6a7135a8da75e1ae3092b3b40737df86010daf22fb96ee234e445d09ed954
volguard_2026_BTC_e0.0125_v1.0 0 32c98e86eb6c1a63cb70e370e77abf7de25b2a3cacbaeabf4cdd90ae1020b420
volguard_2026_BTC_e0.015_v0.6 0 023c070b3ef974df8a9f0d29acedc30300d35d8b0fe8edb11d6e0ad7a472696c
volguard_2026_BTC_e0.015_v0.8 0 986b135ce22080655dcc6b41e096faa5e618cf643c9105123dd9e63daaff9414
volguard_2026_BTC_e0.015_v1.0 0 8926f86a45b7f9da242fdb0a2c1c3eaf5c3d5552e85cc34d3774db4b54d1bb90
volguard_2026_BTC_e0.02_v0.6 0 954864531261613aac4a7c6b6634a7e2024da1411212eb881934387a893215cc
volguard_2026_BTC_e0.02_v0.8 0 a3bbd85851bf1c71fb758ecdeba2f5cfc701019aa52ecf683d61dab1968abff6
volguard_2026_BTC_e0.02_v1.0 0 d479c117b1485f7148f33202b37eb515d935f31887a9ed716a2784061bdb0a5f
volguard_2026_ETH_e0.0125_v0.6 0 77cf883ca444f4d05f40b8f2a331a991986a75edac464090109b4926c43ec225
volguard_2026_ETH_e0.0125_v0.8 0 469783471a35c75b2d1d4f1f7606d5ca4b9a7d044878d63f1eaebf66342294eb
volguard_2026_ETH_e0.0125_v1.0 0 21293f6543099728adb79f44d1f358d2dd1f86734127d3c09e5576b8c4e2c010
volguard_2026_ETH_e0.015_v0.6 0 98c8ad1926b5fb9ba79a3a2f5334e1c647c4b558457eb40690356a0850846918
volguard_2026_ETH_e0.015_v0.8 0 315de05b07444d16ae75473825378e7f13cbede490aaa1b8199c7d50ba905ef8
volguard_2026_ETH_e0.015_v1.0 0 05edc85cbee4a95f853823514e5dc11d7225df3cbeb4915af250a15115baa945
volguard_2026_ETH_e0.02_v0.6 0 bcc26cbd00f050fba27f9424010ffa1d4523fb8537eae4d58818dbd152fcd158
volguard_2026_ETH_e0.02_v0.8 0 a1699becfee9e1bbf92bc102fd2891d3e84794868c4ec6941cffa28dcf6310a9
volguard_2026_ETH_e0.02_v1.0 0 d006bc3da80c8c45c35cdb1acaa36b25a6a93f48bdbff8cc396b291c568366ea
volguard_2026_combo_e0.0125_v0.6_btc0.75 0 2f7e952ad33d6061afa9a8897ff57029d98673ce0f717c3d10cb9e67e61d772a
volguard_2026_combo_e0.0125_v0.8_btc0.75 0 9f87c2a7652aabf72b152a08fece12ac93ecf5ee3acd65cb5fbf876950b5acff
volguard_2026_combo_e0.0125_v1.0_btc0.75 0 99fa3ac295fb57e99d9baa08b38b602152b48be09d17e1bc73bca47b5698465c
volguard_2026_combo_e0.015_v0.6_btc0.75 0 b6ab3fff64e5f45ffc85e26a0f1a9becb7b2fddd7ac1853077def682ec7a6430
volguard_2026_combo_e0.015_v0.8_btc0.75 0 a7f2b89054468d2d325b020ad73448e24e4037e6b125e1841c8a592bf677a25a
volguard_2026_combo_e0.015_v1.0_btc0.75 0 7c7517c80a7131393a077f88691832edd632e78e463c4745042cdb7ed9d056c4
volguard_2026_combo_e0.02_v0.6_btc0.75 0 9801e64822282e358874ad9c6b25d3362cb2b7f68d6ed8d395aeb7c108170573
volguard_2026_combo_e0.02_v0.8_btc0.75 0 f7ca95f3a50f1d3244a7a683e50b3a772ef279a5071ba741f42f44a1b48876c6
volguard_2026_combo_e0.02_v1.0_btc0.75 0 650e9889d73f6b773b16d20ad52f4e403de357c366a24bc0c5f522f9006d824e
forward_snapshot_BTC 0 290c98906be4242ebd1c600e56a6bedc41b913777ac2e2d9f2a6a0f792f3d1a7
forward_snapshot_ETH 0 37719dfee64dd405c2b9ce8dec86f71b477539d3dd126d8d0c8ab11731a65de0
forward_snapshot_combo 0 c433e97ec3db1d1aa412346028479e14b1fca7e278abdce9b4bb1d66b30d5ec2
PASS:54 volatility-guarded configurations and3 cumulative cutoff snapshots reserved before actual computation.
