{"completed": "volspan_2025_BTC_n20_r1_c1000", "return1_pct": 7.4162909358399975, "return3_pct": 5.190684152159997, "DD3_pct": 12.765972745577503}
READ_ONLY_RESULT:fundalloc_2025_BTC_vol30_r1_c1000
{"completed": "volspan_2025_BTC_n40_r1_c1000", "return1_pct": 7.4162909358399975, "return3_pct": 5.190684152159997, "DD3_pct": 12.765972745577503}
READ_ONLY_RESULT:fundalloc_2025_ETH_s30_b0.0125_c1000
READ_ONLY_RESULT:fundalloc_2025_ETH_s33_b0.0125_c1000
READ_ONLY_RESULT:fundalloc_2025_ETH_s35_b0.0125_c1000
{"completed": "volspan_2026_BTC_n20_r1_c1000", "return1_pct": 25.243138345920002, "return3_pct": 23.93480770545, "DD3_pct": 13.064338280311604}
READ_ONLY_RESULT:fundalloc_2026_BTC_vol30_r1_c1000
{"completed": "volspan_2026_BTC_n40_r1_c1000", "return1_pct": 25.243138345920002, "return3_pct": 23.93480770545, "DD3_pct": 13.064338280311604}
READ_ONLY_RESULT:fundalloc_2026_ETH_s30_b0.0125_c1000
READ_ONLY_RESULT:fundalloc_2026_ETH_s33_b0.0125_c1000
READ_ONLY_RESULT:fundalloc_2026_ETH_s35_b0.0125_c1000
{"completed": "volspan_2025_btcN20_ethS30_b0.0125_btc0.5", "return1_pct": 76.90959163756999, "return3_pct": 74.51075727358003, "DD3_pct": 16.197227048143226}
{"completed": "volspan_2025_btcN20_ethS33_b0.0125_btc0.5", "return1_pct": 74.54568420572001, "return3_pct": 72.16258814418002, "DD3_pct": 16.150279218560335}
{"completed": "volspan_2025_btcN20_ethS35_b0.0125_btc0.5", "return1_pct": 74.54568420572001, "return3_pct": 72.16258814418002, "DD3_pct": 16.150279218560335}
READ_ONLY_RESULT:fundalloc_2025_btc0.5_ethS30_b0.0125
READ_ONLY_RESULT:fundalloc_2025_btc0.5_ethS33_b0.0125
READ_ONLY_RESULT:fundalloc_2025_btc0.5_ethS35_b0.0125
{"completed": "volspan_2025_btcN40_ethS30_b0.0125_btc0.5", "return1_pct": 76.90959163756999, "return3_pct": 74.51075727358003, "DD3_pct": 16.197227048143226}
{"completed": "volspan_2025_btcN40_ethS33_b0.0125_btc0.5", "return1_pct": 74.54568420572001, "return3_pct": 72.16258814418002, "DD3_pct": 16.150279218560335}
{"completed": "volspan_2025_btcN40_ethS35_b0.0125_btc0.5", "return1_pct": 74.54568420572001, "return3_pct": 72.16258814418002, "DD3_pct": 16.150279218560335}
{"completed": "volspan_2026_btcN20_ethS30_b0.0125_btc0.5", "return1_pct": 33.19974195461, "return3_pct": 31.809822013824984, "DD3_pct": 11.453399297972599}
{"completed": "volspan_2026_btcN20_ethS33_b0.0125_btc0.5", "return1_pct": 33.19974195461, "return3_pct": 31.809822013824984, "DD3_pct": 11.453399297972599}
{"completed": "volspan_2026_btcN20_ethS35_b0.0125_btc0.5", "return1_pct": 32.39337130251001, "return3_pct": 31.009856986725005, "DD3_pct": 11.953287530485547}
READ_ONLY_RESULT:fundalloc_2026_btc0.5_ethS30_b0.0125
READ_ONLY_RESULT:fundalloc_2026_btc0.5_ethS33_b0.0125
READ_ONLY_RESULT:fundalloc_2026_btc0.5_ethS35_b0.0125
{"completed": "volspan_2026_btcN40_ethS30_b0.0125_btc0.5", "return1_pct": 33.19974195461, "return3_pct": 31.809822013824984, "DD3_pct": 11.453399297972599}
{"completed": "volspan_2026_btcN40_ethS33_b0.0125_btc0.5", "return1_pct": 33.19974195461, "return3_pct": 31.809822013824984, "DD3_pct": 11.453399297972599}
{"completed": "volspan_2026_btcN40_ethS35_b0.0125_btc0.5", "return1_pct": 32.39337130251001, "return3_pct": 31.009856986725005, "DD3_pct": 11.953287530485547}
{"new_configs": 16, "new_component_configs": 4, "new_combination_configs": 12, "new_cost_scenes": 48, "new_minute_NAV_points": 12450336, "old_component_configs_read_only": 8, "old_component_cost_scenes_read_only": 24, "old_combination_configs_read_only": 6, "old_combination_cost_scenes_read_only": 18, "positive_1x": 16, "positive_3x": 16, "passed": ["volspan_2025_BTC_n20_r1_c1000", "volspan_2025_BTC_n40_r1_c1000", "volspan_2026_BTC_n20_r1_c1000", "volspan_2026_BTC_n40_r1_c1000", "volspan_2025_btcN20_ethS30_b0.0125_btc0.5", "volspan_2025_btcN20_ethS33_b0.0125_btc0.5", "volspan_2025_btcN20_ethS35_b0.0125_btc0.5", "volspan_2025_btcN40_ethS30_b0.0125_btc0.5", "volspan_2025_btcN40_ethS33_b0.0125_btc0.5", "volspan_2025_btcN40_ethS35_b0.0125_btc0.5", "volspan_2026_btcN20_ethS30_b0.0125_btc0.5", "volspan_2026_btcN20_ethS33_b0.0125_btc0.5", "volspan_2026_btcN20_ethS35_b0.0125_btc0.5", "volspan_2026_btcN40_ethS30_b0.0125_btc0.5", "volspan_2026_btcN40_ethS33_b0.0125_btc0.5", "volspan_2026_btcN40_ethS35_b0.0125_btc0.5"], "rejected": [], "new_both_periods_passed_combination_pairs": [["volspan_2025_btcN20_ethS30_b0.0125_btc0.5", "volspan_2026_btcN20_ethS30_b0.0125_btc0.5"], ["volspan_2025_btcN20_ethS33_b0.0125_btc0.5", "volspan_2026_btcN20_ethS33_b0.0125_btc0.5"], ["volspan_2025_btcN20_ethS35_b0.0125_btc0.5", "volspan_2026_btcN20_ethS35_b0.0125_btc0.5"], ["volspan_2025_btcN40_ethS30_b0.0125_btc0.5", "volspan_2026_btcN40_ethS30_b0.0125_btc0.5"], ["volspan_2025_btcN40_ethS33_b0.0125_btc0.5", "volspan_2026_btcN40_ethS33_b0.0125_btc0.5"], ["volspan_2025_btcN40_ethS35_b0.0125_btc0.5", "volspan_2026_btcN40_ethS35_b0.0125_btc0.5"]], "both_periods_passed_combination_pairs": [["volspan_2025_btcN20_ethS30_b0.0125_btc0.5", "volspan_2026_btcN20_ethS30_b0.0125_btc0.5"], ["volspan_2025_btcN20_ethS33_b0.0125_btc0.5", "volspan_2026_btcN20_ethS33_b0.0125_btc0.5"], ["volspan_2025_btcN20_ethS35_b0.0125_btc0.5", "volspan_2026_btcN20_ethS35_b0.0125_btc0.5"], ["fundalloc_2025_btc0.5_ethS30_b0.0125", "fundalloc_2026_btc0.5_ethS30_b0.0125"], ["fundalloc_2025_btc0.5_ethS33_b0.0125", "fundalloc_2026_btc0.5_ethS33_b0.0125"], ["fundalloc_2025_btc0.5_ethS35_b0.0125", "fundalloc_2026_btc0.5_ethS35_b0.0125"], ["volspan_2025_btcN40_ethS30_b0.0125_btc0.5", "volspan_2026_btcN40_ethS30_b0.0125_btc0.5"], ["volspan_2025_btcN40_ethS33_b0.0125_btc0.5", "volspan_2026_btcN40_ethS33_b0.0125_btc0.5"], ["volspan_2025_btcN40_ethS35_b0.0125_btc0.5", "volspan_2026_btcN40_ethS35_b0.0125_btc0.5"]], "new_component_fills": 72, "read_only_component_fills": 102, "new_live_orders": 0}
