confirm_fast_2025_ETH_s25_b0.01_e15_x30_c500 0 0349565e9f6b07e7e2148ad96a8d48983b600621001b0635c4d8396d798002ef
confirm_fast_2025_ETH_s25_b0.0125_e15_x30_c500 0 51df8a5516a8a5eea160e5fcc2ed5b0f9bd56d6be076563fb937c9824323527a
confirm_fast_2025_ETH_s25_b0.015_e15_x30_c500 0 b524883cac6fd112fc98fe6501f6e4c5c6823796a053cfec8a0d11b76abffc98
confirm_fast_2025_ETH_s35_b0.01_e15_x30_c500 0 e40d61d5d809e1aabe1af61561244afb54681b29c1c63e4dba2f0b03a32bf03b
confirm_fast_2025_ETH_s45_b0.01_e15_x30_c500 0 ce11698cab3c23f4183102592aeafade81b3b1666da64071ee5ff9530a1b5301
confirm_fast_2025_ETH_s45_b0.0125_e15_x30_c500 0 3e942ae5ea0b2ffc3af22c3a251bbc95af9f3970d02e27c9251ef485c370ff1b
confirm_fast_2025_ETH_s45_b0.015_e15_x30_c500 0 4c9ac229074632eaabe535e62990496c4e006aeb357b26fee9e9f7cddb929072
confirm_fast_2026_ETH_s25_b0.01_e15_x30_c500 0 5005deb1657be5951cfd0c7b8ea3fa7c6456350ad8ae11ce8accb089021add88
confirm_fast_2026_ETH_s25_b0.0125_e15_x30_c500 0 f4e0da6e0a641e68650b567bdce726070b619a912de9218578756092dba324b0
confirm_fast_2026_ETH_s25_b0.015_e15_x30_c500 0 e5ca3d3b07980d6909b5ae7a5aa4061bf0714a1bf0fcedfd1c1cd6571532088d
confirm_fast_2026_ETH_s35_b0.01_e15_x30_c500 0 74f8c61ac92c7a98d166e261900b4175825efb0133e5fed87b891e9bac0595c5
confirm_fast_2026_ETH_s45_b0.01_e15_x30_c500 0 2417ed1171941cc1bf0a49c46fefa194f642bfc20f9639f392fc019e16611a43
confirm_fast_2026_ETH_s45_b0.0125_e15_x30_c500 0 592847c2eedf8a549d775fef285b08cd0ef4047b055d1fa9d47146fd98361921
confirm_fast_2026_ETH_s45_b0.015_e15_x30_c500 0 aabfec7d2a1858ecfdf28a4591f88e71d546435e979e2f4f24c22c8e97de695a
vol_filter_fast_2025_btcN30r1_ethS25_b0.01_btc0.75 0 c500ac42816dd6179818f87a6118e6af66fc848525b7ddcecc0c0358359d16f8
vol_filter_fast_2025_btcN30r1_ethS25_b0.0125_btc0.75 0 aa8c0635ecb909056d19f231422751e3383b819e4d694f1d967ba5b75860daa8
vol_filter_fast_2025_btcN30r1_ethS25_b0.015_btc0.75 0 0eaa66087d3ed5a927c1a92347600237e0ea24b64421e54ca84c057cf7e6f60c
vol_filter_fast_2025_btcN30r1_ethS35_b0.01_btc0.75 0 a1665b8405f9ab74e273389cf340a286813b3213c35846c6b23e0178c7351ad4
vol_filter_fast_2025_btcN30r1_ethS45_b0.01_btc0.75 0 121178276b34c47ad6f9c52b21f054ecb45ee1009ece4b25b9e7db669a8f78f5
vol_filter_fast_2025_btcN30r1_ethS45_b0.0125_btc0.75 0 2fa4e9b6187f4725eaa205057de90958aa9f7ff18484d5a9991675dfa7f56d54
vol_filter_fast_2025_btcN30r1_ethS45_b0.015_btc0.75 0 d2fb2855a0b603bdb5e46ef05b2bc64843076332d37736a0bd917e16e8165a67
vol_filter_fast_2026_btcN30r1_ethS25_b0.01_btc0.75 0 0978021d72b9d1dff9ac3ed7a6982b7e95abf8a23b9726d14c3aa15786768d28
vol_filter_fast_2026_btcN30r1_ethS25_b0.0125_btc0.75 0 ba8cad4cf130342488573f914b1779feba68f5c54ffdf0601a58fc6947f6f48f
vol_filter_fast_2026_btcN30r1_ethS25_b0.015_btc0.75 0 b821afcc0ebfe005a67dba9fbadb0dd71a2baa178486891ef6f5961b3f61627d
vol_filter_fast_2026_btcN30r1_ethS35_b0.01_btc0.75 0 5cfdcaf1209088c60499f147709ba763d4005e714fbddb65309f31c70944f8de
vol_filter_fast_2026_btcN30r1_ethS45_b0.01_btc0.75 0 d1ca0b198e1eaef059bd2e41ad6270510d243ede07e7acdf29d5407e8059c215
vol_filter_fast_2026_btcN30r1_ethS45_b0.0125_btc0.75 0 3edadaf66f43f388b9ef668599e2efb095624cff4bcd66b5c930647314c36581
vol_filter_fast_2026_btcN30r1_ethS45_b0.015_btc0.75 0 a1fd6a900a046a4db9815f66b4bb97c417b5c995fe4b976152e43d110eefef2f
forward_snapshot_BTC 0 2fd1a71b6c8ef1eb1fa55f9d4a301675010d248a8db68813155174e84ea3753a
forward_snapshot_ETH 0 4973e7d382d5eb2da01f0175c86f2eea5367ddef6c640b0cfac25c121fcb64bb
forward_snapshot_combo 0 b7b6c94139b195d928fbd33a4a0cd196bcedfc6caa807bf680f32ad615e0537c
PASS:28new histories+3legacy cutoffs reserved;8exact oldEMA grid cells and2BTC sources read-only.
