{"completed": "confirm_fast_2025_ETH_s25_b0.01_e15_x30_c500", "return1_pct": 73.2108424168, "return3_pct": 68.74963123660001, "DD3_pct": 26.384720816888517}
{"completed": "confirm_fast_2025_ETH_s25_b0.0125_e15_x30_c500", "return1_pct": 91.3400612964, "return3_pct": 87.3910358784, "DD3_pct": 26.384720816888517}
{"completed": "confirm_fast_2025_ETH_s25_b0.015_e15_x30_c500", "return1_pct": 111.05054210919998, "return3_pct": 107.7397813442, "DD3_pct": 29.52539022567705}
{"completed": "confirm_fast_2025_ETH_s35_b0.01_e15_x30_c500", "return1_pct": 141.6568929462, "return3_pct": 139.14944114360003, "DD3_pct": 20.247963325835915}
READ_ONLY_RESULT:confirm_refine_2025_ETH_s35_b0.0125_e15_x30_c500
READ_ONLY_RESULT:confirm_refine_2025_ETH_s35_b0.015_e15_x30_c500
{"completed": "confirm_fast_2025_ETH_s45_b0.01_e15_x30_c500", "return1_pct": 96.8322353068, "return3_pct": 94.7997076382, "DD3_pct": 20.24396898259697}
{"completed": "confirm_fast_2025_ETH_s45_b0.0125_e15_x30_c500", "return1_pct": 96.8322353068, "return3_pct": 94.7997076382, "DD3_pct": 20.24396898259697}
{"completed": "confirm_fast_2025_ETH_s45_b0.015_e15_x30_c500", "return1_pct": 96.8322353068, "return3_pct": 94.7997076382, "DD3_pct": 20.24396898259697}
{"completed": "confirm_fast_2026_ETH_s25_b0.01_e15_x30_c500", "return1_pct": 34.61618313439998, "return3_pct": 32.52291055900001, "DD3_pct": 15.765158849531868}
{"completed": "confirm_fast_2026_ETH_s25_b0.0125_e15_x30_c500", "return1_pct": 41.989593327200005, "return3_pct": 40.5155895914, "DD3_pct": 10.684853284312378}
{"completed": "confirm_fast_2026_ETH_s25_b0.015_e15_x30_c500", "return1_pct": 41.1653821784, "return3_pct": 39.68388662560001, "DD3_pct": 11.21153820760339}
{"completed": "confirm_fast_2026_ETH_s35_b0.01_e15_x30_c500", "return1_pct": 39.54550642199999, "return3_pct": 38.09092794119999, "DD3_pct": 12.22800293281776}
READ_ONLY_RESULT:confirm_refine_2026_ETH_s35_b0.0125_e15_x30_c500
READ_ONLY_RESULT:confirm_refine_2026_ETH_s35_b0.015_e15_x30_c500
{"completed": "confirm_fast_2026_ETH_s45_b0.01_e15_x30_c500", "return1_pct": 35.23996576520001, "return3_pct": 33.82135032339999, "DD3_pct": 13.040633864017103}
{"completed": "confirm_fast_2026_ETH_s45_b0.0125_e15_x30_c500", "return1_pct": 29.080714201199996, "return3_pct": 27.739823824, "DD3_pct": 14.503524211185647}
{"completed": "confirm_fast_2026_ETH_s45_b0.015_e15_x30_c500", "return1_pct": 29.080714201199996, "return3_pct": 27.739823824, "DD3_pct": 14.503524211185647}
READ_ONLY_RESULT:volratio_2025_BTC_n30_r1_e15_x30_c1500
READ_ONLY_RESULT:volratio_2026_BTC_n30_r1_e15_x30_c1500
{"completed": "vol_filter_fast_2025_btcN30r1_ethS25_b0.01_btc0.75", "return1_pct": 33.433397651765006, "return3_pct": 30.911198060880007, "DD3_pct": 15.548454512438937}
{"completed": "vol_filter_fast_2025_btcN30r1_ethS25_b0.0125_btc0.75", "return1_pct": 37.96570237166499, "return3_pct": 35.57154922132999, "DD3_pct": 15.548454512438937}
{"completed": "vol_filter_fast_2025_btcN30r1_ethS25_b0.015_btc0.75", "return1_pct": 42.89332257486498, "return3_pct": 40.658735587779994, "DD3_pct": 16.46958660240403}
{"completed": "vol_filter_fast_2025_btcN30r1_ethS35_b0.01_btc0.75", "return1_pct": 50.544910284115005, "return3_pct": 48.51115053763002, "DD3_pct": 13.311264642386956}
READ_ONLY_RESULT:vol_filter_refine_2025_btcN30r1_ethS35_b0.0125_btc0.75
READ_ONLY_RESULT:vol_filter_refine_2025_btcN30r1_ethS35_b0.015_btc0.75
{"completed": "vol_filter_fast_2025_btcN30r1_ethS45_b0.01_btc0.75", "return1_pct": 39.338745874265, "return3_pct": 37.42371716127999, "DD3_pct": 12.946888141881196}
{"completed": "vol_filter_fast_2025_btcN30r1_ethS45_b0.0125_btc0.75", "return1_pct": 39.338745874265, "return3_pct": 37.42371716127999, "DD3_pct": 12.946888141881196}
{"completed": "vol_filter_fast_2025_btcN30r1_ethS45_b0.015_btc0.75", "return1_pct": 39.338745874265, "return3_pct": 37.42371716127999, "DD3_pct": 12.946888141881196}
{"completed": "vol_filter_fast_2026_btcN30r1_ethS25_b0.01_btc0.75", "return1_pct": 27.585765350359992, "return3_pct": 26.07692865461, "DD3_pct": 11.838609644186937}
{"completed": "vol_filter_fast_2026_btcN30r1_ethS25_b0.0125_btc0.75", "return1_pct": 29.429117898559998, "return3_pct": 28.07509841271001, "DD3_pct": 12.141741152416152}
{"completed": "vol_filter_fast_2026_btcN30r1_ethS25_b0.015_btc0.75", "return1_pct": 29.223065111360015, "return3_pct": 27.86717267126, "DD3_pct": 12.269269393791937}
{"completed": "vol_filter_fast_2026_btcN30r1_ethS35_b0.01_btc0.75", "return1_pct": 28.818096172259988, "return3_pct": 27.46893300016, "DD3_pct": 12.515389897901152}
READ_ONLY_RESULT:vol_filter_refine_2026_btcN30r1_ethS35_b0.0125_btc0.75
READ_ONLY_RESULT:vol_filter_refine_2026_btcN30r1_ethS35_b0.015_btc0.75
{"completed": "vol_filter_fast_2026_btcN30r1_ethS45_b0.01_btc0.75", "return1_pct": 27.74171100806, "return3_pct": 26.401538595710015, "DD3_pct": 12.390898205545852}
{"completed": "vol_filter_fast_2026_btcN30r1_ethS45_b0.0125_btc0.75", "return1_pct": 26.201898117059997, "return3_pct": 24.881156970859998, "DD3_pct": 12.004697857464208}
{"completed": "vol_filter_fast_2026_btcN30r1_ethS45_b0.015_btc0.75", "return1_pct": 26.201898117059997, "return3_pct": 24.881156970859998, "DD3_pct": 12.004697857464208}
{"new_configs": 28, "new_component_configs": 14, "new_combination_configs": 14, "new_cost_scenes": 84, "new_minute_NAV_points": 21788088, "old_component_configs_read_only": 6, "old_component_cost_scenes_read_only": 18, "old_combination_configs_read_only": 4, "old_combination_cost_scenes_read_only": 12, "positive_1x": 28, "positive_3x": 28, "passed": ["confirm_fast_2025_ETH_s35_b0.01_e15_x30_c500", "confirm_fast_2025_ETH_s45_b0.01_e15_x30_c500", "confirm_fast_2025_ETH_s45_b0.0125_e15_x30_c500", "confirm_fast_2025_ETH_s45_b0.015_e15_x30_c500", "vol_filter_fast_2025_btcN30r1_ethS35_b0.01_btc0.75", "vol_filter_fast_2025_btcN30r1_ethS45_b0.01_btc0.75", "vol_filter_fast_2025_btcN30r1_ethS45_b0.0125_btc0.75", "vol_filter_fast_2025_btcN30r1_ethS45_b0.015_btc0.75", "vol_filter_fast_2026_btcN30r1_ethS25_b0.01_btc0.75", "vol_filter_fast_2026_btcN30r1_ethS25_b0.0125_btc0.75", "vol_filter_fast_2026_btcN30r1_ethS25_b0.015_btc0.75", "vol_filter_fast_2026_btcN30r1_ethS35_b0.01_btc0.75", "vol_filter_fast_2026_btcN30r1_ethS45_b0.01_btc0.75", "vol_filter_fast_2026_btcN30r1_ethS45_b0.0125_btc0.75", "vol_filter_fast_2026_btcN30r1_ethS45_b0.015_btc0.75"], "rejected": ["confirm_fast_2025_ETH_s25_b0.01_e15_x30_c500", "confirm_fast_2025_ETH_s25_b0.0125_e15_x30_c500", "confirm_fast_2025_ETH_s25_b0.015_e15_x30_c500", "confirm_fast_2026_ETH_s25_b0.01_e15_x30_c500", "confirm_fast_2026_ETH_s25_b0.0125_e15_x30_c500", "confirm_fast_2026_ETH_s25_b0.015_e15_x30_c500", "confirm_fast_2026_ETH_s35_b0.01_e15_x30_c500", "confirm_fast_2026_ETH_s45_b0.01_e15_x30_c500", "confirm_fast_2026_ETH_s45_b0.0125_e15_x30_c500", "confirm_fast_2026_ETH_s45_b0.015_e15_x30_c500", "vol_filter_fast_2025_btcN30r1_ethS25_b0.01_btc0.75", "vol_filter_fast_2025_btcN30r1_ethS25_b0.0125_btc0.75", "vol_filter_fast_2025_btcN30r1_ethS25_b0.015_btc0.75"], "new_both_periods_passed_combination_pairs": [["vol_filter_fast_2025_btcN30r1_ethS35_b0.01_btc0.75", "vol_filter_fast_2026_btcN30r1_ethS35_b0.01_btc0.75"], ["vol_filter_fast_2025_btcN30r1_ethS45_b0.01_btc0.75", "vol_filter_fast_2026_btcN30r1_ethS45_b0.01_btc0.75"], ["vol_filter_fast_2025_btcN30r1_ethS45_b0.0125_btc0.75", "vol_filter_fast_2026_btcN30r1_ethS45_b0.0125_btc0.75"], ["vol_filter_fast_2025_btcN30r1_ethS45_b0.015_btc0.75", "vol_filter_fast_2026_btcN30r1_ethS45_b0.015_btc0.75"]], "both_periods_passed_combination_pairs": [["vol_filter_fast_2025_btcN30r1_ethS35_b0.01_btc0.75", "vol_filter_fast_2026_btcN30r1_ethS35_b0.01_btc0.75"], ["vol_filter_refine_2025_btcN30r1_ethS35_b0.0125_btc0.75", "vol_filter_refine_2026_btcN30r1_ethS35_b0.0125_btc0.75"], ["vol_filter_refine_2025_btcN30r1_ethS35_b0.015_btc0.75", "vol_filter_refine_2026_btcN30r1_ethS35_b0.015_btc0.75"], ["vol_filter_fast_2025_btcN30r1_ethS45_b0.01_btc0.75", "vol_filter_fast_2026_btcN30r1_ethS45_b0.01_btc0.75"], ["vol_filter_fast_2025_btcN30r1_ethS45_b0.0125_btc0.75", "vol_filter_fast_2026_btcN30r1_ethS45_b0.0125_btc0.75"], ["vol_filter_fast_2025_btcN30r1_ethS45_b0.015_btc0.75", "vol_filter_fast_2026_btcN30r1_ethS45_b0.015_btc0.75"]], "new_component_fills": 210, "read_only_component_fills": 78, "new_live_orders": 0}
