channel_ema_2025_BTC_CHANNEL_ETH_EMA_s50_d10 0 8b2e076b2b57b6a04a1c0a909bdc9cca23f8765bfa1ad2c359ffa68e6fa338b5
channel_ema_2025_BTC_CHANNEL_ETH_EMA_s50_d15 0 26a0c7266d8d510850faf6096e67c3573cad4fa63f1db940d95069bbfb2c0759
channel_ema_2025_BTC_CHANNEL_ETH_EMA_s50_d20 0 f8bb6805b0885a657a590c1e58c74baa2a97489fda5d6e516c6722a182cda6ec
channel_ema_2025_BTC_CHANNEL_ETH_EMA_s65_d10 0 ef95f672e55a53259a192a44889c5c40bc58528e925d058e98bfb27473fa249c
channel_ema_2025_BTC_CHANNEL_ETH_EMA_s65_d15 0 d6b48be4462304134492eacf5ae81e2d627bac9ed54049e448e4bc05a65c0b99
channel_ema_2025_BTC_CHANNEL_ETH_EMA_s65_d20 0 24c331391707dab9b400baf340d6bd758d818b0f069067feaa5eefc084d068a2
channel_ema_2025_BTC_CHANNEL_ETH_EMA_s80_d10 0 62e7cf876f9a83ea42f3e921549642131e8702c067dd479ea360823d9e6db4ff
channel_ema_2025_BTC_CHANNEL_ETH_EMA_s80_d15 0 144ab4c6394ada05e184b131f24c8e3b400794cfedcfaa0eca2796e4bcd00232
channel_ema_2025_BTC_CHANNEL_ETH_EMA_s80_d20 0 41ea06b38b09fc35542931d6400a06e2919e0d45212eb7465bd34b35d664df09
channel_ema_2025_BTC_EMA_ETH_CHANNEL_s50_d10 0 71359644d0ab604339d32a6532e45a48e62860a0208e730276273a8c5e250e21
channel_ema_2025_BTC_EMA_ETH_CHANNEL_s50_d15 0 86fcca537e831f86fc0e5ffe77ea880a1e1bff797f569cafd85015936c75c82f
channel_ema_2025_BTC_EMA_ETH_CHANNEL_s50_d20 0 1d6b7173e3f2578d1074e3090ed9cfa3bc918c5c6562e093aa5e1d551a6cdc57
channel_ema_2025_BTC_EMA_ETH_CHANNEL_s65_d10 0 172098dee031d65d458feace46fe74cb289972343769f4d64da63a27199804c2
channel_ema_2025_BTC_EMA_ETH_CHANNEL_s65_d15 0 5888d196914df01951656de523dc91f4729254286613c6bfc6e961cb15c9e425
channel_ema_2025_BTC_EMA_ETH_CHANNEL_s65_d20 0 501590293e2cb0d6b20147740966cae0da6c30a46b8789efd88d2706fe9951b5
channel_ema_2025_BTC_EMA_ETH_CHANNEL_s80_d10 0 5ca56701bbfce871ef98554171a1cbb922e4cd82b32526b6cab1c6be1be1eb89
channel_ema_2025_BTC_EMA_ETH_CHANNEL_s80_d15 0 e48a854d5bc664056c6902ee7c004fbace2c52c29b8b60d8307eda91ab2f3e30
channel_ema_2025_BTC_EMA_ETH_CHANNEL_s80_d20 0 cd7b55be976585c70258bf2bca13f6749042061dfa60902badb52f27b2738bd9
channel_ema_2026_BTC_CHANNEL_ETH_EMA_s50_d10 0 07ed0f71d5db0dfe9493a0c3a0d07bfe87ad848d55a164b72b5cac7d33a78b94
channel_ema_2026_BTC_CHANNEL_ETH_EMA_s50_d15 0 bf53633266b03c6151492acb209738bfb7859e44c3ec4cc94d5c631a820c1dd0
channel_ema_2026_BTC_CHANNEL_ETH_EMA_s50_d20 0 77e861f574072813bd0645a48b4a496c6a005177564336a5d022bb58d51d28cd
channel_ema_2026_BTC_CHANNEL_ETH_EMA_s65_d10 0 acf00da2097e14ae6fb714f2263019b777d79964664313d1d7f6fe6d030edca4
channel_ema_2026_BTC_CHANNEL_ETH_EMA_s65_d15 0 aa278f5ca1d3850c1cf60969ebb532ed23b72aa0cb23e60c5b68a55086dbe385
channel_ema_2026_BTC_CHANNEL_ETH_EMA_s65_d20 0 868a29bc5e0230fbd490cfbbb4801286f3d2442ed7298408cbaf3d441baa7921
channel_ema_2026_BTC_CHANNEL_ETH_EMA_s80_d10 0 58532121325082238afe643bb6ebc7ef6e87b2df85040df85ccc56b3569f4501
channel_ema_2026_BTC_CHANNEL_ETH_EMA_s80_d15 0 dd21909495d6956124d44755f62a7ae98af3e3cef5e30378ca38d146c6ad0980
channel_ema_2026_BTC_CHANNEL_ETH_EMA_s80_d20 0 df5d3acf7b5f5fcd04ec94273589c449adb6baea853ec826439dbe1477c26c12
channel_ema_2026_BTC_EMA_ETH_CHANNEL_s50_d10 0 b561f9877dfaeb25bc521d1dda6b3549764288cbb746f531a00d4d5251f83164
channel_ema_2026_BTC_EMA_ETH_CHANNEL_s50_d15 0 5a2fa144419fc027905fcb08706063d259eec55d8a7b833d96b89083838488bd
channel_ema_2026_BTC_EMA_ETH_CHANNEL_s50_d20 0 8846266fde4e52a1a786790cba0f4b33d39bf55bcfdce2df177d5707699f5f0a
channel_ema_2026_BTC_EMA_ETH_CHANNEL_s65_d10 0 2f8b7d4a7d62977e3ab7559d4dce41fc85882faf0763bf2b35265ad223da2baa
channel_ema_2026_BTC_EMA_ETH_CHANNEL_s65_d15 0 b24ce64cb2ab9bc1246716728843db787fc461abeb2754202f1804ff185cec86
channel_ema_2026_BTC_EMA_ETH_CHANNEL_s65_d20 0 11cb66707d94a3c12defdb42e10f8f69ac5df7c847b01915641cae706c1e5475
channel_ema_2026_BTC_EMA_ETH_CHANNEL_s80_d10 0 6f575441d83e78a055a33de681e66afd35626fabf9272a4ad52f97895cf70b61
channel_ema_2026_BTC_EMA_ETH_CHANNEL_s80_d15 0 aef4c0ed3892d48b5b06c334071524a398f7b7142f0df75f7b5dff3551721b78
channel_ema_2026_BTC_EMA_ETH_CHANNEL_s80_d20 0 4b5d57f3d3fcf7e2755f88495b8b72e8aa7a389ae0dc60dd0962110c06a38cc7
forward_snapshot_BTC 0 a830dbdc8f0e6bd8dd5aefaa4f0fa1052b9640cd5fa3e25f436bb491c287dfcf
forward_snapshot_ETH 0 d264f39d0fa28e6aa640d7e6b42b414cc115cd1ec3c1ac4a6af05146bb4cf7d1
forward_snapshot_combo 0 998cd7b5337d76c70ada1839aff8679d3967ab9c58783f62558ae5dbe5cf2105
PASS:36 new combinations and3 new cutoff snapshots reserved before calculation;24 actual-result size-matched components only reused.
