{"new_backtests": 0, "readonly_scenes_verified": 78, "missing_files_restored": 0}
PASS:all9 cumulative forward scenes exactly reproduced including9187point complete time axis and nextstate;noHTTP or ledger write
READ_ONLY_RESULT:channel_2025_combo_e10_x30_btc0.75
{"completed": "mixed_entry_channel_2025_btc10_x30_eth15_x30", "return3_pct": 37.106994182800015, "minute_DD3_pct": 14.268781398469644}
READ_ONLY_RESULT:mixed_channel_reverse_2025_btc10_x30_eth20_x30
{"completed": "mixed_entry_channel_2025_btc15_x30_eth10_x30", "return3_pct": 35.09229967006999, "minute_DD3_pct": 14.031076990944536}
READ_ONLY_RESULT:channel_2025_combo_e15_x30_btc0.75
READ_ONLY_RESULT:mixed_channel_reverse_2025_btc15_x30_eth20_x30
READ_ONLY_RESULT:mixed_channel_2025_btc20_x30_eth10_x30
READ_ONLY_RESULT:mixed_channel_2025_btc20_x30_eth15_x30
READ_ONLY_RESULT:channel_2025_combo_e20_x30_btc0.75
READ_ONLY_RESULT:channel_2026_combo_e10_x30_btc0.75
{"completed": "mixed_entry_channel_2026_btc10_x30_eth15_x30", "return3_pct": 24.78520638616, "minute_DD3_pct": 16.986103667218934}
READ_ONLY_RESULT:mixed_channel_reverse_2026_btc10_x30_eth20_x30
{"completed": "mixed_entry_channel_2026_btc15_x30_eth10_x30", "return3_pct": 22.711231466610005, "minute_DD3_pct": 15.443523924840786}
READ_ONLY_RESULT:channel_2026_combo_e15_x30_btc0.75
READ_ONLY_RESULT:mixed_channel_reverse_2026_btc15_x30_eth20_x30
READ_ONLY_RESULT:mixed_channel_2026_btc20_x30_eth10_x30
READ_ONLY_RESULT:mixed_channel_2026_btc20_x30_eth15_x30
READ_ONLY_RESULT:channel_2026_combo_e20_x30_btc0.75
PASS:all12 NEW mixed-entry cost scenes exactly reproduced;42 EXISTING scenes read-only verified;full report reproduced;ledger unchanged
{"passed": true, "source_component_scenes_rebuilt": 36, "mixed_channel_cost_scenes_audited": 54, "mixed_channel_NAV_points_audited": 14006628, "report_sha256": "3f60510e607b456f8347c4669e311d009a9ee245d89ff9a2605ed058f1b51397", "forward_report_sha256": "60d2c16035278507c22237736dbcf673e0ceb1b26918af1c969b97f0f06f3378", "frozen_forward_plan_unchanged": true}
{"passed": true, "forward_scenes": 9, "new_closed_marks_per_asset": 120, "cumulative_minutes": 9179, "complete_days": 6, "NAV_points_per_scene": 9187, "original_NAV_prefix": 9067, "new_daily_decisions": 0, "new_reference_points": 0, "new_executions": 0, "original_cash_units_desired_trades_costs_unchanged": true, "next_daily_decision_utc": "2026-10-09T00:01:00Z", "report_sha256": "60d2c16035278507c22237736dbcf673e0ceb1b26918af1c969b97f0f06f3378"}
PASS: new parameters/weights and missing-result retries are allowed; exact/reordered completed trials stay blocked
