READ_ONLY_EXACT channel_2025_combo_e10_x30_btc0.75
mixed_entry_channel_2025_btc10_x30_eth15_x30 0 9454e1445205502864e93e8f38c976f41a5cf787164f81737d316bab92727594
READ_ONLY_EXACT mixed_channel_reverse_2025_btc10_x30_eth20_x30
mixed_entry_channel_2025_btc15_x30_eth10_x30 0 ad049f2b331a0c13bf4d15fca35ab1a41730e2d2acac72765d2bdbec8319ec40
READ_ONLY_EXACT channel_2025_combo_e15_x30_btc0.75
READ_ONLY_EXACT mixed_channel_reverse_2025_btc15_x30_eth20_x30
READ_ONLY_EXACT mixed_channel_2025_btc20_x30_eth10_x30
READ_ONLY_EXACT mixed_channel_2025_btc20_x30_eth15_x30
READ_ONLY_EXACT channel_2025_combo_e20_x30_btc0.75
READ_ONLY_EXACT channel_2026_combo_e10_x30_btc0.75
mixed_entry_channel_2026_btc10_x30_eth15_x30 0 de41625a8da80c493f96515e27e7b6106fd563a94796e157afa8fc276631ea70
READ_ONLY_EXACT mixed_channel_reverse_2026_btc10_x30_eth20_x30
mixed_entry_channel_2026_btc15_x30_eth10_x30 0 ea453e6bad5893da60eea1ed2185628e67d393830aef5322be992c48dac0fa3d
READ_ONLY_EXACT channel_2026_combo_e15_x30_btc0.75
READ_ONLY_EXACT mixed_channel_reverse_2026_btc15_x30_eth20_x30
READ_ONLY_EXACT mixed_channel_2026_btc20_x30_eth10_x30
READ_ONLY_EXACT mixed_channel_2026_btc20_x30_eth15_x30
READ_ONLY_EXACT channel_2026_combo_e20_x30_btc0.75
forward_snapshot_BTC 0 188cf019772065777b0a4c578784b8049b0da7d350ca5eb4e6b67c8e11bc2929
forward_snapshot_ETH 0 10d1efc02088353a631f60cfb2e3d834cfb265fc6589dcdd0ba284fb17076ae9
forward_snapshot_combo 0 c15da70185b2d99df32cf276b5a975312076a323e15ec599cb1ad13d3e4d75bc
PASS:4new portfolios+3legacy cutoffs reserved;14exact grid cells and12funded components read-only.
