{"completed": "filtered_band_2025_BTC_e10_b0.01_x30_s50_c1350", "return1": 20.63925038320742, "return3": 18.76103885096296, "minute_DD3": 12.415094039381824}
READ_ONLY_RESULT:filtered_alloc_2025_BTC_e10_s50_c1350
{"completed": "filtered_band_2025_BTC_e10_b0.02_x30_s50_c1350", "return1": 20.210913537096296, "return3": 18.339333663525935, "minute_DD3": 12.415094039381824}
{"completed": "filtered_band_2025_BTC_e15_b0.01_x30_s50_c1350", "return1": 19.564938072696304, "return3": 17.703668284970362, "minute_DD3": 13.194058949215126}
READ_ONLY_RESULT:filtered_alloc_2025_BTC_e15_s50_c1350
{"completed": "filtered_band_2025_BTC_e15_b0.02_x30_s50_c1350", "return1": 19.140448227511108, "return3": 17.285400637822224, "minute_DD3": 13.194058949215126}
{"completed": "filtered_band_2025_BTC_e20_b0.01_x30_s50_c1350", "return1": 18.486866063014816, "return3": 16.642181945481482, "minute_DD3": 12.130775550801431}
READ_ONLY_RESULT:filtered_alloc_2025_BTC_e20_s50_c1350
{"completed": "filtered_band_2025_BTC_e20_b0.02_x30_s50_c1350", "return1": 18.06635049951111, "return3": 16.22827581776296, "minute_DD3": 12.130775550801431}
{"completed": "filtered_band_2025_ETH_e10_b0.01_x30_s50_c650", "return1": 96.85534020923076, "return3": 94.78204126415386, "minute_DD3": 20.245376429741558}
READ_ONLY_RESULT:filtered_alloc_2025_ETH_e10_s50_c650
{"completed": "filtered_band_2025_ETH_e10_b0.02_x30_s50_c650", "return1": 96.85534020923076, "return3": 94.78204126415386, "minute_DD3": 20.245376429741558}
{"completed": "filtered_band_2025_ETH_e15_b0.01_x30_s50_c650", "return1": 96.85534020923076, "return3": 94.78204126415386, "minute_DD3": 20.245376429741558}
READ_ONLY_RESULT:filtered_alloc_2025_ETH_e15_s50_c650
{"completed": "filtered_band_2025_ETH_e15_b0.02_x30_s50_c650", "return1": 96.85534020923076, "return3": 94.78204126415386, "minute_DD3": 20.245376429741558}
{"completed": "filtered_band_2025_ETH_e20_b0.01_x30_s50_c650", "return1": 95.41640795076924, "return3": 93.35297299984614, "minute_DD3": 20.829950329720415}
READ_ONLY_RESULT:filtered_alloc_2025_ETH_e20_s50_c650
{"completed": "filtered_band_2025_ETH_e20_b0.02_x30_s50_c650", "return1": 95.41640795076924, "return3": 93.35297299984614, "minute_DD3": 20.829950329720415}
{"completed": "filtered_band_2025_combo_e10_b0.01_x30_s50_btc0.675", "return1": 45.40947957666499, "return3": 43.46786463525001, "minute_DD3": 12.800481783550122}
READ_ONLY_RESULT:filtered_alloc_2025_combo_e10_s50_btc0.675
{"completed": "filtered_band_2025_combo_e10_b0.02_x30_s50_btc0.675", "return1": 45.12035220553998, "return3": 43.18321363373001, "minute_DD3": 12.800481783550122}
{"completed": "filtered_band_2025_combo_e15_b0.01_x30_s50_btc0.675", "return1": 44.684318767069996, "return3": 42.75413950320499, "minute_DD3": 13.329094771121873}
READ_ONLY_RESULT:filtered_alloc_2025_combo_e15_s50_btc0.675
{"completed": "filtered_band_2025_combo_e15_b0.02_x30_s50_btc0.675", "return1": 44.39778812157, "return3": 42.471808841380025, "minute_DD3": 13.329094771121873}
{"completed": "filtered_band_2025_combo_e20_b0.01_x30_s50_btc0.675", "return1": 43.48896717653501, "return3": 41.57318903814999, "minute_DD3": 13.818288767941356}
READ_ONLY_RESULT:filtered_alloc_2025_combo_e20_s50_btc0.675
{"completed": "filtered_band_2025_combo_e20_b0.02_x30_s50_btc0.675", "return1": 43.205119171170004, "return3": 41.293802401940006, "minute_DD3": 13.818288767941356}
{"completed": "filtered_band_2026_BTC_e10_b0.01_x30_s50_c1350", "return1": 11.144824093555549, "return3": 9.409755154518518, "minute_DD3": 14.104117538681182}
READ_ONLY_RESULT:filtered_alloc_2026_BTC_e10_s50_c1350
{"completed": "filtered_band_2026_BTC_e10_b0.02_x30_s50_c1350", "return1": 8.987403231570369, "return3": 7.287878777688883, "minute_DD3": 15.772017674882488}
{"completed": "filtered_band_2026_BTC_e15_b0.01_x30_s50_c1350", "return1": 11.144824093555549, "return3": 9.409755154518518, "minute_DD3": 14.104117538681182}
READ_ONLY_RESULT:filtered_alloc_2026_BTC_e15_s50_c1350
{"completed": "filtered_band_2026_BTC_e15_b0.02_x30_s50_c1350", "return1": 8.987403231570369, "return3": 7.287878777688883, "minute_DD3": 15.772017674882488}
{"completed": "filtered_band_2026_BTC_e20_b0.01_x30_s50_c1350", "return1": 11.144824093555549, "return3": 9.409755154518518, "minute_DD3": 14.104117538681182}
READ_ONLY_RESULT:filtered_alloc_2026_BTC_e20_s50_c1350
{"completed": "filtered_band_2026_BTC_e20_b0.02_x30_s50_c1350", "return1": 8.987403231570369, "return3": 7.287878777688883, "minute_DD3": 15.772017674882488}
{"completed": "filtered_band_2026_ETH_e10_b0.01_x30_s50_c650", "return1": 29.08306621969232, "return3": 27.74093280215384, "minute_DD3": 14.502708338498493}
READ_ONLY_RESULT:filtered_alloc_2026_ETH_e10_s50_c650
{"completed": "filtered_band_2026_ETH_e10_b0.02_x30_s50_c650", "return1": 29.08306621969232, "return3": 27.74093280215384, "minute_DD3": 14.502708338498493}
{"completed": "filtered_band_2026_ETH_e15_b0.01_x30_s50_c650", "return1": 29.08306621969232, "return3": 27.74093280215384, "minute_DD3": 14.502708338498493}
READ_ONLY_RESULT:filtered_alloc_2026_ETH_e15_s50_c650
{"completed": "filtered_band_2026_ETH_e15_b0.02_x30_s50_c650", "return1": 29.08306621969232, "return3": 27.74093280215384, "minute_DD3": 14.502708338498493}
{"completed": "filtered_band_2026_ETH_e20_b0.01_x30_s50_c650", "return1": 29.08306621969232, "return3": 27.74093280215384, "minute_DD3": 14.502708338498493}
READ_ONLY_RESULT:filtered_alloc_2026_ETH_e20_s50_c650
{"completed": "filtered_band_2026_ETH_e20_b0.02_x30_s50_c650", "return1": 29.08306621969232, "return3": 27.74093280215384, "minute_DD3": 14.502708338498493}
{"completed": "filtered_band_2026_combo_e10_b0.01_x30_s50_btc0.675", "return1": 16.974752784549985, "return3": 15.367387890000007, "minute_DD3": 12.874069777673835}
READ_ONLY_RESULT:filtered_alloc_2026_combo_e10_s50_btc0.675
{"completed": "filtered_band_2026_combo_e10_b0.02_x30_s50_btc0.675", "return1": 15.51849370270999, "return3": 13.935121335639987, "minute_DD3": 14.035480715498927}
{"completed": "filtered_band_2026_combo_e15_b0.01_x30_s50_btc0.675", "return1": 16.974752784549985, "return3": 15.367387890000007, "minute_DD3": 12.874069777673835}
READ_ONLY_RESULT:filtered_alloc_2026_combo_e15_s50_btc0.675
{"completed": "filtered_band_2026_combo_e15_b0.02_x30_s50_btc0.675", "return1": 15.51849370270999, "return3": 13.935121335639987, "minute_DD3": 14.035480715498927}
{"completed": "filtered_band_2026_combo_e20_b0.01_x30_s50_btc0.675", "return1": 16.974752784549985, "return3": 15.367387890000007, "minute_DD3": 12.874069777673835}
READ_ONLY_RESULT:filtered_alloc_2026_combo_e20_s50_btc0.675
{"completed": "filtered_band_2026_combo_e20_b0.02_x30_s50_btc0.675", "return1": 15.51849370270999, "return3": 13.935121335639987, "minute_DD3": 14.035480715498927}
{"new_configs": 36, "new_component_configs": 24, "new_combination_configs": 12, "new_cost_scenes": 108, "new_minute_NAV_points": 28013256, "reused_grid_configs": 18, "reused_cost_scenes": 54, "grid_configs": 54, "grid_cost_scenes": 162, "positive_1x": 36, "positive_3x": 36, "grid_positive_1x": 54, "grid_positive_3x": 54, "passed": ["filtered_band_2025_BTC_e10_b0.01_x30_s50_c1350", "filtered_band_2025_BTC_e10_b0.02_x30_s50_c1350", "filtered_band_2025_BTC_e15_b0.01_x30_s50_c1350", "filtered_band_2025_BTC_e15_b0.02_x30_s50_c1350", "filtered_band_2025_BTC_e20_b0.01_x30_s50_c1350", "filtered_band_2025_BTC_e20_b0.02_x30_s50_c1350", "filtered_band_2025_ETH_e10_b0.01_x30_s50_c650", "filtered_band_2025_ETH_e10_b0.02_x30_s50_c650", "filtered_band_2025_ETH_e15_b0.01_x30_s50_c650", "filtered_band_2025_ETH_e15_b0.02_x30_s50_c650", "filtered_band_2025_ETH_e20_b0.01_x30_s50_c650", "filtered_band_2025_ETH_e20_b0.02_x30_s50_c650", "filtered_band_2025_combo_e10_b0.01_x30_s50_btc0.675", "filtered_band_2025_combo_e10_b0.02_x30_s50_btc0.675", "filtered_band_2025_combo_e15_b0.01_x30_s50_btc0.675", "filtered_band_2025_combo_e15_b0.02_x30_s50_btc0.675", "filtered_band_2025_combo_e20_b0.01_x30_s50_btc0.675", "filtered_band_2025_combo_e20_b0.02_x30_s50_btc0.675", "filtered_band_2026_combo_e10_b0.01_x30_s50_btc0.675", "filtered_band_2026_combo_e10_b0.02_x30_s50_btc0.675", "filtered_band_2026_combo_e15_b0.01_x30_s50_btc0.675", "filtered_band_2026_combo_e15_b0.02_x30_s50_btc0.675", "filtered_band_2026_combo_e20_b0.01_x30_s50_btc0.675", "filtered_band_2026_combo_e20_b0.02_x30_s50_btc0.675"], "rejected": ["filtered_band_2026_BTC_e10_b0.01_x30_s50_c1350", "filtered_band_2026_BTC_e10_b0.02_x30_s50_c1350", "filtered_band_2026_BTC_e15_b0.01_x30_s50_c1350", "filtered_band_2026_BTC_e15_b0.02_x30_s50_c1350", "filtered_band_2026_BTC_e20_b0.01_x30_s50_c1350", "filtered_band_2026_BTC_e20_b0.02_x30_s50_c1350", "filtered_band_2026_ETH_e10_b0.01_x30_s50_c650", "filtered_band_2026_ETH_e10_b0.02_x30_s50_c650", "filtered_band_2026_ETH_e15_b0.01_x30_s50_c650", "filtered_band_2026_ETH_e15_b0.02_x30_s50_c650", "filtered_band_2026_ETH_e20_b0.01_x30_s50_c650", "filtered_band_2026_ETH_e20_b0.02_x30_s50_c650"], "grid_passed": ["filtered_band_2025_BTC_e10_b0.01_x30_s50_c1350", "filtered_alloc_2025_BTC_e10_s50_c1350", "filtered_band_2025_BTC_e10_b0.02_x30_s50_c1350", "filtered_band_2025_BTC_e15_b0.01_x30_s50_c1350", "filtered_alloc_2025_BTC_e15_s50_c1350", "filtered_band_2025_BTC_e15_b0.02_x30_s50_c1350", "filtered_band_2025_BTC_e20_b0.01_x30_s50_c1350", "filtered_alloc_2025_BTC_e20_s50_c1350", "filtered_band_2025_BTC_e20_b0.02_x30_s50_c1350", "filtered_band_2025_ETH_e10_b0.01_x30_s50_c650", "filtered_alloc_2025_ETH_e10_s50_c650", "filtered_band_2025_ETH_e10_b0.02_x30_s50_c650", "filtered_band_2025_ETH_e15_b0.01_x30_s50_c650", "filtered_alloc_2025_ETH_e15_s50_c650", "filtered_band_2025_ETH_e15_b0.02_x30_s50_c650", "filtered_band_2025_ETH_e20_b0.01_x30_s50_c650", "filtered_alloc_2025_ETH_e20_s50_c650", "filtered_band_2025_ETH_e20_b0.02_x30_s50_c650", "filtered_band_2025_combo_e10_b0.01_x30_s50_btc0.675", "filtered_alloc_2025_combo_e10_s50_btc0.675", "filtered_band_2025_combo_e10_b0.02_x30_s50_btc0.675", "filtered_band_2025_combo_e15_b0.01_x30_s50_btc0.675", "filtered_alloc_2025_combo_e15_s50_btc0.675", "filtered_band_2025_combo_e15_b0.02_x30_s50_btc0.675", "filtered_band_2025_combo_e20_b0.01_x30_s50_btc0.675", "filtered_alloc_2025_combo_e20_s50_btc0.675", "filtered_band_2025_combo_e20_b0.02_x30_s50_btc0.675", "filtered_band_2026_combo_e10_b0.01_x30_s50_btc0.675", "filtered_alloc_2026_combo_e10_s50_btc0.675", "filtered_band_2026_combo_e10_b0.02_x30_s50_btc0.675", "filtered_band_2026_combo_e15_b0.01_x30_s50_btc0.675", "filtered_alloc_2026_combo_e15_s50_btc0.675", "filtered_band_2026_combo_e15_b0.02_x30_s50_btc0.675", "filtered_band_2026_combo_e20_b0.01_x30_s50_btc0.675", "filtered_alloc_2026_combo_e20_s50_btc0.675", "filtered_band_2026_combo_e20_b0.02_x30_s50_btc0.675"], "both_periods_passed_combination_pairs": [["filtered_band_2025_combo_e10_b0.01_x30_s50_btc0.675", "filtered_band_2026_combo_e10_b0.01_x30_s50_btc0.675"], ["filtered_alloc_2025_combo_e10_s50_btc0.675", "filtered_alloc_2026_combo_e10_s50_btc0.675"], ["filtered_band_2025_combo_e10_b0.02_x30_s50_btc0.675", "filtered_band_2026_combo_e10_b0.02_x30_s50_btc0.675"], ["filtered_band_2025_combo_e15_b0.01_x30_s50_btc0.675", "filtered_band_2026_combo_e15_b0.01_x30_s50_btc0.675"], ["filtered_alloc_2025_combo_e15_s50_btc0.675", "filtered_alloc_2026_combo_e15_s50_btc0.675"], ["filtered_band_2025_combo_e15_b0.02_x30_s50_btc0.675", "filtered_band_2026_combo_e15_b0.02_x30_s50_btc0.675"], ["filtered_band_2025_combo_e20_b0.01_x30_s50_btc0.675", "filtered_band_2026_combo_e20_b0.01_x30_s50_btc0.675"], ["filtered_alloc_2025_combo_e20_s50_btc0.675", "filtered_alloc_2026_combo_e20_s50_btc0.675"], ["filtered_band_2025_combo_e20_b0.02_x30_s50_btc0.675", "filtered_band_2026_combo_e20_b0.02_x30_s50_btc0.675"]], "new_both_periods_passed_combination_pairs": [["filtered_band_2025_combo_e10_b0.01_x30_s50_btc0.675", "filtered_band_2026_combo_e10_b0.01_x30_s50_btc0.675"], ["filtered_band_2025_combo_e10_b0.02_x30_s50_btc0.675", "filtered_band_2026_combo_e10_b0.02_x30_s50_btc0.675"], ["filtered_band_2025_combo_e15_b0.01_x30_s50_btc0.675", "filtered_band_2026_combo_e15_b0.01_x30_s50_btc0.675"], ["filtered_band_2025_combo_e15_b0.02_x30_s50_btc0.675", "filtered_band_2026_combo_e15_b0.02_x30_s50_btc0.675"], ["filtered_band_2025_combo_e20_b0.01_x30_s50_btc0.675", "filtered_band_2026_combo_e20_b0.01_x30_s50_btc0.675"], ["filtered_band_2025_combo_e20_b0.02_x30_s50_btc0.675", "filtered_band_2026_combo_e20_b0.02_x30_s50_btc0.675"]], "actual_component_fills": 360, "audited_component_fills": 540, "reused_ledger_records_untouched": true, "new_live_orders": 0}
