filtered_band_2025_BTC_e10_b0.01_x30_s50_c1350 0 0eaf86b5586c09bbad325ee6c805b58e475e27c47c1cb94e9ea5ab7d1be8f615
READ_ONLY_EXACT filtered_alloc_2025_BTC_e10_s50_c1350
filtered_band_2025_BTC_e10_b0.02_x30_s50_c1350 0 e2ed7ab9f995a2e11c5093479330e96c956033a942d019c467a8ffcfa30e8912
filtered_band_2025_BTC_e15_b0.01_x30_s50_c1350 0 502064e2e8c2673c3bd935dc97cd0644a903f12ec94e8468fff6aa463588d5d2
READ_ONLY_EXACT filtered_alloc_2025_BTC_e15_s50_c1350
filtered_band_2025_BTC_e15_b0.02_x30_s50_c1350 0 38164d78f0ebf3c9e0cc8854fc2df93a5aff3d521ed30cb564659605c8c6a195
filtered_band_2025_BTC_e20_b0.01_x30_s50_c1350 0 eafe321c8ca731bb379227d6d3be6ff1e626a8ffb6d91d9cbf12fa33475a21e7
READ_ONLY_EXACT filtered_alloc_2025_BTC_e20_s50_c1350
filtered_band_2025_BTC_e20_b0.02_x30_s50_c1350 0 25c9f87197c993eba7f3cf4286668bd2758b2db39cbe5e81e63de9fb3e912f2b
filtered_band_2025_ETH_e10_b0.01_x30_s50_c650 0 1417aa55f130c22a211e0b4fb7baba2b22658d42dd8ce31387b4f86a0da8c8fe
READ_ONLY_EXACT filtered_alloc_2025_ETH_e10_s50_c650
filtered_band_2025_ETH_e10_b0.02_x30_s50_c650 0 b54a3e1f36408a45a2cc557520354c811524289a00eeb14ae27a49a271949fc5
filtered_band_2025_ETH_e15_b0.01_x30_s50_c650 0 7c7d94a958c84ad204e919b5a7eb1d3bab1f5ef8158c5e0243a4145241bbba9b
READ_ONLY_EXACT filtered_alloc_2025_ETH_e15_s50_c650
filtered_band_2025_ETH_e15_b0.02_x30_s50_c650 0 3b3305cc287c8b312898b254ca8de0411b219799350aabe304f38f8b534576fe
filtered_band_2025_ETH_e20_b0.01_x30_s50_c650 0 bad955a944e1ddfbfcb5a835124560210a12cf3fa2863d2e7371104bd22a9b31
READ_ONLY_EXACT filtered_alloc_2025_ETH_e20_s50_c650
filtered_band_2025_ETH_e20_b0.02_x30_s50_c650 0 2bec527b86ffc8664713cb4d6b422fc2175973e103a426b2a91ee25e69c3e593
filtered_band_2025_combo_e10_b0.01_x30_s50_btc0.675 0 f17fe0b0b2369ff6aaf1c96b3fb63d2e6adc0a7bd11530a19b80f3e4d0a74e10
READ_ONLY_EXACT filtered_alloc_2025_combo_e10_s50_btc0.675
filtered_band_2025_combo_e10_b0.02_x30_s50_btc0.675 0 b40324bdcbcde5ff5e0866c33012e05d0bb07b9b44d4504a18e5bdab68980fca
filtered_band_2025_combo_e15_b0.01_x30_s50_btc0.675 0 935c648802f5fd2b00be451b27d749055370382ef13afd3d534cde1723bc035d
READ_ONLY_EXACT filtered_alloc_2025_combo_e15_s50_btc0.675
filtered_band_2025_combo_e15_b0.02_x30_s50_btc0.675 0 a8e036f27a668685238613bb6ce34c9f688cae6394ec445f1d7f40f48cbace46
filtered_band_2025_combo_e20_b0.01_x30_s50_btc0.675 0 fbd6070867c979c52cb074e0595797cbdc12d6c6650848cf3538f715ed403869
READ_ONLY_EXACT filtered_alloc_2025_combo_e20_s50_btc0.675
filtered_band_2025_combo_e20_b0.02_x30_s50_btc0.675 0 2c7c91dabbf47124005704ca7010c2ac2d23f41dede34ee93af707a4117a6590
filtered_band_2026_BTC_e10_b0.01_x30_s50_c1350 0 4550f9c4cd3744bd15efe5b23ff5b945a37a5b9c93c26a32393f2f5c4401c915
READ_ONLY_EXACT filtered_alloc_2026_BTC_e10_s50_c1350
filtered_band_2026_BTC_e10_b0.02_x30_s50_c1350 0 c7ff35f3f12f8b0295ebc85e1af08b3e2fbfb73c61c26ec294faed63e5e880c6
filtered_band_2026_BTC_e15_b0.01_x30_s50_c1350 0 e17b0a41439228654ce2f54f58a4bc0ca49b539e56f33bd8dfd9e5e29b3b382a
READ_ONLY_EXACT filtered_alloc_2026_BTC_e15_s50_c1350
filtered_band_2026_BTC_e15_b0.02_x30_s50_c1350 0 d3b40f5a45b9d35b5bb071825fdcfab8777dd0843b4007fbf8f8216cd30463a4
filtered_band_2026_BTC_e20_b0.01_x30_s50_c1350 0 0ecead96d51764a81f89fec0c667d9906219855b65a09080fe3d8a8dc4cf9260
READ_ONLY_EXACT filtered_alloc_2026_BTC_e20_s50_c1350
filtered_band_2026_BTC_e20_b0.02_x30_s50_c1350 0 0fcb95e1816be30729345ae54b22ad624638a0641e2c0e2aad1a0167f133be86
filtered_band_2026_ETH_e10_b0.01_x30_s50_c650 0 d49bb67c52edc482df0e626e981c361ac54f61a2eb20026fda87ec6ea240839f
READ_ONLY_EXACT filtered_alloc_2026_ETH_e10_s50_c650
filtered_band_2026_ETH_e10_b0.02_x30_s50_c650 0 afc84e79884cd3be634dff46e8bfcf4db768014e77df57e5c1342251d64ac062
filtered_band_2026_ETH_e15_b0.01_x30_s50_c650 0 7e536bf8c4bdfaace36b82adf7c9abe23879189ff74f6e425b32271c7695233e
READ_ONLY_EXACT filtered_alloc_2026_ETH_e15_s50_c650
filtered_band_2026_ETH_e15_b0.02_x30_s50_c650 0 e811d6510b56bed162e5c26bc54771001fd55f13a2790b51246421c53e176832
filtered_band_2026_ETH_e20_b0.01_x30_s50_c650 0 e6a8995da3c400e20473c7e2821b82e072b5d36cb26b9f13e0aa7ccd9503cd6b
READ_ONLY_EXACT filtered_alloc_2026_ETH_e20_s50_c650
filtered_band_2026_ETH_e20_b0.02_x30_s50_c650 0 fa718af73034c3a6d3f113d3c8c71981d65cfdbf7f975ea7d5389a9ef08544e4
filtered_band_2026_combo_e10_b0.01_x30_s50_btc0.675 0 0010747274d9814068b2ad720adb6cbf361a24cf23d5d774785f3574fa1fb4da
READ_ONLY_EXACT filtered_alloc_2026_combo_e10_s50_btc0.675
filtered_band_2026_combo_e10_b0.02_x30_s50_btc0.675 0 e945989c8102edfccc70581e93dbaebbef6d215f33e0144cec696592548aebf5
filtered_band_2026_combo_e15_b0.01_x30_s50_btc0.675 0 bbdb7380cceb6653e712d8977998b951e989f9d44b014fb698781f29ded3433f
READ_ONLY_EXACT filtered_alloc_2026_combo_e15_s50_btc0.675
filtered_band_2026_combo_e15_b0.02_x30_s50_btc0.675 0 196c5a39dcb0210c09db7f517eea5df7c012a90eeb2b3f3eeb5bf191197f7abe
filtered_band_2026_combo_e20_b0.01_x30_s50_btc0.675 0 b25944985879016808f038815b88614b5448eed507c97c3712a1078fcc354968
READ_ONLY_EXACT filtered_alloc_2026_combo_e20_s50_btc0.675
filtered_band_2026_combo_e20_b0.02_x30_s50_btc0.675 0 68bc0a03afe4a091884770d842c98f2b36a94f85a703aa35861607110fa3cf47
forward_snapshot_BTC 0 5fb86f7b115808701f974009768976aea4016dfe02dbf1ef997949ca167abfec
forward_snapshot_ETH 0 29c91d72a9ff82f1de6707ce59b735f18f4cf5c87bbdedee3c7ee1f48b019482
forward_snapshot_combo 0 078426f12be909872ca41ae7809cc1fa55f3d966059d1e556c370acf749af60b
PASS:36new actual-capital historical and3new cutoff configurations reserved;18existing band1.5percent exact definitions read-only.
