PASS:all9 cumulative forward scenes exactly reproduced from archived new minutes and old positions;no fresh request or ledger write
{"completed": "asymhybrid_2025_BTC_ASMA_ETH_EMA_e0.0125_s50", "return3_pct": 35.85770635822001, "minute_DD3_pct": 13.086433894288053}
{"completed": "asymhybrid_2025_BTC_ASMA_ETH_EMA_e0.0125_s65", "return3_pct": 36.935200682520005, "minute_DD3_pct": 13.086433894288053}
{"completed": "asymhybrid_2025_BTC_ASMA_ETH_EMA_e0.0125_s80", "return3_pct": 37.67766413052001, "minute_DD3_pct": 13.086433894288053}
{"completed": "asymhybrid_2025_BTC_ASMA_ETH_EMA_e0.015_s50", "return3_pct": 35.85770635822001, "minute_DD3_pct": 13.086433894288053}
{"completed": "asymhybrid_2025_BTC_ASMA_ETH_EMA_e0.015_s65", "return3_pct": 36.935200682520005, "minute_DD3_pct": 13.086433894288053}
{"completed": "asymhybrid_2025_BTC_ASMA_ETH_EMA_e0.015_s80", "return3_pct": 37.67766413052001, "minute_DD3_pct": 13.086433894288053}
{"completed": "asymhybrid_2025_BTC_ASMA_ETH_EMA_e0.02_s50", "return3_pct": 30.127105334365, "minute_DD3_pct": 13.269455888294468}
{"completed": "asymhybrid_2025_BTC_ASMA_ETH_EMA_e0.02_s65", "return3_pct": 31.20459965866498, "minute_DD3_pct": 13.200602555172114}
{"completed": "asymhybrid_2025_BTC_ASMA_ETH_EMA_e0.02_s80", "return3_pct": 31.947063106665, "minute_DD3_pct": 13.200602555172114}
{"completed": "asymhybrid_2025_BTC_EMA_ETH_ASMA_e0.0125_s50", "return3_pct": 32.79512319103999, "minute_DD3_pct": 14.556625343449658}
{"completed": "asymhybrid_2025_BTC_EMA_ETH_ASMA_e0.0125_s65", "return3_pct": 35.0276290102, "minute_DD3_pct": 14.749006106963225}
{"completed": "asymhybrid_2025_BTC_EMA_ETH_ASMA_e0.0125_s80", "return3_pct": 36.25217921650001, "minute_DD3_pct": 14.749006106963225}
{"completed": "asymhybrid_2025_BTC_EMA_ETH_ASMA_e0.015_s50", "return3_pct": 32.79512319103999, "minute_DD3_pct": 14.556625343449658}
{"completed": "asymhybrid_2025_BTC_EMA_ETH_ASMA_e0.015_s65", "return3_pct": 35.0276290102, "minute_DD3_pct": 14.749006106963225}
{"completed": "asymhybrid_2025_BTC_EMA_ETH_ASMA_e0.015_s80", "return3_pct": 36.25217921650001, "minute_DD3_pct": 14.749006106963225}
{"completed": "asymhybrid_2025_BTC_EMA_ETH_ASMA_e0.02_s50", "return3_pct": 32.79512319103999, "minute_DD3_pct": 14.556625343449658}
{"completed": "asymhybrid_2025_BTC_EMA_ETH_ASMA_e0.02_s65", "return3_pct": 35.0276290102, "minute_DD3_pct": 14.749006106963225}
{"completed": "asymhybrid_2025_BTC_EMA_ETH_ASMA_e0.02_s80", "return3_pct": 36.25217921650001, "minute_DD3_pct": 14.749006106963225}
{"completed": "asymhybrid_2026_BTC_ASMA_ETH_EMA_e0.0125_s50", "return3_pct": 17.270847229060028, "minute_DD3_pct": 13.173349493636977}
{"completed": "asymhybrid_2026_BTC_ASMA_ETH_EMA_e0.0125_s65", "return3_pct": 19.967349714860006, "minute_DD3_pct": 13.091941719522993}
{"completed": "asymhybrid_2026_BTC_ASMA_ETH_EMA_e0.0125_s80", "return3_pct": 10.243748370510009, "minute_DD3_pct": 14.704814894397334}
{"completed": "asymhybrid_2026_BTC_ASMA_ETH_EMA_e0.015_s50", "return3_pct": 17.270847229060028, "minute_DD3_pct": 13.173349493636977}
{"completed": "asymhybrid_2026_BTC_ASMA_ETH_EMA_e0.015_s65", "return3_pct": 19.967349714860006, "minute_DD3_pct": 13.091941719522993}
{"completed": "asymhybrid_2026_BTC_ASMA_ETH_EMA_e0.015_s80", "return3_pct": 10.243748370510009, "minute_DD3_pct": 14.704814894397334}
{"completed": "asymhybrid_2026_BTC_ASMA_ETH_EMA_e0.02_s50", "return3_pct": 11.135273760859988, "minute_DD3_pct": 12.852877875462665}
{"completed": "asymhybrid_2026_BTC_ASMA_ETH_EMA_e0.02_s65", "return3_pct": 13.83177624666001, "minute_DD3_pct": 12.79960849411097}
{"completed": "asymhybrid_2026_BTC_ASMA_ETH_EMA_e0.02_s80", "return3_pct": 4.108174902309991, "minute_DD3_pct": 14.964093441049897}
{"completed": "asymhybrid_2026_BTC_EMA_ETH_ASMA_e0.0125_s50", "return3_pct": 13.280227049104987, "minute_DD3_pct": 13.713397879204624}
{"completed": "asymhybrid_2026_BTC_EMA_ETH_ASMA_e0.0125_s65", "return3_pct": 10.252338440419994, "minute_DD3_pct": 11.487674325120334}
{"completed": "asymhybrid_2026_BTC_EMA_ETH_ASMA_e0.0125_s80", "return3_pct": 13.133404438770002, "minute_DD3_pct": 11.459663151538225}
{"completed": "asymhybrid_2026_BTC_EMA_ETH_ASMA_e0.015_s50", "return3_pct": 14.810782121805, "minute_DD3_pct": 13.714654630155}
{"completed": "asymhybrid_2026_BTC_EMA_ETH_ASMA_e0.015_s65", "return3_pct": 11.782893513120008, "minute_DD3_pct": 11.526239002659766}
{"completed": "asymhybrid_2026_BTC_EMA_ETH_ASMA_e0.015_s80", "return3_pct": 14.663959511469994, "minute_DD3_pct": 11.497543025119938}
{"completed": "asymhybrid_2026_BTC_EMA_ETH_ASMA_e0.02_s50", "return3_pct": 14.810782121805, "minute_DD3_pct": 13.714654630155}
{"completed": "asymhybrid_2026_BTC_EMA_ETH_ASMA_e0.02_s65", "return3_pct": 11.782893513120008, "minute_DD3_pct": 11.526239002659766}
{"completed": "asymhybrid_2026_BTC_EMA_ETH_ASMA_e0.02_s80", "return3_pct": 14.663959511469994, "minute_DD3_pct": 11.497543025119938}
PASS:all108 hybrid archives,minute NAV and full frozen report exactly reproduced;ledger unchanged
{"passed": true, "source_component_scenes_rebuilt": 72, "hybrid_cost_scenes_audited": 108, "hybrid_NAV_points_audited": 28013256, "report_sha256": "f15e678ddda6d0a47091fa681f22eed4d12286dc324fc90f0c079f62683a4fe9", "forward_report_sha256": "5a894ce63538f72915c740540bc860b2e5021bfc23ace2b45d8040abdd983b5a", "frozen_forward_plan_unchanged": true}
{"passed": true, "forward_scenes": 9, "new_closed_marks_per_asset": 120, "cumulative_minutes": 699, "prior_NAV_prefix_and_positions_unchanged": true, "new_executions": 0, "report_sha256": "5a894ce63538f72915c740540bc860b2e5021bfc23ace2b45d8040abdd983b5a"}
PASS: new parameters/weights and missing-result retries are allowed; exact/reordered completed trials stay blocked
