asymhybrid_2025_BTC_ASMA_ETH_EMA_e0.0125_s50 0 45ef6503b63d223eec2383346778fca5c735f86ab0069786dabddbbf916239b7
asymhybrid_2025_BTC_ASMA_ETH_EMA_e0.0125_s65 0 12787fc2407f9be51152f8840dfc98b9e4cd2d2f29f503f55393c872bdd38639
asymhybrid_2025_BTC_ASMA_ETH_EMA_e0.0125_s80 0 b81990e53ecc3d384b722457373c996d1c26352d373ae4a503c93d28783d18b1
asymhybrid_2025_BTC_ASMA_ETH_EMA_e0.015_s50 0 7c9622f557bfa3277f79e6bc8ae7e2db866ca2085ebe3615aa7f6c0f84afbbf5
asymhybrid_2025_BTC_ASMA_ETH_EMA_e0.015_s65 0 2272a86b49af12989a2e0983211484ce2953ba24189dbae7201039c52b8a4c3f
asymhybrid_2025_BTC_ASMA_ETH_EMA_e0.015_s80 0 10dc1df53f8b589f5ee5c71cd23d8e3a1cbc26bbdf89992ffa39a7fc8589ea88
asymhybrid_2025_BTC_ASMA_ETH_EMA_e0.02_s50 0 c1777a64a5830d9980a6a0e9542ddb95064dd0a2f08c9135569c18736fbda63d
asymhybrid_2025_BTC_ASMA_ETH_EMA_e0.02_s65 0 87b9dad55e5d828262f40adba34c2bc2d5c81f229a011cd0b38b4a4cc4281be5
asymhybrid_2025_BTC_ASMA_ETH_EMA_e0.02_s80 0 bf3a0fec2877f3cb939e23407c0453937f071f570a27d9b67af7bd895cd7713c
asymhybrid_2025_BTC_EMA_ETH_ASMA_e0.0125_s50 0 32acdb4c65718703062baa56e8956a44dffbaae11817a15bbfd6da2c7b49bd27
asymhybrid_2025_BTC_EMA_ETH_ASMA_e0.0125_s65 0 6b34bb612db913af5c48048af76e3dc1d29eedc450da720f6ad0c17f2d608ecb
asymhybrid_2025_BTC_EMA_ETH_ASMA_e0.0125_s80 0 013d91553490d04eb284f32a71cbc4a38ff480ed7ea41b652f5a1013120c9157
asymhybrid_2025_BTC_EMA_ETH_ASMA_e0.015_s50 0 aa3d1135f42fc5f1503c1cca88600955c7dcc026e4fda5de18634de9fb8cce53
asymhybrid_2025_BTC_EMA_ETH_ASMA_e0.015_s65 0 f5dade9c61367cd718d18437ceb37615e9e1a576c9697f4076e51ba4a4032e8f
asymhybrid_2025_BTC_EMA_ETH_ASMA_e0.015_s80 0 16455f91bbe950684b5330ea3c345fc17bf8fd33010a95210c4141db3124d0fa
asymhybrid_2025_BTC_EMA_ETH_ASMA_e0.02_s50 0 0162ae543937c187127f1ed3a7545543e6c53e237dc4b4b9c63ca14680471dfa
asymhybrid_2025_BTC_EMA_ETH_ASMA_e0.02_s65 0 67b74eb547ac03542651f62d702225b52f375102c040f95295aa694ccae2493b
asymhybrid_2025_BTC_EMA_ETH_ASMA_e0.02_s80 0 6ce0dbb23247344792a50708267ebe5ff316d7b9f5765534333f4b34a3f6e800
asymhybrid_2026_BTC_ASMA_ETH_EMA_e0.0125_s50 0 ff770893d1ab7421dc81c4cc01c3beda9f49beb25053f46b0f366409c46d0981
asymhybrid_2026_BTC_ASMA_ETH_EMA_e0.0125_s65 0 dd658cd7f6273dd59b59af621fe3f09f643dc0d85e5d8b0a2511ef115eac10a1
asymhybrid_2026_BTC_ASMA_ETH_EMA_e0.0125_s80 0 d208dd74c78707c79cece7d46b5f548ccae3b58dd779efd4476b0f6a6e1b7dc4
asymhybrid_2026_BTC_ASMA_ETH_EMA_e0.015_s50 0 98c24963f78bc41ee7245170ebb5708a98040910e0248ae1909ca52d762d501b
asymhybrid_2026_BTC_ASMA_ETH_EMA_e0.015_s65 0 a9c00d84dbb675be37f72525878ed57440cbcd2ccfc624bc6b9da61ab02a48f0
asymhybrid_2026_BTC_ASMA_ETH_EMA_e0.015_s80 0 827022e7f5aed615eb5f14748486f317944ad99db540703f0402664824003885
asymhybrid_2026_BTC_ASMA_ETH_EMA_e0.02_s50 0 ee53b4fe1ab388ffae6cf68b5f61224123ebebbb2f141189699ef93a1a5bca3b
asymhybrid_2026_BTC_ASMA_ETH_EMA_e0.02_s65 0 d12fbcd10bd4917b265da87c50430fee374a633f93f371b23755746990a306a9
asymhybrid_2026_BTC_ASMA_ETH_EMA_e0.02_s80 0 c131b268b89105cb1286d97ebbf9fef64ecf9713b6a0159c08cd7de4bbe83b28
asymhybrid_2026_BTC_EMA_ETH_ASMA_e0.0125_s50 0 bc23c445eee97c19d17fa5473c7ef45bcf5d5b4dc8d67c97949a830172a85f53
asymhybrid_2026_BTC_EMA_ETH_ASMA_e0.0125_s65 0 41332f4681ebf5f009876f0cc59b20c56c6b80c07510116f73f3bbf93d093360
asymhybrid_2026_BTC_EMA_ETH_ASMA_e0.0125_s80 0 c60e679efd2963230e237c5f14c5f29da9b20eaeb09b184dd984e4199d487e75
asymhybrid_2026_BTC_EMA_ETH_ASMA_e0.015_s50 0 d88a8de07967fde36fdb2f462b30aef61d3c9d1f96f7fc87130be9e489b6df80
asymhybrid_2026_BTC_EMA_ETH_ASMA_e0.015_s65 0 8d52416ca23211491caca1259b761966ecd4f9da831b8dd7ceff350865f318ac
asymhybrid_2026_BTC_EMA_ETH_ASMA_e0.015_s80 0 2b9c80ea88ced3ef2a70d52499d1ea3f34e2e80bef2f22840bc1f11df85ca86c
asymhybrid_2026_BTC_EMA_ETH_ASMA_e0.02_s50 0 9d45fb42530bd11632ecde13ed3f07e10bfca45f24d5388a4695a2d50e569365
asymhybrid_2026_BTC_EMA_ETH_ASMA_e0.02_s65 0 164f9f5bd563351e646137e20d462925c2079e67d68105d2049bf06595939fa5
asymhybrid_2026_BTC_EMA_ETH_ASMA_e0.02_s80 0 01be8876bf8d985ec1926a83a241c8217fc1eaf5fa286faca341702f638de657
forward_snapshot_BTC 0 98abb62170ab3f60037516949990f5bbf0b77c0bf01b9ba3831118c169ad3d63
forward_snapshot_ETH 0 fdb0023032277e58a499c42d633a65b1647ead942baf87bbd94925d791ec9813
forward_snapshot_combo 0 a9a4f690e492a6623b6a19cb0facd21a8989cd948899c2f4f246e9f4f46be79d
PASS:36 new size-matched combinations and3 new cumulative cutoff configurations reserved before calculation;24 actual-result components reused.
