{"completed": "filtered_band_2025_BTC_e10_b0.005_x30_s50_c1350", "return1": 24.053495653318514, "return3": 22.122299971659267, "minute_DD3": 11.186434615525865}
READ_ONLY_RESULT:filtered_band_2025_BTC_e10_b0.01_x30_s50_c1350
{"completed": "filtered_band_2025_BTC_e10_b0.025_x30_s50_c1350", "return1": 11.938892308451843, "return3": 10.192572313674075, "minute_DD3": 12.410478514961376}
{"completed": "filtered_band_2025_BTC_e15_b0.005_x30_s50_c1350", "return1": 22.9493533939926, "return3": 21.035078961133348, "minute_DD3": 11.976657555299797}
READ_ONLY_RESULT:filtered_band_2025_BTC_e15_b0.01_x30_s50_c1350
{"completed": "filtered_band_2025_BTC_e15_b0.025_x30_s50_c1350", "return1": 10.942414089481467, "return3": 9.21234568964444, "minute_DD3": 13.189577336593661}
{"completed": "filtered_band_2025_BTC_e20_b0.005_x30_s50_c1350", "return1": 20.149103058725927, "return3": 18.278804423244456, "minute_DD3": 10.69554686145735}
READ_ONLY_RESULT:filtered_band_2025_BTC_e20_b0.01_x30_s50_c1350
{"completed": "filtered_band_2025_BTC_e20_b0.025_x30_s50_c1350", "return1": 10.351041916059266, "return3": 8.632786815340744, "minute_DD3": 12.126160323404555}
{"completed": "filtered_band_2025_ETH_e10_b0.005_x30_s50_c650", "return1": 96.85534020923076, "return3": 94.78204126415386, "minute_DD3": 20.245376429741558}
READ_ONLY_RESULT:filtered_band_2025_ETH_e10_b0.01_x30_s50_c650
{"completed": "filtered_band_2025_ETH_e10_b0.025_x30_s50_c650", "return1": 96.85534020923076, "return3": 94.78204126415386, "minute_DD3": 20.245376429741558}
{"completed": "filtered_band_2025_ETH_e15_b0.005_x30_s50_c650", "return1": 96.85534020923076, "return3": 94.78204126415386, "minute_DD3": 20.245376429741558}
READ_ONLY_RESULT:filtered_band_2025_ETH_e15_b0.01_x30_s50_c650
{"completed": "filtered_band_2025_ETH_e15_b0.025_x30_s50_c650", "return1": 96.85534020923076, "return3": 94.78204126415386, "minute_DD3": 20.245376429741558}
{"completed": "filtered_band_2025_ETH_e20_b0.005_x30_s50_c650", "return1": 95.41640795076924, "return3": 93.35297299984614, "minute_DD3": 20.829950329720415}
READ_ONLY_RESULT:filtered_band_2025_ETH_e20_b0.01_x30_s50_c650
{"completed": "filtered_band_2025_ETH_e20_b0.025_x30_s50_c650", "return1": 95.41640795076924, "return3": 93.35297299984614, "minute_DD3": 20.829950329720415}
{"completed": "filtered_band_2025_combo_e10_b0.005_x30_s50_btc0.675", "return1": 47.714095133989986, "return3": 45.736715891719996, "minute_DD3": 11.966701826900096}
READ_ONLY_RESULT:filtered_band_2025_combo_e10_b0.01_x30_s50_btc0.675
{"completed": "filtered_band_2025_combo_e10_b0.025_x30_s50_btc0.675", "return1": 39.536737876204995, "return3": 37.68414972258001, "minute_DD3": 12.923035488092271}
{"completed": "filtered_band_2025_combo_e15_b0.005_x30_s50_btc0.675", "return1": 46.96879910894501, "return3": 45.00284170961499, "minute_DD3": 12.502954620534956}
READ_ONLY_RESULT:filtered_band_2025_combo_e15_b0.01_x30_s50_btc0.675
{"completed": "filtered_band_2025_combo_e15_b0.025_x30_s50_btc0.675", "return1": 38.864115078399976, "return3": 37.02249675136, "minute_DD3": 13.450209508945488}
{"completed": "filtered_band_2025_combo_e20_b0.005_x30_s50_btc0.675", "return1": 44.610977148639996, "return3": 42.67790921063999, "minute_DD3": 12.980043392309371}
READ_ONLY_RESULT:filtered_band_2025_combo_e20_b0.01_x30_s50_btc0.675
{"completed": "filtered_band_2025_combo_e20_b0.025_x30_s50_btc0.675", "return1": 37.99728587734001, "return3": 36.16684732530497, "minute_DD3": 13.965965423911175}
{"completed": "filtered_band_2026_BTC_e10_b0.005_x30_s50_c1350", "return1": 11.144824093555549, "return3": 9.409755154518518, "minute_DD3": 14.104117538681182}
READ_ONLY_RESULT:filtered_band_2026_BTC_e10_b0.01_x30_s50_c1350
{"completed": "filtered_band_2026_BTC_e10_b0.025_x30_s50_c1350", "return1": 14.021423905777763, "return3": 12.835971978414818, "minute_DD3": 10.17934618591413}
{"completed": "filtered_band_2026_BTC_e15_b0.005_x30_s50_c1350", "return1": 11.144824093555549, "return3": 9.409755154518518, "minute_DD3": 14.104117538681182}
READ_ONLY_RESULT:filtered_band_2026_BTC_e15_b0.01_x30_s50_c1350
{"completed": "filtered_band_2026_BTC_e15_b0.025_x30_s50_c1350", "return1": 14.021423905777763, "return3": 12.835971978414818, "minute_DD3": 10.17934618591413}
{"completed": "filtered_band_2026_BTC_e20_b0.005_x30_s50_c1350", "return1": 11.144824093555549, "return3": 9.409755154518518, "minute_DD3": 14.104117538681182}
READ_ONLY_RESULT:filtered_band_2026_BTC_e20_b0.01_x30_s50_c1350
{"completed": "filtered_band_2026_BTC_e20_b0.025_x30_s50_c1350", "return1": 14.021423905777763, "return3": 12.835971978414818, "minute_DD3": 10.17934618591413}
{"completed": "filtered_band_2026_ETH_e10_b0.005_x30_s50_c650", "return1": 31.28671649723078, "return3": 29.91669555215384, "minute_DD3": 13.043377517574461}
READ_ONLY_RESULT:filtered_band_2026_ETH_e10_b0.01_x30_s50_c650
{"completed": "filtered_band_2026_ETH_e10_b0.025_x30_s50_c650", "return1": 29.08306621969232, "return3": 27.74093280215384, "minute_DD3": 14.502708338498493}
{"completed": "filtered_band_2026_ETH_e15_b0.005_x30_s50_c650", "return1": 31.28671649723078, "return3": 29.91669555215384, "minute_DD3": 13.043377517574461}
READ_ONLY_RESULT:filtered_band_2026_ETH_e15_b0.01_x30_s50_c650
{"completed": "filtered_band_2026_ETH_e15_b0.025_x30_s50_c650", "return1": 29.08306621969232, "return3": 27.74093280215384, "minute_DD3": 14.502708338498493}
{"completed": "filtered_band_2026_ETH_e20_b0.005_x30_s50_c650", "return1": 31.28671649723078, "return3": 29.91669555215384, "minute_DD3": 13.043377517574461}
READ_ONLY_RESULT:filtered_band_2026_ETH_e20_b0.01_x30_s50_c650
{"completed": "filtered_band_2026_ETH_e20_b0.025_x30_s50_c650", "return1": 29.08306621969232, "return3": 27.74093280215384, "minute_DD3": 14.502708338498493}
{"completed": "filtered_band_2026_combo_e10_b0.005_x30_s50_btc0.675", "return1": 17.690939124749995, "return3": 16.074510783749997, "minute_DD3": 12.408010677724747}
READ_ONLY_RESULT:filtered_band_2026_combo_e10_b0.01_x30_s50_btc0.675
{"completed": "filtered_band_2026_combo_e10_b0.025_x30_s50_btc0.675", "return1": 18.916457657799988, "return3": 17.68008424612999, "minute_DD3": 10.420228673909747}
{"completed": "filtered_band_2026_combo_e15_b0.005_x30_s50_btc0.675", "return1": 17.690939124749995, "return3": 16.074510783749997, "minute_DD3": 12.408010677724747}
READ_ONLY_RESULT:filtered_band_2026_combo_e15_b0.01_x30_s50_btc0.675
{"completed": "filtered_band_2026_combo_e15_b0.025_x30_s50_btc0.675", "return1": 18.916457657799988, "return3": 17.68008424612999, "minute_DD3": 10.420228673909747}
{"completed": "filtered_band_2026_combo_e20_b0.005_x30_s50_btc0.675", "return1": 17.690939124749995, "return3": 16.074510783749997, "minute_DD3": 12.408010677724747}
READ_ONLY_RESULT:filtered_band_2026_combo_e20_b0.01_x30_s50_btc0.675
{"completed": "filtered_band_2026_combo_e20_b0.025_x30_s50_btc0.675", "return1": 18.916457657799988, "return3": 17.68008424612999, "minute_DD3": 10.420228673909747}
{"new_configs": 36, "new_component_configs": 24, "new_combination_configs": 12, "new_cost_scenes": 108, "new_minute_NAV_points": 28013256, "reused_grid_configs": 18, "reused_cost_scenes": 54, "grid_configs": 54, "grid_cost_scenes": 162, "positive_1x": 36, "positive_3x": 36, "grid_positive_1x": 54, "grid_positive_3x": 54, "passed": ["filtered_band_2025_BTC_e10_b0.005_x30_s50_c1350", "filtered_band_2025_BTC_e10_b0.025_x30_s50_c1350", "filtered_band_2025_BTC_e15_b0.005_x30_s50_c1350", "filtered_band_2025_BTC_e15_b0.025_x30_s50_c1350", "filtered_band_2025_BTC_e20_b0.005_x30_s50_c1350", "filtered_band_2025_BTC_e20_b0.025_x30_s50_c1350", "filtered_band_2025_ETH_e10_b0.005_x30_s50_c650", "filtered_band_2025_ETH_e10_b0.025_x30_s50_c650", "filtered_band_2025_ETH_e15_b0.005_x30_s50_c650", "filtered_band_2025_ETH_e15_b0.025_x30_s50_c650", "filtered_band_2025_ETH_e20_b0.005_x30_s50_c650", "filtered_band_2025_ETH_e20_b0.025_x30_s50_c650", "filtered_band_2025_combo_e10_b0.005_x30_s50_btc0.675", "filtered_band_2025_combo_e10_b0.025_x30_s50_btc0.675", "filtered_band_2025_combo_e15_b0.005_x30_s50_btc0.675", "filtered_band_2025_combo_e15_b0.025_x30_s50_btc0.675", "filtered_band_2025_combo_e20_b0.005_x30_s50_btc0.675", "filtered_band_2025_combo_e20_b0.025_x30_s50_btc0.675", "filtered_band_2026_combo_e10_b0.005_x30_s50_btc0.675", "filtered_band_2026_combo_e10_b0.025_x30_s50_btc0.675", "filtered_band_2026_combo_e15_b0.005_x30_s50_btc0.675", "filtered_band_2026_combo_e15_b0.025_x30_s50_btc0.675", "filtered_band_2026_combo_e20_b0.005_x30_s50_btc0.675", "filtered_band_2026_combo_e20_b0.025_x30_s50_btc0.675"], "rejected": ["filtered_band_2026_BTC_e10_b0.005_x30_s50_c1350", "filtered_band_2026_BTC_e10_b0.025_x30_s50_c1350", "filtered_band_2026_BTC_e15_b0.005_x30_s50_c1350", "filtered_band_2026_BTC_e15_b0.025_x30_s50_c1350", "filtered_band_2026_BTC_e20_b0.005_x30_s50_c1350", "filtered_band_2026_BTC_e20_b0.025_x30_s50_c1350", "filtered_band_2026_ETH_e10_b0.005_x30_s50_c650", "filtered_band_2026_ETH_e10_b0.025_x30_s50_c650", "filtered_band_2026_ETH_e15_b0.005_x30_s50_c650", "filtered_band_2026_ETH_e15_b0.025_x30_s50_c650", "filtered_band_2026_ETH_e20_b0.005_x30_s50_c650", "filtered_band_2026_ETH_e20_b0.025_x30_s50_c650"], "grid_passed": ["filtered_band_2025_BTC_e10_b0.005_x30_s50_c1350", "filtered_band_2025_BTC_e10_b0.01_x30_s50_c1350", "filtered_band_2025_BTC_e10_b0.025_x30_s50_c1350", "filtered_band_2025_BTC_e15_b0.005_x30_s50_c1350", "filtered_band_2025_BTC_e15_b0.01_x30_s50_c1350", "filtered_band_2025_BTC_e15_b0.025_x30_s50_c1350", "filtered_band_2025_BTC_e20_b0.005_x30_s50_c1350", "filtered_band_2025_BTC_e20_b0.01_x30_s50_c1350", "filtered_band_2025_BTC_e20_b0.025_x30_s50_c1350", "filtered_band_2025_ETH_e10_b0.005_x30_s50_c650", "filtered_band_2025_ETH_e10_b0.01_x30_s50_c650", "filtered_band_2025_ETH_e10_b0.025_x30_s50_c650", "filtered_band_2025_ETH_e15_b0.005_x30_s50_c650", "filtered_band_2025_ETH_e15_b0.01_x30_s50_c650", "filtered_band_2025_ETH_e15_b0.025_x30_s50_c650", "filtered_band_2025_ETH_e20_b0.005_x30_s50_c650", "filtered_band_2025_ETH_e20_b0.01_x30_s50_c650", "filtered_band_2025_ETH_e20_b0.025_x30_s50_c650", "filtered_band_2025_combo_e10_b0.005_x30_s50_btc0.675", "filtered_band_2025_combo_e10_b0.01_x30_s50_btc0.675", "filtered_band_2025_combo_e10_b0.025_x30_s50_btc0.675", "filtered_band_2025_combo_e15_b0.005_x30_s50_btc0.675", "filtered_band_2025_combo_e15_b0.01_x30_s50_btc0.675", "filtered_band_2025_combo_e15_b0.025_x30_s50_btc0.675", "filtered_band_2025_combo_e20_b0.005_x30_s50_btc0.675", "filtered_band_2025_combo_e20_b0.01_x30_s50_btc0.675", "filtered_band_2025_combo_e20_b0.025_x30_s50_btc0.675", "filtered_band_2026_combo_e10_b0.005_x30_s50_btc0.675", "filtered_band_2026_combo_e10_b0.01_x30_s50_btc0.675", "filtered_band_2026_combo_e10_b0.025_x30_s50_btc0.675", "filtered_band_2026_combo_e15_b0.005_x30_s50_btc0.675", "filtered_band_2026_combo_e15_b0.01_x30_s50_btc0.675", "filtered_band_2026_combo_e15_b0.025_x30_s50_btc0.675", "filtered_band_2026_combo_e20_b0.005_x30_s50_btc0.675", "filtered_band_2026_combo_e20_b0.01_x30_s50_btc0.675", "filtered_band_2026_combo_e20_b0.025_x30_s50_btc0.675"], "both_periods_passed_combination_pairs": [["filtered_band_2025_combo_e10_b0.005_x30_s50_btc0.675", "filtered_band_2026_combo_e10_b0.005_x30_s50_btc0.675"], ["filtered_band_2025_combo_e10_b0.01_x30_s50_btc0.675", "filtered_band_2026_combo_e10_b0.01_x30_s50_btc0.675"], ["filtered_band_2025_combo_e10_b0.025_x30_s50_btc0.675", "filtered_band_2026_combo_e10_b0.025_x30_s50_btc0.675"], ["filtered_band_2025_combo_e15_b0.005_x30_s50_btc0.675", "filtered_band_2026_combo_e15_b0.005_x30_s50_btc0.675"], ["filtered_band_2025_combo_e15_b0.01_x30_s50_btc0.675", "filtered_band_2026_combo_e15_b0.01_x30_s50_btc0.675"], ["filtered_band_2025_combo_e15_b0.025_x30_s50_btc0.675", "filtered_band_2026_combo_e15_b0.025_x30_s50_btc0.675"], ["filtered_band_2025_combo_e20_b0.005_x30_s50_btc0.675", "filtered_band_2026_combo_e20_b0.005_x30_s50_btc0.675"], ["filtered_band_2025_combo_e20_b0.01_x30_s50_btc0.675", "filtered_band_2026_combo_e20_b0.01_x30_s50_btc0.675"], ["filtered_band_2025_combo_e20_b0.025_x30_s50_btc0.675", "filtered_band_2026_combo_e20_b0.025_x30_s50_btc0.675"]], "new_both_periods_passed_combination_pairs": [["filtered_band_2025_combo_e10_b0.005_x30_s50_btc0.675", "filtered_band_2026_combo_e10_b0.005_x30_s50_btc0.675"], ["filtered_band_2025_combo_e10_b0.025_x30_s50_btc0.675", "filtered_band_2026_combo_e10_b0.025_x30_s50_btc0.675"], ["filtered_band_2025_combo_e15_b0.005_x30_s50_btc0.675", "filtered_band_2026_combo_e15_b0.005_x30_s50_btc0.675"], ["filtered_band_2025_combo_e15_b0.025_x30_s50_btc0.675", "filtered_band_2026_combo_e15_b0.025_x30_s50_btc0.675"], ["filtered_band_2025_combo_e20_b0.005_x30_s50_btc0.675", "filtered_band_2026_combo_e20_b0.005_x30_s50_btc0.675"], ["filtered_band_2025_combo_e20_b0.025_x30_s50_btc0.675", "filtered_band_2026_combo_e20_b0.025_x30_s50_btc0.675"]], "actual_component_fills": 342, "audited_component_fills": 522, "reused_ledger_records_untouched": true, "new_live_orders": 0}
