PASS:all9 cumulative forward scenes exactly reproduced including4874point prefix/time axis and nextstate;noHTTP or ledger write
{"completed": "filtered_band_2025_BTC_e10_b0.005_x30_s50_c1350", "return1": 24.053495653318514, "return3": 22.122299971659267, "minute_DD3": 11.186434615525865}
READ_ONLY_RESULT:filtered_band_2025_BTC_e10_b0.01_x30_s50_c1350
{"completed": "filtered_band_2025_BTC_e10_b0.025_x30_s50_c1350", "return1": 11.938892308451843, "return3": 10.192572313674075, "minute_DD3": 12.410478514961376}
{"completed": "filtered_band_2025_BTC_e15_b0.005_x30_s50_c1350", "return1": 22.9493533939926, "return3": 21.035078961133348, "minute_DD3": 11.976657555299797}
READ_ONLY_RESULT:filtered_band_2025_BTC_e15_b0.01_x30_s50_c1350
{"completed": "filtered_band_2025_BTC_e15_b0.025_x30_s50_c1350", "return1": 10.942414089481467, "return3": 9.21234568964444, "minute_DD3": 13.189577336593661}
{"completed": "filtered_band_2025_BTC_e20_b0.005_x30_s50_c1350", "return1": 20.149103058725927, "return3": 18.278804423244456, "minute_DD3": 10.69554686145735}
READ_ONLY_RESULT:filtered_band_2025_BTC_e20_b0.01_x30_s50_c1350
{"completed": "filtered_band_2025_BTC_e20_b0.025_x30_s50_c1350", "return1": 10.351041916059266, "return3": 8.632786815340744, "minute_DD3": 12.126160323404555}
{"completed": "filtered_band_2025_ETH_e10_b0.005_x30_s50_c650", "return1": 96.85534020923076, "return3": 94.78204126415386, "minute_DD3": 20.245376429741558}
READ_ONLY_RESULT:filtered_band_2025_ETH_e10_b0.01_x30_s50_c650
{"completed": "filtered_band_2025_ETH_e10_b0.025_x30_s50_c650", "return1": 96.85534020923076, "return3": 94.78204126415386, "minute_DD3": 20.245376429741558}
{"completed": "filtered_band_2025_ETH_e15_b0.005_x30_s50_c650", "return1": 96.85534020923076, "return3": 94.78204126415386, "minute_DD3": 20.245376429741558}
READ_ONLY_RESULT:filtered_band_2025_ETH_e15_b0.01_x30_s50_c650
{"completed": "filtered_band_2025_ETH_e15_b0.025_x30_s50_c650", "return1": 96.85534020923076, "return3": 94.78204126415386, "minute_DD3": 20.245376429741558}
{"completed": "filtered_band_2025_ETH_e20_b0.005_x30_s50_c650", "return1": 95.41640795076924, "return3": 93.35297299984614, "minute_DD3": 20.829950329720415}
READ_ONLY_RESULT:filtered_band_2025_ETH_e20_b0.01_x30_s50_c650
{"completed": "filtered_band_2025_ETH_e20_b0.025_x30_s50_c650", "return1": 95.41640795076924, "return3": 93.35297299984614, "minute_DD3": 20.829950329720415}
{"completed": "filtered_band_2025_combo_e10_b0.005_x30_s50_btc0.675", "return1": 47.714095133989986, "return3": 45.736715891719996, "minute_DD3": 11.966701826900096}
READ_ONLY_RESULT:filtered_band_2025_combo_e10_b0.01_x30_s50_btc0.675
{"completed": "filtered_band_2025_combo_e10_b0.025_x30_s50_btc0.675", "return1": 39.536737876204995, "return3": 37.68414972258001, "minute_DD3": 12.923035488092271}
{"completed": "filtered_band_2025_combo_e15_b0.005_x30_s50_btc0.675", "return1": 46.96879910894501, "return3": 45.00284170961499, "minute_DD3": 12.502954620534956}
READ_ONLY_RESULT:filtered_band_2025_combo_e15_b0.01_x30_s50_btc0.675
{"completed": "filtered_band_2025_combo_e15_b0.025_x30_s50_btc0.675", "return1": 38.864115078399976, "return3": 37.02249675136, "minute_DD3": 13.450209508945488}
{"completed": "filtered_band_2025_combo_e20_b0.005_x30_s50_btc0.675", "return1": 44.610977148639996, "return3": 42.67790921063999, "minute_DD3": 12.980043392309371}
READ_ONLY_RESULT:filtered_band_2025_combo_e20_b0.01_x30_s50_btc0.675
{"completed": "filtered_band_2025_combo_e20_b0.025_x30_s50_btc0.675", "return1": 37.99728587734001, "return3": 36.16684732530497, "minute_DD3": 13.965965423911175}
{"completed": "filtered_band_2026_BTC_e10_b0.005_x30_s50_c1350", "return1": 11.144824093555549, "return3": 9.409755154518518, "minute_DD3": 14.104117538681182}
READ_ONLY_RESULT:filtered_band_2026_BTC_e10_b0.01_x30_s50_c1350
{"completed": "filtered_band_2026_BTC_e10_b0.025_x30_s50_c1350", "return1": 14.021423905777763, "return3": 12.835971978414818, "minute_DD3": 10.17934618591413}
{"completed": "filtered_band_2026_BTC_e15_b0.005_x30_s50_c1350", "return1": 11.144824093555549, "return3": 9.409755154518518, "minute_DD3": 14.104117538681182}
READ_ONLY_RESULT:filtered_band_2026_BTC_e15_b0.01_x30_s50_c1350
{"completed": "filtered_band_2026_BTC_e15_b0.025_x30_s50_c1350", "return1": 14.021423905777763, "return3": 12.835971978414818, "minute_DD3": 10.17934618591413}
{"completed": "filtered_band_2026_BTC_e20_b0.005_x30_s50_c1350", "return1": 11.144824093555549, "return3": 9.409755154518518, "minute_DD3": 14.104117538681182}
READ_ONLY_RESULT:filtered_band_2026_BTC_e20_b0.01_x30_s50_c1350
{"completed": "filtered_band_2026_BTC_e20_b0.025_x30_s50_c1350", "return1": 14.021423905777763, "return3": 12.835971978414818, "minute_DD3": 10.17934618591413}
{"completed": "filtered_band_2026_ETH_e10_b0.005_x30_s50_c650", "return1": 31.28671649723078, "return3": 29.91669555215384, "minute_DD3": 13.043377517574461}
READ_ONLY_RESULT:filtered_band_2026_ETH_e10_b0.01_x30_s50_c650
{"completed": "filtered_band_2026_ETH_e10_b0.025_x30_s50_c650", "return1": 29.08306621969232, "return3": 27.74093280215384, "minute_DD3": 14.502708338498493}
{"completed": "filtered_band_2026_ETH_e15_b0.005_x30_s50_c650", "return1": 31.28671649723078, "return3": 29.91669555215384, "minute_DD3": 13.043377517574461}
READ_ONLY_RESULT:filtered_band_2026_ETH_e15_b0.01_x30_s50_c650
{"completed": "filtered_band_2026_ETH_e15_b0.025_x30_s50_c650", "return1": 29.08306621969232, "return3": 27.74093280215384, "minute_DD3": 14.502708338498493}
{"completed": "filtered_band_2026_ETH_e20_b0.005_x30_s50_c650", "return1": 31.28671649723078, "return3": 29.91669555215384, "minute_DD3": 13.043377517574461}
READ_ONLY_RESULT:filtered_band_2026_ETH_e20_b0.01_x30_s50_c650
{"completed": "filtered_band_2026_ETH_e20_b0.025_x30_s50_c650", "return1": 29.08306621969232, "return3": 27.74093280215384, "minute_DD3": 14.502708338498493}
{"completed": "filtered_band_2026_combo_e10_b0.005_x30_s50_btc0.675", "return1": 17.690939124749995, "return3": 16.074510783749997, "minute_DD3": 12.408010677724747}
READ_ONLY_RESULT:filtered_band_2026_combo_e10_b0.01_x30_s50_btc0.675
{"completed": "filtered_band_2026_combo_e10_b0.025_x30_s50_btc0.675", "return1": 18.916457657799988, "return3": 17.68008424612999, "minute_DD3": 10.420228673909747}
{"completed": "filtered_band_2026_combo_e15_b0.005_x30_s50_btc0.675", "return1": 17.690939124749995, "return3": 16.074510783749997, "minute_DD3": 12.408010677724747}
READ_ONLY_RESULT:filtered_band_2026_combo_e15_b0.01_x30_s50_btc0.675
{"completed": "filtered_band_2026_combo_e15_b0.025_x30_s50_btc0.675", "return1": 18.916457657799988, "return3": 17.68008424612999, "minute_DD3": 10.420228673909747}
{"completed": "filtered_band_2026_combo_e20_b0.005_x30_s50_btc0.675", "return1": 17.690939124749995, "return3": 16.074510783749997, "minute_DD3": 12.408010677724747}
READ_ONLY_RESULT:filtered_band_2026_combo_e20_b0.01_x30_s50_btc0.675
{"completed": "filtered_band_2026_combo_e20_b0.025_x30_s50_btc0.675", "return1": 18.916457657799988, "return3": 17.68008424612999, "minute_DD3": 10.420228673909747}
PASS:all108 NEW scenes exactly reproduced and54 EXISTING scenes read-only verified;full54-cell report reproduced;ledger unchanged
{"passed": true, "all_scenes_audited": 162, "new_scenes": 108, "existing_scenes_read_only_audited": 54, "current_or_future_close_perturbations": 72, "NAV_points_audited": 42019884, "joint_channel_pandasEMA_causal_decisions": 19440, "Decimal_fills_independently_checked": 522, "new_actual_fills": 342, "real_minute_data_hashes": 4, "report_sha256": "d3a75e46a3a5091aea5179ddf39f6f577943d6ee37c7eed2cc146020b3033e40", "forward_plan_unchanged": true, "pandas_version": "2.2.3"}
{"passed": true, "forward_scenes": 9, "new_closed_marks_per_asset": 120, "cumulative_minutes": 4869, "complete_days": 3, "NAV_points_per_scene": 4874, "original_NAV_prefix": 4754, "new_daily_decisions": 0, "new_reference_points": 0, "new_executions": 0, "original_cash_units_desired_trades_costs_unchanged": true, "next_daily_decision_utc": "2026-10-06T00:01:00Z", "report_sha256": "0020aad694ccad1457ad94ad1f89ddcb252b2edd19ed3d332e4d91c818e8d436"}
PASS: new parameters/weights and missing-result retries are allowed; exact/reordered completed trials stay blocked
