filtered_band_2025_BTC_e10_b0.005_x30_s50_c1350 0 bceb649464251c7088741e212de21a2c77a7134e39d4fa856240053d90672be3
READ_ONLY_EXACT filtered_band_2025_BTC_e10_b0.01_x30_s50_c1350
filtered_band_2025_BTC_e10_b0.025_x30_s50_c1350 0 45d2a312549f3e6e4652cc8e16d4eda6e754d9320911da41907acb0d93903b30
filtered_band_2025_BTC_e15_b0.005_x30_s50_c1350 0 c1e8e6526de25ae18701d4e7bf575fd7aa53b8ef061644f3d4283aabd765fcd8
READ_ONLY_EXACT filtered_band_2025_BTC_e15_b0.01_x30_s50_c1350
filtered_band_2025_BTC_e15_b0.025_x30_s50_c1350 0 66c0954a5bb37c7441057d92f88987ae8bb26ba260105e3cb905c57ca3dbaad0
filtered_band_2025_BTC_e20_b0.005_x30_s50_c1350 0 9ed68ce7af2423234fb867ff9491d6570c071a8e4b7f644f39b616777c36982d
READ_ONLY_EXACT filtered_band_2025_BTC_e20_b0.01_x30_s50_c1350
filtered_band_2025_BTC_e20_b0.025_x30_s50_c1350 0 d71e39febe8130eb96511330efea22e487ec37e1adb8b02a7b44a0f930c0f73f
filtered_band_2025_ETH_e10_b0.005_x30_s50_c650 0 bdad233da8e9b8226ae88495b0c657f671af6cd5f47f7dee4a317e9b4388546a
READ_ONLY_EXACT filtered_band_2025_ETH_e10_b0.01_x30_s50_c650
filtered_band_2025_ETH_e10_b0.025_x30_s50_c650 0 7090e7e9049bc4bb562caed524455788c75d8913cbd0932d4bee444fba1256b9
filtered_band_2025_ETH_e15_b0.005_x30_s50_c650 0 02fb1c5075a9c7d387f9b93a0aed6f89cc1bbda59806a9304b9906bd80ee3044
READ_ONLY_EXACT filtered_band_2025_ETH_e15_b0.01_x30_s50_c650
filtered_band_2025_ETH_e15_b0.025_x30_s50_c650 0 49603b35f5867e02f1a457453485fe64b95d8034b4edcd44428816c9e7ea4443
filtered_band_2025_ETH_e20_b0.005_x30_s50_c650 0 1b83c29a056449acc2a467f2fe8bf1ac8e7ec8092ba8734e5ed2e0ba693970ee
READ_ONLY_EXACT filtered_band_2025_ETH_e20_b0.01_x30_s50_c650
filtered_band_2025_ETH_e20_b0.025_x30_s50_c650 0 59765af4160e26cdbc7d5b1790cee453e8f68d76e377ddb815c677041dcfd1f0
filtered_band_2025_combo_e10_b0.005_x30_s50_btc0.675 0 0783efb623f3ba3b34d84e4ef7ec96d5d9fe6a9ea13b4eaee7e56ffebdaa13d8
READ_ONLY_EXACT filtered_band_2025_combo_e10_b0.01_x30_s50_btc0.675
filtered_band_2025_combo_e10_b0.025_x30_s50_btc0.675 0 59a621e176ed505187daaa0e210caad85945372d60b001674faf739d087cd4d0
filtered_band_2025_combo_e15_b0.005_x30_s50_btc0.675 0 74e05d93c5ebfe236fdf696a29509ec58542f327db06837e1ebd94602c457957
READ_ONLY_EXACT filtered_band_2025_combo_e15_b0.01_x30_s50_btc0.675
filtered_band_2025_combo_e15_b0.025_x30_s50_btc0.675 0 fcaec78114293cbd1ef292a658514ae66d2afe4b0105a2f1f6e29eae361ebd5a
filtered_band_2025_combo_e20_b0.005_x30_s50_btc0.675 0 cfd5e4363154d8c14750f92139e78602aadf7a1644e744d12dcdfb486be84752
READ_ONLY_EXACT filtered_band_2025_combo_e20_b0.01_x30_s50_btc0.675
filtered_band_2025_combo_e20_b0.025_x30_s50_btc0.675 0 2aea99ca07f493ab38f4c4e700a60dad354be95ce4d07d4c23ea77d1a4cf1f18
filtered_band_2026_BTC_e10_b0.005_x30_s50_c1350 0 0ee0bdc0f6594593b6140b180a221401eb362917cc9d620ca95b79938b2f83be
READ_ONLY_EXACT filtered_band_2026_BTC_e10_b0.01_x30_s50_c1350
filtered_band_2026_BTC_e10_b0.025_x30_s50_c1350 0 72ec0ad790fdceb9c2bafa50d09593f74e2f17e8dbb67ec2b3f9fe3dc8361261
filtered_band_2026_BTC_e15_b0.005_x30_s50_c1350 0 bb0dcb836ab5faa6f721ebe0c5f29ed0428acee47bb5dc63ddf0db226d83f8e5
READ_ONLY_EXACT filtered_band_2026_BTC_e15_b0.01_x30_s50_c1350
filtered_band_2026_BTC_e15_b0.025_x30_s50_c1350 0 f2a3cdb8cac875827bdff658dda0fc68b88865db20ce2c74800daaa4132cc484
filtered_band_2026_BTC_e20_b0.005_x30_s50_c1350 0 16f99ef233699ea0d15158bef461f6e5c8c68b116f28f887089f101e17a061c2
READ_ONLY_EXACT filtered_band_2026_BTC_e20_b0.01_x30_s50_c1350
filtered_band_2026_BTC_e20_b0.025_x30_s50_c1350 0 772df15fca0180adb94e6f1f08b5e501b2aefbc7653433269701e92434c05889
filtered_band_2026_ETH_e10_b0.005_x30_s50_c650 0 d9e87bba7aa7e09b8dcf60fa788b2e4f4318589905a3cb156ba8d20e833b0d45
READ_ONLY_EXACT filtered_band_2026_ETH_e10_b0.01_x30_s50_c650
filtered_band_2026_ETH_e10_b0.025_x30_s50_c650 0 d27d302d31b99ff4739e351414f0d96fe00dcacc35b3212f7e9deb4dcea4498c
filtered_band_2026_ETH_e15_b0.005_x30_s50_c650 0 5f9bc4ae580d36e2e5838ba04bc91e372f9c7e11b437428e9e7770b73afe0a0a
READ_ONLY_EXACT filtered_band_2026_ETH_e15_b0.01_x30_s50_c650
filtered_band_2026_ETH_e15_b0.025_x30_s50_c650 0 e083d2aa2ec835d12a14e7511ee23d9bd728257085914197a4e4713f8458a3d6
filtered_band_2026_ETH_e20_b0.005_x30_s50_c650 0 6b5cc9acd58cbaf15adcce6ea468adfbe25cc29d1924c1a8c7213f57edd91b84
READ_ONLY_EXACT filtered_band_2026_ETH_e20_b0.01_x30_s50_c650
filtered_band_2026_ETH_e20_b0.025_x30_s50_c650 0 41f13204c536826e38caa2d09708f1b07e15a11deb3bc0430adf417914c4d948
filtered_band_2026_combo_e10_b0.005_x30_s50_btc0.675 0 bf0f3df613b59fecd5434607a2ed73090857aca46cca5bbd8f43ae6d6bb571bb
READ_ONLY_EXACT filtered_band_2026_combo_e10_b0.01_x30_s50_btc0.675
filtered_band_2026_combo_e10_b0.025_x30_s50_btc0.675 0 c2b0a5af979633df72de8f0c11d8b45755f4f13b39867ba290271c90f4810d27
filtered_band_2026_combo_e15_b0.005_x30_s50_btc0.675 0 c2d01f9f445e40aa2f44deb1193470c8bcb195704bbe4c94c3afa238bb2be3f1
READ_ONLY_EXACT filtered_band_2026_combo_e15_b0.01_x30_s50_btc0.675
filtered_band_2026_combo_e15_b0.025_x30_s50_btc0.675 0 e1708c2e4df4748c9dd68b17ce308c4e0be94de0790e464f0707725b0637a1fe
filtered_band_2026_combo_e20_b0.005_x30_s50_btc0.675 0 8060a969e60f9e01226f13dcf9dd21b0f5b014ad9b04d14b8530b66776717ac0
READ_ONLY_EXACT filtered_band_2026_combo_e20_b0.01_x30_s50_btc0.675
filtered_band_2026_combo_e20_b0.025_x30_s50_btc0.675 0 17f14b58213a6accb1c9b811f4b60676eab8dcfcc014ea76fcf0d65a49b52997
forward_snapshot_BTC 0 e3f8f24da4a568178b08bc7d5ce69db635ac4120199bd179cf99a870632e8254
forward_snapshot_ETH 0 0601c7acc2a8ce36c619dcc479edc4697606f80c4935e80bd47185247ba3b7d0
forward_snapshot_combo 0 928ef0c910bab03241e2ce437b2a302cc191af41d4192dec4b3b9b06cb5fde2f
PASS:36new actual-capital historical and3new cutoff configurations reserved;18existing band1percent exact definitions read-only.
