{"completed": "filtered_alloc_2025_BTC_e10_s50_c1310", "return1": 20.634647907648862, "return3": 18.754495237312984, "minute_DD3": 12.411642041355787}
READ_ONLY_RESULT:filtered_alloc_2025_BTC_e10_s50_c1350
{"completed": "filtered_alloc_2025_BTC_e10_s50_c1390", "return1": 20.63418736216547, "return3": 18.754717847258995, "minute_DD3": 12.412095853568427}
{"completed": "filtered_alloc_2025_BTC_e15_s50_c1310", "return1": 19.562540889022895, "return3": 17.69904267431297, "minute_DD3": 13.19165279419624}
READ_ONLY_RESULT:filtered_alloc_2025_BTC_e15_s50_c1350
{"completed": "filtered_alloc_2025_BTC_e15_s50_c1390", "return1": 19.557748239899286, "return3": 17.69855324935252, "minute_DD3": 13.19165216982966}
{"completed": "filtered_alloc_2025_BTC_e20_s50_c1310", "return1": 18.483648507618323, "return3": 16.636976819045813, "minute_DD3": 12.127645814322408}
READ_ONLY_RESULT:filtered_alloc_2025_BTC_e20_s50_c1350
{"completed": "filtered_alloc_2025_BTC_e20_s50_c1390", "return1": 18.48044699902878, "return3": 16.638012154345326, "minute_DD3": 12.127702656917904}
{"completed": "filtered_alloc_2025_ETH_e10_s50_c690", "return1": 96.85701553333334, "return3": 94.79563053884057, "minute_DD3": 20.246909056146457}
READ_ONLY_RESULT:filtered_alloc_2025_ETH_e10_s50_c650
{"completed": "filtered_alloc_2025_ETH_e10_s50_c610", "return1": 96.85344517049181, "return3": 94.80141295672131, "minute_DD3": 20.244933016350565}
{"completed": "filtered_alloc_2025_ETH_e15_s50_c690", "return1": 96.85701553333334, "return3": 94.79563053884057, "minute_DD3": 20.246909056146457}
READ_ONLY_RESULT:filtered_alloc_2025_ETH_e15_s50_c650
{"completed": "filtered_alloc_2025_ETH_e15_s50_c610", "return1": 96.85344517049181, "return3": 94.80141295672131, "minute_DD3": 20.244933016350565}
{"completed": "filtered_alloc_2025_ETH_e20_s50_c690", "return1": 95.42455265188407, "return3": 93.37328976492752, "minute_DD3": 20.83188991270386}
READ_ONLY_RESULT:filtered_alloc_2025_ETH_e20_s50_c650
{"completed": "filtered_alloc_2025_ETH_e20_s50_c610", "return1": 95.40672035557378, "return3": 93.36441906409834, "minute_DD3": 20.82928505708227}
{"completed": "filtered_alloc_2025_combo_e10_s50_btc0.655", "return1": 46.931364738510005, "return3": 44.988686916339994, "minute_DD3": 12.981059063608535}
READ_ONLY_RESULT:filtered_alloc_2025_combo_e10_s50_btc0.675
{"completed": "filtered_alloc_2025_combo_e10_s50_btc0.695", "return1": 43.88106099370499, "return3": 41.94895985564499, "minute_DD3": 12.699303623012003}
{"completed": "filtered_alloc_2025_combo_e15_s50_btc0.655", "return1": 46.22913464131, "return3": 44.297365487575014, "minute_DD3": 13.504348217281148}
READ_ONLY_RESULT:filtered_alloc_2025_combo_e15_s50_btc0.675
{"completed": "filtered_alloc_2025_combo_e15_s50_btc0.695", "return1": 43.13293580373001, "return3": 41.21492546009999, "minute_DD3": 13.244272124453849}
{"completed": "filtered_alloc_2025_combo_e20_s50_btc0.655", "return1": 45.02826043739001, "return3": 43.111004785375016, "minute_DD3": 14.020277605693554}
READ_ONLY_RESULT:filtered_alloc_2025_combo_e20_s50_btc0.675
{"completed": "filtered_alloc_2025_combo_e20_s50_btc0.695", "return1": 41.942960372775005, "return3": 40.03956626181999, "minute_DD3": 13.625074796742599}
{"completed": "filtered_alloc_2026_BTC_e10_s50_c1310", "return1": 10.5028623810687, "return3": 8.778950439290067, "minute_DD3": 14.59542606625469}
READ_ONLY_RESULT:filtered_alloc_2026_BTC_e10_s50_c1350
{"completed": "filtered_alloc_2026_BTC_e10_s50_c1390", "return1": 10.503125456043172, "return3": 8.779896721827352, "minute_DD3": 14.597717278126632}
{"completed": "filtered_alloc_2026_BTC_e15_s50_c1310", "return1": 10.5028623810687, "return3": 8.778950439290067, "minute_DD3": 14.59542606625469}
READ_ONLY_RESULT:filtered_alloc_2026_BTC_e15_s50_c1350
{"completed": "filtered_alloc_2026_BTC_e15_s50_c1390", "return1": 10.503125456043172, "return3": 8.779896721827352, "minute_DD3": 14.597717278126632}
{"completed": "filtered_alloc_2026_BTC_e20_s50_c1310", "return1": 10.5028623810687, "return3": 8.778950439290067, "minute_DD3": 14.59542606625469}
READ_ONLY_RESULT:filtered_alloc_2026_BTC_e20_s50_c1350
{"completed": "filtered_alloc_2026_BTC_e20_s50_c1390", "return1": 10.503125456043172, "return3": 8.779896721827352, "minute_DD3": 14.597717278126632}
{"completed": "filtered_alloc_2026_ETH_e10_s50_c690", "return1": 29.084730557246385, "return3": 27.738542902898544, "minute_DD3": 14.504108326630815}
READ_ONLY_RESULT:filtered_alloc_2026_ETH_e10_s50_c650
{"completed": "filtered_alloc_2026_ETH_e10_s50_c610", "return1": 29.09009768950821, "return3": 27.741925477704932, "minute_DD3": 14.504461170081218}
{"completed": "filtered_alloc_2026_ETH_e15_s50_c690", "return1": 29.084730557246385, "return3": 27.738542902898544, "minute_DD3": 14.504108326630815}
READ_ONLY_RESULT:filtered_alloc_2026_ETH_e15_s50_c650
{"completed": "filtered_alloc_2026_ETH_e15_s50_c610", "return1": 29.09009768950821, "return3": 27.741925477704932, "minute_DD3": 14.504461170081218}
{"completed": "filtered_alloc_2026_ETH_e20_s50_c690", "return1": 29.084730557246385, "return3": 27.738542902898544, "minute_DD3": 14.504108326630815}
READ_ONLY_RESULT:filtered_alloc_2026_ETH_e20_s50_c650
{"completed": "filtered_alloc_2026_ETH_e20_s50_c610", "return1": 29.09009768950821, "return3": 27.741925477704932, "minute_DD3": 14.504461170081218}
{"completed": "filtered_alloc_2026_combo_e10_s50_btc0.655", "return1": 16.91360690185, "return3": 15.320009839234983, "minute_DD3": 13.188463946328755}
READ_ONLY_RESULT:filtered_alloc_2026_combo_e10_s50_btc0.675
{"completed": "filtered_alloc_2026_combo_e10_s50_btc0.695", "return1": 16.172151987249993, "return3": 14.563315492369998, "minute_DD3": 13.246306881760717}
{"completed": "filtered_alloc_2026_combo_e15_s50_btc0.655", "return1": 16.91360690185, "return3": 15.320009839234983, "minute_DD3": 13.188463946328755}
READ_ONLY_RESULT:filtered_alloc_2026_combo_e15_s50_btc0.675
{"completed": "filtered_alloc_2026_combo_e15_s50_btc0.695", "return1": 16.172151987249993, "return3": 14.563315492369998, "minute_DD3": 13.246306881760717}
{"completed": "filtered_alloc_2026_combo_e20_s50_btc0.655", "return1": 16.91360690185, "return3": 15.320009839234983, "minute_DD3": 13.188463946328755}
READ_ONLY_RESULT:filtered_alloc_2026_combo_e20_s50_btc0.675
{"completed": "filtered_alloc_2026_combo_e20_s50_btc0.695", "return1": 16.172151987249993, "return3": 14.563315492369998, "minute_DD3": 13.246306881760717}
{"new_configs": 36, "new_component_configs": 24, "new_combination_configs": 12, "new_cost_scenes": 108, "new_minute_NAV_points": 28013256, "reused_grid_configs": 18, "reused_cost_scenes": 54, "grid_configs": 54, "grid_cost_scenes": 162, "positive_1x": 36, "positive_3x": 36, "grid_positive_1x": 54, "grid_positive_3x": 54, "passed": ["filtered_alloc_2025_BTC_e10_s50_c1310", "filtered_alloc_2025_BTC_e10_s50_c1390", "filtered_alloc_2025_BTC_e15_s50_c1310", "filtered_alloc_2025_BTC_e15_s50_c1390", "filtered_alloc_2025_BTC_e20_s50_c1310", "filtered_alloc_2025_BTC_e20_s50_c1390", "filtered_alloc_2025_ETH_e10_s50_c690", "filtered_alloc_2025_ETH_e10_s50_c610", "filtered_alloc_2025_ETH_e15_s50_c690", "filtered_alloc_2025_ETH_e15_s50_c610", "filtered_alloc_2025_ETH_e20_s50_c690", "filtered_alloc_2025_ETH_e20_s50_c610", "filtered_alloc_2025_combo_e10_s50_btc0.655", "filtered_alloc_2025_combo_e10_s50_btc0.695", "filtered_alloc_2025_combo_e15_s50_btc0.655", "filtered_alloc_2025_combo_e15_s50_btc0.695", "filtered_alloc_2025_combo_e20_s50_btc0.655", "filtered_alloc_2025_combo_e20_s50_btc0.695", "filtered_alloc_2026_combo_e10_s50_btc0.655", "filtered_alloc_2026_combo_e10_s50_btc0.695", "filtered_alloc_2026_combo_e15_s50_btc0.655", "filtered_alloc_2026_combo_e15_s50_btc0.695", "filtered_alloc_2026_combo_e20_s50_btc0.655", "filtered_alloc_2026_combo_e20_s50_btc0.695"], "rejected": ["filtered_alloc_2026_BTC_e10_s50_c1310", "filtered_alloc_2026_BTC_e10_s50_c1390", "filtered_alloc_2026_BTC_e15_s50_c1310", "filtered_alloc_2026_BTC_e15_s50_c1390", "filtered_alloc_2026_BTC_e20_s50_c1310", "filtered_alloc_2026_BTC_e20_s50_c1390", "filtered_alloc_2026_ETH_e10_s50_c690", "filtered_alloc_2026_ETH_e10_s50_c610", "filtered_alloc_2026_ETH_e15_s50_c690", "filtered_alloc_2026_ETH_e15_s50_c610", "filtered_alloc_2026_ETH_e20_s50_c690", "filtered_alloc_2026_ETH_e20_s50_c610"], "grid_passed": ["filtered_alloc_2025_BTC_e10_s50_c1310", "filtered_alloc_2025_BTC_e10_s50_c1350", "filtered_alloc_2025_BTC_e10_s50_c1390", "filtered_alloc_2025_BTC_e15_s50_c1310", "filtered_alloc_2025_BTC_e15_s50_c1350", "filtered_alloc_2025_BTC_e15_s50_c1390", "filtered_alloc_2025_BTC_e20_s50_c1310", "filtered_alloc_2025_BTC_e20_s50_c1350", "filtered_alloc_2025_BTC_e20_s50_c1390", "filtered_alloc_2025_ETH_e10_s50_c690", "filtered_alloc_2025_ETH_e10_s50_c650", "filtered_alloc_2025_ETH_e10_s50_c610", "filtered_alloc_2025_ETH_e15_s50_c690", "filtered_alloc_2025_ETH_e15_s50_c650", "filtered_alloc_2025_ETH_e15_s50_c610", "filtered_alloc_2025_ETH_e20_s50_c690", "filtered_alloc_2025_ETH_e20_s50_c650", "filtered_alloc_2025_ETH_e20_s50_c610", "filtered_alloc_2025_combo_e10_s50_btc0.655", "filtered_alloc_2025_combo_e10_s50_btc0.675", "filtered_alloc_2025_combo_e10_s50_btc0.695", "filtered_alloc_2025_combo_e15_s50_btc0.655", "filtered_alloc_2025_combo_e15_s50_btc0.675", "filtered_alloc_2025_combo_e15_s50_btc0.695", "filtered_alloc_2025_combo_e20_s50_btc0.655", "filtered_alloc_2025_combo_e20_s50_btc0.675", "filtered_alloc_2025_combo_e20_s50_btc0.695", "filtered_alloc_2026_combo_e10_s50_btc0.655", "filtered_alloc_2026_combo_e10_s50_btc0.675", "filtered_alloc_2026_combo_e10_s50_btc0.695", "filtered_alloc_2026_combo_e15_s50_btc0.655", "filtered_alloc_2026_combo_e15_s50_btc0.675", "filtered_alloc_2026_combo_e15_s50_btc0.695", "filtered_alloc_2026_combo_e20_s50_btc0.655", "filtered_alloc_2026_combo_e20_s50_btc0.675", "filtered_alloc_2026_combo_e20_s50_btc0.695"], "both_periods_passed_combination_pairs": [["filtered_alloc_2025_combo_e10_s50_btc0.655", "filtered_alloc_2026_combo_e10_s50_btc0.655"], ["filtered_alloc_2025_combo_e10_s50_btc0.675", "filtered_alloc_2026_combo_e10_s50_btc0.675"], ["filtered_alloc_2025_combo_e10_s50_btc0.695", "filtered_alloc_2026_combo_e10_s50_btc0.695"], ["filtered_alloc_2025_combo_e15_s50_btc0.655", "filtered_alloc_2026_combo_e15_s50_btc0.655"], ["filtered_alloc_2025_combo_e15_s50_btc0.675", "filtered_alloc_2026_combo_e15_s50_btc0.675"], ["filtered_alloc_2025_combo_e15_s50_btc0.695", "filtered_alloc_2026_combo_e15_s50_btc0.695"], ["filtered_alloc_2025_combo_e20_s50_btc0.655", "filtered_alloc_2026_combo_e20_s50_btc0.655"], ["filtered_alloc_2025_combo_e20_s50_btc0.675", "filtered_alloc_2026_combo_e20_s50_btc0.675"], ["filtered_alloc_2025_combo_e20_s50_btc0.695", "filtered_alloc_2026_combo_e20_s50_btc0.695"]], "new_both_periods_passed_combination_pairs": [["filtered_alloc_2025_combo_e10_s50_btc0.655", "filtered_alloc_2026_combo_e10_s50_btc0.655"], ["filtered_alloc_2025_combo_e10_s50_btc0.695", "filtered_alloc_2026_combo_e10_s50_btc0.695"], ["filtered_alloc_2025_combo_e15_s50_btc0.655", "filtered_alloc_2026_combo_e15_s50_btc0.655"], ["filtered_alloc_2025_combo_e15_s50_btc0.695", "filtered_alloc_2026_combo_e15_s50_btc0.695"], ["filtered_alloc_2025_combo_e20_s50_btc0.655", "filtered_alloc_2026_combo_e20_s50_btc0.655"], ["filtered_alloc_2025_combo_e20_s50_btc0.695", "filtered_alloc_2026_combo_e20_s50_btc0.695"]], "actual_component_fills": 360, "audited_component_fills": 540, "reused_ledger_records_untouched": true, "new_live_orders": 0}
