PASS:all9 cumulative forward scenes exactly reproduced including2832point prefix/time axis and nextstate;noHTTP or ledger write
{"completed": "filtered_alloc_2025_BTC_e10_s50_c1310", "return1": 20.634647907648862, "return3": 18.754495237312984, "minute_DD3": 12.411642041355787}
READ_ONLY_RESULT:filtered_alloc_2025_BTC_e10_s50_c1350
{"completed": "filtered_alloc_2025_BTC_e10_s50_c1390", "return1": 20.63418736216547, "return3": 18.754717847258995, "minute_DD3": 12.412095853568427}
{"completed": "filtered_alloc_2025_BTC_e15_s50_c1310", "return1": 19.562540889022895, "return3": 17.69904267431297, "minute_DD3": 13.19165279419624}
READ_ONLY_RESULT:filtered_alloc_2025_BTC_e15_s50_c1350
{"completed": "filtered_alloc_2025_BTC_e15_s50_c1390", "return1": 19.557748239899286, "return3": 17.69855324935252, "minute_DD3": 13.19165216982966}
{"completed": "filtered_alloc_2025_BTC_e20_s50_c1310", "return1": 18.483648507618323, "return3": 16.636976819045813, "minute_DD3": 12.127645814322408}
READ_ONLY_RESULT:filtered_alloc_2025_BTC_e20_s50_c1350
{"completed": "filtered_alloc_2025_BTC_e20_s50_c1390", "return1": 18.48044699902878, "return3": 16.638012154345326, "minute_DD3": 12.127702656917904}
{"completed": "filtered_alloc_2025_ETH_e10_s50_c690", "return1": 96.85701553333334, "return3": 94.79563053884057, "minute_DD3": 20.246909056146457}
READ_ONLY_RESULT:filtered_alloc_2025_ETH_e10_s50_c650
{"completed": "filtered_alloc_2025_ETH_e10_s50_c610", "return1": 96.85344517049181, "return3": 94.80141295672131, "minute_DD3": 20.244933016350565}
{"completed": "filtered_alloc_2025_ETH_e15_s50_c690", "return1": 96.85701553333334, "return3": 94.79563053884057, "minute_DD3": 20.246909056146457}
READ_ONLY_RESULT:filtered_alloc_2025_ETH_e15_s50_c650
{"completed": "filtered_alloc_2025_ETH_e15_s50_c610", "return1": 96.85344517049181, "return3": 94.80141295672131, "minute_DD3": 20.244933016350565}
{"completed": "filtered_alloc_2025_ETH_e20_s50_c690", "return1": 95.42455265188407, "return3": 93.37328976492752, "minute_DD3": 20.83188991270386}
READ_ONLY_RESULT:filtered_alloc_2025_ETH_e20_s50_c650
{"completed": "filtered_alloc_2025_ETH_e20_s50_c610", "return1": 95.40672035557378, "return3": 93.36441906409834, "minute_DD3": 20.82928505708227}
{"completed": "filtered_alloc_2025_combo_e10_s50_btc0.655", "return1": 46.931364738510005, "return3": 44.988686916339994, "minute_DD3": 12.981059063608535}
READ_ONLY_RESULT:filtered_alloc_2025_combo_e10_s50_btc0.675
{"completed": "filtered_alloc_2025_combo_e10_s50_btc0.695", "return1": 43.88106099370499, "return3": 41.94895985564499, "minute_DD3": 12.699303623012003}
{"completed": "filtered_alloc_2025_combo_e15_s50_btc0.655", "return1": 46.22913464131, "return3": 44.297365487575014, "minute_DD3": 13.504348217281148}
READ_ONLY_RESULT:filtered_alloc_2025_combo_e15_s50_btc0.675
{"completed": "filtered_alloc_2025_combo_e15_s50_btc0.695", "return1": 43.13293580373001, "return3": 41.21492546009999, "minute_DD3": 13.244272124453849}
{"completed": "filtered_alloc_2025_combo_e20_s50_btc0.655", "return1": 45.02826043739001, "return3": 43.111004785375016, "minute_DD3": 14.020277605693554}
READ_ONLY_RESULT:filtered_alloc_2025_combo_e20_s50_btc0.675
{"completed": "filtered_alloc_2025_combo_e20_s50_btc0.695", "return1": 41.942960372775005, "return3": 40.03956626181999, "minute_DD3": 13.625074796742599}
{"completed": "filtered_alloc_2026_BTC_e10_s50_c1310", "return1": 10.5028623810687, "return3": 8.778950439290067, "minute_DD3": 14.59542606625469}
READ_ONLY_RESULT:filtered_alloc_2026_BTC_e10_s50_c1350
{"completed": "filtered_alloc_2026_BTC_e10_s50_c1390", "return1": 10.503125456043172, "return3": 8.779896721827352, "minute_DD3": 14.597717278126632}
{"completed": "filtered_alloc_2026_BTC_e15_s50_c1310", "return1": 10.5028623810687, "return3": 8.778950439290067, "minute_DD3": 14.59542606625469}
READ_ONLY_RESULT:filtered_alloc_2026_BTC_e15_s50_c1350
{"completed": "filtered_alloc_2026_BTC_e15_s50_c1390", "return1": 10.503125456043172, "return3": 8.779896721827352, "minute_DD3": 14.597717278126632}
{"completed": "filtered_alloc_2026_BTC_e20_s50_c1310", "return1": 10.5028623810687, "return3": 8.778950439290067, "minute_DD3": 14.59542606625469}
READ_ONLY_RESULT:filtered_alloc_2026_BTC_e20_s50_c1350
{"completed": "filtered_alloc_2026_BTC_e20_s50_c1390", "return1": 10.503125456043172, "return3": 8.779896721827352, "minute_DD3": 14.597717278126632}
{"completed": "filtered_alloc_2026_ETH_e10_s50_c690", "return1": 29.084730557246385, "return3": 27.738542902898544, "minute_DD3": 14.504108326630815}
READ_ONLY_RESULT:filtered_alloc_2026_ETH_e10_s50_c650
{"completed": "filtered_alloc_2026_ETH_e10_s50_c610", "return1": 29.09009768950821, "return3": 27.741925477704932, "minute_DD3": 14.504461170081218}
{"completed": "filtered_alloc_2026_ETH_e15_s50_c690", "return1": 29.084730557246385, "return3": 27.738542902898544, "minute_DD3": 14.504108326630815}
READ_ONLY_RESULT:filtered_alloc_2026_ETH_e15_s50_c650
{"completed": "filtered_alloc_2026_ETH_e15_s50_c610", "return1": 29.09009768950821, "return3": 27.741925477704932, "minute_DD3": 14.504461170081218}
{"completed": "filtered_alloc_2026_ETH_e20_s50_c690", "return1": 29.084730557246385, "return3": 27.738542902898544, "minute_DD3": 14.504108326630815}
READ_ONLY_RESULT:filtered_alloc_2026_ETH_e20_s50_c650
{"completed": "filtered_alloc_2026_ETH_e20_s50_c610", "return1": 29.09009768950821, "return3": 27.741925477704932, "minute_DD3": 14.504461170081218}
{"completed": "filtered_alloc_2026_combo_e10_s50_btc0.655", "return1": 16.91360690185, "return3": 15.320009839234983, "minute_DD3": 13.188463946328755}
READ_ONLY_RESULT:filtered_alloc_2026_combo_e10_s50_btc0.675
{"completed": "filtered_alloc_2026_combo_e10_s50_btc0.695", "return1": 16.172151987249993, "return3": 14.563315492369998, "minute_DD3": 13.246306881760717}
{"completed": "filtered_alloc_2026_combo_e15_s50_btc0.655", "return1": 16.91360690185, "return3": 15.320009839234983, "minute_DD3": 13.188463946328755}
READ_ONLY_RESULT:filtered_alloc_2026_combo_e15_s50_btc0.675
{"completed": "filtered_alloc_2026_combo_e15_s50_btc0.695", "return1": 16.172151987249993, "return3": 14.563315492369998, "minute_DD3": 13.246306881760717}
{"completed": "filtered_alloc_2026_combo_e20_s50_btc0.655", "return1": 16.91360690185, "return3": 15.320009839234983, "minute_DD3": 13.188463946328755}
READ_ONLY_RESULT:filtered_alloc_2026_combo_e20_s50_btc0.675
{"completed": "filtered_alloc_2026_combo_e20_s50_btc0.695", "return1": 16.172151987249993, "return3": 14.563315492369998, "minute_DD3": 13.246306881760717}
PASS:all108 NEW scenes exactly reproduced and54 EXISTING scenes read-only verified;full54-cell report reproduced;ledger unchanged
{"passed": true, "all_scenes_audited": 162, "new_scenes": 108, "existing_scenes_read_only_audited": 54, "current_or_future_close_perturbations": 72, "NAV_points_audited": 42019884, "joint_channel_pandasEMA_causal_decisions": 19440, "Decimal_fills_independently_checked": 540, "new_actual_fills": 360, "real_minute_data_hashes": 4, "report_sha256": "5f2b059dad2a654aae27ce76078d8807421bef746f8d251b74f5b216abada0d4", "forward_plan_unchanged": true, "pandas_version": "2.2.3"}
{"passed": true, "forward_scenes": 9, "new_closed_marks_per_asset": 120, "cumulative_minutes": 2829, "complete_days": 1, "NAV_points_per_scene": 2832, "original_NAV_prefix": 2712, "new_daily_decisions": 0, "new_reference_points": 0, "new_executions": 0, "original_cash_units_desired_trades_costs_unchanged": true, "next_daily_decision_utc": "2026-10-04T00:01:00Z", "report_sha256": "5e75d43b606a535e82b78b1b5c8c73965507de4f78485bc2941e09d7df9a040c"}
PASS: new parameters/weights and missing-result retries are allowed; exact/reordered completed trials stay blocked
