filtered_alloc_2025_BTC_e10_s50_c1310 0 3f4130e870486f8c0aee0c6fea4d28008707b1f9e25c2faefdf12570448aec95
READ_ONLY_EXACT filtered_alloc_2025_BTC_e10_s50_c1350
filtered_alloc_2025_BTC_e10_s50_c1390 0 084e652147099020121b0336998adc42ca3ac5187b1985b6949e08fa4b91d573
filtered_alloc_2025_BTC_e15_s50_c1310 0 6e4595ccfca4e6bc6f6753cf05f1511eb39484d68ebb8ef55da45a6a24784d08
READ_ONLY_EXACT filtered_alloc_2025_BTC_e15_s50_c1350
filtered_alloc_2025_BTC_e15_s50_c1390 0 de23eb116e35fe653d630c453567658593f79edeb70401dcab0b2bf0921c5584
filtered_alloc_2025_BTC_e20_s50_c1310 0 605b1fed95b63c3cd79d03e803d10f9410442a98b3cbe8196d8e9674c4ce7de6
READ_ONLY_EXACT filtered_alloc_2025_BTC_e20_s50_c1350
filtered_alloc_2025_BTC_e20_s50_c1390 0 be1653935d02c99f2923fd3a8a0a2e2d7808aaba0c43be4d0cbd905f964189e4
filtered_alloc_2025_ETH_e10_s50_c690 0 8a3e813b20cf1582f8ac8fe881b2ad38a8f2de5832d5b1f0714a92b66cf78495
READ_ONLY_EXACT filtered_alloc_2025_ETH_e10_s50_c650
filtered_alloc_2025_ETH_e10_s50_c610 0 6c49626bd76d47b5b993696e091e020256cbd5305c476ae7384be59e6378dec9
filtered_alloc_2025_ETH_e15_s50_c690 0 c2ade43a2034c9e55dfd9d39c1ca6519b1de2975d8a5da4ce3d263b524113230
READ_ONLY_EXACT filtered_alloc_2025_ETH_e15_s50_c650
filtered_alloc_2025_ETH_e15_s50_c610 0 edeed5bec0d87faa60d47de2fc67b30a11480cf111a4f74c17641deaad203613
filtered_alloc_2025_ETH_e20_s50_c690 0 a2a2065b9ed4f3ea0d6ebacc1f9d210a47d71b0b4c029f0786937357375e237f
READ_ONLY_EXACT filtered_alloc_2025_ETH_e20_s50_c650
filtered_alloc_2025_ETH_e20_s50_c610 0 7b1bea9e6ff3919a1d44ffe2bc455be2fab3f9b43b6dfee944b0dd11b99a4ca2
filtered_alloc_2025_combo_e10_s50_btc0.655 0 334fb1bf7825fe3aa1bc4db54690dcd983bd88f8bb9465836ab3656483cbcf55
READ_ONLY_EXACT filtered_alloc_2025_combo_e10_s50_btc0.675
filtered_alloc_2025_combo_e10_s50_btc0.695 0 cb94224f119a664620ca6da919c1a8c870cb5feb546962b69eaf1cf5a20e9352
filtered_alloc_2025_combo_e15_s50_btc0.655 0 fdd61faeb20fed6a9833517d33ee70b811eb32d84f78f68dcd7f8fde72b8c4fb
READ_ONLY_EXACT filtered_alloc_2025_combo_e15_s50_btc0.675
filtered_alloc_2025_combo_e15_s50_btc0.695 0 19d04d10dc5af7a8342fb0b95218b360ef32a6b1fc8462d815c8c902ca362282
filtered_alloc_2025_combo_e20_s50_btc0.655 0 821a2b8faf51f1422ae78407c88b015a88951e31bded22e50d489b55d3aeb32b
READ_ONLY_EXACT filtered_alloc_2025_combo_e20_s50_btc0.675
filtered_alloc_2025_combo_e20_s50_btc0.695 0 6ce2a1a579192ef0acbcf0c9879aa5398e8d1cb073578310a2ee8de91bd595d0
filtered_alloc_2026_BTC_e10_s50_c1310 0 6e3cffd464460b4041e5b7529db36c168a12b56f640a932ec748238c18e1d20a
READ_ONLY_EXACT filtered_alloc_2026_BTC_e10_s50_c1350
filtered_alloc_2026_BTC_e10_s50_c1390 0 804265831ad84f9a374a88e6acdcac8f4eaccd02c95c6507d309d8f76bc7b8d7
filtered_alloc_2026_BTC_e15_s50_c1310 0 37d0a3b27d349cc19097b2236054677e0855a7e44a633549276cc79a66fa42c1
READ_ONLY_EXACT filtered_alloc_2026_BTC_e15_s50_c1350
filtered_alloc_2026_BTC_e15_s50_c1390 0 b0a7999dcbee33516bc24cf6b90b2c64a6194bea0e5f187a773d6f47cf502060
filtered_alloc_2026_BTC_e20_s50_c1310 0 d4a7416a49c8669487c36561e419f453d5922c55fec019f3846edb31613b321f
READ_ONLY_EXACT filtered_alloc_2026_BTC_e20_s50_c1350
filtered_alloc_2026_BTC_e20_s50_c1390 0 40c229e9e0c9610ff08d6a2c88517fd5f057ff49e34a910633bfb1d6101596f9
filtered_alloc_2026_ETH_e10_s50_c690 0 2258c9522d27afa8bdc7a7f8f7352ecb7d412547234cb88b3228271c97b1d3af
READ_ONLY_EXACT filtered_alloc_2026_ETH_e10_s50_c650
filtered_alloc_2026_ETH_e10_s50_c610 0 b4edba5aeae0944db42f1f504bb80eab5ba6efca344de79d8f49fff8e7f70600
filtered_alloc_2026_ETH_e15_s50_c690 0 4422dc547710c9437fe3678f5d77e770829828416fcbb14897acf03fea43301d
READ_ONLY_EXACT filtered_alloc_2026_ETH_e15_s50_c650
filtered_alloc_2026_ETH_e15_s50_c610 0 3aab9198c60c24f1fea3863bfe0ba5bbaf78c3b2741e98d17fb3b5749e74f79a
filtered_alloc_2026_ETH_e20_s50_c690 0 976c5ebd96a583ca65c3971f3ae6838784beba581f46a098e11d1c9399415fbd
READ_ONLY_EXACT filtered_alloc_2026_ETH_e20_s50_c650
filtered_alloc_2026_ETH_e20_s50_c610 0 f8c990034555c0a56773ccc1fc38822a4c48e3c48b6044f75502fab0def983c5
filtered_alloc_2026_combo_e10_s50_btc0.655 0 cc0147762bbc6bb5cb7625f61683a9dd1ad3df9b84807e3c0fd09f19206eefbc
READ_ONLY_EXACT filtered_alloc_2026_combo_e10_s50_btc0.675
filtered_alloc_2026_combo_e10_s50_btc0.695 0 1542b2bccf6879816089fdd64c0125db32b202e2346dddb0ead1b3ebfe0ff201
filtered_alloc_2026_combo_e15_s50_btc0.655 0 bd1d0c061534fa1af82c2dab6194c0b58dd8c1d6d880d6cab3dfbfcfdaabdd82
READ_ONLY_EXACT filtered_alloc_2026_combo_e15_s50_btc0.675
filtered_alloc_2026_combo_e15_s50_btc0.695 0 aeec8f84cedf77a171b4269950e98fd002b561bd5ba510b787f06879e4cb401a
filtered_alloc_2026_combo_e20_s50_btc0.655 0 fd34f2d3850b983204d93a82338869928a1747066dc192d2b9f7ce3912928b49
READ_ONLY_EXACT filtered_alloc_2026_combo_e20_s50_btc0.675
filtered_alloc_2026_combo_e20_s50_btc0.695 0 097202edc4d7b017f467f1a6cf307bc29b986336524838fcf745b7727aa0b815
forward_snapshot_BTC 0 402db6ca89e5f7b326a027a9bc542303dc028739543d9fb24eae3856586c66f6
forward_snapshot_ETH 0 3e28e5f0388ffbd511a04844a94b6f375e1ecaac770f7caf92ee2c4fd13f51e6
forward_snapshot_combo 0 c1468792fb81ad78e76addb88e4e71186872fb5e045058b1e3c5390c5866859f
PASS:36new actual-capital historical and3new cutoff configurations reserved;18existing60/40 exact definitions read-only.
