volratio_2025_ETH_n15_r0.75_e15_x30_c500 passed 0 3a35ee4602e002fab91731f2adb4770cba42d5aa776ec39399f0a4812622b3c0
volratio_2025_ETH_n15_r0.875_e15_x30_c500 passed 0 2a4bf63888d301e57839a628c5edbc54ec610a12acdec17ccd17eb86d3b3d4a3
volratio_2025_ETH_n15_r1_e15_x30_c500 passed 0 25b3816b126ef9bdf1659fbeab629d05cc6a9bcd31c0a03b880ed3cae5a4ca8c
volratio_2025_ETH_n20_r0.875_e15_x30_c500 passed 0 d59f6c93bc8a2048e33507386ed1edab1b271df93171457e2f333066d41b03f7
volratio_2025_ETH_n25_r0.75_e15_x30_c500 passed 0 fe354d76733885407cb4bf8a7dc78d78a454a043a64e0708803a95673f430f49
volratio_2025_ETH_n25_r0.875_e15_x30_c500 passed 0 4c4bf5bf86da946680ceb5a253ecf1efb30ed1f68420d6ad57b22c2cde55fbdc
volratio_2025_ETH_n25_r1_e15_x30_c500 passed 0 9264487ce26ee1ecb558da64def0fdf1a7391e52a511023229b0d8c1080eacb6
volratio_2026_ETH_n15_r0.75_e15_x30_c500 rejected 0 3e92eeb5e1978186bc823ef8df5bf9315f1bde5bed248c24ae25bbb1808b996c
volratio_2026_ETH_n15_r0.875_e15_x30_c500 rejected 0 38e64ca492d3b9afb8644f50b4ee764a597d8cdb9b0a0cb4bfbd90d248ba8108
volratio_2026_ETH_n15_r1_e15_x30_c500 rejected 0 b42e4e994c5fa94733c91f116a0b9a2ef3cfd945a765296883983de3b4a2a908
volratio_2026_ETH_n20_r0.875_e15_x30_c500 rejected 0 b975718576b4773f78367ad83ec7e8a1b9467f330948d9f9bd0fcbf63946f270
volratio_2026_ETH_n25_r0.75_e15_x30_c500 rejected 0 adcbc787827e7c9c1604bead9e36bfe0a281cd3d3dcab937769b83c980cca205
volratio_2026_ETH_n25_r0.875_e15_x30_c500 rejected 0 9999d093e5c362973554ca025c07174c0d78707275fe7aa53b853e33e8ab8adb
volratio_2026_ETH_n25_r1_e15_x30_c500 rejected 0 0f8defb7314d88d3d7ecd4e3026fbdd78839d78ad7bc06feac724a84944dfb44
dualvol_channel_2025_btcN30r1_ethN15_r0.75_btc0.75 passed 0 9a2ee8b18e0cd4047109ebae4ea30c9fefcf155c027e9214765aea7a87885581
dualvol_channel_2025_btcN30r1_ethN15_r0.875_btc0.75 passed 0 4ae8a6c0c87e3ec180ca3310a6fad6c493c0bbfef9efaff6ab873fe6ce05e4fe
dualvol_channel_2025_btcN30r1_ethN15_r1_btc0.75 passed 0 4dd3b0266aaafd40c2bc22c669fbd0ccd2e402ad8d877f800208fcad8485bc7a
dualvol_channel_2025_btcN30r1_ethN20_r0.875_btc0.75 passed 0 c25d059b3f64ba3b2e6351be187efa640f7fd54f1838d57fb9aa93d3cafd88f6
dualvol_channel_2025_btcN30r1_ethN25_r0.75_btc0.75 passed 0 9f8e86751fa5660400000b91c2c8b297efd0ad0645731f0adb181b12095f3004
dualvol_channel_2025_btcN30r1_ethN25_r0.875_btc0.75 passed 0 6ba818f76dfa9d91d427b4041301df49001270eebe3517bb0fb39c67bac0ad37
dualvol_channel_2025_btcN30r1_ethN25_r1_btc0.75 passed 0 b5c279b23e76259a668be13c8f4fb481363cfd5768c13ef4fc269f605405ed94
dualvol_channel_2026_btcN30r1_ethN15_r0.75_btc0.75 passed 0 13805db1d9c884ee4ac62f17ecc90174a577f68319776aa7afa9a24969437b8f
dualvol_channel_2026_btcN30r1_ethN15_r0.875_btc0.75 passed 0 a43fd2b78c8f0f758ebbb07ec01556644d30daafdb4a570b556e258eed9499ea
dualvol_channel_2026_btcN30r1_ethN15_r1_btc0.75 passed 0 8a168cebf7310549bdecd0bff0e87e932f1f5270df3d739c9bc9c3657c19406e
dualvol_channel_2026_btcN30r1_ethN20_r0.875_btc0.75 passed 0 7e2e623bb818d234dfff0be9fb4cb5d088822cd487b5892c77c3c0fed8e69398
dualvol_channel_2026_btcN30r1_ethN25_r0.75_btc0.75 passed 0 a731372722bbd15aec7bbc25efbdfbb3b348bec2abb0cf549f3b9acd1f4d3895
dualvol_channel_2026_btcN30r1_ethN25_r0.875_btc0.75 passed 0 d5a85411733ff54425d077a8095caf1ffe2b9338ebe45ad948f531cde5d170ea
dualvol_channel_2026_btcN30r1_ethN25_r1_btc0.75 passed 0 a91ea9812665c579119b9917f162f568c19eb5a6ba9fc6289a7292dd5f60d383
forward_snapshot_BTC rejected 0 4a11e4c9e106a9d4b00c3fc02909975d2f5e3309df4a5698f51b92fe8f1fac1d
forward_snapshot_ETH rejected 0 4328598bd62a09f283915a9d093edd583af2f3029c240c20998cff2a433d5965
forward_snapshot_combo rejected 0 56afac41f9273607c69fc67ee51e172e208f6c4318f200f3f76e41f298432141
