{"synthetic_fixture_checks": "PASS", "tested_close_and_volume_excluded_from_reference": true, "threshold_equality_qualifies": true, "low_volume_preserves_long_until_unfiltered_exit": true, "future_prefix_invariant": true, "zero_reference_disables_entry": true, "not_performance_evidence": true}
{"new_backtests": 0, "source_components": 6, "read_only_portfolios": 4, "scenes_hash_verified": 30, "missing_cache_files_restored": [], "method": "Reconstruct exact old cash/coin minute NAV or sum1500/500same-funded sources,using same-SHA real prices;no old signals/trades,normalization or gate/status overwrite."}
PASS:all9 cumulative forward scenes exactly reproduced including11228point complete time axis and nextstate;noHTTP or ledger write
{"completed": "volratio_2025_ETH_n15_r0.75_e15_x30_c500", "return1_pct": 115.93329527760004, "return3_pct": 112.5652596038, "DD3_pct": 20.243342275934182}
{"completed": "volratio_2025_ETH_n15_r0.875_e15_x30_c500", "return1_pct": 115.93329527760004, "return3_pct": 112.5652596038, "DD3_pct": 20.243342275934182}
{"completed": "volratio_2025_ETH_n15_r1_e15_x30_c500", "return1_pct": 146.3992315584, "return3_pct": 143.8193710728, "DD3_pct": 20.245717001802845}
READ_ONLY_RESULT:volratio_2025_ETH_n20_r0.75_e15_x30_c500
{"completed": "volratio_2025_ETH_n20_r0.875_e15_x30_c500", "return1_pct": 146.3992315584, "return3_pct": 143.8193710728, "DD3_pct": 20.245717001802845}
READ_ONLY_RESULT:volratio_2025_ETH_n20_r1_e15_x30_c500
{"completed": "volratio_2025_ETH_n25_r0.75_e15_x30_c500", "return1_pct": 146.3992315584, "return3_pct": 143.8193710728, "DD3_pct": 20.245717001802845}
{"completed": "volratio_2025_ETH_n25_r0.875_e15_x30_c500", "return1_pct": 146.3992315584, "return3_pct": 143.8193710728, "DD3_pct": 20.245717001802845}
{"completed": "volratio_2025_ETH_n25_r1_e15_x30_c500", "return1_pct": 146.3992315584, "return3_pct": 143.8193710728, "DD3_pct": 20.245717001802845}
{"completed": "volratio_2026_ETH_n15_r0.75_e15_x30_c500", "return1_pct": 38.79583913839999, "return3_pct": 37.3475134018, "DD3_pct": 12.70146673936987}
{"completed": "volratio_2026_ETH_n15_r0.875_e15_x30_c500", "return1_pct": 38.79583913839999, "return3_pct": 37.3475134018, "DD3_pct": 12.70146673936987}
{"completed": "volratio_2026_ETH_n15_r1_e15_x30_c500", "return1_pct": 36.8726549222, "return3_pct": 35.4400558204, "DD3_pct": 13.909225506595435}
READ_ONLY_RESULT:volratio_2026_ETH_n20_r0.75_e15_x30_c500
{"completed": "volratio_2026_ETH_n20_r0.875_e15_x30_c500", "return1_pct": 38.79583913839999, "return3_pct": 37.3475134018, "DD3_pct": 12.70146673936987}
READ_ONLY_RESULT:volratio_2026_ETH_n20_r1_e15_x30_c500
{"completed": "volratio_2026_ETH_n25_r0.75_e15_x30_c500", "return1_pct": 38.79583913839999, "return3_pct": 37.3475134018, "DD3_pct": 12.70146673936987}
{"completed": "volratio_2026_ETH_n25_r0.875_e15_x30_c500", "return1_pct": 38.79583913839999, "return3_pct": 37.3475134018, "DD3_pct": 12.70146673936987}
{"completed": "volratio_2026_ETH_n25_r1_e15_x30_c500", "return1_pct": 36.8726549222, "return3_pct": 35.4400558204, "DD3_pct": 13.909225506595435}
READ_ONLY_RESULT:volratio_2025_BTC_n30_r1_e15_x30_c1500
READ_ONLY_RESULT:volratio_2026_BTC_n30_r1_e15_x30_c1500
{"completed": "dualvol_channel_2025_btcN30r1_ethN15_r0.75_btc0.75", "return1_pct": 44.114010866965, "return3_pct": 41.86510515268, "DD3_pct": 13.09690003467976}
{"completed": "dualvol_channel_2025_btcN30r1_ethN15_r0.875_btc0.75", "return1_pct": 44.114010866965, "return3_pct": 41.86510515268, "DD3_pct": 13.09690003467976}
{"completed": "dualvol_channel_2025_btcN30r1_ethN15_r1_btc0.75", "return1_pct": 51.73049493716502, "return3_pct": 49.678633019930004, "DD3_pct": 13.34675149472183}
READ_ONLY_RESULT:dualvol_channel_2025_btcN30r1_ethN20_r0.75_btc0.75
{"completed": "dualvol_channel_2025_btcN30r1_ethN20_r0.875_btc0.75", "return1_pct": 51.73049493716502, "return3_pct": 49.678633019930004, "DD3_pct": 13.34675149472183}
READ_ONLY_RESULT:dualvol_channel_2025_btcN30r1_ethN20_r1_btc0.75
{"completed": "dualvol_channel_2025_btcN30r1_ethN25_r0.75_btc0.75", "return1_pct": 51.73049493716502, "return3_pct": 49.678633019930004, "DD3_pct": 13.34675149472183}
{"completed": "dualvol_channel_2025_btcN30r1_ethN25_r0.875_btc0.75", "return1_pct": 51.73049493716502, "return3_pct": 49.678633019930004, "DD3_pct": 13.34675149472183}
{"completed": "dualvol_channel_2025_btcN30r1_ethN25_r1_btc0.75", "return1_pct": 51.73049493716502, "return3_pct": 49.678633019930004, "DD3_pct": 13.34675149472183}
{"completed": "dualvol_channel_2026_btcN30r1_ethN15_r0.75_btc0.75", "return1_pct": 28.630679351360012, "return3_pct": 27.28307936531, "DD3_pct": 12.630031506070583}
{"completed": "dualvol_channel_2026_btcN30r1_ethN15_r0.875_btc0.75", "return1_pct": 28.630679351360012, "return3_pct": 27.28307936531, "DD3_pct": 12.630031506070583}
{"completed": "dualvol_channel_2026_btcN30r1_ethN15_r1_btc0.75", "return1_pct": 28.14988329731001, "return3_pct": 26.806214969960006, "DD3_pct": 12.922470770570582}
READ_ONLY_RESULT:dualvol_channel_2026_btcN30r1_ethN20_r0.75_btc0.75
{"completed": "dualvol_channel_2026_btcN30r1_ethN20_r0.875_btc0.75", "return1_pct": 28.630679351360012, "return3_pct": 27.28307936531, "DD3_pct": 12.630031506070583}
READ_ONLY_RESULT:dualvol_channel_2026_btcN30r1_ethN20_r1_btc0.75
{"completed": "dualvol_channel_2026_btcN30r1_ethN25_r0.75_btc0.75", "return1_pct": 28.630679351360012, "return3_pct": 27.28307936531, "DD3_pct": 12.630031506070583}
{"completed": "dualvol_channel_2026_btcN30r1_ethN25_r0.875_btc0.75", "return1_pct": 28.630679351360012, "return3_pct": 27.28307936531, "DD3_pct": 12.630031506070583}
{"completed": "dualvol_channel_2026_btcN30r1_ethN25_r1_btc0.75", "return1_pct": 28.14988329731001, "return3_pct": 26.806214969960006, "DD3_pct": 12.922470770570582}
PASS:all84 NEW ETHvolume-boundary scenes and full report exactly reproduced;30oldsource/portfolio scenes read-only verified,noHTTP/ledger write
{"passed": true, "actual_scenes_audited": 84, "NAV_points_audited": 21788088, "Decimal_quote_volume_causal_decisions": 7560, "Decimal_fills_independently_checked": 180, "real_minute_data_hashes": 4, "read_only_component_scenes": 18, "read_only_portfolio_scenes": 12, "report_sha256": "ba90dd3400c895b37845a086c595acce2df92ea07cce3813912335b6a8cf48b8", "forward_plan_unchanged": true}
{"passed": true, "forward_scenes": 9, "new_closed_marks_per_asset": 120, "cumulative_minutes": 11219, "complete_days": 7, "NAV_points_per_scene": 11228, "original_NAV_prefix": 11108, "new_daily_decisions": 0, "new_reference_points": 0, "new_executions": 0, "original_cash_units_desired_trades_costs_unchanged": true, "next_daily_decision_utc": "2026-10-10T00:01:00Z", "report_sha256": "eeb68a7cba6fcbfdaa22d0416c13378b6fd44df49583f7a13d454c54eff9c8c5"}
PASS: new parameters/weights and missing-result retries are allowed; exact/reordered completed trials stay blocked
