READ_ONLY_RESULT:channel_asma_2025_BTC_CHANNEL_ETH_ASMA_e0.0125_d15
{"completed": "channel_asma_exit_2025_BTC_CHANNEL_ETH_ASMA_e0.0125_x40", "return3_pct": 29.417387384070004, "minute_DD3_pct": 15.13932391802758}
{"completed": "channel_asma_exit_2025_BTC_CHANNEL_ETH_ASMA_e0.0125_x50", "return3_pct": 32.803702655920006, "minute_DD3_pct": 14.819507125861975}
READ_ONLY_RESULT:channel_asma_2025_BTC_CHANNEL_ETH_ASMA_e0.015_d15
{"completed": "channel_asma_exit_2025_BTC_CHANNEL_ETH_ASMA_e0.015_x40", "return3_pct": 29.417387384070004, "minute_DD3_pct": 15.13932391802758}
{"completed": "channel_asma_exit_2025_BTC_CHANNEL_ETH_ASMA_e0.015_x50", "return3_pct": 32.803702655920006, "minute_DD3_pct": 14.819507125861975}
READ_ONLY_RESULT:channel_asma_2025_BTC_CHANNEL_ETH_ASMA_e0.02_d15
{"completed": "channel_asma_exit_2025_BTC_CHANNEL_ETH_ASMA_e0.02_x40", "return3_pct": 29.417387384070004, "minute_DD3_pct": 15.13932391802758}
{"completed": "channel_asma_exit_2025_BTC_CHANNEL_ETH_ASMA_e0.02_x50", "return3_pct": 32.803702655920006, "minute_DD3_pct": 14.819507125861975}
READ_ONLY_RESULT:channel_asma_2025_BTC_ASMA_ETH_CHANNEL_e0.0125_d15
{"completed": "channel_asma_exit_2025_BTC_ASMA_ETH_CHANNEL_e0.0125_x40", "return3_pct": 40.97674369351998, "minute_DD3_pct": 12.298905826973217}
{"completed": "channel_asma_exit_2025_BTC_ASMA_ETH_CHANNEL_e0.0125_x50", "return3_pct": 45.140287957019986, "minute_DD3_pct": 14.804117611843015}
READ_ONLY_RESULT:channel_asma_2025_BTC_ASMA_ETH_CHANNEL_e0.015_d15
{"completed": "channel_asma_exit_2025_BTC_ASMA_ETH_CHANNEL_e0.015_x40", "return3_pct": 40.97674369351998, "minute_DD3_pct": 12.298905826973217}
{"completed": "channel_asma_exit_2025_BTC_ASMA_ETH_CHANNEL_e0.015_x50", "return3_pct": 45.140287957019986, "minute_DD3_pct": 14.804117611843015}
READ_ONLY_RESULT:channel_asma_2025_BTC_ASMA_ETH_CHANNEL_e0.02_d15
{"completed": "channel_asma_exit_2025_BTC_ASMA_ETH_CHANNEL_e0.02_x40", "return3_pct": 35.24614266966501, "minute_DD3_pct": 12.371057617637693}
{"completed": "channel_asma_exit_2025_BTC_ASMA_ETH_CHANNEL_e0.02_x50", "return3_pct": 39.409686933165, "minute_DD3_pct": 15.004254786044768}
READ_ONLY_RESULT:channel_asma_2026_BTC_CHANNEL_ETH_ASMA_e0.0125_d15
{"completed": "channel_asma_exit_2026_BTC_CHANNEL_ETH_ASMA_e0.0125_x40", "return3_pct": 22.42187071555999, "minute_DD3_pct": 13.998439761046955}
{"completed": "channel_asma_exit_2026_BTC_CHANNEL_ETH_ASMA_e0.0125_x50", "return3_pct": 13.985185560400005, "minute_DD3_pct": 20.07501613439778}
READ_ONLY_RESULT:channel_asma_2026_BTC_CHANNEL_ETH_ASMA_e0.015_d15
{"completed": "channel_asma_exit_2026_BTC_CHANNEL_ETH_ASMA_e0.015_x40", "return3_pct": 23.95242578826, "minute_DD3_pct": 13.996427953325263}
{"completed": "channel_asma_exit_2026_BTC_CHANNEL_ETH_ASMA_e0.015_x50", "return3_pct": 15.515740633099995, "minute_DD3_pct": 20.013015465272886}
READ_ONLY_RESULT:channel_asma_2026_BTC_CHANNEL_ETH_ASMA_e0.02_d15
{"completed": "channel_asma_exit_2026_BTC_CHANNEL_ETH_ASMA_e0.02_x40", "return3_pct": 23.95242578826, "minute_DD3_pct": 13.996427953325263}
{"completed": "channel_asma_exit_2026_BTC_CHANNEL_ETH_ASMA_e0.02_x50", "return3_pct": 15.515740633099995, "minute_DD3_pct": 20.013015465272886}
READ_ONLY_RESULT:channel_asma_2026_BTC_ASMA_ETH_CHANNEL_e0.0125_d15
{"completed": "channel_asma_exit_2026_BTC_ASMA_ETH_CHANNEL_e0.0125_x40", "return3_pct": 20.887144499359998, "minute_DD3_pct": 12.470654902245503}
{"completed": "channel_asma_exit_2026_BTC_ASMA_ETH_CHANNEL_e0.0125_x50", "return3_pct": 19.316140466810005, "minute_DD3_pct": 13.536403604154557}
READ_ONLY_RESULT:channel_asma_2026_BTC_ASMA_ETH_CHANNEL_e0.015_d15
{"completed": "channel_asma_exit_2026_BTC_ASMA_ETH_CHANNEL_e0.015_x40", "return3_pct": 20.887144499359998, "minute_DD3_pct": 12.470654902245503}
{"completed": "channel_asma_exit_2026_BTC_ASMA_ETH_CHANNEL_e0.015_x50", "return3_pct": 19.316140466810005, "minute_DD3_pct": 13.536403604154557}
READ_ONLY_RESULT:channel_asma_2026_BTC_ASMA_ETH_CHANNEL_e0.02_d15
{"completed": "channel_asma_exit_2026_BTC_ASMA_ETH_CHANNEL_e0.02_x40", "return3_pct": 14.751571031160005, "minute_DD3_pct": 12.185665132243727}
{"completed": "channel_asma_exit_2026_BTC_ASMA_ETH_CHANNEL_e0.02_x50", "return3_pct": 13.180566998609988, "minute_DD3_pct": 13.238831963880692}
{"new_configs": 24, "new_cost_scenes": 72, "new_minute_NAV_points": 18675504, "reused_grid_configs": 12, "reused_cost_scenes": 36, "grid_configs": 36, "grid_cost_scenes": 108, "reused_component_configs": 24, "positive_1x": 24, "positive_3x": 24, "passed": ["channel_asma_exit_2025_BTC_CHANNEL_ETH_ASMA_e0.0125_x40", "channel_asma_exit_2025_BTC_CHANNEL_ETH_ASMA_e0.0125_x50", "channel_asma_exit_2025_BTC_CHANNEL_ETH_ASMA_e0.015_x40", "channel_asma_exit_2025_BTC_CHANNEL_ETH_ASMA_e0.015_x50", "channel_asma_exit_2025_BTC_CHANNEL_ETH_ASMA_e0.02_x40", "channel_asma_exit_2025_BTC_CHANNEL_ETH_ASMA_e0.02_x50", "channel_asma_exit_2025_BTC_ASMA_ETH_CHANNEL_e0.0125_x40", "channel_asma_exit_2025_BTC_ASMA_ETH_CHANNEL_e0.0125_x50", "channel_asma_exit_2025_BTC_ASMA_ETH_CHANNEL_e0.015_x40", "channel_asma_exit_2025_BTC_ASMA_ETH_CHANNEL_e0.015_x50", "channel_asma_exit_2025_BTC_ASMA_ETH_CHANNEL_e0.02_x40", "channel_asma_exit_2025_BTC_ASMA_ETH_CHANNEL_e0.02_x50", "channel_asma_exit_2026_BTC_CHANNEL_ETH_ASMA_e0.0125_x40", "channel_asma_exit_2026_BTC_CHANNEL_ETH_ASMA_e0.0125_x50", "channel_asma_exit_2026_BTC_CHANNEL_ETH_ASMA_e0.015_x40", "channel_asma_exit_2026_BTC_CHANNEL_ETH_ASMA_e0.015_x50", "channel_asma_exit_2026_BTC_CHANNEL_ETH_ASMA_e0.02_x40", "channel_asma_exit_2026_BTC_CHANNEL_ETH_ASMA_e0.02_x50", "channel_asma_exit_2026_BTC_ASMA_ETH_CHANNEL_e0.0125_x40", "channel_asma_exit_2026_BTC_ASMA_ETH_CHANNEL_e0.0125_x50", "channel_asma_exit_2026_BTC_ASMA_ETH_CHANNEL_e0.015_x40", "channel_asma_exit_2026_BTC_ASMA_ETH_CHANNEL_e0.015_x50", "channel_asma_exit_2026_BTC_ASMA_ETH_CHANNEL_e0.02_x40", "channel_asma_exit_2026_BTC_ASMA_ETH_CHANNEL_e0.02_x50"], "rejected": [], "both_periods_passed_combination_pairs": [["channel_asma_2025_BTC_CHANNEL_ETH_ASMA_e0.0125_d15", "channel_asma_2026_BTC_CHANNEL_ETH_ASMA_e0.0125_d15"], ["channel_asma_exit_2025_BTC_CHANNEL_ETH_ASMA_e0.0125_x40", "channel_asma_exit_2026_BTC_CHANNEL_ETH_ASMA_e0.0125_x40"], ["channel_asma_exit_2025_BTC_CHANNEL_ETH_ASMA_e0.0125_x50", "channel_asma_exit_2026_BTC_CHANNEL_ETH_ASMA_e0.0125_x50"], ["channel_asma_2025_BTC_CHANNEL_ETH_ASMA_e0.015_d15", "channel_asma_2026_BTC_CHANNEL_ETH_ASMA_e0.015_d15"], ["channel_asma_exit_2025_BTC_CHANNEL_ETH_ASMA_e0.015_x40", "channel_asma_exit_2026_BTC_CHANNEL_ETH_ASMA_e0.015_x40"], ["channel_asma_exit_2025_BTC_CHANNEL_ETH_ASMA_e0.015_x50", "channel_asma_exit_2026_BTC_CHANNEL_ETH_ASMA_e0.015_x50"], ["channel_asma_2025_BTC_CHANNEL_ETH_ASMA_e0.02_d15", "channel_asma_2026_BTC_CHANNEL_ETH_ASMA_e0.02_d15"], ["channel_asma_exit_2025_BTC_CHANNEL_ETH_ASMA_e0.02_x40", "channel_asma_exit_2026_BTC_CHANNEL_ETH_ASMA_e0.02_x40"], ["channel_asma_exit_2025_BTC_CHANNEL_ETH_ASMA_e0.02_x50", "channel_asma_exit_2026_BTC_CHANNEL_ETH_ASMA_e0.02_x50"], ["channel_asma_2025_BTC_ASMA_ETH_CHANNEL_e0.0125_d15", "channel_asma_2026_BTC_ASMA_ETH_CHANNEL_e0.0125_d15"], ["channel_asma_exit_2025_BTC_ASMA_ETH_CHANNEL_e0.0125_x40", "channel_asma_exit_2026_BTC_ASMA_ETH_CHANNEL_e0.0125_x40"], ["channel_asma_exit_2025_BTC_ASMA_ETH_CHANNEL_e0.0125_x50", "channel_asma_exit_2026_BTC_ASMA_ETH_CHANNEL_e0.0125_x50"], ["channel_asma_2025_BTC_ASMA_ETH_CHANNEL_e0.015_d15", "channel_asma_2026_BTC_ASMA_ETH_CHANNEL_e0.015_d15"], ["channel_asma_exit_2025_BTC_ASMA_ETH_CHANNEL_e0.015_x40", "channel_asma_exit_2026_BTC_ASMA_ETH_CHANNEL_e0.015_x40"], ["channel_asma_exit_2025_BTC_ASMA_ETH_CHANNEL_e0.015_x50", "channel_asma_exit_2026_BTC_ASMA_ETH_CHANNEL_e0.015_x50"], ["channel_asma_2025_BTC_ASMA_ETH_CHANNEL_e0.02_d15", "channel_asma_2026_BTC_ASMA_ETH_CHANNEL_e0.02_d15"], ["channel_asma_exit_2025_BTC_ASMA_ETH_CHANNEL_e0.02_x40", "channel_asma_exit_2026_BTC_ASMA_ETH_CHANNEL_e0.02_x40"], ["channel_asma_exit_2025_BTC_ASMA_ETH_CHANNEL_e0.02_x50", "channel_asma_exit_2026_BTC_ASMA_ETH_CHANNEL_e0.02_x50"]], "new_both_periods_passed_combination_pairs": [["channel_asma_exit_2025_BTC_CHANNEL_ETH_ASMA_e0.0125_x40", "channel_asma_exit_2026_BTC_CHANNEL_ETH_ASMA_e0.0125_x40"], ["channel_asma_exit_2025_BTC_CHANNEL_ETH_ASMA_e0.0125_x50", "channel_asma_exit_2026_BTC_CHANNEL_ETH_ASMA_e0.0125_x50"], ["channel_asma_exit_2025_BTC_CHANNEL_ETH_ASMA_e0.015_x40", "channel_asma_exit_2026_BTC_CHANNEL_ETH_ASMA_e0.015_x40"], ["channel_asma_exit_2025_BTC_CHANNEL_ETH_ASMA_e0.015_x50", "channel_asma_exit_2026_BTC_CHANNEL_ETH_ASMA_e0.015_x50"], ["channel_asma_exit_2025_BTC_CHANNEL_ETH_ASMA_e0.02_x40", "channel_asma_exit_2026_BTC_CHANNEL_ETH_ASMA_e0.02_x40"], ["channel_asma_exit_2025_BTC_CHANNEL_ETH_ASMA_e0.02_x50", "channel_asma_exit_2026_BTC_CHANNEL_ETH_ASMA_e0.02_x50"], ["channel_asma_exit_2025_BTC_ASMA_ETH_CHANNEL_e0.0125_x40", "channel_asma_exit_2026_BTC_ASMA_ETH_CHANNEL_e0.0125_x40"], ["channel_asma_exit_2025_BTC_ASMA_ETH_CHANNEL_e0.0125_x50", "channel_asma_exit_2026_BTC_ASMA_ETH_CHANNEL_e0.0125_x50"], ["channel_asma_exit_2025_BTC_ASMA_ETH_CHANNEL_e0.015_x40", "channel_asma_exit_2026_BTC_ASMA_ETH_CHANNEL_e0.015_x40"], ["channel_asma_exit_2025_BTC_ASMA_ETH_CHANNEL_e0.015_x50", "channel_asma_exit_2026_BTC_ASMA_ETH_CHANNEL_e0.015_x50"], ["channel_asma_exit_2025_BTC_ASMA_ETH_CHANNEL_e0.02_x40", "channel_asma_exit_2026_BTC_ASMA_ETH_CHANNEL_e0.02_x40"], ["channel_asma_exit_2025_BTC_ASMA_ETH_CHANNEL_e0.02_x50", "channel_asma_exit_2026_BTC_ASMA_ETH_CHANNEL_e0.02_x50"]], "new_component_backtests": 0, "new_live_orders": 0, "source_component_fills_read_only": 372}
