channel_asma_exit_2025_BTC_CHANNEL_ETH_ASMA_e0.0125_x40 passed 0 a56a36ef3e6d68e7221ff1a289138ab2a22ba067854938ae4717ecd2f1a470b4
channel_asma_exit_2025_BTC_CHANNEL_ETH_ASMA_e0.0125_x50 passed 0 4b06d53f32479bfda6745406794ba025325049d0d33a1f187d44a60bad9ed338
channel_asma_exit_2025_BTC_CHANNEL_ETH_ASMA_e0.015_x40 passed 0 2d9e15e9fd42941292e732cf8f0f7d105d23e30dc193f4d01d7c18c6095af91c
channel_asma_exit_2025_BTC_CHANNEL_ETH_ASMA_e0.015_x50 passed 0 4502c7ef0abf7c967c18ad303702960acc5b42fd872fe66f41cf1763d3dc5c46
channel_asma_exit_2025_BTC_CHANNEL_ETH_ASMA_e0.02_x40 passed 0 286d19cc5b96f7c173b4b5b8c2e4e98e1e9e1d78730b58e10ec3c9b9663c3baf
channel_asma_exit_2025_BTC_CHANNEL_ETH_ASMA_e0.02_x50 passed 0 237203502bb2f2260cb0e0da1f9c937e9ca0e8200c0c28de376cc67d44590ecb
channel_asma_exit_2025_BTC_ASMA_ETH_CHANNEL_e0.0125_x40 passed 0 e4a6636c26b77e95f3bd5e39e3503aee8b9df8e277efbeeebac5b5940afa87a7
channel_asma_exit_2025_BTC_ASMA_ETH_CHANNEL_e0.0125_x50 passed 0 23238e4215f75049ad666b117cf88d443a2f519e81057968e44d11ff26033249
channel_asma_exit_2025_BTC_ASMA_ETH_CHANNEL_e0.015_x40 passed 0 82340a5ff750d6b489460fb87aad3d4c00bdb23bd8e86b261cd777dd95919975
channel_asma_exit_2025_BTC_ASMA_ETH_CHANNEL_e0.015_x50 passed 0 b5041de3d407b29fadc3a0087783226e2d566869e064a6a6f4c19bace22cf7f6
channel_asma_exit_2025_BTC_ASMA_ETH_CHANNEL_e0.02_x40 passed 0 71d9b69f2ac9bb0b6192da88bcbc4f808906c992f09b0e4c4a821c37b4d23515
channel_asma_exit_2025_BTC_ASMA_ETH_CHANNEL_e0.02_x50 passed 0 6a756c781e3c8f80422e5312fa0bc8400c9b4fdcd3b5b9305ae2513105d6edb9
channel_asma_exit_2026_BTC_CHANNEL_ETH_ASMA_e0.0125_x40 passed 0 0cbb06b89c0889fbf92ab26e8b69293e0736acb1b79b1a054f1d1f4c9fd6c48e
channel_asma_exit_2026_BTC_CHANNEL_ETH_ASMA_e0.0125_x50 passed 0 b2be12f4139de2622aa900a85336e5eb26d2fb8e62635f0780cd7e56aa6cf1c7
channel_asma_exit_2026_BTC_CHANNEL_ETH_ASMA_e0.015_x40 passed 0 42d2766fe9ee1ea0f2b3ce2b73371b4e74fd99d03d5c78991faf3269677547f5
channel_asma_exit_2026_BTC_CHANNEL_ETH_ASMA_e0.015_x50 passed 0 7a8c0a42645b5d731a24d6f15ef474b17162b85ba5b8fe15db9cbe56ebd7d3a2
channel_asma_exit_2026_BTC_CHANNEL_ETH_ASMA_e0.02_x40 passed 0 042f9aa1ce077f2f74f4e67a6ad77799d53f0023acc93f720f777859dbb7c533
channel_asma_exit_2026_BTC_CHANNEL_ETH_ASMA_e0.02_x50 passed 0 5feaa3c5ded64f2903f6ea0ed52a4903fa7e194b150debac76c2a2e7a27a6894
channel_asma_exit_2026_BTC_ASMA_ETH_CHANNEL_e0.0125_x40 passed 0 46cab5cdbc965a5e6cafce1bda8e3acfd241e6751c5a440bd266d25b44dc6561
channel_asma_exit_2026_BTC_ASMA_ETH_CHANNEL_e0.0125_x50 passed 0 f5b9a9a994a9aa38ab4235e1ccea075270c412dafe0cc9d605dbad8f8869800e
channel_asma_exit_2026_BTC_ASMA_ETH_CHANNEL_e0.015_x40 passed 0 b517158299f0916b9c8c238b46f896693f45230b1b920725bd1af3a837bf61b6
channel_asma_exit_2026_BTC_ASMA_ETH_CHANNEL_e0.015_x50 passed 0 0fb30950be050a0250a20816fcdd5eae67ad452402885da5683842ccc97bc5bf
channel_asma_exit_2026_BTC_ASMA_ETH_CHANNEL_e0.02_x40 passed 0 2af19c77da5899a1d705a9b2ce25b05b5be9c5deec32ada0850bb133129349e0
channel_asma_exit_2026_BTC_ASMA_ETH_CHANNEL_e0.02_x50 passed 0 068503b0867332467aeb107564ef941c89d20b8b7af8452bb4763eaad6fa8283
forward_snapshot_BTC rejected 0 ff78566b1d95a19b022ba05568bc82db32a53342291e54cc25794029ba68a70b
forward_snapshot_ETH rejected 0 7353e92b0732d3dd3731d0d910841baf5456d66da4011294ff432d2230469d59
forward_snapshot_combo rejected 0 6c72c83f3c964ee4eb40634c50e4c23a361045ac5636f1b622891e02556c7ef1
