{"new_backtests": 0, "readonly_scenes_verified": 108, "missing_files_restored": 0}
PASS:all9 cumulative forward scenes exactly reproduced including8456point prefix/time axis and nextstate;noHTTP or ledger write
READ_ONLY_RESULT:channel_asma_2025_BTC_CHANNEL_ETH_ASMA_e0.0125_d15
{"completed": "channel_asma_exit_2025_BTC_CHANNEL_ETH_ASMA_e0.0125_x40", "return3_pct": 29.417387384070004, "minute_DD3_pct": 15.13932391802758}
{"completed": "channel_asma_exit_2025_BTC_CHANNEL_ETH_ASMA_e0.0125_x50", "return3_pct": 32.803702655920006, "minute_DD3_pct": 14.819507125861975}
READ_ONLY_RESULT:channel_asma_2025_BTC_CHANNEL_ETH_ASMA_e0.015_d15
{"completed": "channel_asma_exit_2025_BTC_CHANNEL_ETH_ASMA_e0.015_x40", "return3_pct": 29.417387384070004, "minute_DD3_pct": 15.13932391802758}
{"completed": "channel_asma_exit_2025_BTC_CHANNEL_ETH_ASMA_e0.015_x50", "return3_pct": 32.803702655920006, "minute_DD3_pct": 14.819507125861975}
READ_ONLY_RESULT:channel_asma_2025_BTC_CHANNEL_ETH_ASMA_e0.02_d15
{"completed": "channel_asma_exit_2025_BTC_CHANNEL_ETH_ASMA_e0.02_x40", "return3_pct": 29.417387384070004, "minute_DD3_pct": 15.13932391802758}
{"completed": "channel_asma_exit_2025_BTC_CHANNEL_ETH_ASMA_e0.02_x50", "return3_pct": 32.803702655920006, "minute_DD3_pct": 14.819507125861975}
READ_ONLY_RESULT:channel_asma_2025_BTC_ASMA_ETH_CHANNEL_e0.0125_d15
{"completed": "channel_asma_exit_2025_BTC_ASMA_ETH_CHANNEL_e0.0125_x40", "return3_pct": 40.97674369351998, "minute_DD3_pct": 12.298905826973217}
{"completed": "channel_asma_exit_2025_BTC_ASMA_ETH_CHANNEL_e0.0125_x50", "return3_pct": 45.140287957019986, "minute_DD3_pct": 14.804117611843015}
READ_ONLY_RESULT:channel_asma_2025_BTC_ASMA_ETH_CHANNEL_e0.015_d15
{"completed": "channel_asma_exit_2025_BTC_ASMA_ETH_CHANNEL_e0.015_x40", "return3_pct": 40.97674369351998, "minute_DD3_pct": 12.298905826973217}
{"completed": "channel_asma_exit_2025_BTC_ASMA_ETH_CHANNEL_e0.015_x50", "return3_pct": 45.140287957019986, "minute_DD3_pct": 14.804117611843015}
READ_ONLY_RESULT:channel_asma_2025_BTC_ASMA_ETH_CHANNEL_e0.02_d15
{"completed": "channel_asma_exit_2025_BTC_ASMA_ETH_CHANNEL_e0.02_x40", "return3_pct": 35.24614266966501, "minute_DD3_pct": 12.371057617637693}
{"completed": "channel_asma_exit_2025_BTC_ASMA_ETH_CHANNEL_e0.02_x50", "return3_pct": 39.409686933165, "minute_DD3_pct": 15.004254786044768}
READ_ONLY_RESULT:channel_asma_2026_BTC_CHANNEL_ETH_ASMA_e0.0125_d15
{"completed": "channel_asma_exit_2026_BTC_CHANNEL_ETH_ASMA_e0.0125_x40", "return3_pct": 22.42187071555999, "minute_DD3_pct": 13.998439761046955}
{"completed": "channel_asma_exit_2026_BTC_CHANNEL_ETH_ASMA_e0.0125_x50", "return3_pct": 13.985185560400005, "minute_DD3_pct": 20.07501613439778}
READ_ONLY_RESULT:channel_asma_2026_BTC_CHANNEL_ETH_ASMA_e0.015_d15
{"completed": "channel_asma_exit_2026_BTC_CHANNEL_ETH_ASMA_e0.015_x40", "return3_pct": 23.95242578826, "minute_DD3_pct": 13.996427953325263}
{"completed": "channel_asma_exit_2026_BTC_CHANNEL_ETH_ASMA_e0.015_x50", "return3_pct": 15.515740633099995, "minute_DD3_pct": 20.013015465272886}
READ_ONLY_RESULT:channel_asma_2026_BTC_CHANNEL_ETH_ASMA_e0.02_d15
{"completed": "channel_asma_exit_2026_BTC_CHANNEL_ETH_ASMA_e0.02_x40", "return3_pct": 23.95242578826, "minute_DD3_pct": 13.996427953325263}
{"completed": "channel_asma_exit_2026_BTC_CHANNEL_ETH_ASMA_e0.02_x50", "return3_pct": 15.515740633099995, "minute_DD3_pct": 20.013015465272886}
READ_ONLY_RESULT:channel_asma_2026_BTC_ASMA_ETH_CHANNEL_e0.0125_d15
{"completed": "channel_asma_exit_2026_BTC_ASMA_ETH_CHANNEL_e0.0125_x40", "return3_pct": 20.887144499359998, "minute_DD3_pct": 12.470654902245503}
{"completed": "channel_asma_exit_2026_BTC_ASMA_ETH_CHANNEL_e0.0125_x50", "return3_pct": 19.316140466810005, "minute_DD3_pct": 13.536403604154557}
READ_ONLY_RESULT:channel_asma_2026_BTC_ASMA_ETH_CHANNEL_e0.015_d15
{"completed": "channel_asma_exit_2026_BTC_ASMA_ETH_CHANNEL_e0.015_x40", "return3_pct": 20.887144499359998, "minute_DD3_pct": 12.470654902245503}
{"completed": "channel_asma_exit_2026_BTC_ASMA_ETH_CHANNEL_e0.015_x50", "return3_pct": 19.316140466810005, "minute_DD3_pct": 13.536403604154557}
READ_ONLY_RESULT:channel_asma_2026_BTC_ASMA_ETH_CHANNEL_e0.02_d15
{"completed": "channel_asma_exit_2026_BTC_ASMA_ETH_CHANNEL_e0.02_x40", "return3_pct": 14.751571031160005, "minute_DD3_pct": 12.185665132243727}
{"completed": "channel_asma_exit_2026_BTC_ASMA_ETH_CHANNEL_e0.02_x50", "return3_pct": 13.180566998609988, "minute_DD3_pct": 13.238831963880692}
PASS:all72 NEW channel/ASMA cost scenes exactly reproduced;36 EXISTING scenes read-only verified;full report reproduced;ledger unchanged
{"passed": true, "source_component_scenes_rebuilt": 72, "channel_ASMA_cost_scenes_audited": 108, "channel_ASMA_NAV_points_audited": 28013256, "report_sha256": "d066d3ab17b224300020a9e5cb483259282e00f16e8611a71f660eae80582188", "forward_report_sha256": "3727c96e895172bc37b5cf3549f469bbece322225e16cd03dbe5b16a8c97aec8", "frozen_forward_plan_unchanged": true}
{"passed": true, "forward_scenes": 9, "new_closed_marks_per_asset": 130, "cumulative_minutes": 8449, "complete_days": 5, "NAV_points_per_scene": 8456, "original_NAV_prefix": 8326, "new_daily_decisions": 0, "new_reference_points": 0, "new_executions": 0, "original_cash_units_desired_trades_costs_unchanged": true, "next_daily_decision_utc": "2026-10-08T00:01:00Z", "report_sha256": "3727c96e895172bc37b5cf3549f469bbece322225e16cd03dbe5b16a8c97aec8"}
PASS: new parameters/weights and missing-result retries are allowed; exact/reordered completed trials stay blocked
