filtered_span_2025_BTC_e10_b0.03_x30_s29_c1350 0 832b61cfa1a397eb7d9b8a6716e7458ae861b61bb325e364f1a79f54b1cc27ab
READ_ONLY_EXACT filtered_band_2025_BTC_e10_b0.03_x30_s50_c1350
filtered_span_2025_BTC_e10_b0.03_x30_s71_c1350 0 a17273ea137c30b1b813fff5d88a1fab135b3bb2efeb6a0b383daf742e1a9766
filtered_span_2025_BTC_e15_b0.03_x30_s29_c1350 0 664e745f8b4df09ad33a747cdfd1dda005fa139840febf0195df7ee43102b09e
READ_ONLY_EXACT filtered_band_2025_BTC_e15_b0.03_x30_s50_c1350
filtered_span_2025_BTC_e15_b0.03_x30_s71_c1350 0 5266a3a31443756be20059436cf59f5bdc3e5febd1a966e2f52e242d5caa0280
filtered_span_2025_BTC_e20_b0.03_x30_s29_c1350 0 66a59fade0d1b55a18f6421d53abf68342bacabab86ae8b67ecd6dac22f3cd8f
READ_ONLY_EXACT filtered_band_2025_BTC_e20_b0.03_x30_s50_c1350
filtered_span_2025_BTC_e20_b0.03_x30_s71_c1350 0 e8864795e6739d3f6987fed97f3e1181b44f8bcc48a4465edb07a582d11bf69a
filtered_span_2025_ETH_e10_b0.03_x30_s29_c650 0 29a1559c1d4628549f1639ed9dd159e8994683fd39daaa0e946ba81de48e4843
READ_ONLY_EXACT filtered_band_2025_ETH_e10_b0.03_x30_s50_c650
filtered_span_2025_ETH_e10_b0.03_x30_s71_c650 0 691b9530ffbb5e1214c7c193851f869ff9808906241b3a508849ffee181ea267
filtered_span_2025_ETH_e15_b0.03_x30_s29_c650 0 27e2da6c519073ff6d595d1446cc8c3fb96b2beaa026c0a1dd8ea5cc97f10cc7
READ_ONLY_EXACT filtered_band_2025_ETH_e15_b0.03_x30_s50_c650
filtered_span_2025_ETH_e15_b0.03_x30_s71_c650 0 9af12e37903fa0ed658737c34cdd0b8aadd09e7d13cf328f59582868cb7bfb40
filtered_span_2025_ETH_e20_b0.03_x30_s29_c650 0 56aa6c7674e295aefd3b28dae2a463ad703e0df42533f2b6d13061bb2e236198
READ_ONLY_EXACT filtered_band_2025_ETH_e20_b0.03_x30_s50_c650
filtered_span_2025_ETH_e20_b0.03_x30_s71_c650 0 3924f367731ca1188238af33a1c78e22d376b3cf36dc0f65f9329fdccf942eeb
filtered_span_2025_combo_e10_b0.03_x30_s29_btc0.675 0 2e855188bd24b203fac7b183341ce229b1be5052a11a39a18de027b04f604f13
READ_ONLY_EXACT filtered_band_2025_combo_e10_b0.03_x30_s50_btc0.675
filtered_span_2025_combo_e10_b0.03_x30_s71_btc0.675 0 5ddc6bd1e547c9deb845d9a946cbe25bdf30b679607ac7c1894d7fadbf268b7e
filtered_span_2025_combo_e15_b0.03_x30_s29_btc0.675 0 fef3e8419abe89a504d050897b5d51cb81ecac2a367059e9c78b9243b0fe6108
READ_ONLY_EXACT filtered_band_2025_combo_e15_b0.03_x30_s50_btc0.675
filtered_span_2025_combo_e15_b0.03_x30_s71_btc0.675 0 5f8305635af36dc819cbd5fcbb2067ac23164fb391d7e58ad305214130ea1152
filtered_span_2025_combo_e20_b0.03_x30_s29_btc0.675 0 23d14cea11ede1f59c1c7714a934abb412a4eaa363ed53c8dc79f4f1fcee6cea
READ_ONLY_EXACT filtered_band_2025_combo_e20_b0.03_x30_s50_btc0.675
filtered_span_2025_combo_e20_b0.03_x30_s71_btc0.675 0 1b57ed56a5ac7b642cce081686fdfdf0a7032bfb5e0673e02145ec03f834ba16
filtered_span_2026_BTC_e10_b0.03_x30_s29_c1350 0 f5406c7ee59d986b4ce266d720d85b3c14c21094381893227d6efdbee625b628
READ_ONLY_EXACT filtered_band_2026_BTC_e10_b0.03_x30_s50_c1350
filtered_span_2026_BTC_e10_b0.03_x30_s71_c1350 0 3bf34aa469d6d6880565093faa1028aa2cf2d9242bc6550447ad8accbf4375da
filtered_span_2026_BTC_e15_b0.03_x30_s29_c1350 0 b5cada856ce0bd49d9f56fe8c5e4c8f73048c737d5b517dbd78021e5ec0a58d7
READ_ONLY_EXACT filtered_band_2026_BTC_e15_b0.03_x30_s50_c1350
filtered_span_2026_BTC_e15_b0.03_x30_s71_c1350 0 5e034f328acf23c4d1bb1621a8d37d21ca6f953fda2b5ca2f7300be21d5a2745
filtered_span_2026_BTC_e20_b0.03_x30_s29_c1350 0 fa35abd3b6f22faf9d226d676b6981a89e04996e4f63f5dbd44e03eb965f7f67
READ_ONLY_EXACT filtered_band_2026_BTC_e20_b0.03_x30_s50_c1350
filtered_span_2026_BTC_e20_b0.03_x30_s71_c1350 0 fb96456c30577fc0f49379910e5640cf799471c5153f75dd8b277829a0e3268c
filtered_span_2026_ETH_e10_b0.03_x30_s29_c650 0 36578a58c69efd4a180bafbce71cfa0224e2917273958ee2aaf193a46395efd0
READ_ONLY_EXACT filtered_band_2026_ETH_e10_b0.03_x30_s50_c650
filtered_span_2026_ETH_e10_b0.03_x30_s71_c650 0 edbab03329f4fd71e787674af79fa5c3c36fd2ecd9fd3ffb5f9f986d72cb2be3
filtered_span_2026_ETH_e15_b0.03_x30_s29_c650 0 cbae81ee526ea93613ad52298b83675eb40b5057437c7c8708409820e09d891c
READ_ONLY_EXACT filtered_band_2026_ETH_e15_b0.03_x30_s50_c650
filtered_span_2026_ETH_e15_b0.03_x30_s71_c650 0 686548746643721056113513f8df3b6af1d14c055df3760176cf23e5f50b464f
filtered_span_2026_ETH_e20_b0.03_x30_s29_c650 0 661da1a8779f8faa431f00d2c98d0cd3d646f8b85421e44108f85ec9ca8142a8
READ_ONLY_EXACT filtered_band_2026_ETH_e20_b0.03_x30_s50_c650
filtered_span_2026_ETH_e20_b0.03_x30_s71_c650 0 c9a9a962310ff4c010e5b9cf03012b00e3fc3c4f3c33dd735d544ba0dd67de29
filtered_span_2026_combo_e10_b0.03_x30_s29_btc0.675 0 56e06b7acd15a50242bd650ef673404f2845f1b1260fd7ffa043acd49b247299
READ_ONLY_EXACT filtered_band_2026_combo_e10_b0.03_x30_s50_btc0.675
filtered_span_2026_combo_e10_b0.03_x30_s71_btc0.675 0 c9a76eb2d2f9caa0ef52019e5d91c38af0af128d8b85e698b89b2102f3cf9ed5
filtered_span_2026_combo_e15_b0.03_x30_s29_btc0.675 0 23c95548244a19a906a7df3fd6811be76687c47035fe68b5a9a33098c48169d3
READ_ONLY_EXACT filtered_band_2026_combo_e15_b0.03_x30_s50_btc0.675
filtered_span_2026_combo_e15_b0.03_x30_s71_btc0.675 0 b39423600a94edda3bf9d4abcc70eae6f05c78216ff0d25dfbb2412184eb4075
filtered_span_2026_combo_e20_b0.03_x30_s29_btc0.675 0 bc532d7463f16e45f642701d51fb930ba4aff1603cb5b495cc41d7880cc6f4ca
READ_ONLY_EXACT filtered_band_2026_combo_e20_b0.03_x30_s50_btc0.675
filtered_span_2026_combo_e20_b0.03_x30_s71_btc0.675 0 3fae71af75e6f1e78cac7d8afbb10e27197daff55ea043716ad6b15091d6f89e
forward_snapshot_BTC 0 fd1408ced0c27542d8b938f67cc3983d15b203ee7fffa0419bb1d409fbb463f9
forward_snapshot_ETH 0 15c6bb286b7a6d34d8166fc2ae51906f723d98ee6f7444a2bb9d20638399e86d
forward_snapshot_combo 0 882fd2ab0652381724171fcc8c21ff9a9721ec33e717d7e7c0a841c4e703bacc
PASS:36new actual-capital historical and3new cutoff configurations reserved;18existing EMAspan50/band3percent exact definitions read-only.
