{"new_backtests": 0, "readonly_scenes_verified": 54, "missing_files_restored": 0}
PASS:all9 cumulative forward scenes exactly reproduced including9547point complete time axis and nextstate;noHTTP or ledger write
READ_ONLY_RESULT:filtered_span_2025_combo_e15_b0.03_x30_s40_btc0.675
{"completed": "mixed_ema_spans_2025_btc40_eth50_e15_x30_b0.03_btc0.675", "return3_pct": 42.86073302458, "minute_DD3_pct": 13.329094771121873}
{"completed": "mixed_ema_spans_2025_btc40_eth60_e15_x30_b0.03_btc0.675", "return3_pct": 42.86073302458, "minute_DD3_pct": 13.329094771121873}
{"completed": "mixed_ema_spans_2025_btc50_eth40_e15_x30_b0.03_btc0.675", "return3_pct": 37.66073542716, "minute_DD3_pct": 13.450209508945488}
READ_ONLY_RESULT:filtered_band_2025_combo_e15_b0.03_x30_s50_btc0.675
{"completed": "mixed_ema_spans_2025_btc50_eth60_e15_x30_b0.03_btc0.675", "return3_pct": 37.66073542716, "minute_DD3_pct": 13.450209508945488}
{"completed": "mixed_ema_spans_2025_btc60_eth40_e15_x30_b0.03_btc0.675", "return3_pct": 37.66073542716, "minute_DD3_pct": 13.450209508945488}
{"completed": "mixed_ema_spans_2025_btc60_eth50_e15_x30_b0.03_btc0.675", "return3_pct": 37.66073542716, "minute_DD3_pct": 13.450209508945488}
READ_ONLY_RESULT:filtered_span_2025_combo_e15_b0.03_x30_s60_btc0.675
READ_ONLY_RESULT:filtered_span_2026_combo_e15_b0.03_x30_s40_btc0.675
{"completed": "mixed_ema_spans_2026_btc40_eth50_e15_x30_b0.03_btc0.675", "return3_pct": 22.04533174608001, "minute_DD3_pct": 14.294589533728264}
{"completed": "mixed_ema_spans_2026_btc40_eth60_e15_x30_b0.03_btc0.675", "return3_pct": 21.321111653629977, "minute_DD3_pct": 14.305944155480432}
{"completed": "mixed_ema_spans_2026_btc50_eth40_e15_x30_b0.03_btc0.675", "return3_pct": 17.68008424612999, "minute_DD3_pct": 10.420228673909747}
READ_ONLY_RESULT:filtered_band_2026_combo_e15_b0.03_x30_s50_btc0.675
{"completed": "mixed_ema_spans_2026_btc50_eth60_e15_x30_b0.03_btc0.675", "return3_pct": 16.95586415368, "minute_DD3_pct": 10.405617830209879}
{"completed": "mixed_ema_spans_2026_btc60_eth40_e15_x30_b0.03_btc0.675", "return3_pct": 16.138629927464997, "minute_DD3_pct": 10.438094841280666}
{"completed": "mixed_ema_spans_2026_btc60_eth50_e15_x30_b0.03_btc0.675", "return3_pct": 16.138629927464997, "minute_DD3_pct": 10.438094841280666}
READ_ONLY_RESULT:filtered_span_2026_combo_e15_b0.03_x30_s60_btc0.675
PASS:all36 NEW mixed-EMA-spans cost scenes exactly reproduced;18 EXISTING scenes read-only verified;full report reproduced;ledger unchanged
{"passed": true, "source_component_scenes_rebuilt": 36, "mixed_channel_cost_scenes_audited": 54, "mixed_channel_NAV_points_audited": 14006628, "report_sha256": "a1d0295402c2612ab91b501a8251b13ad51fed7890ba8ca1a387984cf6ace036", "forward_report_sha256": "bc4c62849677b266f6e9e3ff2a2b008374bf69ad001bf4575b6d403306ad2285", "frozen_forward_plan_unchanged": true}
{"passed": true, "forward_scenes": 9, "new_closed_marks_per_asset": 120, "cumulative_minutes": 9539, "complete_days": 6, "NAV_points_per_scene": 9547, "original_NAV_prefix": 9427, "new_daily_decisions": 0, "new_reference_points": 0, "new_executions": 0, "original_cash_units_desired_trades_costs_unchanged": true, "next_daily_decision_utc": "2026-10-09T00:01:00Z", "report_sha256": "bc4c62849677b266f6e9e3ff2a2b008374bf69ad001bf4575b6d403306ad2285"}
PASS: new parameters/weights and missing-result retries are allowed; exact/reordered completed trials stay blocked
