MODEL BTC 0.1 rows [3792, 4296, 4296, 4296, 4296, 4296] positive_hours [0, 0, 0, 0, 0, 0]
MODEL BTC 1 rows [3792, 4296, 4296, 4296, 4296, 4296] positive_hours [0, 0, 0, 0, 0, 0]
MODEL BTC 10 rows [3792, 4296, 4296, 4296, 4296, 4296] positive_hours [0, 0, 0, 0, 0, 0]
NATIVE MODEL BTC positive_hours 0
MODEL ETH 0.1 rows [3792, 4296, 4296, 4296, 4296, 4296] positive_hours [0, 0, 0, 0, 0, 0]
MODEL ETH 1 rows [3792, 4296, 4296, 4296, 4296, 4296] positive_hours [0, 0, 0, 0, 0, 0]
MODEL ETH 10 rows [3792, 4296, 4296, 4296, 4296, 4296] positive_hours [0, 0, 0, 0, 0, 0]
NATIVE MODEL ETH positive_hours 0
{"name": "M1_BTC_a0.1_b0", "cost": 1, "net_return_pct": 0.0, "max_drawdown_pct": 0.0, "round_trips": 0, "executions": 0}
{"name": "M1_BTC_a0.1_b0", "cost": 2, "net_return_pct": 0.0, "max_drawdown_pct": 0.0, "round_trips": 0, "executions": 0}
{"name": "M1_BTC_a0.1_b0", "cost": 3, "net_return_pct": 0.0, "max_drawdown_pct": 0.0, "round_trips": 0, "executions": 0}
{"name": "M1_BTC_a0.1_b1", "cost": 1, "net_return_pct": 0.0, "max_drawdown_pct": 0.0, "round_trips": 0, "executions": 0}
{"name": "M1_BTC_a0.1_b1", "cost": 2, "net_return_pct": 0.0, "max_drawdown_pct": 0.0, "round_trips": 0, "executions": 0}
{"name": "M1_BTC_a0.1_b1", "cost": 3, "net_return_pct": 0.0, "max_drawdown_pct": 0.0, "round_trips": 0, "executions": 0}
{"name": "M1_BTC_a0.1_b5", "cost": 1, "net_return_pct": 0.0, "max_drawdown_pct": 0.0, "round_trips": 0, "executions": 0}
{"name": "M1_BTC_a0.1_b5", "cost": 2, "net_return_pct": 0.0, "max_drawdown_pct": 0.0, "round_trips": 0, "executions": 0}
{"name": "M1_BTC_a0.1_b5", "cost": 3, "net_return_pct": 0.0, "max_drawdown_pct": 0.0, "round_trips": 0, "executions": 0}
{"name": "M1_BTC_a1_b0", "cost": 1, "net_return_pct": 0.0, "max_drawdown_pct": 0.0, "round_trips": 0, "executions": 0}
{"name": "M1_BTC_a1_b0", "cost": 2, "net_return_pct": 0.0, "max_drawdown_pct": 0.0, "round_trips": 0, "executions": 0}
{"name": "M1_BTC_a1_b0", "cost": 3, "net_return_pct": 0.0, "max_drawdown_pct": 0.0, "round_trips": 0, "executions": 0}
{"name": "M1_BTC_a1_b1", "cost": 1, "net_return_pct": 0.0, "max_drawdown_pct": 0.0, "round_trips": 0, "executions": 0}
{"name": "M1_BTC_a1_b1", "cost": 2, "net_return_pct": 0.0, "max_drawdown_pct": 0.0, "round_trips": 0, "executions": 0}
{"name": "M1_BTC_a1_b1", "cost": 3, "net_return_pct": 0.0, "max_drawdown_pct": 0.0, "round_trips": 0, "executions": 0}
{"name": "M1_BTC_a1_b5", "cost": 1, "net_return_pct": 0.0, "max_drawdown_pct": 0.0, "round_trips": 0, "executions": 0}
{"name": "M1_BTC_a1_b5", "cost": 2, "net_return_pct": 0.0, "max_drawdown_pct": 0.0, "round_trips": 0, "executions": 0}
{"name": "M1_BTC_a1_b5", "cost": 3, "net_return_pct": 0.0, "max_drawdown_pct": 0.0, "round_trips": 0, "executions": 0}
{"name": "M1_BTC_a10_b0", "cost": 1, "net_return_pct": 0.0, "max_drawdown_pct": 0.0, "round_trips": 0, "executions": 0}
{"name": "M1_BTC_a10_b0", "cost": 2, "net_return_pct": 0.0, "max_drawdown_pct": 0.0, "round_trips": 0, "executions": 0}
{"name": "M1_BTC_a10_b0", "cost": 3, "net_return_pct": 0.0, "max_drawdown_pct": 0.0, "round_trips": 0, "executions": 0}
{"name": "M1_BTC_a10_b1", "cost": 1, "net_return_pct": 0.0, "max_drawdown_pct": 0.0, "round_trips": 0, "executions": 0}
{"name": "M1_BTC_a10_b1", "cost": 2, "net_return_pct": 0.0, "max_drawdown_pct": 0.0, "round_trips": 0, "executions": 0}
{"name": "M1_BTC_a10_b1", "cost": 3, "net_return_pct": 0.0, "max_drawdown_pct": 0.0, "round_trips": 0, "executions": 0}
{"name": "M1_BTC_a10_b5", "cost": 1, "net_return_pct": 0.0, "max_drawdown_pct": 0.0, "round_trips": 0, "executions": 0}
{"name": "M1_BTC_a10_b5", "cost": 2, "net_return_pct": 0.0, "max_drawdown_pct": 0.0, "round_trips": 0, "executions": 0}
{"name": "M1_BTC_a10_b5", "cost": 3, "net_return_pct": 0.0, "max_drawdown_pct": 0.0, "round_trips": 0, "executions": 0}
{"name": "M1_ETH_a0.1_b0", "cost": 1, "net_return_pct": 0.0, "max_drawdown_pct": 0.0, "round_trips": 0, "executions": 0}
{"name": "M1_ETH_a0.1_b0", "cost": 2, "net_return_pct": 0.0, "max_drawdown_pct": 0.0, "round_trips": 0, "executions": 0}
{"name": "M1_ETH_a0.1_b0", "cost": 3, "net_return_pct": 0.0, "max_drawdown_pct": 0.0, "round_trips": 0, "executions": 0}
{"name": "M1_ETH_a0.1_b1", "cost": 1, "net_return_pct": 0.0, "max_drawdown_pct": 0.0, "round_trips": 0, "executions": 0}
{"name": "M1_ETH_a0.1_b1", "cost": 2, "net_return_pct": 0.0, "max_drawdown_pct": 0.0, "round_trips": 0, "executions": 0}
{"name": "M1_ETH_a0.1_b1", "cost": 3, "net_return_pct": 0.0, "max_drawdown_pct": 0.0, "round_trips": 0, "executions": 0}
{"name": "M1_ETH_a0.1_b5", "cost": 1, "net_return_pct": 0.0, "max_drawdown_pct": 0.0, "round_trips": 0, "executions": 0}
{"name": "M1_ETH_a0.1_b5", "cost": 2, "net_return_pct": 0.0, "max_drawdown_pct": 0.0, "round_trips": 0, "executions": 0}
{"name": "M1_ETH_a0.1_b5", "cost": 3, "net_return_pct": 0.0, "max_drawdown_pct": 0.0, "round_trips": 0, "executions": 0}
{"name": "M1_ETH_a1_b0", "cost": 1, "net_return_pct": 0.0, "max_drawdown_pct": 0.0, "round_trips": 0, "executions": 0}
{"name": "M1_ETH_a1_b0", "cost": 2, "net_return_pct": 0.0, "max_drawdown_pct": 0.0, "round_trips": 0, "executions": 0}
{"name": "M1_ETH_a1_b0", "cost": 3, "net_return_pct": 0.0, "max_drawdown_pct": 0.0, "round_trips": 0, "executions": 0}
{"name": "M1_ETH_a1_b1", "cost": 1, "net_return_pct": 0.0, "max_drawdown_pct": 0.0, "round_trips": 0, "executions": 0}
{"name": "M1_ETH_a1_b1", "cost": 2, "net_return_pct": 0.0, "max_drawdown_pct": 0.0, "round_trips": 0, "executions": 0}
{"name": "M1_ETH_a1_b1", "cost": 3, "net_return_pct": 0.0, "max_drawdown_pct": 0.0, "round_trips": 0, "executions": 0}
{"name": "M1_ETH_a1_b5", "cost": 1, "net_return_pct": 0.0, "max_drawdown_pct": 0.0, "round_trips": 0, "executions": 0}
{"name": "M1_ETH_a1_b5", "cost": 2, "net_return_pct": 0.0, "max_drawdown_pct": 0.0, "round_trips": 0, "executions": 0}
{"name": "M1_ETH_a1_b5", "cost": 3, "net_return_pct": 0.0, "max_drawdown_pct": 0.0, "round_trips": 0, "executions": 0}
{"name": "M1_ETH_a10_b0", "cost": 1, "net_return_pct": 0.0, "max_drawdown_pct": 0.0, "round_trips": 0, "executions": 0}
{"name": "M1_ETH_a10_b0", "cost": 2, "net_return_pct": 0.0, "max_drawdown_pct": 0.0, "round_trips": 0, "executions": 0}
{"name": "M1_ETH_a10_b0", "cost": 3, "net_return_pct": 0.0, "max_drawdown_pct": 0.0, "round_trips": 0, "executions": 0}
{"name": "M1_ETH_a10_b1", "cost": 1, "net_return_pct": 0.0, "max_drawdown_pct": 0.0, "round_trips": 0, "executions": 0}
{"name": "M1_ETH_a10_b1", "cost": 2, "net_return_pct": 0.0, "max_drawdown_pct": 0.0, "round_trips": 0, "executions": 0}
{"name": "M1_ETH_a10_b1", "cost": 3, "net_return_pct": 0.0, "max_drawdown_pct": 0.0, "round_trips": 0, "executions": 0}
{"name": "M1_ETH_a10_b5", "cost": 1, "net_return_pct": 0.0, "max_drawdown_pct": 0.0, "round_trips": 0, "executions": 0}
{"name": "M1_ETH_a10_b5", "cost": 2, "net_return_pct": 0.0, "max_drawdown_pct": 0.0, "round_trips": 0, "executions": 0}
{"name": "M1_ETH_a10_b5", "cost": 3, "net_return_pct": 0.0, "max_drawdown_pct": 0.0, "round_trips": 0, "executions": 0}
{"name": "native_M1_BTC", "cost": 1, "net_return_pct": 0.0, "max_drawdown_pct": 0.0, "executions": 0, "status": "no_trade"}
{"name": "native_M1_BTC", "cost": 2, "net_return_pct": 0.0, "max_drawdown_pct": 0.0, "executions": 0, "status": "no_trade"}
{"name": "native_M1_BTC", "cost": 3, "net_return_pct": 0.0, "max_drawdown_pct": 0.0, "executions": 0, "status": "no_trade"}
{"name": "native_M1_ETH", "cost": 1, "net_return_pct": 0.0, "max_drawdown_pct": 0.0, "executions": 0, "status": "no_trade"}
{"name": "native_M1_ETH", "cost": 2, "net_return_pct": 0.0, "max_drawdown_pct": 0.0, "executions": 0, "status": "no_trade"}
{"name": "native_M1_ETH", "cost": 3, "net_return_pct": 0.0, "max_drawdown_pct": 0.0, "executions": 0, "status": "no_trade"}
COMPLETED 18 candidates 2 native, qualified 0
