M1_BTC_a0.1_b0 0 e847c84b1e1e61c7e306fdc92ae3ec1db8f4c71a7d0f9545af04e54d9836d7b3
M1_BTC_a0.1_b1 0 d0ecf3ddc597efb43dd83b214f6b6dc281fb2c3533225893aa303af0de305476
M1_BTC_a0.1_b5 0 7e304c9a6fea1abaa72f353716cd112804321db66df403164eba09ac8e0f6376
M1_BTC_a1_b0 0 15c3dadc7d9321a0dffbac27a5031c430c69482ba74e1dcc1a45a3e7e12ef4dc
M1_BTC_a1_b1 0 f73875425e9fa5d6e049d91aa89d88de5aa156a909b85a36fb9e78001518b842
M1_BTC_a1_b5 0 68ef86a04a67de9fab7d83110b00045a916d16d6d19e230cb815ee5ec90cc653
M1_BTC_a10_b0 0 f12499d259bb25b35fc795efe93909ae0221b2a047dffaf8087ed1e0f7d7fb72
M1_BTC_a10_b1 0 76439a3351493742499eb702e2d685db0cfd7e665a3c52a65b6cddbd74d369cf
M1_BTC_a10_b5 0 c69226cd8b94dcfc20d4b18d15b10d19941551de9c3c2c3a93061cf5afbaebee
M1_ETH_a0.1_b0 0 1b9cd57c4126057cf5b9dc91125172f71fed3973fe948a960d87b0062809c274
M1_ETH_a0.1_b1 0 ac73f15be8e11e24b3276e476400d5f0b7f6397be0f3529a78eb7f9afba19c98
M1_ETH_a0.1_b5 0 47d4bcb55ac6429eb93edec385d1fb768900c0c33aa7ddfd3ca12bf59ab2da4b
M1_ETH_a1_b0 0 f9a4b44402fa6119eafdd0b662e271a31a78d28c4c0aaca5a23105a1d253df88
M1_ETH_a1_b1 0 0b47eee68927777a9f680b66932e5cc3fa5a47f8a402a1e6571f1a77da75e2f2
M1_ETH_a1_b5 0 d8ad5ff91a18eb38dd3dab883f123dfd80bf4ddbe478f9470dd83067bfa96d2b
M1_ETH_a10_b0 0 c989e1f1fbac70ae14d80f453e25cd58daf4442a3bb3a5ed3f91d5a239f43479
M1_ETH_a10_b1 0 ff7d89254c0d71d94aaac2b874443686e743df9bad1f5c650b6213bf92b3d4d9
M1_ETH_a10_b5 0 ef7c2d59f40b6008b6948e7689a75ea2f6f3b314fde1c9411f0edbea7b533161
native_M1_BTC 0 d7563a114c898f4de25624e0836d6baf2f6614bdd4e5ce42d0604b50515ff717
native_M1_ETH 0 7a280620ee1f694800b52052b972b6ba9e397b57addf377348de79d7f9b30abc
recovered_M1_scope 0 bae233073e9cc43574f2c61ed7d73b26a76fe1336ba06548c7d675dfb8d5a695
Reserved 21 definitions before calculation; prior 106
