confirm_2025_BTC_n60_q2 0 b767100378a1baeb49d6ce0fd86357338c8400f65e8d6235797010e4d83f443a
confirm_2025_BTC_n60_q3 0 b3883123a753d9629fa3202030fcfe75d6b00507fe56e6a0fc3ac24e1c778c1d
confirm_2025_BTC_n60_q4 0 8aae94df1b751235ca0cdf73020af6d7d261fddadc0d0ccd41c3b3cce7d8d245
confirm_2025_BTC_n65_q2 0 3f139e02fe01f66519f6f636b26512891f83d9f47c68ac999638b576ebef4d8b
confirm_2025_BTC_n65_q3 0 18c4998f9ee745864bfdbb6026ac6da06848438c287d30fbb4d97399b5c083fe
confirm_2025_BTC_n65_q4 0 60886d555035ddedf79be6353fef26d9a5529471c1fc14dc422eaa38abd9fcc7
confirm_2025_BTC_n70_q2 0 9168c171483461f9adf603c40c15ada08c7f464564b51a092c604d0c3f493674
confirm_2025_BTC_n70_q3 0 f9aa821817d82ab9409a693687880cae69e6123f236bc8b18b11d7aecdcbfe4c
confirm_2025_BTC_n70_q4 0 0edb832ff6582ee2b65ef4716fd536db212cb2864340f3e01d4ba3eaaf54ed50
confirm_2025_ETH_n60_q2 0 772a54edf646b7086fe732553c9b89a8ec4b4afa1bafe68c764493be2b77959a
confirm_2025_ETH_n60_q3 0 2991ac100339a0a4e7cdea2bc1e397cad455a00a890498ebc273b9345eca5f4a
confirm_2025_ETH_n60_q4 0 d2b3bc6e7004c8ae3fe88b1d0e2ff70c0f478bbc76e3a7f2930d0512719dcf6f
confirm_2025_ETH_n65_q2 0 7882ba774e175a94b780e45d568dd5044b6dfaff518cd2206691c1cedf1d029a
confirm_2025_ETH_n65_q3 0 2bd213cac8b350f62e1974b0e506c048b61c1f04adba7e7dd0b5a5809e0eb2dc
confirm_2025_ETH_n65_q4 0 d8011a3b47905655fb51f452af04c88f5161a9cc31d921ebf0443332d890cabe
confirm_2025_ETH_n70_q2 0 7e860099ca06903bf41dee766fb900dddcb903b058ba29c9e666dcce9f54993d
confirm_2025_ETH_n70_q3 0 950cc944a41722599af8e883c4ad44d1ddaabdaf463718b7cd1cd206e4105346
confirm_2025_ETH_n70_q4 0 93ba832c0ae1277d3764530d4dd0f02e62aa24664a42969585cafb5106edee32
confirm_2025_combo_n60_q2_btc0.75 0 2aab4bb5d0892fb001ec26b2765507907e76ca2df990953a5db482da75eea3d6
confirm_2025_combo_n60_q3_btc0.75 0 a027cbe82bbf61d18f200bb6ebd22736e8bea1fc886589cf6c308c1da53cb7d9
confirm_2025_combo_n60_q4_btc0.75 0 eff007fee5ce5f976e178a3c19f31ddd68c33664f7d0afead9f3f0c8322e55ff
confirm_2025_combo_n65_q2_btc0.75 0 356f74408113f9f386d85ffdaabe2af90be4ea757c944dbbcb156e4fde0ef115
confirm_2025_combo_n65_q3_btc0.75 0 5b18d1acda375ca83c372f36458814817b50b29c57c56603f903b6dafc5bf02a
confirm_2025_combo_n65_q4_btc0.75 0 61e7e5fe25e198e3d086785e48166b70a905935c42b09f875e9f002e35895ab6
confirm_2025_combo_n70_q2_btc0.75 0 0cce12deaeac2236c4073b1a48e6fca9757e4ed5ab97a87f9f787f23073b5caa
confirm_2025_combo_n70_q3_btc0.75 0 d45e2f6330bed9240be81a0e71aad3101cb9d3125715d8f8181e57e133ba6296
confirm_2025_combo_n70_q4_btc0.75 0 2a6094b68836a1eba6949db90f4089122f2f49cc031b43e5007f5839dd80e427
confirm_2026_BTC_n60_q2 0 d642f34230e9cbd1bd75ef1bf6d7d8c5fc4cd852ceb18f3fc24f53a7f299f295
confirm_2026_BTC_n60_q3 0 67a4384f4de30f61cb64fdf92f3f69b4fd8a61e3780fb1e0cd6557248d8451a1
confirm_2026_BTC_n60_q4 0 9f03ee20c96849df8af14edbbc1a55a947203b1d529dcb67cd7b2397f211c806
confirm_2026_BTC_n65_q2 0 7bc0c66dfd28eae04d325dde4df87b3926b73e9e51375a6314db2ec18b58fac8
confirm_2026_BTC_n65_q3 0 8b93b5cbb8ea63c4266fd61b53b3fe61316b676846de81289a2b6dbe9beb7602
confirm_2026_BTC_n65_q4 0 613c048409796176a45250bc8348b426456a91cd2f44c2b0f665d9dd0c74c2e7
confirm_2026_BTC_n70_q2 0 f5e450eb8083f8cde564f11170858f1840b66c66d42ebb478f293ae133a7c423
confirm_2026_BTC_n70_q3 0 79095bd930ceb7322f0d47687c412afc117bb0e2abe8833b42ed193823205950
confirm_2026_BTC_n70_q4 0 87705b9a1b70846fb4e91d9e07394a29da550d2842f94d0ec67108a3849d886c
confirm_2026_ETH_n60_q2 0 1f27ac7702a2dbafd562877345192b58c518c42f6e5c3f1d4166440ccbbf99c5
confirm_2026_ETH_n60_q3 0 35c681691f8dc9a156fc28305ea11a7749fbd7259e9492b451dc064d8f0c53bc
confirm_2026_ETH_n60_q4 0 e69dd06209c7bb4b67fd5f12acbe8f81e1b454b21bd9604cefa55bad9132241b
confirm_2026_ETH_n65_q2 0 b4b97f06ef0644ba9fe8b117a502e07dfb71408583a8ca69f1e2a48e04496a1d
confirm_2026_ETH_n65_q3 0 cf044eada6db2dbbe055816e9d8a452a32eea0097fb338e282ca996474405abb
confirm_2026_ETH_n65_q4 0 42815137ca04874448f6ff6fcdbc4b52f184a3aa87f02f710b6627394442a603
confirm_2026_ETH_n70_q2 0 2caaebd1f59d92dcbbe20d861a051ae9dac4741a0046eb2184e4d20d7679ee0c
confirm_2026_ETH_n70_q3 0 2ee048b817bbe4480be8bec25a06701f4eafcd03e5681f3849c4e8ad3f911b7c
confirm_2026_ETH_n70_q4 0 dd9232d1cced3fb710b417a9b8d776cf2ea4d370db36be9200b32686ea06e563
confirm_2026_combo_n60_q2_btc0.75 0 ec2aa566aa7c42142e1317bb9fb042173b028996b3edeead3a731a4b683664f9
confirm_2026_combo_n60_q3_btc0.75 0 2510b4d26a22c3e385c639f65c06a6cf4646bc54dba17f8c1d040883dda37b46
confirm_2026_combo_n60_q4_btc0.75 0 bbd054e533b3936401fe864c4b2ae2e95946af86efe95460e41e3da8f99c9328
confirm_2026_combo_n65_q2_btc0.75 0 03333afc5b7a7370f400815aa7d1858fe36ee43174a17294c975692be2680a4d
confirm_2026_combo_n65_q3_btc0.75 0 f70d77eb61d7f04a34d78bd31ad5f11b10f1c06ff002169d5828cf5f387e1ae1
confirm_2026_combo_n65_q4_btc0.75 0 924c4f096839d82538b717e1d6d85412c17296658ca240090a05871ff7cdad82
confirm_2026_combo_n70_q2_btc0.75 0 58b06f46c1444035ef0e33a83a75f3181b545ef7264d031d1c72315821ce5fbe
confirm_2026_combo_n70_q3_btc0.75 0 c7bf0baa44411803cd358d26039d6de8fb7d65f3978bf771006b0cdb305a71b1
confirm_2026_combo_n70_q4_btc0.75 0 8544a867c07f0115686e26d995f6760b8c0cb505f28f42f08d717e983ed73e26
forward_snapshot_BTC 0 0181a9c91af3042cbc46fa44840c0b80df0bf3bdab8e7d880b2af47ad8404c76
forward_snapshot_ETH 0 8d828b7ab5edd229cb209b461b3bb7c4d93bd7d5f3079dcd68c0461c8c4f2d4e
forward_snapshot_combo 0 e7af1be0cd042b22265cb598d8fdbf13b3de8a7dd6a77a31a0330e962a789d2d
PASS:all57 configurations independently finished with final report hash
