PASS:all9 cumulative forward scenes exactly reproduced from archived new minutes and old positions;no fresh request or ledger write
{"completed": "confirm_2025_BTC_n60_q2", "return1": 17.11860938865999, "return3": 16.507960337366654, "minute_DD3": 12.190148331093575}
{"completed": "confirm_2025_BTC_n60_q3", "return1": 18.933021671039985, "return3": 18.313136562706656, "minute_DD3": 12.538130380512113}
{"completed": "confirm_2025_BTC_n60_q4", "return1": 18.143110676899997, "return3": 17.527017909379982, "minute_DD3": 12.542293658087079}
{"completed": "confirm_2025_BTC_n65_q2", "return1": 18.99037998441999, "return3": 18.370133906666663, "minute_DD3": 12.539762249902997}
{"completed": "confirm_2025_BTC_n65_q3", "return1": 18.409657239359987, "return3": 17.792540530266663, "minute_DD3": 12.538130380512113}
{"completed": "confirm_2025_BTC_n65_q4", "return1": 19.447132083499994, "return3": 18.824318948753337, "minute_DD3": 12.542293658087079}
{"completed": "confirm_2025_BTC_n70_q2", "return1": 18.933021671039985, "return3": 18.313136562706656, "minute_DD3": 12.538130380512113}
{"completed": "confirm_2025_BTC_n70_q3", "return1": 18.143110676899997, "return3": 17.527017909379982, "minute_DD3": 12.542293658087079}
{"completed": "confirm_2025_BTC_n70_q4", "return1": 18.519841980453332, "return3": 17.90170888408, "minute_DD3": 12.53766930117235}
{"completed": "confirm_2025_ETH_n60_q2", "return1": 79.9295457528, "return3": 78.05801991999999, "minute_DD3": 26.06087404044075}
{"completed": "confirm_2025_ETH_n60_q3", "return1": 80.6664228456, "return3": 79.72329619380001, "minute_DD3": 26.068389963942362}
{"completed": "confirm_2025_ETH_n60_q4", "return1": 84.98732395520001, "return3": 84.02663093559998, "minute_DD3": 26.06225293172243}
{"completed": "confirm_2025_ETH_n65_q2", "return1": 98.4827940332, "return3": 97.423614431, "minute_DD3": 26.06087404044075}
{"completed": "confirm_2025_ETH_n65_q3", "return1": 80.6664228456, "return3": 79.72329619380001, "minute_DD3": 26.068389963942362}
{"completed": "confirm_2025_ETH_n65_q4", "return1": 84.98732395520001, "return3": 84.02663093559998, "minute_DD3": 26.06225293172243}
{"completed": "confirm_2025_ETH_n70_q2", "return1": 98.4827940332, "return3": 97.423614431, "minute_DD3": 26.06087404044075}
{"completed": "confirm_2025_ETH_n70_q3", "return1": 80.6664228456, "return3": 79.72329619380001, "minute_DD3": 26.068389963942362}
{"completed": "confirm_2025_ETH_n70_q4", "return1": 84.98732395520001, "return3": 84.02663093559998, "minute_DD3": 26.06225293172243}
{"completed": "confirm_2025_combo_n60_q2_btc0.75", "return1": 32.82134347969499, "return3": 31.89547523302498, "minute_DD3": 14.573165052447234}
{"completed": "confirm_2025_combo_n60_q3_btc0.75", "return1": 34.36637196468, "return3": 33.66567647048, "minute_DD3": 14.319133370102477}
{"completed": "confirm_2025_combo_n60_q4_btc0.75", "return1": 34.85416399647501, "return3": 34.15192116593497, "minute_DD3": 14.390344283975477}
{"completed": "confirm_2025_combo_n65_q2_btc0.75", "return1": 38.86348349661502, "return3": 38.13350403775, "minute_DD3": 14.573165052447234}
{"completed": "confirm_2025_combo_n65_q3_btc0.75", "return1": 33.97384864092001, "return3": 33.27522944615, "minute_DD3": 14.319133370102477}
{"completed": "confirm_2025_combo_n65_q4_btc0.75", "return1": 35.83218005142501, "return3": 35.12489694546501, "minute_DD3": 14.390344283975477}
{"completed": "confirm_2025_combo_n70_q2_btc0.75", "return1": 38.82046476158001, "return3": 38.09075602978, "minute_DD3": 14.573321122548045}
{"completed": "confirm_2025_combo_n70_q3_btc0.75", "return1": 33.77393871907499, "return3": 33.076087480484986, "minute_DD3": 14.328224129344768}
{"completed": "confirm_2025_combo_n70_q4_btc0.75", "return1": 35.13671247413998, "return3": 34.432939396959995, "minute_DD3": 14.407954204600982}
{"completed": "confirm_2026_BTC_n60_q2", "return1": 19.937864207706667, "return3": 18.690628616820003, "minute_DD3": 16.80856961736944}
{"completed": "confirm_2026_BTC_n60_q3", "return1": 21.634322080619995, "return3": 20.363659139626655, "minute_DD3": 14.357291861181132}
{"completed": "confirm_2026_BTC_n60_q4", "return1": 19.33256138995332, "return3": 18.09092320193335, "minute_DD3": 14.623572234123717}
{"completed": "confirm_2026_BTC_n65_q2", "return1": 22.921996817906674, "return3": 21.647807409099997, "minute_DD3": 14.358146810158667}
{"completed": "confirm_2026_BTC_n65_q3", "return1": 21.260059959053336, "return3": 19.993217991166667, "minute_DD3": 14.622954555879897}
{"completed": "confirm_2026_BTC_n65_q4", "return1": 18.85507874187333, "return3": 17.61772279960001, "minute_DD3": 14.96793677643532}
{"completed": "confirm_2026_BTC_n70_q2", "return1": 21.715925867433338, "return3": 20.444966723606672, "minute_DD3": 15.201555901819596}
{"completed": "confirm_2026_BTC_n70_q3", "return1": 21.321497653533328, "return3": 20.05408482919333, "minute_DD3": 14.5780883240333}
{"completed": "confirm_2026_BTC_n70_q4", "return1": 5.673334593120005, "return3": 4.571674985053331, "minute_DD3": 12.401379058083117}
{"completed": "confirm_2026_ETH_n60_q2", "return1": 27.68663676179999, "return3": 26.357719907199993, "minute_DD3": 19.39221543085383}
{"completed": "confirm_2026_ETH_n60_q3", "return1": 33.41474530299999, "return3": 32.0242716044, "minute_DD3": 16.99487215024409}
{"completed": "confirm_2026_ETH_n60_q4", "return1": 25.789179788400006, "return3": 24.474183560600004, "minute_DD3": 15.86546814970199}
{"completed": "confirm_2026_ETH_n65_q2", "return1": 29.560224826600013, "return3": 28.2043073636, "minute_DD3": 19.390457466637002}
{"completed": "confirm_2026_ETH_n65_q3", "return1": 25.320396033399994, "return3": 24.022055004400002, "minute_DD3": 16.99607776077079}
{"completed": "confirm_2026_ETH_n65_q4", "return1": 23.114541366600005, "return3": 21.825479698600002, "minute_DD3": 19.68274751271736}
{"completed": "confirm_2026_ETH_n70_q2", "return1": 25.899705090399983, "return3": 24.586408404999993, "minute_DD3": 17.863036779144682}
{"completed": "confirm_2026_ETH_n70_q3", "return1": 24.286368766400003, "return3": 22.998527658599997, "minute_DD3": 18.902515160067367}
{"completed": "confirm_2026_ETH_n70_q4", "return1": 19.71400516880002, "return3": 18.466300452399985, "minute_DD3": 19.909177967932155}
{"completed": "confirm_2026_combo_n60_q2_btc0.75", "return1": 21.875057346230008, "return3": 20.607401439414996, "minute_DD3": 16.854914703569037}
{"completed": "confirm_2026_combo_n60_q3_btc0.75", "return1": 24.579427886214987, "return3": 23.278812255820004, "minute_DD3": 13.975561165104333}
{"completed": "confirm_2026_combo_n60_q4_btc0.75", "return1": 20.94671598956499, "return3": 19.686738291599994, "minute_DD3": 14.114190165525143}
{"completed": "confirm_2026_combo_n65_q2_btc0.75", "return1": 24.581553820079982, "return3": 23.286932397725014, "minute_DD3": 14.601701296027036}
{"completed": "confirm_2026_combo_n65_q3_btc0.75", "return1": 22.27514397763999, "return3": 21.000427244474995, "minute_DD3": 14.195888003142832}
{"completed": "confirm_2026_combo_n65_q4_btc0.75", "return1": 19.91994439805498, "return3": 18.66966202435001, "minute_DD3": 15.33818226380317}
{"completed": "confirm_2026_combo_n70_q2_btc0.75", "return1": 22.76187067317501, "return3": 21.480327143955, "minute_DD3": 15.053319028023783}
{"completed": "confirm_2026_combo_n70_q3_btc0.75", "return1": 22.06271543175, "return3": 20.790195536545, "minute_DD3": 14.841759466434079}
{"completed": "confirm_2026_combo_n70_q4_btc0.75", "return1": 9.18350223704001, "return3": 8.045331351889985, "minute_DD3": 13.124275419495667}
PASS:all162 scene archives,full minute NAV and frozen report exactly reproduced;ledger unchanged
{"passed": true, "actual_scenes_audited": 162, "NAV_points_audited": 42019884, "Decimal_SMA_confirmation_causal_decisions": 19440, "Decimal_fills_independently_checked": 330, "real_minute_data_hashes": 4, "report_sha256": "33832e25324f4c7c0e4a84dfe2fb5a61445c0a0530babe01e52e6098bc7cc499", "forward_plan_unchanged": true, "pandas_version": "2.2.3"}
{"passed": true, "forward_scenes": 9, "new_closed_marks_per_asset": 240, "cumulative_minutes": 339, "prior_NAV_prefix_and_positions_unchanged": true, "new_executions": 0, "report_sha256": "437e531b8fc504d6d75f1e79a88a09efef0af330c91ef9ad633f62390bd6ebc4"}
PASS: new parameters/weights and missing-result retries are allowed; exact/reordered completed trials stay blocked
