{"completed": "channel_ema_fast20_2025_BTC_CHANNEL_ETH_EMA_s50_x10", "return3_pct": 36.85608121599, "minute_DD3_pct": 10.840555438146671}
{"completed": "channel_ema_fast20_2025_BTC_CHANNEL_ETH_EMA_s50_x20", "return3_pct": 31.901686415974993, "minute_DD3_pct": 12.568613471683065}
READ_ONLY_RESULT:channel_ema_2025_BTC_CHANNEL_ETH_EMA_s50_d20
{"completed": "channel_ema_fast20_2025_BTC_CHANNEL_ETH_EMA_s65_x10", "return3_pct": 37.93357554028998, "minute_DD3_pct": 10.382314244855472}
{"completed": "channel_ema_fast20_2025_BTC_CHANNEL_ETH_EMA_s65_x20", "return3_pct": 32.97918074027499, "minute_DD3_pct": 12.110372278391868}
READ_ONLY_RESULT:channel_ema_2025_BTC_CHANNEL_ETH_EMA_s65_d20
{"completed": "channel_ema_fast20_2025_BTC_CHANNEL_ETH_EMA_s80_x10", "return3_pct": 38.676038988289996, "minute_DD3_pct": 10.069168236694658}
{"completed": "channel_ema_fast20_2025_BTC_CHANNEL_ETH_EMA_s80_x20", "return3_pct": 33.721644188275015, "minute_DD3_pct": 11.797226270231054}
READ_ONLY_RESULT:channel_ema_2025_BTC_CHANNEL_ETH_EMA_s80_d20
{"completed": "channel_ema_fast20_2025_BTC_EMA_ETH_CHANNEL_s50_x10", "return3_pct": 19.050262450340007, "minute_DD3_pct": 18.964305092778854}
{"completed": "channel_ema_fast20_2025_BTC_EMA_ETH_CHANNEL_s50_x20", "return3_pct": 34.55840130104, "minute_DD3_pct": 15.62751811232912}
READ_ONLY_RESULT:channel_ema_2025_BTC_EMA_ETH_CHANNEL_s50_d20
{"completed": "channel_ema_fast20_2025_BTC_EMA_ETH_CHANNEL_s65_x10", "return3_pct": 21.282768269499996, "minute_DD3_pct": 16.50849310593483}
{"completed": "channel_ema_fast20_2025_BTC_EMA_ETH_CHANNEL_s65_x20", "return3_pct": 36.79090712020001, "minute_DD3_pct": 15.814502601703161}
READ_ONLY_RESULT:channel_ema_2025_BTC_EMA_ETH_CHANNEL_s65_d20
{"completed": "channel_ema_fast20_2025_BTC_EMA_ETH_CHANNEL_s80_x10", "return3_pct": 22.50731847580001, "minute_DD3_pct": 16.35742829508334}
{"completed": "channel_ema_fast20_2025_BTC_EMA_ETH_CHANNEL_s80_x20", "return3_pct": 38.01545732650003, "minute_DD3_pct": 15.814502601703161}
READ_ONLY_RESULT:channel_ema_2025_BTC_EMA_ETH_CHANNEL_s80_d20
{"completed": "channel_ema_fast20_2026_BTC_CHANNEL_ETH_EMA_s50_x10", "return3_pct": 11.620903093349998, "minute_DD3_pct": 9.782609454038194}
{"completed": "channel_ema_fast20_2026_BTC_CHANNEL_ETH_EMA_s50_x20", "return3_pct": 20.55995075803001, "minute_DD3_pct": 13.031644364705762}
READ_ONLY_RESULT:channel_ema_2026_BTC_CHANNEL_ETH_EMA_s50_d20
{"completed": "channel_ema_fast20_2026_BTC_CHANNEL_ETH_EMA_s65_x10", "return3_pct": 14.31740557915, "minute_DD3_pct": 9.848983226708608}
{"completed": "channel_ema_fast20_2026_BTC_CHANNEL_ETH_EMA_s65_x20", "return3_pct": 23.256453243829988, "minute_DD3_pct": 13.01535387726761}
READ_ONLY_RESULT:channel_ema_2026_BTC_CHANNEL_ETH_EMA_s65_d20
{"completed": "channel_ema_fast20_2026_BTC_CHANNEL_ETH_EMA_s80_x10", "return3_pct": 4.593804234800003, "minute_DD3_pct": 10.443508349523412}
{"completed": "channel_ema_fast20_2026_BTC_CHANNEL_ETH_EMA_s80_x20", "return3_pct": 13.532851899480015, "minute_DD3_pct": 14.014639979302368}
READ_ONLY_RESULT:channel_ema_2026_BTC_CHANNEL_ETH_EMA_s80_d20
{"completed": "channel_ema_fast20_2026_BTC_EMA_ETH_CHANNEL_s50_x10", "return3_pct": 7.671983049654996, "minute_DD3_pct": 11.316713028733583}
{"completed": "channel_ema_fast20_2026_BTC_EMA_ETH_CHANNEL_s50_x20", "return3_pct": 15.14268684005502, "minute_DD3_pct": 12.259658501854965}
READ_ONLY_RESULT:channel_ema_2026_BTC_EMA_ETH_CHANNEL_s50_d20
{"completed": "channel_ema_fast20_2026_BTC_EMA_ETH_CHANNEL_s65_x10", "return3_pct": 4.644094440970004, "minute_DD3_pct": 9.130803738000049}
{"completed": "channel_ema_fast20_2026_BTC_EMA_ETH_CHANNEL_s65_x20", "return3_pct": 12.114798231370006, "minute_DD3_pct": 11.113932601443977}
READ_ONLY_RESULT:channel_ema_2026_BTC_EMA_ETH_CHANNEL_s65_d20
{"completed": "channel_ema_fast20_2026_BTC_EMA_ETH_CHANNEL_s80_x10", "return3_pct": 7.525160439320011, "minute_DD3_pct": 9.166330564042857}
{"completed": "channel_ema_fast20_2026_BTC_EMA_ETH_CHANNEL_s80_x20", "return3_pct": 14.995864229719992, "minute_DD3_pct": 11.095830137686924}
READ_ONLY_RESULT:channel_ema_2026_BTC_EMA_ETH_CHANNEL_s80_d20
{"new_configs": 24, "new_cost_scenes": 72, "new_minute_NAV_points": 18675504, "reused_grid_configs": 12, "reused_cost_scenes": 36, "grid_configs": 36, "grid_cost_scenes": 108, "reused_component_configs": 24, "positive_1x": 24, "positive_3x": 24, "passed": ["channel_ema_fast20_2025_BTC_CHANNEL_ETH_EMA_s50_x10", "channel_ema_fast20_2025_BTC_CHANNEL_ETH_EMA_s65_x10", "channel_ema_fast20_2025_BTC_CHANNEL_ETH_EMA_s80_x10", "channel_ema_fast20_2026_BTC_EMA_ETH_CHANNEL_s50_x10", "channel_ema_fast20_2026_BTC_EMA_ETH_CHANNEL_s50_x20", "channel_ema_fast20_2026_BTC_EMA_ETH_CHANNEL_s80_x10", "channel_ema_fast20_2026_BTC_EMA_ETH_CHANNEL_s80_x20"], "rejected": ["channel_ema_fast20_2025_BTC_CHANNEL_ETH_EMA_s50_x20", "channel_ema_fast20_2025_BTC_CHANNEL_ETH_EMA_s65_x20", "channel_ema_fast20_2025_BTC_CHANNEL_ETH_EMA_s80_x20", "channel_ema_fast20_2025_BTC_EMA_ETH_CHANNEL_s50_x10", "channel_ema_fast20_2025_BTC_EMA_ETH_CHANNEL_s50_x20", "channel_ema_fast20_2025_BTC_EMA_ETH_CHANNEL_s65_x10", "channel_ema_fast20_2025_BTC_EMA_ETH_CHANNEL_s65_x20", "channel_ema_fast20_2025_BTC_EMA_ETH_CHANNEL_s80_x10", "channel_ema_fast20_2025_BTC_EMA_ETH_CHANNEL_s80_x20", "channel_ema_fast20_2026_BTC_CHANNEL_ETH_EMA_s50_x10", "channel_ema_fast20_2026_BTC_CHANNEL_ETH_EMA_s50_x20", "channel_ema_fast20_2026_BTC_CHANNEL_ETH_EMA_s65_x10", "channel_ema_fast20_2026_BTC_CHANNEL_ETH_EMA_s65_x20", "channel_ema_fast20_2026_BTC_CHANNEL_ETH_EMA_s80_x10", "channel_ema_fast20_2026_BTC_CHANNEL_ETH_EMA_s80_x20", "channel_ema_fast20_2026_BTC_EMA_ETH_CHANNEL_s65_x10", "channel_ema_fast20_2026_BTC_EMA_ETH_CHANNEL_s65_x20"], "both_periods_passed_combination_pairs": [["channel_ema_2025_BTC_EMA_ETH_CHANNEL_s50_d20", "channel_ema_2026_BTC_EMA_ETH_CHANNEL_s50_d20"], ["channel_ema_2025_BTC_EMA_ETH_CHANNEL_s80_d20", "channel_ema_2026_BTC_EMA_ETH_CHANNEL_s80_d20"]], "new_both_periods_passed_combination_pairs": [], "new_component_backtests": 0, "new_live_orders": 0, "source_component_fills_read_only": 414}
