channel_ema_fast20_2025_BTC_CHANNEL_ETH_EMA_s50_x10 passed 0 a8a1d6cc69cbc500c28f308a0806bfafd7df935903a160cd8c9778059f3acdf3
channel_ema_fast20_2025_BTC_CHANNEL_ETH_EMA_s50_x20 rejected 0 73ea6837f77c3517e84d1fbf097504ff98124b6592120447f26d5ce925a2d48a
channel_ema_fast20_2025_BTC_CHANNEL_ETH_EMA_s65_x10 passed 0 d9514077e4e66f84361f3a7e2401c9fa40033885636dd4e1f515f0144546783d
channel_ema_fast20_2025_BTC_CHANNEL_ETH_EMA_s65_x20 rejected 0 921717e5416ac0f6a088b6969091d05c67e44073e6d730540794c570b8ef42c4
channel_ema_fast20_2025_BTC_CHANNEL_ETH_EMA_s80_x10 passed 0 eadd5f4de4491c3a025df111c80052066a412ea3f951d6bc1dd5f8618402d4e8
channel_ema_fast20_2025_BTC_CHANNEL_ETH_EMA_s80_x20 rejected 0 285d4225e538011883c76b04396fec2cdde4f3b5a11e39b3bcbfc8189ac407c1
channel_ema_fast20_2025_BTC_EMA_ETH_CHANNEL_s50_x10 rejected 0 ae55cf95fdc67ccb25239f6206feecab0b484b00768d1eead1f3636c515f756a
channel_ema_fast20_2025_BTC_EMA_ETH_CHANNEL_s50_x20 rejected 0 6481a67ad03fad6418dca53ca52874bacf8ee6a37779fadd09f467babe20d6ca
channel_ema_fast20_2025_BTC_EMA_ETH_CHANNEL_s65_x10 rejected 0 11fdf76d5cd7cfed02e60c458e8e88f77ef3aff5ec0ea48bfdd47c728dc6db36
channel_ema_fast20_2025_BTC_EMA_ETH_CHANNEL_s65_x20 rejected 0 a99a608353379dc17aa53e1c2bd21e80ea8d6953bd2581310cd8f2f04e6c1bb8
channel_ema_fast20_2025_BTC_EMA_ETH_CHANNEL_s80_x10 rejected 0 de5b4d83b70cf0bcb431d473b9a220d813368e11e16edc595ac089d5086db04f
channel_ema_fast20_2025_BTC_EMA_ETH_CHANNEL_s80_x20 rejected 0 dfeb180bb2ca5e67adfee53aad5ea4fb30aefaa5bfd2647043eb0206f8d8c8ea
channel_ema_fast20_2026_BTC_CHANNEL_ETH_EMA_s50_x10 rejected 0 4c0062942b0aea521f499c1c23ba17c7c4b2c7138e8b589da18a16944f165d02
channel_ema_fast20_2026_BTC_CHANNEL_ETH_EMA_s50_x20 rejected 0 9bf8c06a4af97ee164203b300ceedaaf6fd4c1f236adfaa6f3a90175922a4f5a
channel_ema_fast20_2026_BTC_CHANNEL_ETH_EMA_s65_x10 rejected 0 f87c008b06783786a3d7f8459c7464d46e8fb1ac8c95fc72def12f1bfeda05ed
channel_ema_fast20_2026_BTC_CHANNEL_ETH_EMA_s65_x20 rejected 0 9c3c615db19796aea506960e85cbd00666e97bc7f6d10e5e0209ffbc74f101b4
channel_ema_fast20_2026_BTC_CHANNEL_ETH_EMA_s80_x10 rejected 0 65e3e25fd2777d2fb71f590333b44659ac665ca2671f5e653d2245b0b752c04a
channel_ema_fast20_2026_BTC_CHANNEL_ETH_EMA_s80_x20 rejected 0 8ea0225ad3265116e66c5185bbce36b7a40070c0dfa317423089e869768ab89e
channel_ema_fast20_2026_BTC_EMA_ETH_CHANNEL_s50_x10 passed 0 a4544ad360362f234fe6a195477dcef4a8b53888cf07b98149074dcb57465cc2
channel_ema_fast20_2026_BTC_EMA_ETH_CHANNEL_s50_x20 passed 0 ac09e8f82a9f0c8f370b3fdd50c2a97789c4f9d4ba502ca1a059c80061fc9972
channel_ema_fast20_2026_BTC_EMA_ETH_CHANNEL_s65_x10 rejected 0 ed909043ca56f30a9b1b99399f04f1532d03ce8708eb68f495e316801a7cda7a
channel_ema_fast20_2026_BTC_EMA_ETH_CHANNEL_s65_x20 rejected 0 ee9a1f94ecea9d21a820e94761ba55aaabdf3fbe395f557640ef5132236e0c1a
channel_ema_fast20_2026_BTC_EMA_ETH_CHANNEL_s80_x10 passed 0 44cc6c32525a150e79b3e8ff2be1157a0fc8ac26c9fb72efacf0ba7da1fdd344
channel_ema_fast20_2026_BTC_EMA_ETH_CHANNEL_s80_x20 passed 0 d3c29261e324c9206bb9a5a65b8eeeb5a1cecddd7d21777cf1cdcd2bdb3ce07d
forward_snapshot_BTC rejected 0 2e10250af1ca1fd7f50b67f8c35f5a6dd0d9dc82975f369cf31baaf45bef4b33
forward_snapshot_ETH rejected 0 335c1afb366bd0ab95905623a4b6cdac1f4aad6f48658e56474e154a8223da33
forward_snapshot_combo rejected 0 988a22f5477299d99cb64a1b1f2e7b5f507c269b97defe4bcc2f826ec16c930b
