{"new_backtests": 0, "readonly_scenes_verified": 108, "missing_files_restored": 0}
PASS:all9 cumulative forward scenes exactly reproduced including original daily decision,reference axis and nextstate;noHTTP or ledger write
{"completed": "channel_ema_fast20_2025_BTC_CHANNEL_ETH_EMA_s50_x10", "return3_pct": 36.85608121599, "minute_DD3_pct": 10.840555438146671}
{"completed": "channel_ema_fast20_2025_BTC_CHANNEL_ETH_EMA_s50_x20", "return3_pct": 31.901686415974993, "minute_DD3_pct": 12.568613471683065}
READ_ONLY_RESULT:channel_ema_2025_BTC_CHANNEL_ETH_EMA_s50_d20
{"completed": "channel_ema_fast20_2025_BTC_CHANNEL_ETH_EMA_s65_x10", "return3_pct": 37.93357554028998, "minute_DD3_pct": 10.382314244855472}
{"completed": "channel_ema_fast20_2025_BTC_CHANNEL_ETH_EMA_s65_x20", "return3_pct": 32.97918074027499, "minute_DD3_pct": 12.110372278391868}
READ_ONLY_RESULT:channel_ema_2025_BTC_CHANNEL_ETH_EMA_s65_d20
{"completed": "channel_ema_fast20_2025_BTC_CHANNEL_ETH_EMA_s80_x10", "return3_pct": 38.676038988289996, "minute_DD3_pct": 10.069168236694658}
{"completed": "channel_ema_fast20_2025_BTC_CHANNEL_ETH_EMA_s80_x20", "return3_pct": 33.721644188275015, "minute_DD3_pct": 11.797226270231054}
READ_ONLY_RESULT:channel_ema_2025_BTC_CHANNEL_ETH_EMA_s80_d20
{"completed": "channel_ema_fast20_2025_BTC_EMA_ETH_CHANNEL_s50_x10", "return3_pct": 19.050262450340007, "minute_DD3_pct": 18.964305092778854}
{"completed": "channel_ema_fast20_2025_BTC_EMA_ETH_CHANNEL_s50_x20", "return3_pct": 34.55840130104, "minute_DD3_pct": 15.62751811232912}
READ_ONLY_RESULT:channel_ema_2025_BTC_EMA_ETH_CHANNEL_s50_d20
{"completed": "channel_ema_fast20_2025_BTC_EMA_ETH_CHANNEL_s65_x10", "return3_pct": 21.282768269499996, "minute_DD3_pct": 16.50849310593483}
{"completed": "channel_ema_fast20_2025_BTC_EMA_ETH_CHANNEL_s65_x20", "return3_pct": 36.79090712020001, "minute_DD3_pct": 15.814502601703161}
READ_ONLY_RESULT:channel_ema_2025_BTC_EMA_ETH_CHANNEL_s65_d20
{"completed": "channel_ema_fast20_2025_BTC_EMA_ETH_CHANNEL_s80_x10", "return3_pct": 22.50731847580001, "minute_DD3_pct": 16.35742829508334}
{"completed": "channel_ema_fast20_2025_BTC_EMA_ETH_CHANNEL_s80_x20", "return3_pct": 38.01545732650003, "minute_DD3_pct": 15.814502601703161}
READ_ONLY_RESULT:channel_ema_2025_BTC_EMA_ETH_CHANNEL_s80_d20
{"completed": "channel_ema_fast20_2026_BTC_CHANNEL_ETH_EMA_s50_x10", "return3_pct": 11.620903093349998, "minute_DD3_pct": 9.782609454038194}
{"completed": "channel_ema_fast20_2026_BTC_CHANNEL_ETH_EMA_s50_x20", "return3_pct": 20.55995075803001, "minute_DD3_pct": 13.031644364705762}
READ_ONLY_RESULT:channel_ema_2026_BTC_CHANNEL_ETH_EMA_s50_d20
{"completed": "channel_ema_fast20_2026_BTC_CHANNEL_ETH_EMA_s65_x10", "return3_pct": 14.31740557915, "minute_DD3_pct": 9.848983226708608}
{"completed": "channel_ema_fast20_2026_BTC_CHANNEL_ETH_EMA_s65_x20", "return3_pct": 23.256453243829988, "minute_DD3_pct": 13.01535387726761}
READ_ONLY_RESULT:channel_ema_2026_BTC_CHANNEL_ETH_EMA_s65_d20
{"completed": "channel_ema_fast20_2026_BTC_CHANNEL_ETH_EMA_s80_x10", "return3_pct": 4.593804234800003, "minute_DD3_pct": 10.443508349523412}
{"completed": "channel_ema_fast20_2026_BTC_CHANNEL_ETH_EMA_s80_x20", "return3_pct": 13.532851899480015, "minute_DD3_pct": 14.014639979302368}
READ_ONLY_RESULT:channel_ema_2026_BTC_CHANNEL_ETH_EMA_s80_d20
{"completed": "channel_ema_fast20_2026_BTC_EMA_ETH_CHANNEL_s50_x10", "return3_pct": 7.671983049654996, "minute_DD3_pct": 11.316713028733583}
{"completed": "channel_ema_fast20_2026_BTC_EMA_ETH_CHANNEL_s50_x20", "return3_pct": 15.14268684005502, "minute_DD3_pct": 12.259658501854965}
READ_ONLY_RESULT:channel_ema_2026_BTC_EMA_ETH_CHANNEL_s50_d20
{"completed": "channel_ema_fast20_2026_BTC_EMA_ETH_CHANNEL_s65_x10", "return3_pct": 4.644094440970004, "minute_DD3_pct": 9.130803738000049}
{"completed": "channel_ema_fast20_2026_BTC_EMA_ETH_CHANNEL_s65_x20", "return3_pct": 12.114798231370006, "minute_DD3_pct": 11.113932601443977}
READ_ONLY_RESULT:channel_ema_2026_BTC_EMA_ETH_CHANNEL_s65_d20
{"completed": "channel_ema_fast20_2026_BTC_EMA_ETH_CHANNEL_s80_x10", "return3_pct": 7.525160439320011, "minute_DD3_pct": 9.166330564042857}
{"completed": "channel_ema_fast20_2026_BTC_EMA_ETH_CHANNEL_s80_x20", "return3_pct": 14.995864229719992, "minute_DD3_pct": 11.095830137686924}
READ_ONLY_RESULT:channel_ema_2026_BTC_EMA_ETH_CHANNEL_s80_d20
PASS:all72 NEW channel/EMA cost scenes exactly reproduced;36 EXISTING scenes read-only verified;full report reproduced;ledger unchanged
{"passed": true, "source_component_scenes_rebuilt": 72, "channel_EMA_cost_scenes_audited": 108, "channel_EMA_NAV_points_audited": 28013256, "report_sha256": "1e0d400f7cee3d62ac7f8d5ee6475279ac358561967ffd317f7d6cc5d44a80b7", "forward_report_sha256": "fd6280550cfa15adc3426c3bcc7a5dc83c7d535bf3a67c3062a203e6b59f56e2", "frozen_forward_plan_unchanged": true}
{"passed": true, "forward_scenes": 9, "new_closed_marks_per_asset": 120, "cumulative_minutes": 8689, "complete_days": 6, "NAV_points_per_scene": 8697, "daily_reference_points_added": 1, "original_daily_decisions_independently_checked": 6, "daily_bars_per_asset": 65, "overlap_daily_bars_checked_per_asset": 64, "prior_NAV_prefix_preserved": 8576, "new_component_executions": 0, "next_daily_decision_utc": "2026-10-09T00:01:00Z", "report_sha256": "fd6280550cfa15adc3426c3bcc7a5dc83c7d535bf3a67c3062a203e6b59f56e2"}
PASS: new parameters/weights and missing-result retries are allowed; exact/reordered completed trials stay blocked
