{"new_backtests": 0, "readonly_scenes_verified": 54, "missing_files_restored": 0}
PASS:all9 cumulative forward scenes exactly reproduced including9907point complete time axis and nextstate;noHTTP or ledger write
READ_ONLY_RESULT:filtered_band_2025_combo_e10_b0.03_x30_s50_btc0.675
{"completed": "mixed_filtered_entries_2025_btc10_eth15_x30_s50_b0.03_btc0.675", "return3_pct": 38.32840352297999, "minute_DD3_pct": 12.923035488092271}
{"completed": "mixed_filtered_entries_2025_btc10_eth20_x30_s50_b0.03_btc0.675", "return3_pct": 37.863956337079976, "minute_DD3_pct": 13.126943213110886}
{"completed": "mixed_filtered_entries_2025_btc15_eth10_x30_s50_b0.03_btc0.675", "return3_pct": 37.66073542716, "minute_DD3_pct": 13.450209508945488}
READ_ONLY_RESULT:filtered_band_2025_combo_e15_b0.03_x30_s50_btc0.675
{"completed": "mixed_filtered_entries_2025_btc15_eth20_x30_s50_b0.03_btc0.675", "return3_pct": 37.19628824125998, "minute_DD3_pct": 13.654117233964113}
{"completed": "mixed_filtered_entries_2025_btc20_eth10_x30_s50_b0.03_btc0.675", "return3_pct": 37.266019187655, "minute_DD3_pct": 13.76205769889255}
{"completed": "mixed_filtered_entries_2025_btc20_eth15_x30_s50_b0.03_btc0.675", "return3_pct": 37.266019187655, "minute_DD3_pct": 13.76205769889255}
READ_ONLY_RESULT:filtered_band_2025_combo_e20_b0.03_x30_s50_btc0.675
READ_ONLY_RESULT:filtered_band_2026_combo_e10_b0.03_x30_s50_btc0.675
{"completed": "mixed_filtered_entries_2026_btc10_eth15_x30_s50_b0.03_btc0.675", "return3_pct": 17.68008424612999, "minute_DD3_pct": 10.420228673909747}
{"completed": "mixed_filtered_entries_2026_btc10_eth20_x30_s50_b0.03_btc0.675", "return3_pct": 17.68008424612999, "minute_DD3_pct": 10.420228673909747}
{"completed": "mixed_filtered_entries_2026_btc15_eth10_x30_s50_b0.03_btc0.675", "return3_pct": 17.68008424612999, "minute_DD3_pct": 10.420228673909747}
READ_ONLY_RESULT:filtered_band_2026_combo_e15_b0.03_x30_s50_btc0.675
{"completed": "mixed_filtered_entries_2026_btc15_eth20_x30_s50_b0.03_btc0.675", "return3_pct": 17.68008424612999, "minute_DD3_pct": 10.420228673909747}
{"completed": "mixed_filtered_entries_2026_btc20_eth10_x30_s50_b0.03_btc0.675", "return3_pct": 17.68008424612999, "minute_DD3_pct": 10.420228673909747}
{"completed": "mixed_filtered_entries_2026_btc20_eth15_x30_s50_b0.03_btc0.675", "return3_pct": 17.68008424612999, "minute_DD3_pct": 10.420228673909747}
READ_ONLY_RESULT:filtered_band_2026_combo_e20_b0.03_x30_s50_btc0.675
PASS:all36 NEW mixed-filtered-entries cost scenes exactly reproduced;18 EXISTING scenes read-only verified;full report reproduced;ledger unchanged
{"passed": true, "source_component_scenes_rebuilt": 36, "mixed_channel_cost_scenes_audited": 54, "mixed_channel_NAV_points_audited": 14006628, "report_sha256": "7509ed78ef20227139367f0eec84b40525c1a11afefdb887f84f3018ce41d43b", "forward_report_sha256": "59ea4430f0df878753394b15d01621566dcd9e2d1e04998fc6912f3bf107adbf", "frozen_forward_plan_unchanged": true}
{"passed": true, "forward_scenes": 9, "new_closed_marks_per_asset": 120, "cumulative_minutes": 9899, "complete_days": 6, "NAV_points_per_scene": 9907, "original_NAV_prefix": 9787, "new_daily_decisions": 0, "new_reference_points": 0, "new_executions": 0, "original_cash_units_desired_trades_costs_unchanged": true, "next_daily_decision_utc": "2026-10-09T00:01:00Z", "report_sha256": "59ea4430f0df878753394b15d01621566dcd9e2d1e04998fc6912f3bf107adbf"}
PASS: new parameters/weights and missing-result retries are allowed; exact/reordered completed trials stay blocked
