READ_ONLY_EXACT filtered_band_2025_combo_e10_b0.03_x30_s50_btc0.675
mixed_filtered_entries_2025_btc10_eth15_x30_s50_b0.03_btc0.675 0 c215941da7ab2ed93d3d4375bae380781b7e77e75a1230ac287847a669cbc37d
mixed_filtered_entries_2025_btc10_eth20_x30_s50_b0.03_btc0.675 0 26d61580fef5090bb9cbe8aba804a11ee254bff9bdd11c0b3af3fe243bc186ec
mixed_filtered_entries_2025_btc15_eth10_x30_s50_b0.03_btc0.675 0 1f6bc3ab32f550762ddecd58d8ea8a5571c2877cf32c0251c30d9e7eee15071f
READ_ONLY_EXACT filtered_band_2025_combo_e15_b0.03_x30_s50_btc0.675
mixed_filtered_entries_2025_btc15_eth20_x30_s50_b0.03_btc0.675 0 3df9a96081a72aac141d5de4df11387f203a4fc9620fd30b0340feaef8ee5243
mixed_filtered_entries_2025_btc20_eth10_x30_s50_b0.03_btc0.675 0 5a0c1bc4bb014f6b8e72b3e4548c0d131849584b02ab56075ca166069ca756d4
mixed_filtered_entries_2025_btc20_eth15_x30_s50_b0.03_btc0.675 0 648afc9c9efbb67fb7079764e16c7be12ea7eac1c26337e39ef093e3dbc331e5
READ_ONLY_EXACT filtered_band_2025_combo_e20_b0.03_x30_s50_btc0.675
READ_ONLY_EXACT filtered_band_2026_combo_e10_b0.03_x30_s50_btc0.675
mixed_filtered_entries_2026_btc10_eth15_x30_s50_b0.03_btc0.675 0 586d3d0ed5c68b8339fd3ab531d7faddd96f4df206dd316341f3faa9eb12aa05
mixed_filtered_entries_2026_btc10_eth20_x30_s50_b0.03_btc0.675 0 3b1e08c43d1b382c5c734718c9c01d2154bdb6857f00e17cd6bbcfce26134f5a
mixed_filtered_entries_2026_btc15_eth10_x30_s50_b0.03_btc0.675 0 a69075408111e03b1e7deca21c576eaa3ca429fc5ea9c7314c74edf07d3353c7
READ_ONLY_EXACT filtered_band_2026_combo_e15_b0.03_x30_s50_btc0.675
mixed_filtered_entries_2026_btc15_eth20_x30_s50_b0.03_btc0.675 0 eecb8b568169c127f812c0b0a539ea6c88e7d833b17993b06759c7c1350f4804
mixed_filtered_entries_2026_btc20_eth10_x30_s50_b0.03_btc0.675 0 fe542ee01cb05ac53289a4f83b03a3c541434ed732a0ba92fb41a0f0996f9af7
mixed_filtered_entries_2026_btc20_eth15_x30_s50_b0.03_btc0.675 0 fd2881d859b2a7ca0801bb60dd467167f08deb01c6c322b2e954ed7bb350f459
READ_ONLY_EXACT filtered_band_2026_combo_e20_b0.03_x30_s50_btc0.675
forward_snapshot_BTC 0 8d93f0f8462dd47d03ad0471d7c8a32d23709b1236b9471bcb27bb365155ea16
forward_snapshot_ETH 0 6c6f5aaad3cdf25794cdef7a93dc0d036af92dc7a4e63b5285ebccb9cf7baf1f
forward_snapshot_combo 0 e18b46d0ea1dff2f08a7ccdf55d30325bbf31cf02a1150e353538e49e4ef4e4c
PASS:12new portfolios+3legacy cutoffs reserved;6old diagonals and12funded components read-only.
