PASS:all9 cumulative forward scenes exactly reproduced including original daily decision,reference axis and nextstate;noHTTP or ledger write
{"completed": "filtered_exit_2025_BTC_e10_x10_s50", "return1": 17.34454728742667, "return3": 14.309103402313328, "minute_DD3": 14.910783119921145}
{"completed": "filtered_exit_2025_BTC_e10_x20_s50", "return1": 7.281546848046672, "return3": 4.501821317993326, "minute_DD3": 19.963749869981495}
READ_ONLY_RESULT:filtered_2025_BTC_e10_s50
{"completed": "filtered_exit_2025_BTC_e15_x10_s50", "return1": 15.48898154042666, "return3": 12.503162979906657, "minute_DD3": 15.667261436294854}
{"completed": "filtered_exit_2025_BTC_e15_x20_s50", "return1": 5.588096449440005, "return3": 2.8550621560466727, "minute_DD3": 20.675510324363543}
READ_ONLY_RESULT:filtered_2025_BTC_e15_s50
{"completed": "filtered_exit_2025_BTC_e20_x10_s50", "return1": 20.95675631887999, "return3": 18.445071533786674, "minute_DD3": 11.113436997783943}
{"completed": "filtered_exit_2025_BTC_e20_x20_s50", "return1": 14.61257740226667, "return3": 12.237811414226663, "minute_DD3": 13.608142980054062}
READ_ONLY_RESULT:filtered_2025_BTC_e20_s50
{"completed": "filtered_exit_2025_ETH_e10_x10_s50", "return1": 28.490193135999988, "return3": 24.5158109396, "minute_DD3": 26.037387308220282}
{"completed": "filtered_exit_2025_ETH_e10_x20_s50", "return1": 76.9452893456, "return3": 74.1720637418, "minute_DD3": 26.037387308220282}
READ_ONLY_RESULT:filtered_2025_ETH_e10_s50
{"completed": "filtered_exit_2025_ETH_e15_x10_s50", "return1": 15.949254968799998, "return3": 12.359842312199998, "minute_DD3": 29.526724210876733}
{"completed": "filtered_exit_2025_ETH_e15_x20_s50", "return1": 68.58041223640001, "return3": 65.97090853339999, "minute_DD3": 29.526724210876733}
READ_ONLY_RESULT:filtered_2025_ETH_e15_s50
{"completed": "filtered_exit_2025_ETH_e20_x10_s50", "return1": 16.497720604200005, "return3": 13.485119955400005, "minute_DD3": 30.043617076611195}
{"completed": "filtered_exit_2025_ETH_e20_x20_s50", "return1": 67.35511589400001, "return3": 64.7575906628, "minute_DD3": 30.043617076611195}
READ_ONLY_RESULT:filtered_2025_ETH_e20_s50
{"completed": "filtered_exit_2025_combo_e10_x10_s50_btc0.75", "return1": 20.130958749570006, "return3": 16.860780286635002, "minute_DD3": 16.337566201425545}
{"completed": "filtered_exit_2025_combo_e10_x20_s50_btc0.75", "return1": 24.697482472435016, "return3": 21.919381923945004, "minute_DD3": 20.16614627627572}
READ_ONLY_RESULT:filtered_2025_combo_e10_s50_btc0.75
{"completed": "filtered_exit_2025_combo_e15_x10_s50_btc0.75", "return1": 15.60404989752, "return3": 12.467332812980004, "minute_DD3": 17.81604278486224}
{"completed": "filtered_exit_2025_combo_e15_x20_s50_btc0.75", "return1": 21.336175396180003, "return3": 18.634023750384987, "minute_DD3": 21.610740603232305}
READ_ONLY_RESULT:filtered_2025_combo_e15_s50_btc0.75
{"completed": "filtered_exit_2025_combo_e20_x10_s50_btc0.75", "return1": 19.841997390209997, "return3": 17.20508363919, "minute_DD3": 13.726774640036176}
{"completed": "filtered_exit_2025_combo_e20_x20_s50_btc0.75", "return1": 27.798212025199987, "return3": 25.36775622637, "minute_DD3": 15.454832673572572}
READ_ONLY_RESULT:filtered_2025_combo_e20_s50_btc0.75
{"completed": "filtered_exit_2026_BTC_e10_x10_s50", "return1": 9.641381530746674, "return3": 7.360308822899997, "minute_DD3": 11.22266888631085}
{"completed": "filtered_exit_2026_BTC_e10_x20_s50", "return1": 10.230596649840006, "return3": 8.509359905146653, "minute_DD3": 14.598216043157631}
READ_ONLY_RESULT:filtered_2026_BTC_e10_s50
{"completed": "filtered_exit_2026_BTC_e15_x10_s50", "return1": 9.641381530746674, "return3": 7.360308822899997, "minute_DD3": 11.22266888631085}
{"completed": "filtered_exit_2026_BTC_e15_x20_s50", "return1": 10.230596649840006, "return3": 8.509359905146653, "minute_DD3": 14.598216043157631}
READ_ONLY_RESULT:filtered_2026_BTC_e15_s50
{"completed": "filtered_exit_2026_BTC_e20_x10_s50", "return1": 9.641381530746674, "return3": 7.360308822899997, "minute_DD3": 11.22266888631085}
{"completed": "filtered_exit_2026_BTC_e20_x20_s50", "return1": 10.230596649840006, "return3": 8.509359905146653, "minute_DD3": 14.598216043157631}
READ_ONLY_RESULT:filtered_2026_BTC_e20_s50
{"completed": "filtered_exit_2026_ETH_e10_x10_s50", "return1": 14.149600977199995, "return3": 11.188078378, "minute_DD3": 17.50401324785721}
{"completed": "filtered_exit_2026_ETH_e10_x20_s50", "return1": 29.080714201199996, "return3": 27.739823824, "minute_DD3": 14.503524211185647}
READ_ONLY_RESULT:filtered_2026_ETH_e10_s50
{"completed": "filtered_exit_2026_ETH_e15_x10_s50", "return1": 14.149600977199995, "return3": 11.188078378, "minute_DD3": 17.50401324785721}
{"completed": "filtered_exit_2026_ETH_e15_x20_s50", "return1": 29.080714201199996, "return3": 27.739823824, "minute_DD3": 14.503524211185647}
READ_ONLY_RESULT:filtered_2026_ETH_e15_s50
{"completed": "filtered_exit_2026_ETH_e20_x10_s50", "return1": 1.4176426759999972, "return3": -0.6916630597999962, "minute_DD3": 13.29034290676583}
{"completed": "filtered_exit_2026_ETH_e20_x20_s50", "return1": 29.080714201199996, "return3": 27.739823824, "minute_DD3": 14.503524211185647}
READ_ONLY_RESULT:filtered_2026_ETH_e20_s50
{"completed": "filtered_exit_2026_combo_e10_x10_s50_btc0.75", "return1": 10.76843639235998, "return3": 8.317251211675014, "minute_DD3": 10.631628888976197}
{"completed": "filtered_exit_2026_combo_e10_x20_s50_btc0.75", "return1": 14.943126037679978, "return3": 13.316975884860005, "minute_DD3": 13.323505955349424}
READ_ONLY_RESULT:filtered_2026_combo_e10_s50_btc0.75
{"completed": "filtered_exit_2026_combo_e15_x10_s50_btc0.75", "return1": 10.76843639235998, "return3": 8.317251211675014, "minute_DD3": 10.631628888976197}
{"completed": "filtered_exit_2026_combo_e15_x20_s50_btc0.75", "return1": 14.943126037679978, "return3": 13.316975884860005, "minute_DD3": 13.323505955349424}
READ_ONLY_RESULT:filtered_2026_combo_e15_s50_btc0.75
{"completed": "filtered_exit_2026_combo_e20_x10_s50_btc0.75", "return1": 7.585446817060015, "return3": 5.34731585222501, "minute_DD3": 10.510847517504473}
{"completed": "filtered_exit_2026_combo_e20_x20_s50_btc0.75", "return1": 14.943126037679978, "return3": 13.316975884860005, "minute_DD3": 13.323505955349424}
READ_ONLY_RESULT:filtered_2026_combo_e20_s50_btc0.75
PASS:all108 NEW scenes exactly reproduced and54 EXISTING scenes read-only verified;full54-cell report reproduced;ledger unchanged
{"passed": true, "all_scenes_audited": 162, "new_scenes": 108, "existing_scenes_read_only_audited": 54, "current_or_future_close_perturbations": 72, "NAV_points_audited": 42019884, "joint_channel_pandasEMA_causal_decisions": 19440, "Decimal_fills_independently_checked": 750, "new_actual_fills": 570, "real_minute_data_hashes": 4, "report_sha256": "eed16a8929eee1f8221fd1d77ba0a2c46c7626062ee942ed744fefb643ffa06f", "forward_plan_unchanged": true, "pandas_version": "2.2.3"}
{"passed": true, "forward_scenes": 9, "new_closed_marks_per_asset": 120, "cumulative_minutes": 1539, "complete_days": 1, "NAV_points_per_scene": 1542, "daily_reference_points_added": 1, "original_daily_decisions_independently_checked": 6, "daily_bars_per_asset": 65, "overlap_daily_bars_checked_per_asset": 64, "prior_NAV_prefix_preserved": 1421, "new_component_executions": 0, "next_daily_decision_utc": "2026-10-04T00:01:00Z", "report_sha256": "d134c2c9603faecf377398a41bbbe4770290d86520f7abba0affd188fd528f55"}
PASS: new parameters/weights and missing-result retries are allowed; exact/reordered completed trials stay blocked
