filtered_exit_2025_BTC_e10_x10_s50 0 ad5598843f9453e3197d2c362a469f6a6af5a343dfa1e5289726c8c70386e8dc
filtered_exit_2025_BTC_e10_x20_s50 0 80795090d2e9a14a184a6d8da096c2099a2ae6324b17f8e365437ece36d8b40d
READ_ONLY_EXACT filtered_2025_BTC_e10_s50
filtered_exit_2025_BTC_e15_x10_s50 0 35f11f0cbddaeaca47203269f2c8bd38d89ddce91dad34d8a68b20dec4a0ef4b
filtered_exit_2025_BTC_e15_x20_s50 0 b3c42b5bee5e027c9832bf73bc37a69cfc34aafc4a37770c4546282f25eb80e5
READ_ONLY_EXACT filtered_2025_BTC_e15_s50
filtered_exit_2025_BTC_e20_x10_s50 0 818cf4b962beb9342141b4a108d4dee53a507766479cb4b537abece4af4f74be
filtered_exit_2025_BTC_e20_x20_s50 0 e7ea0db44444fd1e21fca618cceb78fc18463b6e11700af5d75273baf505be48
READ_ONLY_EXACT filtered_2025_BTC_e20_s50
filtered_exit_2025_ETH_e10_x10_s50 0 5ebc134e90d385170d0bcf919a3a01369be5cb0e4d19d219a4e296f4a58bc736
filtered_exit_2025_ETH_e10_x20_s50 0 a06db155cf3ed4fd7020c08f118acb308ebba88727e72d011db97cf7485cebb2
READ_ONLY_EXACT filtered_2025_ETH_e10_s50
filtered_exit_2025_ETH_e15_x10_s50 0 a6632044f8fc567efbd28cb68af3da63eea124849661b55df9278a88318dcf8f
filtered_exit_2025_ETH_e15_x20_s50 0 75a21e2457fffe489d08f3099e42fdc6a7f8863394f2772641b843e199c1d49b
READ_ONLY_EXACT filtered_2025_ETH_e15_s50
filtered_exit_2025_ETH_e20_x10_s50 0 8779578ce46f1df94708c12be1f12971bfd72eec335eb43d3d77021673631af4
filtered_exit_2025_ETH_e20_x20_s50 0 4df06e2a3f4f668a23f7318c111540f46b4ff0bc7d4ebe240b37a6def856e56c
READ_ONLY_EXACT filtered_2025_ETH_e20_s50
filtered_exit_2025_combo_e10_x10_s50_btc0.75 0 ccc9f2197eebaeb223cc26bf2cc61ceede6074cc92d58ef9db3477c6dae85119
filtered_exit_2025_combo_e10_x20_s50_btc0.75 0 582ff9b995fb00e7565f0aed1f587163cbd0985ef2491ff62caeaab9bc5bb7ab
READ_ONLY_EXACT filtered_2025_combo_e10_s50_btc0.75
filtered_exit_2025_combo_e15_x10_s50_btc0.75 0 423ff7c37bdbb2dec6c910a73704bce78ba6cc4580f96615b1e6b70465705c44
filtered_exit_2025_combo_e15_x20_s50_btc0.75 0 d062973e65833938727b0d015b7e11331f0f1d1df3235a334b2cc159aae3bafe
READ_ONLY_EXACT filtered_2025_combo_e15_s50_btc0.75
filtered_exit_2025_combo_e20_x10_s50_btc0.75 0 360b8b6f1c1e36817845c7f52f946bc1b3497b916e9ba08a5447ae0f56cd818a
filtered_exit_2025_combo_e20_x20_s50_btc0.75 0 0c77ec5a119bf49f0c7e5c2a41250ec069c1d4cc5f2d8afa4445e12efad59969
READ_ONLY_EXACT filtered_2025_combo_e20_s50_btc0.75
filtered_exit_2026_BTC_e10_x10_s50 0 ec51c3f4c4e2933e210228f4b6113e7e5fc8e9d94d6cdb6f4d53c3391ca4eb2d
filtered_exit_2026_BTC_e10_x20_s50 0 4c5ca5f7fd49bf56d01e0cef9d3f00922ae332b23a1930d76afc8176143b0e9e
READ_ONLY_EXACT filtered_2026_BTC_e10_s50
filtered_exit_2026_BTC_e15_x10_s50 0 2d1bb53094c7a9e6168788521457447ed107421e366f58627c893798fc9130ba
filtered_exit_2026_BTC_e15_x20_s50 0 4f2ca1a0c04bddbb6dd30f966bccb1ec4e048f32bc6c159357ca8d66c3da4869
READ_ONLY_EXACT filtered_2026_BTC_e15_s50
filtered_exit_2026_BTC_e20_x10_s50 0 b53a5a13f015c4589117deb262abc9b6e72ae7de440ca87e664db36fbf20bf25
filtered_exit_2026_BTC_e20_x20_s50 0 bfd38b04ee29f855bedbf745fc3f07cca4538a9c38d7e54057fb8a895daa1261
READ_ONLY_EXACT filtered_2026_BTC_e20_s50
filtered_exit_2026_ETH_e10_x10_s50 0 4e1ca121ffe3b137b230a93c6cdb8d21323c2aca72fe9dec337d8e31755ed747
filtered_exit_2026_ETH_e10_x20_s50 0 b4a18389545ca8e022ac5ce94c6428667c0d78168ee2a7fcdba1d3647d6874b7
READ_ONLY_EXACT filtered_2026_ETH_e10_s50
filtered_exit_2026_ETH_e15_x10_s50 0 410827a24d3491f70da4d528c35fad3a33d5b96b5750b2847899cd7143989a03
filtered_exit_2026_ETH_e15_x20_s50 0 508648f5766a29d13943a83a6783e718ae209d53a45e878a6c90b91af695b22d
READ_ONLY_EXACT filtered_2026_ETH_e15_s50
filtered_exit_2026_ETH_e20_x10_s50 0 ad29ac31a400d77f98628f3c6ce8cbef46f7918aae453e8c4740276edb4c78b3
filtered_exit_2026_ETH_e20_x20_s50 0 3c151637a203986d1682b80e4b759fbd397eddc6216561a6698ab332e3a4d3f8
READ_ONLY_EXACT filtered_2026_ETH_e20_s50
filtered_exit_2026_combo_e10_x10_s50_btc0.75 0 b4d8ca36e6d8afcb85a44dec4c007f27bfe0fe0d756bb33793243a931767ddd7
filtered_exit_2026_combo_e10_x20_s50_btc0.75 0 a5f9c08a1c6599119c10930647a851e616c967238bef16200ffb345e545f521d
READ_ONLY_EXACT filtered_2026_combo_e10_s50_btc0.75
filtered_exit_2026_combo_e15_x10_s50_btc0.75 0 13f5721df939712e6afe20a7c49610f1f40d095224191e4a9fd33d57c1ddbcd6
filtered_exit_2026_combo_e15_x20_s50_btc0.75 0 8cbfbb8911cdc89754b1d4baffa414224772df4eea8b16fdeffa9423d86526b1
READ_ONLY_EXACT filtered_2026_combo_e15_s50_btc0.75
filtered_exit_2026_combo_e20_x10_s50_btc0.75 0 6e41c6704590c9c71cc2d710c89ce4ff199617fcdc3c67548ac39c8ec3fab768
filtered_exit_2026_combo_e20_x20_s50_btc0.75 0 3172067cb18b2220a4a80437989c717ef7e3d2e7007d8059a95c090eca69ba42
READ_ONLY_EXACT filtered_2026_combo_e20_s50_btc0.75
forward_snapshot_BTC 0 25ad4a7f3992f295687909fb548a825fe08c15477aaf9c6c5d956a7fdfc5dbd2
forward_snapshot_ETH 0 4a5cde28652eda52a515409cec26ce775ae9dfb7a0d76142034c88ce166b0bfd
forward_snapshot_combo 0 5d659ed4b924845a4e0935e74e9e06dd757701301c959618a94afaed7b6a4330
PASS:36new historical/3new snapshot definitions reserved;18exact historical completed cells read-only.
